Archive member included to satisfy reference by file (symbol)

c:/program files (x86)/atmel/studio/7.0/toolchain/avr8/avr8-gnu-toolchain/bin/../lib/gcc/avr/5.4.0/../../../../avr/lib/avr51\libm.a(cmpsf2.o)
                              src/libraries/SPIMemory/src/SPIFlash.o (__nesf2)
c:/program files (x86)/atmel/studio/7.0/toolchain/avr8/avr8-gnu-toolchain/bin/../lib/gcc/avr/5.4.0/../../../../avr/lib/avr51\libm.a(divsf3.o)
                              Sketch.o (__divsf3)
c:/program files (x86)/atmel/studio/7.0/toolchain/avr8/avr8-gnu-toolchain/bin/../lib/gcc/avr/5.4.0/../../../../avr/lib/avr51\libm.a(divsf3x.o)
                              c:/program files (x86)/atmel/studio/7.0/toolchain/avr8/avr8-gnu-toolchain/bin/../lib/gcc/avr/5.4.0/../../../../avr/lib/avr51\libm.a(divsf3.o) (__divsf3x)
c:/program files (x86)/atmel/studio/7.0/toolchain/avr8/avr8-gnu-toolchain/bin/../lib/gcc/avr/5.4.0/../../../../avr/lib/avr51\libm.a(floatsisf.o)
                              Sketch.o (__floatsisf)
c:/program files (x86)/atmel/studio/7.0/toolchain/avr8/avr8-gnu-toolchain/bin/../lib/gcc/avr/5.4.0/../../../../avr/lib/avr51\libm.a(fp_cmp.o)
                              c:/program files (x86)/atmel/studio/7.0/toolchain/avr8/avr8-gnu-toolchain/bin/../lib/gcc/avr/5.4.0/../../../../avr/lib/avr51\libm.a(cmpsf2.o) (__fp_cmp)
c:/program files (x86)/atmel/studio/7.0/toolchain/avr8/avr8-gnu-toolchain/bin/../lib/gcc/avr/5.4.0/../../../../avr/lib/avr51\libm.a(fp_inf.o)
                              c:/program files (x86)/atmel/studio/7.0/toolchain/avr8/avr8-gnu-toolchain/bin/../lib/gcc/avr/5.4.0/../../../../avr/lib/avr51\libm.a(divsf3x.o) (__fp_inf)
c:/program files (x86)/atmel/studio/7.0/toolchain/avr8/avr8-gnu-toolchain/bin/../lib/gcc/avr/5.4.0/../../../../avr/lib/avr51\libm.a(fp_nan.o)
                              c:/program files (x86)/atmel/studio/7.0/toolchain/avr8/avr8-gnu-toolchain/bin/../lib/gcc/avr/5.4.0/../../../../avr/lib/avr51\libm.a(divsf3x.o) (__fp_nan)
c:/program files (x86)/atmel/studio/7.0/toolchain/avr8/avr8-gnu-toolchain/bin/../lib/gcc/avr/5.4.0/../../../../avr/lib/avr51\libm.a(fp_pscA.o)
                              c:/program files (x86)/atmel/studio/7.0/toolchain/avr8/avr8-gnu-toolchain/bin/../lib/gcc/avr/5.4.0/../../../../avr/lib/avr51\libm.a(divsf3x.o) (__fp_pscA)
c:/program files (x86)/atmel/studio/7.0/toolchain/avr8/avr8-gnu-toolchain/bin/../lib/gcc/avr/5.4.0/../../../../avr/lib/avr51\libm.a(fp_pscB.o)
                              c:/program files (x86)/atmel/studio/7.0/toolchain/avr8/avr8-gnu-toolchain/bin/../lib/gcc/avr/5.4.0/../../../../avr/lib/avr51\libm.a(divsf3x.o) (__fp_pscB)
c:/program files (x86)/atmel/studio/7.0/toolchain/avr8/avr8-gnu-toolchain/bin/../lib/gcc/avr/5.4.0/../../../../avr/lib/avr51\libm.a(fp_round.o)
                              c:/program files (x86)/atmel/studio/7.0/toolchain/avr8/avr8-gnu-toolchain/bin/../lib/gcc/avr/5.4.0/../../../../avr/lib/avr51\libm.a(divsf3.o) (__fp_round)
c:/program files (x86)/atmel/studio/7.0/toolchain/avr8/avr8-gnu-toolchain/bin/../lib/gcc/avr/5.4.0/../../../../avr/lib/avr51\libm.a(fp_split3.o)
                              c:/program files (x86)/atmel/studio/7.0/toolchain/avr8/avr8-gnu-toolchain/bin/../lib/gcc/avr/5.4.0/../../../../avr/lib/avr51\libm.a(divsf3x.o) (__fp_split3)
c:/program files (x86)/atmel/studio/7.0/toolchain/avr8/avr8-gnu-toolchain/bin/../lib/gcc/avr/5.4.0/../../../../avr/lib/avr51\libm.a(fp_zero.o)
                              c:/program files (x86)/atmel/studio/7.0/toolchain/avr8/avr8-gnu-toolchain/bin/../lib/gcc/avr/5.4.0/../../../../avr/lib/avr51\libm.a(divsf3x.o) (__fp_szero)
C:\Users\ADMINI~1\DOCUME~1\PROGET~1\FUELCO~1\Firmware\repo\CCEC\TUINOD~1\ARDUIN~1\Debug\libArduinoCore.a(abi.o)
                              src/libraries/LiquidCrystal/src/LCD.o (__cxa_pure_virtual)
C:\Users\ADMINI~1\DOCUME~1\PROGET~1\FUELCO~1\Firmware\repo\CCEC\TUINOD~1\ARDUIN~1\Debug\libArduinoCore.a(HardwareSerial0.o)
                              Sketch.o (Serial)
C:\Users\ADMINI~1\DOCUME~1\PROGET~1\FUELCO~1\Firmware\repo\CCEC\TUINOD~1\ARDUIN~1\Debug\libArduinoCore.a(IPAddress.o)
                              Sketch.o (_ZTV9IPAddress)
C:\Users\ADMINI~1\DOCUME~1\PROGET~1\FUELCO~1\Firmware\repo\CCEC\TUINOD~1\ARDUIN~1\Debug\libArduinoCore.a(main.o)
                              C:/Program Files (x86)/Atmel/Studio/7.0/Packs/atmel/ATmega_DFP/1.2.209/gcc/dev/atmega1284p/avr51/crtatmega1284p.o (main)
C:\Users\ADMINI~1\DOCUME~1\PROGET~1\FUELCO~1\Firmware\repo\CCEC\TUINOD~1\ARDUIN~1\Debug\libArduinoCore.a(new.o)
                              src/libraries/Ethernet2/src/Ethernet2.o (_Znwj)
C:\Users\ADMINI~1\DOCUME~1\PROGET~1\FUELCO~1\Firmware\repo\CCEC\TUINOD~1\ARDUIN~1\Debug\libArduinoCore.a(Print.o)
                              src/libraries/LiquidCrystal/src/LCD.o (_ZN5Print5writeEPKhj)
C:\Users\ADMINI~1\DOCUME~1\PROGET~1\FUELCO~1\Firmware\repo\CCEC\TUINOD~1\ARDUIN~1\Debug\libArduinoCore.a(wiring.o)
[...]
Memory Configuration

Name             Origin             Length             Attributes
text             0x00000000         0x00020000         xr
data             0x00800100         0x0000ff00         rw !x
eeprom           0x00810000         0x00010000         rw !x
fuse             0x00820000         0x00000003         rw !x
lock             0x00830000         0x00000400         rw !x
signature        0x00840000         0x00000400         rw !x
user_signatures  0x00850000         0x00000400         rw !x
*default*        0x00000000         0xffffffff

Linker script and memory map

Address of section .data set to 0x800100
LOAD C:/Program Files (x86)/Atmel/Studio/7.0/Packs/atmel/ATmega_DFP/1.2.209/gcc/dev/atmega1284p/avr51/crtatmega1284p.o
LOAD Sketch.o
LOAD src/libraries/Adafruit-PN532/Adafruit_PN532.o
LOAD src/libraries/DS3231M/src/DS3231M.o
LOAD src/libraries/Ethernet2/src/Dhcp.o
LOAD src/libraries/Ethernet2/src/Dns.o
LOAD src/libraries/Ethernet2/src/Ethernet2.o
LOAD src/libraries/Ethernet2/src/EthernetClient.o
LOAD src/libraries/Ethernet2/src/EthernetServer.o
LOAD src/libraries/Ethernet2/src/EthernetUdp2.o
LOAD src/libraries/Ethernet2/src/Twitter.o
LOAD src/libraries/Ethernet2/src/utility/socket.o
LOAD src/libraries/Ethernet2/src/utility/w5500.o
LOAD src/libraries/Keypad/src/i2ckeypad.o
LOAD src/libraries/Keypad/src/Key.o
LOAD src/libraries/Keypad/src/Keypad.o
LOAD src/libraries/Keypad/src/Keypad_I2C.o
LOAD src/libraries/LiquidCrystal/src/I2CIO.o
LOAD src/libraries/LiquidCrystal/src/LCD.o
LOAD src/libraries/LiquidCrystal/src/LiquidCrystal.o
LOAD src/libraries/LiquidCrystal/src/LiquidCrystal_I2C.o
LOAD src/libraries/SPIMemory/src/diagnostics.o
LOAD src/libraries/SPIMemory/src/DMASAM.o
LOAD src/libraries/SPIMemory/src/SPIFlash.o
LOAD src/libraries/SPIMemory/src/SPIFlashIO.o
LOAD src/libraries/SPIMemory/src/SPIFlashSFDP.o
LOAD src/libraries/SPIMemory/src/SPIFram.o
LOAD src/libraries/SPIMemory/src/SPIFramIO.o
LOAD src/libraries/SPIMemory/src/SPIMemory.o
LOAD src/libraries/SPI/src/SPI.o
LOAD src/libraries/Wire/src/utility/twi.o
LOAD src/libraries/Wire/src/Wire.o
START GROUP
LOAD c:/program files (x86)/atmel/studio/7.0/toolchain/avr8/avr8-gnu-toolchain/bin/../lib/gcc/avr/5.4.0/../../../../avr/lib/avr51\libm.a
LOAD C:\Users\ADMINI~1\DOCUME~1\PROGET~1\FUELCO~1\Firmware\repo\CCEC\TUINOD~1\ARDUIN~1\Debug\libArduinoCore.a
END GROUP
LOAD c:/program files (x86)/atmel/studio/7.0/toolchain/avr8/avr8-gnu-toolchain/bin/../lib/gcc/avr/5.4.0/avr51\libgcc.a
LOAD c:/program files (x86)/atmel/studio/7.0/toolchain/avr8/avr8-gnu-toolchain/bin/../lib/gcc/avr/5.4.0/../../../../avr/lib/avr51\libm.a
START GROUP
LOAD c:/program files (x86)/atmel/studio/7.0/toolchain/avr8/avr8-gnu-toolchain/bin/../lib/gcc/avr/5.4.0/avr51\libgcc.a
LOAD c:/program files (x86)/atmel/studio/7.0/toolchain/avr8/avr8-gnu-toolchain/bin/../lib/gcc/avr/5.4.0/../../../../avr/lib/avr51\libm.a
LOAD c:/program files (x86)/atmel/studio/7.0/toolchain/avr8/avr8-gnu-toolchain/bin/../lib/gcc/avr/5.4.0/../../../../avr/lib/avr51\libc.a
LOAD C:/Program Files (x86)/Atmel/Studio/7.0/Packs/atmel/ATmega_DFP/1.2.209/gcc/dev/atmega1284p/avr51\libatmega1284p.a
END GROUP
                0x00020000                __TEXT_REGION_LENGTH__ = DEFINED (__TEXT_REGION_LENGTH__)?__TEXT_REGION_LENGTH__:0x20000
                0x0000ff00                __DATA_REGION_LENGTH__ = DEFINED (__DATA_REGION_LENGTH__)?__DATA_REGION_LENGTH__:0xff00
                0x00010000                __EEPROM_REGION_LENGTH__ = DEFINED (__EEPROM_REGION_LENGTH__)?__EEPROM_REGION_LENGTH__:0x10000
                [0x00000003]                __FUSE_REGION_LENGTH__ = DEFINED (__FUSE_REGION_LENGTH__)?__FUSE_REGION_LENGTH__:0x400
                0x00000400                __LOCK_REGION_LENGTH__ = DEFINED (__LOCK_REGION_LENGTH__)?__LOCK_REGION_LENGTH__:0x400
                0x00000400                __SIGNATURE_REGION_LENGTH__ = DEFINED (__SIGNATURE_REGION_LENGTH__)?__SIGNATURE_REGION_LENGTH__:0x400
                0x00000400                __USER_SIGNATURE_REGION_LENGTH__ = DEFINED (__USER_SIGNATURE_REGION_LENGTH__)?__USER_SIGNATURE_REGION_LENGTH__:0x400

.hash
 *(.hash)

.dynsym
 *(.dynsym)

.dynstr
 *(.dynstr)

.gnu.version
 *(.gnu.version)

.gnu.version_d
 *(.gnu.version_d)

.gnu.version_r
 *(.gnu.version_r)

.rel.init
 *(.rel.init)

.rela.init
 *(.rela.init)

.rel.text
 *(.rel.text)
 *(.rel.text.*)
 *(.rel.gnu.linkonce.t*)

.rela.text
 *(.rela.text)
 *(.rela.text.*)
 *(.rela.gnu.linkonce.t*)

.rel.fini
 *(.rel.fini)

.rela.fini
 *(.rela.fini)

.rel.rodata
 *(.rel.rodata)
 *(.rel.rodata.*)
 *(.rel.gnu.linkonce.r*)

.rela.rodata
 *(.rela.rodata)
 *(.rela.rodata.*)
 *(.rela.gnu.linkonce.r*)

.rel.data
 *(.rel.data)
 *(.rel.data.*)
 *(.rel.gnu.linkonce.d*)

.rela.data
 *(.rela.data)
 *(.rela.data.*)
 *(.rela.gnu.linkonce.d*)

.rel.ctors
 *(.rel.ctors)

.rela.ctors
 *(.rela.ctors)

.rel.dtors
 *(.rel.dtors)

.rela.dtors
 *(.rela.dtors)

.rel.got
 *(.rel.got)

.rela.got
 *(.rela.got)

.rel.bss
 *(.rel.bss)

.rela.bss
 *(.rela.bss)

.rel.plt
 *(.rel.plt)

.rela.plt
 *(.rela.plt)

.text           0x00000000     0x8d84
 *(.vectors)
 .vectors       0x00000000       0x8c C:/Program Files (x86)/Atmel/Studio/7.0/Packs/atmel/ATmega_DFP/1.2.209/gcc/dev/atmega1284p/avr51/crtatmega1284p.o
                0x00000000                __vector_default
                0x00000000                __vectors
 *(.vectors)
 *(.progmem.gcc*)
 .progmem.gcc_sw_table.loop
                0x0000008c       0x16 Sketch.o
 .progmem.gcc_sw_table._ZN8DateTimeC2EPK19__FlashStringHelperS2_
                0x000000a2       0x26 src/libraries/DS3231M/src/DS3231M.o
                0x000000c8                . = ALIGN (0x2)
                0x000000c8                __trampolines_start = .
 *(.trampolines)
 .trampolines   0x000000c8        0x0 linker stubs
 *(.trampolines*)
                0x000000c8                __trampolines_end = .
 *libprintf_flt.a:*(.progmem.data)
 *libc.a:*(.progmem.data)
 .progmem.data  0x000000c8       0xfa c:/program files (x86)/atmel/studio/7.0/toolchain/avr8/avr8-gnu-toolchain/bin/../lib/gcc/avr/5.4.0/../../../../avr/lib/avr51\libc.a(ftoa_engine.o)
 *(.progmem*)
 .progmem.data._ZZ5setupE3__c_0
                0x000001c2       0x15 Sketch.o
 .progmem.data._ZZ5setupE3__c
                0x000001d7       0x2f Sketch.o
 .progmem.data._ZZN13DS3231M_Class6adjustEvE3__c
                0x00000206        0xc src/libraries/DS3231M/src/DS3231M.o
 .progmem.data._ZZN13DS3231M_Class6adjustEvE3__c_0
                0x00000212        0x9 src/libraries/DS3231M/src/DS3231M.o
 .progmem.data._ZL11daysInMonth
                0x0000021b        0xc src/libraries/DS3231M/src/DS3231M.o
 .progmem.data._ZZN11Diagnostics15_printErrorCodeEvE3__c_0
                0x00000227        0x2 src/libraries/SPIMemory/src/diagnostics.o
 .progmem.data._ZZN11Diagnostics15_printErrorCodeEvE3__c
                0x00000229        0xf src/libraries/SPIMemory/src/diagnostics.o
 .progmem.data.digital_pin_to_timer_PGM
                0x00000238       0x20 C:\Users\ADMINI~1\DOCUME~1\PROGET~1\FUELCO~1\Firmware\repo\CCEC\TUINOD~1\ARDUIN~1\Debug\libArduinoCore.a(wiring_digital.o)
                0x00000238                digital_pin_to_timer_PGM
 .progmem.data.digital_pin_to_bit_mask_PGM
                0x00000258       0x20 C:\Users\ADMINI~1\DOCUME~1\PROGET~1\FUELCO~1\Firmware\repo\CCEC\TUINOD~1\ARDUIN~1\Debug\libArduinoCore.a(wiring_digital.o)
                0x00000258                digital_pin_to_bit_mask_PGM
 .progmem.data.digital_pin_to_port_PGM
                0x00000278       0x20 C:\Users\ADMINI~1\DOCUME~1\PROGET~1\FUELCO~1\Firmware\repo\CCEC\TUINOD~1\ARDUIN~1\Debug\libArduinoCore.a(wiring_digital.o)
                0x00000278                digital_pin_to_port_PGM
 .progmem.data.port_to_input_PGM
                0x00000298        0xa C:\Users\ADMINI~1\DOCUME~1\PROGET~1\FUELCO~1\Firmware\repo\CCEC\TUINOD~1\ARDUIN~1\Debug\libArduinoCore.a(wiring_digital.o)
                0x00000298                port_to_input_PGM
 .progmem.data.port_to_output_PGM
                0x000002a2        0xa C:\Users\ADMINI~1\DOCUME~1\PROGET~1\FUELCO~1\Firmware\repo\CCEC\TUINOD~1\ARDUIN~1\Debug\libArduinoCore.a(wiring_digital.o)
                0x000002a2                port_to_output_PGM
 .progmem.data.port_to_mode_PGM
                0x000002ac        0xa C:\Users\ADMINI~1\DOCUME~1\PROGET~1\FUELCO~1\Firmware\repo\CCEC\TUINOD~1\ARDUIN~1\Debug\libArduinoCore.a(wiring_digital.o)
                0x000002ac                port_to_mode_PGM
                0x000002b6                . = ALIGN (0x2)
 *(.jumptables)
 *(.jumptables*)
 *(.lowtext)
 *(.lowtext*)
                0x000002b6                __ctors_start = .
 *(.ctors)
 .ctors         0x000002b6        0x2 Sketch.o
 .ctors         0x000002b8        0x2 src/libraries/Ethernet2/src/Dhcp.o
 .ctors         0x000002ba        0x2 src/libraries/Ethernet2/src/Dns.o
 .ctors         0x000002bc        0x2 src/libraries/Ethernet2/src/Ethernet2.o
 .ctors         0x000002be        0x2 src/libraries/Ethernet2/src/EthernetClient.o
 .ctors         0x000002c0        0x2 src/libraries/Ethernet2/src/EthernetServer.o
 .ctors         0x000002c2        0x2 src/libraries/Ethernet2/src/EthernetUdp2.o
 .ctors         0x000002c4        0x2 src/libraries/Ethernet2/src/Twitter.o
 .ctors         0x000002c6        0x2 src/libraries/Ethernet2/src/utility/w5500.o
 .ctors         0x000002c8        0x2 src/libraries/Wire/src/Wire.o
 .ctors         0x000002ca        0x2 C:\Users\ADMINI~1\DOCUME~1\PROGET~1\FUELCO~1\Firmware\repo\CCEC\TUINOD~1\ARDUIN~1\Debug\libArduinoCore.a(HardwareSerial0.o)
                0x000002cc                __ctors_end = .
                0x000002cc                __dtors_start = .
 *(.dtors)
 .dtors         0x000002cc        0x2 Sketch.o
                0x000002ce                __dtors_end = .
 SORT(*)(.ctors)
 SORT(*)(.dtors)
 *(.init0)
 .init0         0x000002ce        0x0 C:/Program Files (x86)/Atmel/Studio/7.0/Packs/atmel/ATmega_DFP/1.2.209/gcc/dev/atmega1284p/avr51/crtatmega1284p.o
                0x000002ce                __init
 *(.init0)
 *(.init1)
 *(.init1)
 *(.init2)
 .init2         0x000002ce        0xc C:/Program Files (x86)/Atmel/Studio/7.0/Packs/atmel/ATmega_DFP/1.2.209/gcc/dev/atmega1284p/avr51/crtatmega1284p.o
 *(.init2)
 *(.init3)
 *(.init3)
 *(.init4)
 .init4         0x000002da       0x1a c:/program files (x86)/atmel/studio/7.0/toolchain/avr8/avr8-gnu-toolchain/bin/../lib/gcc/avr/5.4.0/avr51\libgcc.a(_copy_data.o)
                0x000002da                __do_copy_data
 .init4         0x000002f4       0x10 c:/program files (x86)/atmel/studio/7.0/toolchain/avr8/avr8-gnu-toolchain/bin/../lib/gcc/avr/5.4.0/avr51\libgcc.a(_clear_bss.o)
                0x000002f4                __do_clear_bss
 *(.init4)
 *(.init5)
 *(.init5)
 *(.init6)
 .init6         0x00000304       0x16 c:/program files (x86)/atmel/studio/7.0/toolchain/avr8/avr8-gnu-toolchain/bin/../lib/gcc/avr/5.4.0/avr51\libgcc.a(_ctors.o)
                0x00000304                __do_global_ctors
 *(.init6)
 *(.init7)
 *(.init7)
 *(.init8)
 *(.init8)
 *(.init9)
 .init9         0x0000031a        0x8 C:/Program Files (x86)/Atmel/Studio/7.0/Packs/atmel/ATmega_DFP/1.2.209/gcc/dev/atmega1284p/avr51/crtatmega1284p.o
 *(.init9)
 *(.text)
 .text          0x00000322        0x2 C:/Program Files (x86)/Atmel/Studio/7.0/Packs/atmel/ATmega_DFP/1.2.209/gcc/dev/atmega1284p/avr51/crtatmega1284p.o
                0x00000322                __vector_22
                0x00000322                __vector_28
                0x00000322                __vector_1
                0x00000322                __vector_32
                0x00000322                __vector_34
                0x00000322                __vector_24
                0x00000322                __vector_12
                0x00000322                __bad_interrupt
                0x00000322                __vector_6
                0x00000322                __vector_31
                0x00000322                __vector_3
                0x00000322                __vector_23
                0x00000322                __vector_30
                0x00000322                __vector_25
                0x00000322                __vector_11
                0x00000322                __vector_13
                0x00000322                __vector_17
                0x00000322                __vector_27
                0x00000322                __vector_5
                0x00000322                __vector_33
                0x00000322                __vector_9
                0x00000322                __vector_2
                0x00000322                __vector_21
                0x00000322                __vector_15
                0x00000322                __vector_29
                0x00000322                __vector_8
                0x00000322                __vector_14
                0x00000322                __vector_10
                0x00000322                __vector_20
                0x00000324                . = ALIGN (0x2)
 *(.text.*)
 .text._ZL11disable_ETHv
                0x00000324        0x4 Sketch.o
 .text._ZN7TwoWire5writeEi
                0x00000328        0xe Sketch.o
                0x00000328                _ZN7TwoWire5writeEi
 .text._Z14initIOExpanderv
                0x00000336       0xb6 Sketch.o
                0x00000336                _Z14initIOExpanderv
 .text._Z9printLinev
                0x000003ec       0x26 Sketch.o
                0x000003ec                _Z9printLinev
 .text._Z8printTabh
                0x00000412       0x22 Sketch.o
                0x00000412                _Z8printTabh
 .text._Z4passb
                0x00000434       0x30 Sketch.o
                0x00000434                _Z4passb
 .text._Z13printUniqueIDv
                0x00000464      0x11e Sketch.o
                0x00000464                _Z13printUniqueIDv
 .text._Z16FlasheraseSectorm
                0x00000582       0x82 Sketch.o
                0x00000582                _Z16FlasheraseSectorm
 .text._Z15erogazioniSaverm6String
                0x00000604      0x39c Sketch.o
                0x00000604                _Z15erogazioniSaverm6String
 .text._Z14FlashpowerDownv
                0x000009a0       0x68 Sketch.o
                0x000009a0                _Z14FlashpowerDownv
 .text._Z12FlashpowerUpv
                0x00000a08       0x5c Sketch.o
                0x00000a08                _Z12FlashpowerUpv
 .text._Z13eraseChipTestv
                0x00000a64       0x58 Sketch.o
                0x00000a64                _Z13eraseChipTestv
 .text._Z5getIDv
                0x00000abc      0x1b2 Sketch.o
                0x00000abc                _Z5getIDv
 .text._Z11my_delay_msi
                0x00000c6e       0x18 Sketch.o
                0x00000c6e                _Z11my_delay_msi
 .text._Z6Buzzerhm
                0x00000c86       0x52 Sketch.o
                0x00000c86                _Z6Buzzerhm
 .text._Z10leggiRighev
                0x00000cd8       0x34 Sketch.o
                0x00000cd8                _Z10leggiRighev
 .text._Z12leggiColonnev
                0x00000d0c       0x34 Sketch.o
                0x00000d0c                _Z12leggiColonnev
 .text._Z17leggi_IP_REGISTERv
                0x00000d40       0x2a Sketch.o
                0x00000d40                _Z17leggi_IP_REGISTERv
 .text._Z17leggi_OP_REGISTERv
                0x00000d6a       0x2a Sketch.o
                0x00000d6a                _Z17leggi_OP_REGISTERv
 .text._Z10displayLCDP6Stringii
                0x00000d94      0x140 Sketch.o
                0x00000d94                _Z10displayLCDP6Stringii
 .text._Z11avanzaStatom
                0x00000ed4       0x3c Sketch.o
                0x00000ed4                _Z11avanzaStatom
 .text._Z14leggiTAG_Mezzob
                0x00000f10      0x1c6 Sketch.o
                0x00000f10                _Z14leggiTAG_Mezzob
 .text._Z14GetCodeRfidATev
                0x000010d6       0xcc Sketch.o
                0x000010d6                _Z14GetCodeRfidATev
 .text._Z15abilitaPulsantiv
                0x000011a2       0x14 Sketch.o
                0x000011a2                _Z15abilitaPulsantiv
 .text._Z22abilitaContattiPistolav
                0x000011b6        0x6 Sketch.o
                0x000011b6                _Z22abilitaContattiPistolav
 .text._Z13abilitaPulserc
                0x000011bc       0x1c Sketch.o
                0x000011bc                _Z13abilitaPulserc
 .text._Z14impulsiToLitrii
                0x000011d8       0x56 Sketch.o
                0x000011d8                _Z14impulsiToLitrii
 .text._Z18Rele_Abilitazione1ii
                0x0000122e       0x76 Sketch.o
                0x0000122e                _Z18Rele_Abilitazione1ii
 .text._Z18Rele_Abilitazione2ii
                0x000012a4       0x88 Sketch.o
                0x000012a4                _Z18Rele_Abilitazione2ii
 .text._Z12Control_WIFIi
                0x0000132c       0x26 Sketch.o
                0x0000132c                _Z12Control_WIFIi
 .text._Z32CompletoRifornimentoPerInvioDatii
                0x00001352       0x42 Sketch.o
                0x00001352                _Z32CompletoRifornimentoPerInvioDatii
 .text.__vector_4
                0x00001394       0x48 Sketch.o
                0x00001394                __vector_4
 .text.__vector_7
                0x000013dc      0x162 Sketch.o
                0x000013dc                __vector_7
 .text.startup._GLOBAL__sub_I_intConsecutivePresses
                0x0000153e      0x1e4 Sketch.o
 .text.exit._GLOBAL__sub_D_intConsecutivePresses
                0x00001722       0xa4 Sketch.o
 .text._Z19InizializzaEthernetv
                0x000017c6      0x12c Sketch.o
                0x000017c6                _Z19InizializzaEthernetv
 .text.setup    0x000018f2      0x45e Sketch.o
                0x000018f2                setup
 .text._Z23getTastoPremuto_x_targav
                0x00001d50      0x424 Sketch.o
                0x00001d50                _Z23getTastoPremuto_x_targav
 .text._Z6Azzerav
                0x00002174      0x12a Sketch.o
                0x00002174                _Z6Azzerav
 .text._Z17InviaRifornimentoiiPci6String
                0x0000229e      0x104 Sketch.o
                0x0000229e                _Z17InviaRifornimentoiiPci6String
 .text.loop     0x000023a2      0xa08 Sketch.o
                0x000023a2                loop
 .text._ZN8SPIClass16beginTransactionE11SPISettings
                0x00002daa       0x34 src/libraries/Adafruit-PN532/Adafruit_PN532.o
                0x00002daa                _ZN8SPIClass16beginTransactionE11SPISettings
 .text._ZN8SPIClass14endTransactionEv
                0x00002dde       0x22 src/libraries/Adafruit-PN532/Adafruit_PN532.o
                0x00002dde                _ZN8SPIClass14endTransactionEv
 .text._ZN14Adafruit_PN532C2Ehh
                0x00002e00       0x2a src/libraries/Adafruit-PN532/Adafruit_PN532.o
                0x00002e00                _ZN14Adafruit_PN532C2Ehh
                0x00002e00                _ZN14Adafruit_PN532C1Ehh
 .text._ZN14Adafruit_PN53210GetHexCodeEPKhm
                0x00002e2a      0x110 src/libraries/Adafruit-PN532/Adafruit_PN532.o
                0x00002e2a                _ZN14Adafruit_PN53210GetHexCodeEPKhm
 .text._ZN14Adafruit_PN5329spi_writeEh
                0x00002f3a       0x7e src/libraries/Adafruit-PN532/Adafruit_PN532.o
                0x00002f3a                _ZN14Adafruit_PN5329spi_writeEh
 .text._ZN14Adafruit_PN5328spi_readEv
                0x00002fb8       0x82 src/libraries/Adafruit-PN532/Adafruit_PN532.o
                0x00002fb8                _ZN14Adafruit_PN5328spi_readEv
 .text._ZN14Adafruit_PN5327isreadyEv
                0x0000303a       0x66 src/libraries/Adafruit-PN532/Adafruit_PN532.o
                0x0000303a                _ZN14Adafruit_PN5327isreadyEv
 .text._ZN14Adafruit_PN5329waitreadyEj
                0x000030a0       0x5c src/libraries/Adafruit-PN532/Adafruit_PN532.o
                0x000030a0                _ZN14Adafruit_PN5329waitreadyEj
 .text._ZN14Adafruit_PN5328readdataEPhh
                0x000030fc       0xe2 src/libraries/Adafruit-PN532/Adafruit_PN532.o
                0x000030fc                _ZN14Adafruit_PN5328readdataEPhh
 .text._ZN14Adafruit_PN5327readackEv
                0x000031de       0x44 src/libraries/Adafruit-PN532/Adafruit_PN532.o
                0x000031de                _ZN14Adafruit_PN5327readackEv
 .text._ZL8i2c_sendh
                0x00003222        0xa src/libraries/Adafruit-PN532/Adafruit_PN532.o
 .text._ZN14Adafruit_PN53212writecommandEPhh
                0x0000322c      0x16c src/libraries/Adafruit-PN532/Adafruit_PN532.o
                0x0000322c                _ZN14Adafruit_PN53212writecommandEPhh
 .text._ZN14Adafruit_PN53219sendCommandCheckAckEPhhj
                0x00003398       0x42 src/libraries/Adafruit-PN532/Adafruit_PN532.o
                0x00003398                _ZN14Adafruit_PN53219sendCommandCheckAckEPhhj
 .text._ZN14Adafruit_PN5325beginEv
                0x000033da       0x9a src/libraries/Adafruit-PN532/Adafruit_PN532.o
                0x000033da                _ZN14Adafruit_PN5325beginEv
 .text._ZN14Adafruit_PN53218getFirmwareVersionEv
                0x00003474       0x90 src/libraries/Adafruit-PN532/Adafruit_PN532.o
                0x00003474                _ZN14Adafruit_PN53218getFirmwareVersionEv
 .text._ZN14Adafruit_PN5329SAMConfigEv
                0x00003504       0x5c src/libraries/Adafruit-PN532/Adafruit_PN532.o
                0x00003504                _ZN14Adafruit_PN5329SAMConfigEv
 .text._ZN14Adafruit_PN53227setPassiveActivationRetriesEh
                0x00003560       0x20 src/libraries/Adafruit-PN532/Adafruit_PN532.o
                0x00003560                _ZN14Adafruit_PN53227setPassiveActivationRetriesEh
 .text._ZN14Adafruit_PN53219readPassiveTargetIDEhPhS0_j
                0x00003580       0xa8 src/libraries/Adafruit-PN532/Adafruit_PN532.o
                0x00003580                _ZN14Adafruit_PN53219readPassiveTargetIDEhPhS0_j
 .text._ZN14Adafruit_PN53231mifareclassic_AuthenticateBlockEPhhmhS0_
                0x00003628       0xc0 src/libraries/Adafruit-PN532/Adafruit_PN532.o
                0x00003628                _ZN14Adafruit_PN53231mifareclassic_AuthenticateBlockEPhhmhS0_
 .text._ZN14Adafruit_PN53227mifareclassic_ReadDataBlockEhPh
                0x000036e8       0x66 src/libraries/Adafruit-PN532/Adafruit_PN532.o
                0x000036e8                _ZN14Adafruit_PN53227mifareclassic_ReadDataBlockEhPh
 .text._ZN14Adafruit_PN53228mifareclassic_WriteDataBlockEhPh
                0x0000374e       0x60 src/libraries/Adafruit-PN532/Adafruit_PN532.o
                0x0000374e                _ZN14Adafruit_PN53228mifareclassic_WriteDataBlockEhPh
 .text._ZL9date2daysjhh
                0x000037ae       0x64 src/libraries/DS3231M/src/DS3231M.o
 .text._ZL6conv2dPKc
                0x00003812       0x1a src/libraries/DS3231M/src/DS3231M.o
 .text._ZN8DateTimeC2Em
                0x0000382c       0xf2 src/libraries/DS3231M/src/DS3231M.o
                0x0000382c                _ZN8DateTimeC2Em
                0x0000382c                _ZN8DateTimeC1Em
 .text._ZN8DateTimeC2EPK19__FlashStringHelperS2_
                0x0000391e       0xea src/libraries/DS3231M/src/DS3231M.o
                0x0000391e                _ZN8DateTimeC2EPK19__FlashStringHelperS2_
                0x0000391e                _ZN8DateTimeC1EPK19__FlashStringHelperS2_
 .text._ZNK8DateTime12dayOfTheWeekEv
                0x00003a08       0x18 src/libraries/DS3231M/src/DS3231M.o
                0x00003a08                _ZNK8DateTime12dayOfTheWeekEv
 .text._ZNK8DateTime8unixtimeEv
                0x00003a20       0x7a src/libraries/DS3231M/src/DS3231M.o
                0x00003a20                _ZNK8DateTime8unixtimeEv
 .text._ZNK8DateTime11secondstimeEv
                0x00003a9a       0x6a src/libraries/DS3231M/src/DS3231M.o
                0x00003a9a                _ZNK8DateTime11secondstimeEv
 .text._ZN13DS3231M_ClassC2Ev
                0x00003b04        0xe src/libraries/DS3231M/src/DS3231M.o
                0x00003b04                _ZN13DS3231M_ClassC2Ev
                0x00003b04                _ZN13DS3231M_ClassC1Ev
 .text._ZN13DS3231M_ClassD2Ev
                0x00003b12        0x2 src/libraries/DS3231M/src/DS3231M.o
                0x00003b12                _ZN13DS3231M_ClassD2Ev
                0x00003b12                _ZN13DS3231M_ClassD1Ev
 .text._ZN13DS3231M_Class9writeByteEhh
                0x00003b14       0x40 src/libraries/DS3231M/src/DS3231M.o
                0x00003b14                _ZN13DS3231M_Class9writeByteEhh
 .text._ZN13DS3231M_Class8readByteEh
                0x00003b54       0x44 src/libraries/DS3231M/src/DS3231M.o
                0x00003b54                _ZN13DS3231M_Class8readByteEh
 .text._ZN13DS3231M_Class5beginEm
                0x00003b98       0x60 src/libraries/DS3231M/src/DS3231M.o
                0x00003b98                _ZN13DS3231M_Class5beginEm
 .text._ZN13DS3231M_Class3nowEv
                0x00003bf8      0x140 src/libraries/DS3231M/src/DS3231M.o
                0x00003bf8                _ZN13DS3231M_Class3nowEv
 .text._ZN13DS3231M_Class6adjustERK8DateTime
                0x00003d38      0x11c src/libraries/DS3231M/src/DS3231M.o
                0x00003d38                _ZN13DS3231M_Class6adjustERK8DateTime
 .text._ZN13DS3231M_Class6adjustEv
                0x00003e54       0x42 src/libraries/DS3231M/src/DS3231M.o
                0x00003e54                _ZN13DS3231M_Class6adjustEv
 .text.startup._GLOBAL__sub_I__ZN9DhcpClass13beginWithDHCPEPhmm
                0x00003e96       0x16 src/libraries/Ethernet2/src/Dhcp.o
 .text._ZN9DNSClient5beginERK9IPAddress
                0x00003eac       0x1a src/libraries/Ethernet2/src/Dns.o
                0x00003eac                _ZN9DNSClient5beginERK9IPAddress
 .text._ZN9DNSClient9inet_atonEPKcR9IPAddress
                0x00003ec6       0x80 src/libraries/Ethernet2/src/Dns.o
                0x00003ec6                _ZN9DNSClient9inet_atonEPKcR9IPAddress
 .text.startup._GLOBAL__sub_I__ZN9DNSClient5beginERK9IPAddress
                0x00003f46       0x16 src/libraries/Ethernet2/src/Dns.o
 .text._ZN9DNSClient12BuildRequestEPKc
                0x00003f5c      0x142 src/libraries/Ethernet2/src/Dns.o
                0x00003f5c                _ZN9DNSClient12BuildRequestEPKc
 .text._ZN9DNSClient15ProcessResponseEjR9IPAddress
                0x0000409e      0x2c2 src/libraries/Ethernet2/src/Dns.o
                0x0000409e                _ZN9DNSClient15ProcessResponseEjR9IPAddress
 .text._ZN9DNSClient13getHostByNameEPKcR9IPAddress
                0x00004360      0x112 src/libraries/Ethernet2/src/Dns.o
                0x00004360                _ZN9DNSClient13getHostByNameEPKcR9IPAddress
 .text._ZN10W5500Class8writeGAREPh
                0x00004472        0xe src/libraries/Ethernet2/src/Ethernet2.o
                0x00004472                _ZN10W5500Class8writeGAREPh
 .text._ZN10W5500Class9writeSUBREPh
                0x00004480        0xe src/libraries/Ethernet2/src/Ethernet2.o
                0x00004480                _ZN10W5500Class9writeSUBREPh
 .text._ZN10W5500Class9writeSHAREPh
                0x0000448e        0xe src/libraries/Ethernet2/src/Ethernet2.o
                0x0000448e                _ZN10W5500Class9writeSHAREPh
 .text._ZN10W5500Class9writeSIPREPh
                0x0000449c        0xe src/libraries/Ethernet2/src/Ethernet2.o
                0x0000449c                _ZN10W5500Class9writeSIPREPh
 .text._ZN13EthernetClass5beginEPh9IPAddressS1_S1_S1_
                0x000044aa       0x6c src/libraries/Ethernet2/src/Ethernet2.o
                0x000044aa                _ZN13EthernetClass5beginEPh9IPAddressS1_S1_S1_
 .text._ZN13EthernetClass11dnsServerIPEv
                0x00004516       0x20 src/libraries/Ethernet2/src/Ethernet2.o
                0x00004516                _ZN13EthernetClass11dnsServerIPEv
 .text.startup._GLOBAL__sub_I__ZN13EthernetClass6_stateE
                0x00004536       0x2a src/libraries/Ethernet2/src/Ethernet2.o
 .text._ZN5Print17availableForWriteEv
                0x00004560        0x6 src/libraries/Ethernet2/src/EthernetClient.o
                0x00004560                _ZN5Print17availableForWriteEv
 .text._ZN5Print5flushEv
                0x00004566        0x2 src/libraries/Ethernet2/src/EthernetClient.o
                0x00004566                _ZN5Print5flushEv
 .text._ZN14EthernetClientneERKS_
                0x00004568       0x14 src/libraries/Ethernet2/src/EthernetClient.o
                0x00004568                _ZN14EthernetClientneERKS_
 .text._ZN14EthernetClient5writeEh
                0x0000457c       0x2c src/libraries/Ethernet2/src/EthernetClient.o
                0x0000457c                _ZN14EthernetClient5writeEh
 .text._ZN14EthernetClientcvbEv
                0x000045a8       0x10 src/libraries/Ethernet2/src/EthernetClient.o
                0x000045a8                _ZN14EthernetClientcvbEv
 .text._ZN14EthernetClienteqERKS_
                0x000045b8       0x16 src/libraries/Ethernet2/src/EthernetClient.o
                0x000045b8                _ZN14EthernetClienteqERKS_
 .text._ZN14EthernetClient7connectEPKcj
                0x000045ce       0xb4 src/libraries/Ethernet2/src/EthernetClient.o
                0x000045ce                _ZN14EthernetClient7connectEPKcj
 .text._ZN14EthernetClient5writeEPKhj
                0x00004682       0x3a src/libraries/Ethernet2/src/EthernetClient.o
                0x00004682                _ZN14EthernetClient5writeEPKhj
 .text._ZN14EthernetClient9availableEv
                0x000046bc       0x14 src/libraries/Ethernet2/src/EthernetClient.o
                0x000046bc                _ZN14EthernetClient9availableEv
 .text._ZN14EthernetClient4readEv
                0x000046d0       0x32 src/libraries/Ethernet2/src/EthernetClient.o
                0x000046d0                _ZN14EthernetClient4readEv
 .text._ZN14EthernetClient4readEPhj
                0x00004702        0x6 src/libraries/Ethernet2/src/EthernetClient.o
                0x00004702                _ZN14EthernetClient4readEPhj
 .text._ZN14EthernetClient4peekEv
                0x00004708       0x44 src/libraries/Ethernet2/src/EthernetClient.o
                0x00004708                _ZN14EthernetClient4peekEv
 .text._ZN14EthernetClient5flushEv
                0x0000474c        0x6 src/libraries/Ethernet2/src/EthernetClient.o
                0x0000474c                _ZN14EthernetClient5flushEv
 .text._ZN14EthernetClientC2Ev
                0x00004752       0x24 src/libraries/Ethernet2/src/EthernetClient.o
                0x00004752                _ZN14EthernetClientC2Ev
                0x00004752                _ZN14EthernetClientC1Ev
 .text._ZN14EthernetClientC2Eh
                0x00004776       0x22 src/libraries/Ethernet2/src/EthernetClient.o
                0x00004776                _ZN14EthernetClientC1Eh
                0x00004776                _ZN14EthernetClientC2Eh
 .text._ZN14EthernetClient6statusEv
                0x00004798       0x1a src/libraries/Ethernet2/src/EthernetClient.o
                0x00004798                _ZN14EthernetClient6statusEv
 .text._ZN14EthernetClient9connectedEv
                0x000047b2       0x46 src/libraries/Ethernet2/src/EthernetClient.o
                0x000047b2                _ZN14EthernetClient9connectedEv
 .text._ZN14EthernetClient4stopEv
                0x000047f8       0x7c src/libraries/Ethernet2/src/EthernetClient.o
                0x000047f8                _ZN14EthernetClient4stopEv
 .text._ZN14EthernetClient7connectE9IPAddressj
                0x00004874       0xba src/libraries/Ethernet2/src/EthernetClient.o
                0x00004874                _ZN14EthernetClient7connectE9IPAddressj
 .text.startup._GLOBAL__sub_I__ZN14EthernetClient8_srcportE
                0x0000492e       0x16 src/libraries/Ethernet2/src/EthernetClient.o
 .text._ZN14EthernetServer5writeEh
                0x00004944       0x2c src/libraries/Ethernet2/src/EthernetServer.o
                0x00004944                _ZN14EthernetServer5writeEh
 .text._ZN14EthernetServer5beginEv
                0x00004970       0x80 src/libraries/Ethernet2/src/EthernetServer.o
                0x00004970                _ZN14EthernetServer5beginEv
 .text._ZN14EthernetServerC2Ej
                0x000049f0       0x14 src/libraries/Ethernet2/src/EthernetServer.o
                0x000049f0                _ZN14EthernetServerC1Ej
                0x000049f0                _ZN14EthernetServerC2Ej
 .text._ZN14EthernetServer6acceptEv
                0x00004a04       0xb8 src/libraries/Ethernet2/src/EthernetServer.o
                0x00004a04                _ZN14EthernetServer6acceptEv
 .text._ZN14EthernetServer5writeEPKhj
                0x00004abc       0xa8 src/libraries/Ethernet2/src/EthernetServer.o
                0x00004abc                _ZN14EthernetServer5writeEPKhj
 .text.startup._GLOBAL__sub_I__ZN14EthernetServerC2Ej
                0x00004b64       0x16 src/libraries/Ethernet2/src/EthernetServer.o
 .text._ZN3UDP14beginMulticastE9IPAddressj
                0x00004b7a        0x4 src/libraries/Ethernet2/src/EthernetUdp2.o
                0x00004b7a                _ZN3UDP14beginMulticastE9IPAddressj
 .text._ZN11EthernetUDP4readEPcj
                0x00004b7e        0xe src/libraries/Ethernet2/src/EthernetUdp2.o
                0x00004b7e                _ZN11EthernetUDP4readEPcj
 .text._ZN11EthernetUDP8remoteIPEv
                0x00004b8c       0x20 src/libraries/Ethernet2/src/EthernetUdp2.o
                0x00004b8c                _ZN11EthernetUDP8remoteIPEv
 .text._ZN11EthernetUDP10remotePortEv
                0x00004bac        0x8 src/libraries/Ethernet2/src/EthernetUdp2.o
                0x00004bac                _ZN11EthernetUDP10remotePortEv
 .text._ZN11EthernetUDP9availableEv
                0x00004bb4        0x8 src/libraries/Ethernet2/src/EthernetUdp2.o
                0x00004bb4                _ZN11EthernetUDP9availableEv
 .text._ZN11EthernetUDP5writeEh
                0x00004bbc       0x2c src/libraries/Ethernet2/src/EthernetUdp2.o
                0x00004bbc                _ZN11EthernetUDP5writeEh
 .text._ZN11EthernetUDP5flushEv
                0x00004be8       0x24 src/libraries/Ethernet2/src/EthernetUdp2.o
                0x00004be8                _ZN11EthernetUDP5flushEv
 .text._ZN11EthernetUDP4stopEv
                0x00004c0c       0x28 src/libraries/Ethernet2/src/EthernetUdp2.o
                0x00004c0c                _ZN11EthernetUDP4stopEv
 .text._ZN11EthernetUDP11beginPacketE9IPAddressj
                0x00004c34        0xe src/libraries/Ethernet2/src/EthernetUdp2.o
                0x00004c34                _ZN11EthernetUDP11beginPacketE9IPAddressj
 .text._ZN11EthernetUDP9endPacketEv
                0x00004c42        0x6 src/libraries/Ethernet2/src/EthernetUdp2.o
                0x00004c42                _ZN11EthernetUDP9endPacketEv
 .text._ZN11EthernetUDP5writeEPKhj
                0x00004c48       0x26 src/libraries/Ethernet2/src/EthernetUdp2.o
                0x00004c48                _ZN11EthernetUDP5writeEPKhj
 .text._ZN11EthernetUDP4readEv
                0x00004c6e       0x50 src/libraries/Ethernet2/src/EthernetUdp2.o
                0x00004c6e                _ZN11EthernetUDP4readEv
 .text._ZN11EthernetUDP4readEPhj
                0x00004cbe       0x3c src/libraries/Ethernet2/src/EthernetUdp2.o
                0x00004cbe                _ZN11EthernetUDP4readEPhj
 .text._ZN11EthernetUDP4peekEv
                0x00004cfa       0x30 src/libraries/Ethernet2/src/EthernetUdp2.o
                0x00004cfa                _ZN11EthernetUDP4peekEv
 .text._ZN11EthernetUDP5beginEj
                0x00004d2a       0x62 src/libraries/Ethernet2/src/EthernetUdp2.o
                0x00004d2a                _ZN11EthernetUDP5beginEj
 .text._ZN11EthernetUDP11parsePacketEv
                0x00004d8c       0x9e src/libraries/Ethernet2/src/EthernetUdp2.o
                0x00004d8c                _ZN11EthernetUDP11parsePacketEv
 .text._ZN11EthernetUDPC2Ev
                0x00004e2a       0x2a src/libraries/Ethernet2/src/EthernetUdp2.o
                0x00004e2a                _ZN11EthernetUDPC1Ev
                0x00004e2a                _ZN11EthernetUDPC2Ev
 .text._ZN11EthernetUDP11beginPacketEPKcj
                0x00004e54       0xb4 src/libraries/Ethernet2/src/EthernetUdp2.o
                0x00004e54                _ZN11EthernetUDP11beginPacketEPKcj
 .text.startup._GLOBAL__sub_I__ZN11EthernetUDPC2Ev
                0x00004f08       0x16 src/libraries/Ethernet2/src/EthernetUdp2.o
 .text.startup._GLOBAL__sub_I__ZN7TwitterC2EPKc
                0x00004f1e       0x16 src/libraries/Ethernet2/src/Twitter.o
 .text._ZN10W5500Class11writeSnDIPREhPh
                0x00004f34       0x16 src/libraries/Ethernet2/src/utility/socket.o
                0x00004f34                _ZN10W5500Class11writeSnDIPREhPh
 .text._ZN10W5500Class6readSnEhj
                0x00004f4a       0x10 src/libraries/Ethernet2/src/utility/socket.o
                0x00004f4a                _ZN10W5500Class6readSnEhj
 .text._ZN10W5500Class8readSnIREh
                0x00004f5a        0x6 src/libraries/Ethernet2/src/utility/socket.o
                0x00004f5a                _ZN10W5500Class8readSnIREh
 .text._ZN10W5500Class7writeSnEhjh
                0x00004f60       0x10 src/libraries/Ethernet2/src/utility/socket.o
                0x00004f60                _ZN10W5500Class7writeSnEhjh
 .text._ZN10W5500Class11writeSnPORTEhj
                0x00004f70       0x1e src/libraries/Ethernet2/src/utility/socket.o
                0x00004f70                _ZN10W5500Class11writeSnPORTEhj
 .text._ZN10W5500Class9writeSnIREhh
                0x00004f8e        0x8 src/libraries/Ethernet2/src/utility/socket.o
                0x00004f8e                _ZN10W5500Class9writeSnIREhh
 .text._ZN10W5500Class12writeSnDPORTEhj
                0x00004f96       0x1e src/libraries/Ethernet2/src/utility/socket.o
                0x00004f96                _ZN10W5500Class12writeSnDPORTEhj
 .text._Z5closeh
                0x00004fb4       0x16 src/libraries/Ethernet2/src/utility/socket.o
                0x00004fb4                _Z5closeh
 .text._Z6sockethhjh
                0x00004fca       0x66 src/libraries/Ethernet2/src/utility/socket.o
                0x00004fca                _Z6sockethhjh
 .text._Z6listenh
                0x00005030       0x22 src/libraries/Ethernet2/src/utility/socket.o
                0x00005030                _Z6listenh
 .text._Z7connecthPhj
                0x00005052       0x66 src/libraries/Ethernet2/src/utility/socket.o
                0x00005052                _Z7connecthPhj
 .text._Z10disconnecth
                0x000050b8        0xa src/libraries/Ethernet2/src/utility/socket.o
                0x000050b8                _Z10disconnecth
 .text._Z4sendhPKhj
                0x000050c2       0x90 src/libraries/Ethernet2/src/utility/socket.o
                0x000050c2                _Z4sendhPKhj
 .text._Z4recvhPhi
                0x00005152       0x82 src/libraries/Ethernet2/src/utility/socket.o
                0x00005152                _Z4recvhPhi
 .text._Z4peekhPh
                0x000051d4       0x1a src/libraries/Ethernet2/src/utility/socket.o
                0x000051d4                _Z4peekhPh
 .text._Z5flushh
                0x000051ee        0x2 src/libraries/Ethernet2/src/utility/socket.o
                0x000051ee                _Z5flushh
 .text._Z10bufferDatahjPKhj
                0x000051f0       0x56 src/libraries/Ethernet2/src/utility/socket.o
                0x000051f0                _Z10bufferDatahjPKhj
 .text._Z8startUDPhPhj
                0x00005246       0x46 src/libraries/Ethernet2/src/utility/socket.o
                0x00005246                _Z8startUDPhPhj
 .text._Z7sendUDPh
                0x0000528c       0x38 src/libraries/Ethernet2/src/utility/socket.o
                0x0000528c                _Z7sendUDPh
 .text._ZN8SPIClass8transferEh
                0x000052c4        0xe src/libraries/Ethernet2/src/utility/w5500.o
                0x000052c4                _ZN8SPIClass8transferEh
 .text._ZN10W5500Class5setSSEv
                0x000052d2        0x4 src/libraries/Ethernet2/src/utility/w5500.o
                0x000052d2                _ZN10W5500Class5setSSEv
 .text._ZN10W5500Class7resetSSEv
                0x000052d6        0x4 src/libraries/Ethernet2/src/utility/w5500.o
                0x000052d6                _ZN10W5500Class7resetSSEv
 .text._ZN10W5500Class5writeEjhh
                0x000052da       0x40 src/libraries/Ethernet2/src/utility/w5500.o
                0x000052da                _ZN10W5500Class5writeEjhh
 .text._ZN10W5500Class5writeEjhPKhj
                0x0000531a       0x5c src/libraries/Ethernet2/src/utility/w5500.o
                0x0000531a                _ZN10W5500Class5writeEjhPKhj
 .text._ZN10W5500Class4readEjh
                0x00005376       0x3c src/libraries/Ethernet2/src/utility/w5500.o
                0x00005376                _ZN10W5500Class4readEjh
 .text._ZN10W5500Class4initEh
                0x000053b2       0x5a src/libraries/Ethernet2/src/utility/w5500.o
                0x000053b2                _ZN10W5500Class4initEh
 .text._ZN10W5500Class12readSnTX_FSREh
                0x0000540c       0x2e src/libraries/Ethernet2/src/utility/w5500.o
                0x0000540c                _ZN10W5500Class12readSnTX_FSREh
 .text._ZN10W5500Class13getTXFreeSizeEh
                0x0000543a       0x34 src/libraries/Ethernet2/src/utility/w5500.o
                0x0000543a                _ZN10W5500Class13getTXFreeSizeEh
 .text._ZN10W5500Class12readSnRX_RSREh
                0x0000546e       0x2e src/libraries/Ethernet2/src/utility/w5500.o
                0x0000546e                _ZN10W5500Class12readSnRX_RSREh
 .text._ZN10W5500Class17getRXReceivedSizeEh
                0x0000549c       0x34 src/libraries/Ethernet2/src/utility/w5500.o
                0x0000549c                _ZN10W5500Class17getRXReceivedSizeEh
 .text._ZN10W5500Class27send_data_processing_offsetEhjPKhj
                0x000054d0       0x74 src/libraries/Ethernet2/src/utility/w5500.o
                0x000054d0                _ZN10W5500Class27send_data_processing_offsetEhjPKhj
 .text._ZN10W5500Class20send_data_processingEhPKhj
                0x00005544       0x14 src/libraries/Ethernet2/src/utility/w5500.o
                0x00005544                _ZN10W5500Class20send_data_processingEhPKhj
 .text._ZN10W5500Class4readEjhPhj
                0x00005558       0x5e src/libraries/Ethernet2/src/utility/w5500.o
                0x00005558                _ZN10W5500Class4readEjhPhj
 .text._ZN10W5500Class9read_dataEhjPVhj
                0x000055b6       0x30 src/libraries/Ethernet2/src/utility/w5500.o
                0x000055b6                _ZN10W5500Class9read_dataEhjPVhj
 .text._ZN10W5500Class20recv_data_processingEhPhjh
                0x000055e6       0x9a src/libraries/Ethernet2/src/utility/w5500.o
                0x000055e6                _ZN10W5500Class20recv_data_processingEhPhjh
 .text._ZN10W5500Class9execCmdSnEh7SockCMD
                0x00005680       0x1c src/libraries/Ethernet2/src/utility/w5500.o
                0x00005680                _ZN10W5500Class9execCmdSnEh7SockCMD
 .text.startup._GLOBAL__sub_I_w5500
                0x0000569c        0xe src/libraries/Ethernet2/src/utility/w5500.o
 .text._ZN5I2CIOC2Ev
                0x000056aa        0xe src/libraries/LiquidCrystal/src/I2CIO.o
                0x000056aa                _ZN5I2CIOC2Ev
                0x000056aa                _ZN5I2CIOC1Ev
 .text._ZN5I2CIO8portModeEh
                0x000056b8       0x16 src/libraries/LiquidCrystal/src/I2CIO.o
                0x000056b8                _ZN5I2CIO8portModeEh
 .text._ZN5I2CIO11isAvailableEh
                0x000056ce       0x1a src/libraries/LiquidCrystal/src/I2CIO.o
                0x000056ce                _ZN5I2CIO11isAvailableEh
 .text._ZN5I2CIO5beginEh
                0x000056e8       0x30 src/libraries/LiquidCrystal/src/I2CIO.o
                0x000056e8                _ZN5I2CIO5beginEh
 .text._ZN5I2CIO5writeEh
                0x00005718       0x4e src/libraries/LiquidCrystal/src/I2CIO.o
                0x00005718                _ZN5I2CIO5writeEh
 .text._ZN3LCD15setBacklightPinEh13t_backlighPol
                0x00005766        0x2 src/libraries/LiquidCrystal/src/LCD.o
                0x00005766                _ZN3LCD15setBacklightPinEh13t_backlighPol
 .text._ZN3LCD12setBacklightEh
                0x00005768        0x2 src/libraries/LiquidCrystal/src/LCD.o
                0x00005768                _ZN3LCD12setBacklightEh
 .text._ZN3LCD5writeEh
                0x0000576a       0x16 src/libraries/LiquidCrystal/src/LCD.o
                0x0000576a                _ZN3LCD5writeEh
 .text._ZN3LCDC2Ev
                0x00005780       0x10 src/libraries/LiquidCrystal/src/LCD.o
                0x00005780                _ZN3LCDC1Ev
                0x00005780                _ZN3LCDC2Ev
 .text._ZN3LCD9backlightEv
                0x00005790       0x10 src/libraries/LiquidCrystal/src/LCD.o
                0x00005790                _ZN3LCD9backlightEv
 .text._ZN3LCD11noBacklightEv
                0x000057a0       0x10 src/libraries/LiquidCrystal/src/LCD.o
                0x000057a0                _ZN3LCD11noBacklightEv
 .text._ZN3LCD7commandEh
                0x000057b0       0x10 src/libraries/LiquidCrystal/src/LCD.o
                0x000057b0                _ZN3LCD7commandEh
 .text._ZN3LCD5clearEv
                0x000057c0        0xc src/libraries/LiquidCrystal/src/LCD.o
                0x000057c0                _ZN3LCD5clearEv
 .text._ZN3LCD9setCursorEhh
                0x000057cc       0x84 src/libraries/LiquidCrystal/src/LCD.o
                0x000057cc                _ZN3LCD9setCursorEhh
 .text._ZN3LCD9noDisplayEv
                0x00005850        0xc src/libraries/LiquidCrystal/src/LCD.o
                0x00005850                _ZN3LCD9noDisplayEv
 .text._ZN3LCD7displayEv
                0x0000585c        0xe src/libraries/LiquidCrystal/src/LCD.o
                0x0000585c                _ZN3LCD7displayEv
 .text._ZN3LCD5beginEhhh
                0x0000586a       0xf2 src/libraries/LiquidCrystal/src/LCD.o
                0x0000586a                _ZN3LCD5beginEhhh
 .text._ZN3LCD10createCharEhPh
                0x0000595c       0x5e src/libraries/LiquidCrystal/src/LCD.o
                0x0000595c                _ZN3LCD10createCharEhPh
 .text._ZN17LiquidCrystal_I2C15setBacklightPinEh13t_backlighPol
                0x000059ba       0x26 src/libraries/LiquidCrystal/src/LiquidCrystal_I2C.o
                0x000059ba                _ZN17LiquidCrystal_I2C15setBacklightPinEh13t_backlighPol
 .text._ZN17LiquidCrystal_I2C12setBacklightEh
                0x000059e0       0x2c src/libraries/LiquidCrystal/src/LiquidCrystal_I2C.o
                0x000059e0                _ZN17LiquidCrystal_I2C12setBacklightEh
 .text._ZN17LiquidCrystal_I2C4initEv
                0x00005a0c       0x3e src/libraries/LiquidCrystal/src/LiquidCrystal_I2C.o
                0x00005a0c                _ZN17LiquidCrystal_I2C4initEv
 .text._ZN17LiquidCrystal_I2C6configEhhhhhhhh
                0x00005a4a       0x80 src/libraries/LiquidCrystal/src/LiquidCrystal_I2C.o
                0x00005a4a                _ZN17LiquidCrystal_I2C6configEhhhhhhhh
 .text._ZN17LiquidCrystal_I2CC2Ehhhhhhhhh13t_backlighPol
                0x00005aca       0x6c src/libraries/LiquidCrystal/src/LiquidCrystal_I2C.o
                0x00005aca                _ZN17LiquidCrystal_I2CC1Ehhhhhhhhh13t_backlighPol
                0x00005aca                _ZN17LiquidCrystal_I2CC2Ehhhhhhhhh13t_backlighPol
 .text._ZN17LiquidCrystal_I2C11pulseEnableEh
                0x00005b36       0x36 src/libraries/LiquidCrystal/src/LiquidCrystal_I2C.o
                0x00005b36                _ZN17LiquidCrystal_I2C11pulseEnableEh
 .text._ZN17LiquidCrystal_I2C10write4bitsEhh
                0x00005b6c       0x30 src/libraries/LiquidCrystal/src/LiquidCrystal_I2C.o
                0x00005b6c                _ZN17LiquidCrystal_I2C10write4bitsEhh
 .text._ZN17LiquidCrystal_I2C4sendEhh
                0x00005b9c       0x3a src/libraries/LiquidCrystal/src/LiquidCrystal_I2C.o
                0x00005b9c                _ZN17LiquidCrystal_I2C4sendEhh
 .text._ZN17LiquidCrystal_I2C5beginEhhh
                0x00005bd6       0x28 src/libraries/LiquidCrystal/src/LiquidCrystal_I2C.o
                0x00005bd6                _ZN17LiquidCrystal_I2C5beginEhhh
 .text._ZN11Diagnostics15_printErrorCodeEv
                0x00005bfe       0x36 src/libraries/SPIMemory/src/diagnostics.o
                0x00005bfe                _ZN11Diagnostics15_printErrorCodeEv
 .text._ZN11Diagnostics12troubleshootEhb
                0x00005c34        0xa src/libraries/SPIMemory/src/diagnostics.o
                0x00005c34                _ZN11Diagnostics12troubleshootEhb
 .text._ZN8SPIFlashC2Eh
                0x00005c3e       0xbc src/libraries/SPIMemory/src/SPIFlash.o
                0x00005c3e                _ZN8SPIFlashC1Eh
                0x00005c3e                _ZN8SPIFlashC2Eh
 .text._ZN8SPIFlash5beginEm
                0x00005cfa       0x50 src/libraries/SPIMemory/src/SPIFlash.o
                0x00005cfa                _ZN8SPIFlash5beginEm
 .text._ZN8SPIFlash5errorEb
                0x00005d4a       0x12 src/libraries/SPIMemory/src/SPIFlash.o
                0x00005d4a                _ZN8SPIFlash5errorEb
 .text._ZN8SPIFlash11getCapacityEv
                0x00005d5c        0xc src/libraries/SPIMemory/src/SPIFlash.o
                0x00005d5c                _ZN8SPIFlash11getCapacityEv
 .text._ZN8SPIFlash10getMaxPageEv
                0x00005d68       0x22 src/libraries/SPIMemory/src/SPIFlash.o
                0x00005d68                _ZN8SPIFlash10getMaxPageEv
 .text._ZN8SPIFlash15functionRunTimeEv
                0x00005d8a        0x8 src/libraries/SPIMemory/src/SPIFlash.o
                0x00005d8a                _ZN8SPIFlash15functionRunTimeEv
 .text._ZN8SPIFlash10getJEDECIDEv
                0x00005d92       0x24 src/libraries/SPIMemory/src/SPIFlash.o
                0x00005d92                _ZN8SPIFlash10getJEDECIDEv
 .text._ZN8SPIFlash11getUniqueIDEv
                0x00005db6       0xea src/libraries/SPIMemory/src/SPIFlash.o
                0x00005db6                _ZN8SPIFlash11getUniqueIDEv
 .text._ZN8SPIFlash11eraseSectorEm
                0x00005ea0       0x68 src/libraries/SPIMemory/src/SPIFlash.o
                0x00005ea0                _ZN8SPIFlash11eraseSectorEm
 .text._ZN8SPIFlash9eraseChipEv
                0x00005f08       0x54 src/libraries/SPIMemory/src/SPIFlash.o
                0x00005f08                _ZN8SPIFlash9eraseChipEv
 .text._ZN8SPIFlash9powerDownEv
                0x00005f5c       0x54 src/libraries/SPIMemory/src/SPIFlash.o
                0x00005f5c                _ZN8SPIFlash9powerDownEv
 .text._ZN8SPIFlash7powerUpEv
                0x00005fb0       0x32 src/libraries/SPIMemory/src/SPIFlash.o
                0x00005fb0                _ZN8SPIFlash7powerUpEv
 .text._ZN8SPIFlash13_addressCheckEmm
                0x00005fe2       0xaa src/libraries/SPIMemory/src/SPIFlashIO.o
                0x00005fe2                _ZN8SPIFlash13_addressCheckEmm
 .text._ZN8SPIFlash16_transferAddressEv
                0x0000608c       0x3a src/libraries/SPIMemory/src/SPIFlashIO.o
                0x0000608c                _ZN8SPIFlash16_transferAddressEv
 .text._ZN8SPIFlash12_startSPIBusEv
                0x000060c6       0x46 src/libraries/SPIMemory/src/SPIFlashIO.o
                0x000060c6                _ZN8SPIFlash12_startSPIBusEv
 .text._ZN8SPIFlash9_beginSPIEh
                0x0000610c       0x66 src/libraries/SPIMemory/src/SPIFlashIO.o
                0x0000610c                _ZN8SPIFlash9_beginSPIEh
 .text._ZN8SPIFlash15_notPrevWrittenEmm
                0x00006172       0x6a src/libraries/SPIMemory/src/SPIFlashIO.o
                0x00006172                _ZN8SPIFlash15_notPrevWrittenEmm
 .text._ZN8SPIFlash9_nextByteEch
                0x000061dc        0x4 src/libraries/SPIMemory/src/SPIFlashIO.o
                0x000061dc                _ZN8SPIFlash9_nextByteEch
 .text._ZN8SPIFlash10_readStat1Ev
                0x000061e0       0x1a src/libraries/SPIMemory/src/SPIFlashIO.o
                0x000061e0                _ZN8SPIFlash10_readStat1Ev
 .text._ZN8SPIFlash10_readStat3Ev
                0x000061fa       0x1a src/libraries/SPIMemory/src/SPIFlashIO.o
                0x000061fa                _ZN8SPIFlash10_readStat3Ev
 .text._ZN8SPIFlash22_enable4ByteAddressingEv
                0x00006214       0x38 src/libraries/SPIMemory/src/SPIFlashIO.o
                0x00006214                _ZN8SPIFlash22_enable4ByteAddressingEv
 .text._ZN8SPIFlash23_disable4ByteAddressingEv
                0x0000624c       0x34 src/libraries/SPIMemory/src/SPIFlashIO.o
                0x0000624c                _ZN8SPIFlash23_disable4ByteAddressingEv
 .text._ZN8SPIFlash7_endSPIEv
                0x00006280       0x42 src/libraries/SPIMemory/src/SPIFlashIO.o
                0x00006280                _ZN8SPIFlash7_endSPIEv
 .text._ZN8SPIFlash18_isChipPoweredDownEv
                0x000062c2       0x1a src/libraries/SPIMemory/src/SPIFlashIO.o
                0x000062c2                _ZN8SPIFlash18_isChipPoweredDownEv
 .text._ZN8SPIFlash8_notBusyEm
                0x000062dc       0x8e src/libraries/SPIMemory/src/SPIFlashIO.o
                0x000062dc                _ZN8SPIFlash8_notBusyEm
 .text._ZN8SPIFlash12_writeEnableEb
                0x0000636a       0x36 src/libraries/SPIMemory/src/SPIFlashIO.o
                0x0000636a                _ZN8SPIFlash12_writeEnableEb
 .text._ZN8SPIFlash5_prepEhmm
                0x000063a0       0xee src/libraries/SPIMemory/src/SPIFlashIO.o
                0x000063a0                _ZN8SPIFlash5_prepEhmm
 .text._ZN8SPIFlash13_writeDisableEv
                0x0000648e        0xa src/libraries/SPIMemory/src/SPIFlashIO.o
                0x0000648e                _ZN8SPIFlash13_writeDisableEv
 .text._ZN8SPIFlash11_getJedecIdEv
                0x00006498       0x54 src/libraries/SPIMemory/src/SPIFlashIO.o
                0x00006498                _ZN8SPIFlash11_getJedecIdEv
 .text._ZN8SPIFlash26_disableGlobalBlockProtectEv
                0x000064ec       0x78 src/libraries/SPIMemory/src/SPIFlashIO.o
                0x000064ec                _ZN8SPIFlash26_disableGlobalBlockProtectEv
 .text._ZN8SPIFlash7_chipIDEm
                0x00006564      0x1ae src/libraries/SPIMemory/src/SPIFlashIO.o
                0x00006564                _ZN8SPIFlash7_chipIDEm
 .text._ZN8SPIFlash13_troubleshootEhb
                0x00006712        0x6 src/libraries/SPIMemory/src/SPIFlashIO.o
                0x00006712                _ZN8SPIFlash13_troubleshootEhb
 .text._ZN8SPIClass5beginEv
                0x00006718       0x6c src/libraries/SPI/src/SPI.o
                0x00006718                _ZN8SPIClass5beginEv
 .text.twi_init
                0x00006784       0x3c src/libraries/Wire/src/utility/twi.o
                0x00006784                twi_init
 .text.twi_disable
                0x000067c0       0x1a src/libraries/Wire/src/utility/twi.o
                0x000067c0                twi_disable
 .text.twi_setFrequency
                0x000067da       0x28 src/libraries/Wire/src/utility/twi.o
                0x000067da                twi_setFrequency
 .text.twi_readFrom
                0x00006802       0x90 src/libraries/Wire/src/utility/twi.o
                0x00006802                twi_readFrom
 .text.twi_writeTo
                0x00006892       0xac src/libraries/Wire/src/utility/twi.o
                0x00006892                twi_writeTo
 .text.twi_transmit
                0x0000693e       0x50 src/libraries/Wire/src/utility/twi.o
                0x0000693e                twi_transmit
 .text.twi_attachSlaveRxEvent
                0x0000698e        0xa src/libraries/Wire/src/utility/twi.o
                0x0000698e                twi_attachSlaveRxEvent
 .text.twi_attachSlaveTxEvent
                0x00006998        0xa src/libraries/Wire/src/utility/twi.o
                0x00006998                twi_attachSlaveTxEvent
 .text.twi_stop
                0x000069a2       0x14 src/libraries/Wire/src/utility/twi.o
                0x000069a2                twi_stop
 .text.twi_releaseBus
                0x000069b6        0xc src/libraries/Wire/src/utility/twi.o
                0x000069b6                twi_releaseBus
 .text.__vector_26
                0x000069c2      0x25c src/libraries/Wire/src/utility/twi.o
                0x000069c2                __vector_26
 .text._ZN7TwoWire9availableEv
                0x00006c1e       0x10 src/libraries/Wire/src/Wire.o
                0x00006c1e                _ZN7TwoWire9availableEv
 .text._ZN7TwoWire4readEv
                0x00006c2e       0x28 src/libraries/Wire/src/Wire.o
                0x00006c2e                _ZN7TwoWire4readEv
 .text._ZN7TwoWire4peekEv
                0x00006c56       0x1e src/libraries/Wire/src/Wire.o
                0x00006c56                _ZN7TwoWire4peekEv
 .text._ZN7TwoWire5flushEv
                0x00006c74        0x2 src/libraries/Wire/src/Wire.o
                0x00006c74                _ZN7TwoWire5flushEv
 .text._ZN7TwoWire16onReceiveServiceEPhi
                0x00006c76       0x54 src/libraries/Wire/src/Wire.o
                0x00006c76                _ZN7TwoWire16onReceiveServiceEPhi
 .text._ZN7TwoWire16onRequestServiceEv
                0x00006cca       0x18 src/libraries/Wire/src/Wire.o
                0x00006cca                _ZN7TwoWire16onRequestServiceEv
 .text._ZN7TwoWire5writeEPKhj
                0x00006ce2       0x58 src/libraries/Wire/src/Wire.o
                0x00006ce2                _ZN7TwoWire5writeEPKhj
 .text._ZN7TwoWire5writeEh
                0x00006d3a       0x5c src/libraries/Wire/src/Wire.o
                0x00006d3a                _ZN7TwoWire5writeEh
 .text._ZN7TwoWireC2Ev
                0x00006d96       0x20 src/libraries/Wire/src/Wire.o
                0x00006d96                _ZN7TwoWireC1Ev
                0x00006d96                _ZN7TwoWireC2Ev
 .text._ZN7TwoWire5beginEv
                0x00006db6       0x1e src/libraries/Wire/src/Wire.o
                0x00006db6                _ZN7TwoWire5beginEv
 .text._ZN7TwoWire3endEv
                0x00006dd4        0x2 src/libraries/Wire/src/Wire.o
                0x00006dd4                _ZN7TwoWire3endEv
 .text._ZN7TwoWire8setClockEm
                0x00006dd6        0x6 src/libraries/Wire/src/Wire.o
                0x00006dd6                _ZN7TwoWire8setClockEm
 .text._ZN7TwoWire17beginTransmissionEh
                0x00006ddc       0x14 src/libraries/Wire/src/Wire.o
                0x00006ddc                _ZN7TwoWire17beginTransmissionEh
 .text._ZN7TwoWire17beginTransmissionEi
                0x00006df0        0x2 src/libraries/Wire/src/Wire.o
                0x00006df0                _ZN7TwoWire17beginTransmissionEi
 .text._ZN7TwoWire15endTransmissionEh
                0x00006df2       0x24 src/libraries/Wire/src/Wire.o
                0x00006df2                _ZN7TwoWire15endTransmissionEh
 .text._ZN7TwoWire11requestFromEhhmhh
                0x00006e16       0xa2 src/libraries/Wire/src/Wire.o
                0x00006e16                _ZN7TwoWire11requestFromEhhmhh
 .text._ZN7TwoWire11requestFromEhhh
                0x00006eb8       0x1e src/libraries/Wire/src/Wire.o
                0x00006eb8                _ZN7TwoWire11requestFromEhhh
 .text._ZN7TwoWire11requestFromEhh
                0x00006ed6        0x4 src/libraries/Wire/src/Wire.o
                0x00006ed6                _ZN7TwoWire11requestFromEhh
 .text._ZN7TwoWire11requestFromEii
                0x00006eda        0x4 src/libraries/Wire/src/Wire.o
                0x00006eda                _ZN7TwoWire11requestFromEii
 .text._ZN7TwoWire15endTransmissionEv
                0x00006ede        0x4 src/libraries/Wire/src/Wire.o
                0x00006ede                _ZN7TwoWire15endTransmissionEv
 .text.startup._GLOBAL__sub_I__ZN7TwoWire8rxBufferE
                0x00006ee2        0x6 src/libraries/Wire/src/Wire.o
 .text.avr-libc.fplib
                0x00006ee8        0x8 c:/program files (x86)/atmel/studio/7.0/toolchain/avr8/avr8-gnu-toolchain/bin/../lib/gcc/avr/5.4.0/../../../../avr/lib/avr51\libm.a(cmpsf2.o)
                0x00006ee8                __nesf2
                0x00006ee8                __eqsf2
                0x00006ee8                __cmpsf2
                0x00006ee8                __ltsf2
                0x00006ee8                __lesf2
 .text.avr-libc.fplib
                0x00006ef0        0x4 c:/program files (x86)/atmel/studio/7.0/toolchain/avr8/avr8-gnu-toolchain/bin/../lib/gcc/avr/5.4.0/../../../../avr/lib/avr51\libm.a(divsf3.o)
                0x00006ef0                __divsf3
 .text.avr-libc.fplib
                0x00006ef4       0xcc c:/program files (x86)/atmel/studio/7.0/toolchain/avr8/avr8-gnu-toolchain/bin/../lib/gcc/avr/5.4.0/../../../../avr/lib/avr51\libm.a(divsf3x.o)
                0x00006f0a                __divsf3x
                0x00006f0e                __divsf3_pse
 .text.avr-libc.fplib
                0x00006fc0       0x7a c:/program files (x86)/atmel/studio/7.0/toolchain/avr8/avr8-gnu-toolchain/bin/../lib/gcc/avr/5.4.0/../../../../avr/lib/avr51\libm.a(floatsisf.o)
                0x00006fc0                __floatunsisf
                0x00006fc4                __floatsisf
 .text.avr-libc.fplib
                0x0000703a       0x48 c:/program files (x86)/atmel/studio/7.0/toolchain/avr8/avr8-gnu-toolchain/bin/../lib/gcc/avr/5.4.0/../../../../avr/lib/avr51\libm.a(fp_cmp.o)
                0x0000703a                __fp_cmp
 .text.avr-libc.fplib
                0x00007082        0xc c:/program files (x86)/atmel/studio/7.0/toolchain/avr8/avr8-gnu-toolchain/bin/../lib/gcc/avr/5.4.0/../../../../avr/lib/avr51\libm.a(fp_inf.o)
                0x00007082                __fp_inf
 .text.avr-libc.fplib
                0x0000708e        0x6 c:/program files (x86)/atmel/studio/7.0/toolchain/avr8/avr8-gnu-toolchain/bin/../lib/gcc/avr/5.4.0/../../../../avr/lib/avr51\libm.a(fp_nan.o)
                0x0000708e                __fp_nan
 .text.avr-libc.fplib
                0x00007094        0xe c:/program files (x86)/atmel/studio/7.0/toolchain/avr8/avr8-gnu-toolchain/bin/../lib/gcc/avr/5.4.0/../../../../avr/lib/avr51\libm.a(fp_pscA.o)
                0x00007094                __fp_pscA
 .text.avr-libc.fplib
                0x000070a2        0xe c:/program files (x86)/atmel/studio/7.0/toolchain/avr8/avr8-gnu-toolchain/bin/../lib/gcc/avr/5.4.0/../../../../avr/lib/avr51\libm.a(fp_pscB.o)
                0x000070a2                __fp_pscB
 .text.avr-libc.fplib
                0x000070b0       0x22 c:/program files (x86)/atmel/studio/7.0/toolchain/avr8/avr8-gnu-toolchain/bin/../lib/gcc/avr/5.4.0/../../../../avr/lib/avr51\libm.a(fp_round.o)
                0x000070b0                __fp_round
 .text.avr-libc.fplib
                0x000070d2       0x44 c:/program files (x86)/atmel/studio/7.0/toolchain/avr8/avr8-gnu-toolchain/bin/../lib/gcc/avr/5.4.0/../../../../avr/lib/avr51\libm.a(fp_split3.o)
                0x000070d2                __fp_split3
                0x000070e2                __fp_splitA
 .text.avr-libc.fplib
                0x00007116        0xe c:/program files (x86)/atmel/studio/7.0/toolchain/avr8/avr8-gnu-toolchain/bin/../lib/gcc/avr/5.4.0/../../../../avr/lib/avr51\libm.a(fp_zero.o)
                0x00007116                __fp_zero
                0x00007118                __fp_szero
 .text.__cxa_pure_virtual
                0x00007124        0x4 C:\Users\ADMINI~1\DOCUME~1\PROGET~1\FUELCO~1\Firmware\repo\CCEC\TUINOD~1\ARDUIN~1\Debug\libArduinoCore.a(abi.o)
                0x00007124                __cxa_pure_virtual
 .text.__vector_18
                0x00007128       0x64 C:\Users\ADMINI~1\DOCUME~1\PROGET~1\FUELCO~1\Firmware\repo\CCEC\TUINOD~1\ARDUIN~1\Debug\libArduinoCore.a(HardwareSerial0.o)
                0x00007128                __vector_18
 .text.__vector_19
                0x0000718c       0x4a C:\Users\ADMINI~1\DOCUME~1\PROGET~1\FUELCO~1\Firmware\repo\CCEC\TUINOD~1\ARDUIN~1\Debug\libArduinoCore.a(HardwareSerial0.o)
                0x0000718c                __vector_19
 .text._Z17Serial0_availablev
                0x000071d6       0x12 C:\Users\ADMINI~1\DOCUME~1\PROGET~1\FUELCO~1\Firmware\repo\CCEC\TUINOD~1\ARDUIN~1\Debug\libArduinoCore.a(HardwareSerial0.o)
                0x000071d6                _Z17Serial0_availablev
 .text.startup._GLOBAL__sub_I___vector_18
                0x000071e8       0x5a C:\Users\ADMINI~1\DOCUME~1\PROGET~1\FUELCO~1\Firmware\repo\CCEC\TUINOD~1\ARDUIN~1\Debug\libArduinoCore.a(HardwareSerial0.o)
 .text._ZNK9IPAddress7printToER5Print
                0x00007242       0x7e C:\Users\ADMINI~1\DOCUME~1\PROGET~1\FUELCO~1\Firmware\repo\CCEC\TUINOD~1\ARDUIN~1\Debug\libArduinoCore.a(IPAddress.o)
                0x00007242                _ZNK9IPAddress7printToER5Print
 .text._ZN9IPAddressC2Ev
                0x000072c0       0x14 C:\Users\ADMINI~1\DOCUME~1\PROGET~1\FUELCO~1\Firmware\repo\CCEC\TUINOD~1\ARDUIN~1\Debug\libArduinoCore.a(IPAddress.o)
                0x000072c0                _ZN9IPAddressC1Ev
                0x000072c0                _ZN9IPAddressC2Ev
 .text._ZN9IPAddressC2Ehhhh
                0x000072d4       0x18 C:\Users\ADMINI~1\DOCUME~1\PROGET~1\FUELCO~1\Firmware\repo\CCEC\TUINOD~1\ARDUIN~1\Debug\libArduinoCore.a(IPAddress.o)
                0x000072d4                _ZN9IPAddressC2Ehhhh
                0x000072d4                _ZN9IPAddressC1Ehhhh
 .text._ZN9IPAddressC2EPKh
                0x000072ec       0x18 C:\Users\ADMINI~1\DOCUME~1\PROGET~1\FUELCO~1\Firmware\repo\CCEC\TUINOD~1\ARDUIN~1\Debug\libArduinoCore.a(IPAddress.o)
                0x000072ec                _ZN9IPAddressC2EPKh
                0x000072ec                _ZN9IPAddressC1EPKh
 .text._ZN9IPAddressaSEPKh
                0x00007304       0x12 C:\Users\ADMINI~1\DOCUME~1\PROGET~1\FUELCO~1\Firmware\repo\CCEC\TUINOD~1\ARDUIN~1\Debug\libArduinoCore.a(IPAddress.o)
                0x00007304                _ZN9IPAddressaSEPKh
 .text.initVariant
                0x00007316        0x2 C:\Users\ADMINI~1\DOCUME~1\PROGET~1\FUELCO~1\Firmware\repo\CCEC\TUINOD~1\ARDUIN~1\Debug\libArduinoCore.a(main.o)
                0x00007316                initVariant
 .text.startup.main
                0x00007318       0x18 C:\Users\ADMINI~1\DOCUME~1\PROGET~1\FUELCO~1\Firmware\repo\CCEC\TUINOD~1\ARDUIN~1\Debug\libArduinoCore.a(main.o)
                0x00007318                main
 .text._ZN5Print5writeEPKhj
                0x00007330       0x54 C:\Users\ADMINI~1\DOCUME~1\PROGET~1\FUELCO~1\Firmware\repo\CCEC\TUINOD~1\ARDUIN~1\Debug\libArduinoCore.a(Print.o)
                0x00007330                _ZN5Print5writeEPKhj
 .text._ZN5Print5writeEPKc
                0x00007384       0x2a C:\Users\ADMINI~1\DOCUME~1\PROGET~1\FUELCO~1\Firmware\repo\CCEC\TUINOD~1\ARDUIN~1\Debug\libArduinoCore.a(Print.o)
                0x00007384                _ZN5Print5writeEPKc
 .text._ZN5Print5printEPK19__FlashStringHelper
                0x000073ae       0x48 C:\Users\ADMINI~1\DOCUME~1\PROGET~1\FUELCO~1\Firmware\repo\CCEC\TUINOD~1\ARDUIN~1\Debug\libArduinoCore.a(Print.o)
                0x000073ae                _ZN5Print5printEPK19__FlashStringHelper
 .text._ZN5Print5printERK6String
                0x000073f6       0x1c C:\Users\ADMINI~1\DOCUME~1\PROGET~1\FUELCO~1\Firmware\repo\CCEC\TUINOD~1\ARDUIN~1\Debug\libArduinoCore.a(Print.o)
                0x000073f6                _ZN5Print5printERK6String
 .text._ZN5Print5printEPKc
                0x00007412        0x2 C:\Users\ADMINI~1\DOCUME~1\PROGET~1\FUELCO~1\Firmware\repo\CCEC\TUINOD~1\ARDUIN~1\Debug\libArduinoCore.a(Print.o)
                0x00007412                _ZN5Print5printEPKc
 .text._ZN5Print5printEc
                0x00007414        0xe C:\Users\ADMINI~1\DOCUME~1\PROGET~1\FUELCO~1\Firmware\repo\CCEC\TUINOD~1\ARDUIN~1\Debug\libArduinoCore.a(Print.o)
                0x00007414                _ZN5Print5printEc
 .text._ZN5Print7printlnEv
                0x00007422        0x6 C:\Users\ADMINI~1\DOCUME~1\PROGET~1\FUELCO~1\Firmware\repo\CCEC\TUINOD~1\ARDUIN~1\Debug\libArduinoCore.a(Print.o)
                0x00007422                _ZN5Print7printlnEv
 .text._ZN5Print7printlnEPK19__FlashStringHelper
                0x00007428       0x20 C:\Users\ADMINI~1\DOCUME~1\PROGET~1\FUELCO~1\Firmware\repo\CCEC\TUINOD~1\ARDUIN~1\Debug\libArduinoCore.a(Print.o)
                0x00007428                _ZN5Print7printlnEPK19__FlashStringHelper
 .text._ZN5Print7printlnERK6String
                0x00007448       0x20 C:\Users\ADMINI~1\DOCUME~1\PROGET~1\FUELCO~1\Firmware\repo\CCEC\TUINOD~1\ARDUIN~1\Debug\libArduinoCore.a(Print.o)
                0x00007448                _ZN5Print7printlnERK6String
 .text._ZN5Print7printlnEPKc
                0x00007468       0x20 C:\Users\ADMINI~1\DOCUME~1\PROGET~1\FUELCO~1\Firmware\repo\CCEC\TUINOD~1\ARDUIN~1\Debug\libArduinoCore.a(Print.o)
                0x00007468                _ZN5Print7printlnEPKc
 .text._ZN5Print11printNumberEmh
                0x00007488       0x8e C:\Users\ADMINI~1\DOCUME~1\PROGET~1\FUELCO~1\Firmware\repo\CCEC\TUINOD~1\ARDUIN~1\Debug\libArduinoCore.a(Print.o)
                0x00007488                _ZN5Print11printNumberEmh
 .text._ZN5Print5printEmi
                0x00007516       0x18 C:\Users\ADMINI~1\DOCUME~1\PROGET~1\FUELCO~1\Firmware\repo\CCEC\TUINOD~1\ARDUIN~1\Debug\libArduinoCore.a(Print.o)
                0x00007516                _ZN5Print5printEmi
 .text._ZN5Print5printEhi
                0x0000752e        0xc C:\Users\ADMINI~1\DOCUME~1\PROGET~1\FUELCO~1\Firmware\repo\CCEC\TUINOD~1\ARDUIN~1\Debug\libArduinoCore.a(Print.o)
                0x0000752e                _ZN5Print5printEhi
 .text._ZN5Print7printlnEhi
                0x0000753a       0x20 C:\Users\ADMINI~1\DOCUME~1\PROGET~1\FUELCO~1\Firmware\repo\CCEC\TUINOD~1\ARDUIN~1\Debug\libArduinoCore.a(Print.o)
                0x0000753a                _ZN5Print7printlnEhi
 .text._ZN5Print7printlnEmi
                0x0000755a       0x20 C:\Users\ADMINI~1\DOCUME~1\PROGET~1\FUELCO~1\Firmware\repo\CCEC\TUINOD~1\ARDUIN~1\Debug\libArduinoCore.a(Print.o)
                0x0000755a                _ZN5Print7printlnEmi
 .text.__vector_16
                0x0000757a       0x94 C:\Users\ADMINI~1\DOCUME~1\PROGET~1\FUELCO~1\Firmware\repo\CCEC\TUINOD~1\ARDUIN~1\Debug\libArduinoCore.a(wiring.o)
                0x0000757a                __vector_16
 .text.millis   0x0000760e       0x18 C:\Users\ADMINI~1\DOCUME~1\PROGET~1\FUELCO~1\Firmware\repo\CCEC\TUINOD~1\ARDUIN~1\Debug\libArduinoCore.a(wiring.o)
                0x0000760e                millis
 .text.micros   0x00007626       0x4a C:\Users\ADMINI~1\DOCUME~1\PROGET~1\FUELCO~1\Firmware\repo\CCEC\TUINOD~1\ARDUIN~1\Debug\libArduinoCore.a(wiring.o)
                0x00007626                micros
 .text.delay    0x00007670       0x72 C:\Users\ADMINI~1\DOCUME~1\PROGET~1\FUELCO~1\Firmware\repo\CCEC\TUINOD~1\ARDUIN~1\Debug\libArduinoCore.a(wiring.o)
                0x00007670                delay
 .text.delayMicroseconds
                0x000076e2       0x16 C:\Users\ADMINI~1\DOCUME~1\PROGET~1\FUELCO~1\Firmware\repo\CCEC\TUINOD~1\ARDUIN~1\Debug\libArduinoCore.a(wiring.o)
                0x000076e2                delayMicroseconds
 .text.init     0x000076f8       0x76 C:\Users\ADMINI~1\DOCUME~1\PROGET~1\FUELCO~1\Firmware\repo\CCEC\TUINOD~1\ARDUIN~1\Debug\libArduinoCore.a(wiring.o)
                0x000076f8                init
 .text.turnOffPWM
                0x0000776e       0x52 C:\Users\ADMINI~1\DOCUME~1\PROGET~1\FUELCO~1\Firmware\repo\CCEC\TUINOD~1\ARDUIN~1\Debug\libArduinoCore.a(wiring_digital.o)
 .text.pinMode  0x000077c0       0x78 C:\Users\ADMINI~1\DOCUME~1\PROGET~1\FUELCO~1\Firmware\repo\CCEC\TUINOD~1\ARDUIN~1\Debug\libArduinoCore.a(wiring_digital.o)
                0x000077c0                pinMode
 .text.digitalWrite
                0x00007838       0x5c C:\Users\ADMINI~1\DOCUME~1\PROGET~1\FUELCO~1\Firmware\repo\CCEC\TUINOD~1\ARDUIN~1\Debug\libArduinoCore.a(wiring_digital.o)
                0x00007838                digitalWrite
 .text.digitalRead
                0x00007894       0x50 C:\Users\ADMINI~1\DOCUME~1\PROGET~1\FUELCO~1\Firmware\repo\CCEC\TUINOD~1\ARDUIN~1\Debug\libArduinoCore.a(wiring_digital.o)
                0x00007894                digitalRead
 .text._ZNK6String14StringIfHelperEv
                0x000078e4        0x2 C:\Users\ADMINI~1\DOCUME~1\PROGET~1\FUELCO~1\Firmware\repo\CCEC\TUINOD~1\ARDUIN~1\Debug\libArduinoCore.a(WString.o)
                0x000078e4                _ZNK6String14StringIfHelperEv
 .text._ZN6StringD2Ev
                0x000078e6        0x8 C:\Users\ADMINI~1\DOCUME~1\PROGET~1\FUELCO~1\Firmware\repo\CCEC\TUINOD~1\ARDUIN~1\Debug\libArduinoCore.a(WString.o)
                0x000078e6                _ZN6StringD2Ev
                0x000078e6                _ZN6StringD1Ev
 .text._ZN6String10invalidateEv
                0x000078ee       0x22 C:\Users\ADMINI~1\DOCUME~1\PROGET~1\FUELCO~1\Firmware\repo\CCEC\TUINOD~1\ARDUIN~1\Debug\libArduinoCore.a(WString.o)
                0x000078ee                _ZN6String10invalidateEv
 .text._ZN6String12changeBufferEj
                0x00007910       0x32 C:\Users\ADMINI~1\DOCUME~1\PROGET~1\FUELCO~1\Firmware\repo\CCEC\TUINOD~1\ARDUIN~1\Debug\libArduinoCore.a(WString.o)
                0x00007910                _ZN6String12changeBufferEj
 .text._ZN6String7reserveEj
                0x00007942       0x36 C:\Users\ADMINI~1\DOCUME~1\PROGET~1\FUELCO~1\Firmware\repo\CCEC\TUINOD~1\ARDUIN~1\Debug\libArduinoCore.a(WString.o)
                0x00007942                _ZN6String7reserveEj
 .text._ZN6String4copyEPKcj
                0x00007978       0x3c C:\Users\ADMINI~1\DOCUME~1\PROGET~1\FUELCO~1\Firmware\repo\CCEC\TUINOD~1\ARDUIN~1\Debug\libArduinoCore.a(WString.o)
                0x00007978                _ZN6String4copyEPKcj
 .text._ZN6StringC2EPKc
                0x000079b4       0x28 C:\Users\ADMINI~1\DOCUME~1\PROGET~1\FUELCO~1\Firmware\repo\CCEC\TUINOD~1\ARDUIN~1\Debug\libArduinoCore.a(WString.o)
                0x000079b4                _ZN6StringC2EPKc
                0x000079b4                _ZN6StringC1EPKc
 .text._ZN6String4moveERS_
                0x000079dc       0x76 C:\Users\ADMINI~1\DOCUME~1\PROGET~1\FUELCO~1\Firmware\repo\CCEC\TUINOD~1\ARDUIN~1\Debug\libArduinoCore.a(WString.o)
                0x000079dc                _ZN6String4moveERS_
 .text._ZN6StringC2EOS_
                0x00007a52       0x10 C:\Users\ADMINI~1\DOCUME~1\PROGET~1\FUELCO~1\Firmware\repo\CCEC\TUINOD~1\ARDUIN~1\Debug\libArduinoCore.a(WString.o)
                0x00007a52                _ZN6StringC1EOS_
                0x00007a52                _ZN6StringC2EOS_
 .text._ZN6StringaSERKS_
                0x00007a62       0x2a C:\Users\ADMINI~1\DOCUME~1\PROGET~1\FUELCO~1\Firmware\repo\CCEC\TUINOD~1\ARDUIN~1\Debug\libArduinoCore.a(WString.o)
                0x00007a62                _ZN6StringaSERKS_
 .text._ZN6StringC2ERKS_
                0x00007a8c       0x10 C:\Users\ADMINI~1\DOCUME~1\PROGET~1\FUELCO~1\Firmware\repo\CCEC\TUINOD~1\ARDUIN~1\Debug\libArduinoCore.a(WString.o)
                0x00007a8c                _ZN6StringC2ERKS_
                0x00007a8c                _ZN6StringC1ERKS_
 .text._ZN6StringaSEOS_
                0x00007a9c       0x16 C:\Users\ADMINI~1\DOCUME~1\PROGET~1\FUELCO~1\Firmware\repo\CCEC\TUINOD~1\ARDUIN~1\Debug\libArduinoCore.a(WString.o)
                0x00007a9c                _ZN6StringaSEOS_
 .text._ZN6StringaSEPKc
                0x00007ab2       0x2a C:\Users\ADMINI~1\DOCUME~1\PROGET~1\FUELCO~1\Firmware\repo\CCEC\TUINOD~1\ARDUIN~1\Debug\libArduinoCore.a(WString.o)
                0x00007ab2                _ZN6StringaSEPKc
 .text._ZN6StringC2Ehh
                0x00007adc       0x56 C:\Users\ADMINI~1\DOCUME~1\PROGET~1\FUELCO~1\Firmware\repo\CCEC\TUINOD~1\ARDUIN~1\Debug\libArduinoCore.a(WString.o)
                0x00007adc                _ZN6StringC2Ehh
                0x00007adc                _ZN6StringC1Ehh
 .text._ZN6StringC2Emh
                0x00007b32       0x56 C:\Users\ADMINI~1\DOCUME~1\PROGET~1\FUELCO~1\Firmware\repo\CCEC\TUINOD~1\ARDUIN~1\Debug\libArduinoCore.a(WString.o)
                0x00007b32                _ZN6StringC1Emh
                0x00007b32                _ZN6StringC2Emh
 .text._ZN6StringC2Edh
                0x00007b88       0x5c C:\Users\ADMINI~1\DOCUME~1\PROGET~1\FUELCO~1\Firmware\repo\CCEC\TUINOD~1\ARDUIN~1\Debug\libArduinoCore.a(WString.o)
                0x00007b88                _ZN6StringC1Edh
                0x00007b88                _ZN6StringC2Edh
 .text._ZN6String6concatEPKcj
                0x00007be4       0x58 C:\Users\ADMINI~1\DOCUME~1\PROGET~1\FUELCO~1\Firmware\repo\CCEC\TUINOD~1\ARDUIN~1\Debug\libArduinoCore.a(WString.o)
                0x00007be4                _ZN6String6concatEPKcj
 .text._ZN6String6concatERKS_
                0x00007c3c        0xc C:\Users\ADMINI~1\DOCUME~1\PROGET~1\FUELCO~1\Firmware\repo\CCEC\TUINOD~1\ARDUIN~1\Debug\libArduinoCore.a(WString.o)
                0x00007c3c                _ZN6String6concatERKS_
 .text._ZN6String6concatEPKc
                0x00007c48       0x1c C:\Users\ADMINI~1\DOCUME~1\PROGET~1\FUELCO~1\Firmware\repo\CCEC\TUINOD~1\ARDUIN~1\Debug\libArduinoCore.a(WString.o)
                0x00007c48                _ZN6String6concatEPKc
 .text._ZplRK15StringSumHelperRK6String
                0x00007c64       0x22 C:\Users\ADMINI~1\DOCUME~1\PROGET~1\FUELCO~1\Firmware\repo\CCEC\TUINOD~1\ARDUIN~1\Debug\libArduinoCore.a(WString.o)
                0x00007c64                _ZplRK15StringSumHelperRK6String
 .text._ZplRK15StringSumHelperPKc
                0x00007c86       0x2e C:\Users\ADMINI~1\DOCUME~1\PROGET~1\FUELCO~1\Firmware\repo\CCEC\TUINOD~1\ARDUIN~1\Debug\libArduinoCore.a(WString.o)
                0x00007c86                _ZplRK15StringSumHelperPKc
 .text._ZNK6String6equalsEPKc
                0x00007cb4       0x3c C:\Users\ADMINI~1\DOCUME~1\PROGET~1\FUELCO~1\Firmware\repo\CCEC\TUINOD~1\ARDUIN~1\Debug\libArduinoCore.a(WString.o)
                0x00007cb4                _ZNK6String6equalsEPKc
 .text._ZNK6String8getBytesEPhjj
                0x00007cf0       0x5c C:\Users\ADMINI~1\DOCUME~1\PROGET~1\FUELCO~1\Firmware\repo\CCEC\TUINOD~1\ARDUIN~1\Debug\libArduinoCore.a(WString.o)
                0x00007cf0                _ZNK6String8getBytesEPhjj
 .text._ZNK6String9substringEjj
                0x00007d4c       0x86 C:\Users\ADMINI~1\DOCUME~1\PROGET~1\FUELCO~1\Firmware\repo\CCEC\TUINOD~1\ARDUIN~1\Debug\libArduinoCore.a(WString.o)
                0x00007d4c                _ZNK6String9substringEjj
 .text._ZN6String4trimEv
                0x00007dd2       0xb2 C:\Users\ADMINI~1\DOCUME~1\PROGET~1\FUELCO~1\Firmware\repo\CCEC\TUINOD~1\ARDUIN~1\Debug\libArduinoCore.a(WString.o)
                0x00007dd2                _ZN6String4trimEv
 .text._ZN14HardwareSerial9availableEv
                0x00007e84       0x18 C:\Users\ADMINI~1\DOCUME~1\PROGET~1\FUELCO~1\Firmware\repo\CCEC\TUINOD~1\ARDUIN~1\Debug\libArduinoCore.a(HardwareSerial.o)
                0x00007e84                _ZN14HardwareSerial9availableEv
 .text._ZN14HardwareSerial4peekEv
                0x00007e9c       0x1c C:\Users\ADMINI~1\DOCUME~1\PROGET~1\FUELCO~1\Firmware\repo\CCEC\TUINOD~1\ARDUIN~1\Debug\libArduinoCore.a(HardwareSerial.o)
                0x00007e9c                _ZN14HardwareSerial4peekEv
 .text._ZN14HardwareSerial4readEv
                0x00007eb8       0x28 C:\Users\ADMINI~1\DOCUME~1\PROGET~1\FUELCO~1\Firmware\repo\CCEC\TUINOD~1\ARDUIN~1\Debug\libArduinoCore.a(HardwareSerial.o)
                0x00007eb8                _ZN14HardwareSerial4readEv
 .text._ZN14HardwareSerial17availableForWriteEv
                0x00007ee0       0x1e C:\Users\ADMINI~1\DOCUME~1\PROGET~1\FUELCO~1\Firmware\repo\CCEC\TUINOD~1\ARDUIN~1\Debug\libArduinoCore.a(HardwareSerial.o)
                0x00007ee0                _ZN14HardwareSerial17availableForWriteEv
 .text._Z14serialEventRunv
                0x00007efe       0x1a C:\Users\ADMINI~1\DOCUME~1\PROGET~1\FUELCO~1\Firmware\repo\CCEC\TUINOD~1\ARDUIN~1\Debug\libArduinoCore.a(HardwareSerial.o)
                0x00007efe                _Z14serialEventRunv
 .text._ZN14HardwareSerial17_tx_udr_empty_irqEv
                0x00007f18       0x44 C:\Users\ADMINI~1\DOCUME~1\PROGET~1\FUELCO~1\Firmware\repo\CCEC\TUINOD~1\ARDUIN~1\Debug\libArduinoCore.a(HardwareSerial.o)
                0x00007f18                _ZN14HardwareSerial17_tx_udr_empty_irqEv
 .text._ZN14HardwareSerial5writeEh
                0x00007f5c       0x98 C:\Users\ADMINI~1\DOCUME~1\PROGET~1\FUELCO~1\Firmware\repo\CCEC\TUINOD~1\ARDUIN~1\Debug\libArduinoCore.a(HardwareSerial.o)
                0x00007f5c                _ZN14HardwareSerial5writeEh
 .text._ZN14HardwareSerial5flushEv
                0x00007ff4       0x42 C:\Users\ADMINI~1\DOCUME~1\PROGET~1\FUELCO~1\Firmware\repo\CCEC\TUINOD~1\ARDUIN~1\Debug\libArduinoCore.a(HardwareSerial.o)
                0x00007ff4                _ZN14HardwareSerial5flushEv
 .text.__empty  0x00008036        0x2 C:\Users\ADMINI~1\DOCUME~1\PROGET~1\FUELCO~1\Firmware\repo\CCEC\TUINOD~1\ARDUIN~1\Debug\libArduinoCore.a(hooks.o)
                0x00008036                yield
 .text.libgcc.div
                0x00008038       0x18 c:/program files (x86)/atmel/studio/7.0/toolchain/avr8/avr8-gnu-toolchain/bin/../lib/gcc/avr/5.4.0/avr51\libgcc.a(_udivmodqi4.o)
                0x00008038                __udivmodqi4
 .text.libgcc.div
                0x00008050       0x28 c:/program files (x86)/atmel/studio/7.0/toolchain/avr8/avr8-gnu-toolchain/bin/../lib/gcc/avr/5.4.0/avr51\libgcc.a(_udivmodhi4.o)
                0x00008050                __udivmodhi4
 .text.libgcc.div
                0x00008078       0x44 c:/program files (x86)/atmel/studio/7.0/toolchain/avr8/avr8-gnu-toolchain/bin/../lib/gcc/avr/5.4.0/avr51\libgcc.a(_udivmodsi4.o)
                0x00008078                __udivmodsi4
 .text.libgcc   0x000080bc       0x12 c:/program files (x86)/atmel/studio/7.0/toolchain/avr8/avr8-gnu-toolchain/bin/../lib/gcc/avr/5.4.0/avr51\libgcc.a(_tablejump2.o)
                0x000080bc                __tablejump2__
 .text.libgcc.mul
                0x000080ce       0x1e c:/program files (x86)/atmel/studio/7.0/toolchain/avr8/avr8-gnu-toolchain/bin/../lib/gcc/avr/5.4.0/avr51\libgcc.a(_umulhisi3.o)
                0x000080ce                __umulhisi3
 .text.libgcc.mul
                0x000080ec       0x14 c:/program files (x86)/atmel/studio/7.0/toolchain/avr8/avr8-gnu-toolchain/bin/../lib/gcc/avr/5.4.0/avr51\libgcc.a(_muluhisi3.o)
                0x000080ec                __muluhisi3
 .text.libgcc.div
                0x00008100       0x56 c:/program files (x86)/atmel/studio/7.0/toolchain/avr8/avr8-gnu-toolchain/bin/../lib/gcc/avr/5.4.0/avr51\libgcc.a(_divdi3.o)
                0x00008100                __moddi3
                0x00008104                __divdi3
                0x00008106                __divdi3_moddi3
 .text.libgcc.div
                0x00008156       0x1a c:/program files (x86)/atmel/studio/7.0/toolchain/avr8/avr8-gnu-toolchain/bin/../lib/gcc/avr/5.4.0/avr51\libgcc.a(_udivdi3.o)
                0x00008156                __umoddi3
                0x0000815a                __udivdi3
                0x0000815c                __udivdi3_umoddi3
 .text.libgcc.div
                0x00008170       0xa2 c:/program files (x86)/atmel/studio/7.0/toolchain/avr8/avr8-gnu-toolchain/bin/../lib/gcc/avr/5.4.0/avr51\libgcc.a(_udivmod64.o)
                0x00008170                __udivmod64
 .text.libgcc   0x00008212       0x20 c:/program files (x86)/atmel/studio/7.0/toolchain/avr8/avr8-gnu-toolchain/bin/../lib/gcc/avr/5.4.0/avr51\libgcc.a(_negdi2.o)
                0x00008212                __negdi2
 .text.libgcc.prologue
                0x00008232       0x38 c:/program files (x86)/atmel/studio/7.0/toolchain/avr8/avr8-gnu-toolchain/bin/../lib/gcc/avr/5.4.0/avr51\libgcc.a(_prologue.o)
                0x00008232                __prologue_saves__
 .text.libgcc.prologue
                0x0000826a       0x36 c:/program files (x86)/atmel/studio/7.0/toolchain/avr8/avr8-gnu-toolchain/bin/../lib/gcc/avr/5.4.0/avr51\libgcc.a(_epilogue.o)
                0x0000826a                __epilogue_restores__
 .text.libgcc.builtins
                0x000082a0       0x32 c:/program files (x86)/atmel/studio/7.0/toolchain/avr8/avr8-gnu-toolchain/bin/../lib/gcc/avr/5.4.0/avr51\libgcc.a(_ashldi3.o)
                0x000082a0                __ashldi3
 .text.libgcc.builtins
                0x000082d2       0x3c c:/program files (x86)/atmel/studio/7.0/toolchain/avr8/avr8-gnu-toolchain/bin/../lib/gcc/avr/5.4.0/avr51\libgcc.a(_ashrdi3.o)
                0x000082d2                __ashrdi3
                0x000082d6                __lshrdi3
 .text.libgcc   0x0000830e       0x12 c:/program files (x86)/atmel/studio/7.0/toolchain/avr8/avr8-gnu-toolchain/bin/../lib/gcc/avr/5.4.0/avr51\libgcc.a(_adddi3.o)
                0x0000830e                __adddi3
 .text.libgcc   0x00008320       0x18 c:/program files (x86)/atmel/studio/7.0/toolchain/avr8/avr8-gnu-toolchain/bin/../lib/gcc/avr/5.4.0/avr51\libgcc.a(_cmpdi2_s8.o)
                0x00008320                __cmpdi2_s8
 .text.avr-libc
                0x00008338       0x3e c:/program files (x86)/atmel/studio/7.0/toolchain/avr8/avr8-gnu-toolchain/bin/../lib/gcc/avr/5.4.0/../../../../avr/lib/avr51\libc.a(dtostrf.o)
                0x00008338                dtostrf
 .text.avr-libc
                0x00008376      0x242 c:/program files (x86)/atmel/studio/7.0/toolchain/avr8/avr8-gnu-toolchain/bin/../lib/gcc/avr/5.4.0/../../../../avr/lib/avr51\libc.a(malloc.o)
                0x00008376                malloc
                0x000084a6                free
 .text.avr-libc
                0x000085b8      0x1c0 c:/program files (x86)/atmel/studio/7.0/toolchain/avr8/avr8-gnu-toolchain/bin/../lib/gcc/avr/5.4.0/../../../../avr/lib/avr51\libc.a(realloc.o)
                0x000085b8                realloc
 .text.avr-libc
                0x00008778        0x8 c:/program files (x86)/atmel/studio/7.0/toolchain/avr8/avr8-gnu-toolchain/bin/../lib/gcc/avr/5.4.0/../../../../avr/lib/avr51\libc.a(abort.o)
                0x00008778                abort
 .text.avr-libc
                0x00008780       0x10 c:/program files (x86)/atmel/studio/7.0/toolchain/avr8/avr8-gnu-toolchain/bin/../lib/gcc/avr/5.4.0/../../../../avr/lib/avr51\libc.a(isspace.o)
                0x00008780                isspace
 .text.avr-libc
                0x00008790       0x12 c:/program files (x86)/atmel/studio/7.0/toolchain/avr8/avr8-gnu-toolchain/bin/../lib/gcc/avr/5.4.0/../../../../avr/lib/avr51\libc.a(memcpy_P.o)
                0x00008790                memcpy_P
 .text.avr-libc
                0x000087a2       0x12 c:/program files (x86)/atmel/studio/7.0/toolchain/avr8/avr8-gnu-toolchain/bin/../lib/gcc/avr/5.4.0/../../../../avr/lib/avr51\libc.a(memcpy.o)
                0x000087a2                memcpy
 .text.avr-libc
                0x000087b4       0x12 c:/program files (x86)/atmel/studio/7.0/toolchain/avr8/avr8-gnu-toolchain/bin/../lib/gcc/avr/5.4.0/../../../../avr/lib/avr51\libc.a(strcmp.o)
                0x000087b4                strcmp
 .text.avr-libc
                0x000087c6        0xe c:/program files (x86)/atmel/studio/7.0/toolchain/avr8/avr8-gnu-toolchain/bin/../lib/gcc/avr/5.4.0/../../../../avr/lib/avr51\libc.a(strcpy.o)
                0x000087c6                strcpy
 .text.avr-libc
                0x000087d4       0x1c c:/program files (x86)/atmel/studio/7.0/toolchain/avr8/avr8-gnu-toolchain/bin/../lib/gcc/avr/5.4.0/../../../../avr/lib/avr51\libc.a(strncmp.o)
                0x000087d4                strncmp
 .text.avr-libc
                0x000087f0       0x1e c:/program files (x86)/atmel/studio/7.0/toolchain/avr8/avr8-gnu-toolchain/bin/../lib/gcc/avr/5.4.0/../../../../avr/lib/avr51\libc.a(strncpy.o)
                0x000087f0                strncpy
 .text.avr-libc
                0x0000880e       0x14 c:/program files (x86)/atmel/studio/7.0/toolchain/avr8/avr8-gnu-toolchain/bin/../lib/gcc/avr/5.4.0/../../../../avr/lib/avr51\libc.a(ultoa.o)
                0x0000880e                ultoa
                0x0000880e                __ultoa
 .text.avr-libc
                0x00008822       0x42 c:/program files (x86)/atmel/studio/7.0/toolchain/avr8/avr8-gnu-toolchain/bin/../lib/gcc/avr/5.4.0/../../../../avr/lib/avr51\libc.a(ultoa_ncheck.o)
                0x00008822                __ultoa_ncheck
                0x00008824                __ultoa_common
 .text.avr-libc
                0x00008864       0x14 c:/program files (x86)/atmel/studio/7.0/toolchain/avr8/avr8-gnu-toolchain/bin/../lib/gcc/avr/5.4.0/../../../../avr/lib/avr51\libc.a(utoa.o)
                0x00008864                __utoa
                0x00008864                utoa
 .text.avr-libc
                0x00008878       0x32 c:/program files (x86)/atmel/studio/7.0/toolchain/avr8/avr8-gnu-toolchain/bin/../lib/gcc/avr/5.4.0/../../../../avr/lib/avr51\libc.a(utoa_ncheck.o)
                0x00008878                __utoa_ncheck
                0x0000887a                __utoa_common
 .text.avr-libc
                0x000088aa      0x2ec c:/program files (x86)/atmel/studio/7.0/toolchain/avr8/avr8-gnu-toolchain/bin/../lib/gcc/avr/5.4.0/../../../../avr/lib/avr51\libc.a(dtoa_prf.o)
                0x000088aa                dtoa_prf
 .text.avr-libc
                0x00008b96      0x1b0 c:/program files (x86)/atmel/studio/7.0/toolchain/avr8/avr8-gnu-toolchain/bin/../lib/gcc/avr/5.4.0/../../../../avr/lib/avr51\libc.a(ftoa_engine.o)
                0x00008b96                __ftoa_engine
 .text.avr-libc
                0x00008d46        0x6 c:/program files (x86)/atmel/studio/7.0/toolchain/avr8/avr8-gnu-toolchain/bin/../lib/gcc/avr/5.4.0/../../../../avr/lib/avr51\libc.a(cty_isfalse.o)
                0x00008d46                __ctype_isfalse
                0x00008d4a                __ctype_istrue
 .text.avr-libc
                0x00008d4c       0x20 c:/program files (x86)/atmel/studio/7.0/toolchain/avr8/avr8-gnu-toolchain/bin/../lib/gcc/avr/5.4.0/../../../../avr/lib/avr51\libc.a(strrev.o)
                0x00008d4c                strrev
                0x00008d6c                . = ALIGN (0x2)
 *(.fini9)
 .fini9         0x00008d6c        0x0 c:/program files (x86)/atmel/studio/7.0/toolchain/avr8/avr8-gnu-toolchain/bin/../lib/gcc/avr/5.4.0/avr51\libgcc.a(_exit.o)
                0x00008d6c                _exit
                0x00008d6c                exit
 *(.fini9)
 *(.fini8)
 *(.fini8)
 *(.fini7)
 *(.fini7)
 *(.fini6)
 .fini6         0x00008d6c       0x14 c:/program files (x86)/atmel/studio/7.0/toolchain/avr8/avr8-gnu-toolchain/bin/../lib/gcc/avr/5.4.0/avr51\libgcc.a(_dtors.o)
                0x00008d6c                __do_global_dtors
 *(.fini6)
 *(.fini5)
 *(.fini5)
 *(.fini4)
 *(.fini4)
 *(.fini3)
 *(.fini3)
 *(.fini2)
 *(.fini2)
 *(.fini1)
 *(.fini1)
 *(.fini0)
 .fini0         0x00008d80        0x4 c:/program files (x86)/atmel/studio/7.0/toolchain/avr8/avr8-gnu-toolchain/bin/../lib/gcc/avr/5.4.0/avr51\libgcc.a(_exit.o)
 *(.fini0)
                0x00008d84                _etext = .

.data           0x00800100      0x988 load address 0x00008d84
                0x00800100                PROVIDE (__data_start, .)
 *(.data)
 .data          0x00800100        0x6 c:/program files (x86)/atmel/studio/7.0/toolchain/avr8/avr8-gnu-toolchain/bin/../lib/gcc/avr/5.4.0/../../../../avr/lib/avr51\libc.a(malloc.o)
                0x00800100                __malloc_heap_end
                0x00800102                __malloc_heap_start
                0x00800104                __malloc_margin
 *(.data*)
 .data.addr     0x00800106        0x4 Sketch.o
                0x00800106                addr
 .data.MappaKeys
                0x0080010a       0x10 Sketch.o
                0x0080010a                MappaKeys
 .data.TselDistributore
                0x0080011a        0x4 Sketch.o
                0x0080011a                TselDistributore
 .data.TinputTarga
                0x0080011e        0x4 Sketch.o
                0x0080011e                TinputTarga
 .data.mac      0x00800122        0x6 Sketch.o
                0x00800122                mac
 .data.ip       0x00800128        0x4 Sketch.o
                0x00800128                ip
 .data.ImpulsiLitro
                0x0080012c        0x2 Sketch.o
                0x0080012c                ImpulsiLitro
 .data.Clessidra
                0x0080012e        0x8 Sketch.o
                0x0080012e                Clessidra
 .data.pn532response_firmwarevers
                0x00800136        0x6 src/libraries/Adafruit-PN532/Adafruit_PN532.o
                0x00800136                pn532response_firmwarevers
 .data.pn532ack
                0x0080013c        0x6 src/libraries/Adafruit-PN532/Adafruit_PN532.o
                0x0080013c                pn532ack
 .data._ZN14EthernetClient8_srcportE
                0x00800142        0x2 src/libraries/Ethernet2/src/EthernetClient.o
                0x00800142                _ZN14EthernetClient8_srcportE
 *(.gnu.linkonce.d*)
 *(.rodata)
 .rodata        0x00800144        0x6 Sketch.o
 .rodata        0x0080014a        0x8 src/libraries/LiquidCrystal/src/LCD.o
 .rodata        0x00800152       0x66 src/libraries/SPIMemory/src/SPIFlash.o
 *(.rodata*)
 .rodata.str1.1
                0x008001b8      0x801 Sketch.o
                                0x80a (size before relaxing)
 .rodata.._11   0x008009b9       0x10 Sketch.o
 .rodata.str1.1
                0x008009c9        0x9 src/libraries/Adafruit-PN532/Adafruit_PN532.o
                                  0xc (size before relaxing)
 .rodata._ZTV14EthernetClient
                0x008009d2       0x22 src/libraries/Ethernet2/src/EthernetClient.o
                0x008009d2                _ZTV14EthernetClient
 .rodata._ZTV14EthernetServer
                0x008009f4        0xe src/libraries/Ethernet2/src/EthernetServer.o
                0x008009f4                _ZTV14EthernetServer
 .rodata._ZTV11EthernetUDP
                0x00800a02       0x28 src/libraries/Ethernet2/src/EthernetUdp2.o
                0x00800a02                _ZTV11EthernetUDP
 .rodata._ZTV3LCD
                0x00800a2a       0x14 src/libraries/LiquidCrystal/src/LCD.o
                0x00800a2a                _ZTV3LCD
 .rodata._ZTV17LiquidCrystal_I2C