Archive member included to satisfy reference by file (symbol)

c:/program files (x86)/atmel/studio/7.0/toolchain/avr8/avr8-gnu-toolchain/bin/../lib/gcc/avr/5.4.0/../../../../avr/lib/avr51\libm.a(cmpsf2.o)
                              Sketch.o (__ltsf2)
c:/program files (x86)/atmel/studio/7.0/toolchain/avr8/avr8-gnu-toolchain/bin/../lib/gcc/avr/5.4.0/../../../../avr/lib/avr51\libm.a(divsf3.o)
                              Sketch.o (__divsf3)
c:/program files (x86)/atmel/studio/7.0/toolchain/avr8/avr8-gnu-toolchain/bin/../lib/gcc/avr/5.4.0/../../../../avr/lib/avr51\libm.a(divsf3x.o)
                              c:/program files (x86)/atmel/studio/7.0/toolchain/avr8/avr8-gnu-toolchain/bin/../lib/gcc/avr/5.4.0/../../../../avr/lib/avr51\libm.a(divsf3.o) (__divsf3x)
c:/program files (x86)/atmel/studio/7.0/toolchain/avr8/avr8-gnu-toolchain/bin/../lib/gcc/avr/5.4.0/../../../../avr/lib/avr51\libm.a(fixsfsi.o)
                              Sketch.o (__fixsfsi)
c:/program files (x86)/atmel/studio/7.0/toolchain/avr8/avr8-gnu-toolchain/bin/../lib/gcc/avr/5.4.0/../../../../avr/lib/avr51\libm.a(fixunssfsi.o)
                              c:/program files (x86)/atmel/studio/7.0/toolchain/avr8/avr8-gnu-toolchain/bin/../lib/gcc/avr/5.4.0/../../../../avr/lib/avr51\libm.a(fixsfsi.o) (__fixunssfsi)
c:/program files (x86)/atmel/studio/7.0/toolchain/avr8/avr8-gnu-toolchain/bin/../lib/gcc/avr/5.4.0/../../../../avr/lib/avr51\libm.a(floatsisf.o)
                              Sketch.o (__floatsisf)
c:/program files (x86)/atmel/studio/7.0/toolchain/avr8/avr8-gnu-toolchain/bin/../lib/gcc/avr/5.4.0/../../../../avr/lib/avr51\libm.a(fp_cmp.o)
                              c:/program files (x86)/atmel/studio/7.0/toolchain/avr8/avr8-gnu-toolchain/bin/../lib/gcc/avr/5.4.0/../../../../avr/lib/avr51\libm.a(cmpsf2.o) (__fp_cmp)
c:/program files (x86)/atmel/studio/7.0/toolchain/avr8/avr8-gnu-toolchain/bin/../lib/gcc/avr/5.4.0/../../../../avr/lib/avr51\libm.a(fp_inf.o)
                              c:/program files (x86)/atmel/studio/7.0/toolchain/avr8/avr8-gnu-toolchain/bin/../lib/gcc/avr/5.4.0/../../../../avr/lib/avr51\libm.a(divsf3x.o) (__fp_inf)
c:/program files (x86)/atmel/studio/7.0/toolchain/avr8/avr8-gnu-toolchain/bin/../lib/gcc/avr/5.4.0/../../../../avr/lib/avr51\libm.a(fp_nan.o)
                              c:/program files (x86)/atmel/studio/7.0/toolchain/avr8/avr8-gnu-toolchain/bin/../lib/gcc/avr/5.4.0/../../../../avr/lib/avr51\libm.a(divsf3x.o) (__fp_nan)
c:/program files (x86)/atmel/studio/7.0/toolchain/avr8/avr8-gnu-toolchain/bin/../lib/gcc/avr/5.4.0/../../../../avr/lib/avr51\libm.a(fp_pscA.o)
                              c:/program files (x86)/atmel/studio/7.0/toolchain/avr8/avr8-gnu-toolchain/bin/../lib/gcc/avr/5.4.0/../../../../avr/lib/avr51\libm.a(divsf3x.o) (__fp_pscA)
c:/program files (x86)/atmel/studio/7.0/toolchain/avr8/avr8-gnu-toolchain/bin/../lib/gcc/avr/5.4.0/../../../../avr/lib/avr51\libm.a(fp_pscB.o)
                              c:/program files (x86)/atmel/studio/7.0/toolchain/avr8/avr8-gnu-toolchain/bin/../lib/gcc/avr/5.4.0/../../../../avr/lib/avr51\libm.a(divsf3x.o) (__fp_pscB)
c:/program files (x86)/atmel/studio/7.0/toolchain/avr8/avr8-gnu-toolchain/bin/../lib/gcc/avr/5.4.0/../../../../avr/lib/avr51\libm.a(fp_round.o)
                              c:/program files (x86)/atmel/studio/7.0/toolchain/avr8/avr8-gnu-toolchain/bin/../lib/gcc/avr/5.4.0/../../../../avr/lib/avr51\libm.a(divsf3.o) (__fp_round)
c:/program files (x86)/atmel/studio/7.0/toolchain/avr8/avr8-gnu-toolchain/bin/../lib/gcc/avr/5.4.0/../../../../avr/lib/avr51\libm.a(fp_split3.o)
                              c:/program files (x86)/atmel/studio/7.0/toolchain/avr8/avr8-gnu-toolchain/bin/../lib/gcc/avr/5.4.0/../../../../avr/lib/avr51\libm.a(divsf3x.o) (__fp_split3)
c:/program files (x86)/atmel/studio/7.0/toolchain/avr8/avr8-gnu-toolchain/bin/../lib/gcc/avr/5.4.0/../../../../avr/lib/avr51\libm.a(fp_zero.o)
                              c:/program files (x86)/atmel/studio/7.0/toolchain/avr8/avr8-gnu-toolchain/bin/../lib/gcc/avr/5.4.0/../../../../avr/lib/avr51\libm.a(fixunssfsi.o) (__fp_zero)
C:\Users\giovanni.barbato\Desktop\CCEC\NOVARA\fwCCEC\TuinoDemo\ArduinoCore\Debug\libArduinoCore.a(abi.o)
                              src/libraries/LiquidCrystal/src/LCD.o (__cxa_pure_virtual)
C:\Users\giovanni.barbato\Desktop\CCEC\NOVARA\fwCCEC\TuinoDemo\ArduinoCore\Debug\libArduinoCore.a(HardwareSerial0.o)
                              Sketch.o (Serial)
C:\Users\giovanni.barbato\Desktop\CCEC\NOVARA\fwCCEC\TuinoDemo\ArduinoCore\Debug\libArduinoCore.a(IPAddress.o)
                              Sketch.o (_ZTV9IPAddress)
C:\Users\giovanni.barbato\Desktop\CCEC\NOVARA\fwCCEC\TuinoDemo\ArduinoCore\Debug\libArduinoCore.a(main.o)
                              C:/Program Files (x86)/Atmel/Studio/7.0/Packs/atmel/ATmega_DFP/1.2.209/gcc/dev/atmega1284p/avr51/crtatmega1284p.o (main)
[...]
Memory Configuration

Name             Origin             Length             Attributes
text             0x00000000         0x00020000         xr
data             0x00800100         0x0000ff00         rw !x
eeprom           0x00810000         0x00010000         rw !x
fuse             0x00820000         0x00000003         rw !x
lock             0x00830000         0x00000400         rw !x
signature        0x00840000         0x00000400         rw !x
user_signatures  0x00850000         0x00000400         rw !x
*default*        0x00000000         0xffffffff

Linker script and memory map

Address of section .data set to 0x800100
LOAD C:/Program Files (x86)/Atmel/Studio/7.0/Packs/atmel/ATmega_DFP/1.2.209/gcc/dev/atmega1284p/avr51/crtatmega1284p.o
LOAD Sketch.o
LOAD src/libraries/Keypad/src/PCA9534.o
LOAD src/libraries/NFC-PN532/NFC_PN532.o
LOAD src/libraries/DS3231M/src/DS3231M.o
LOAD src/libraries/Ethernet2/src/Dhcp.o
LOAD src/libraries/Ethernet2/src/Dns.o
LOAD src/libraries/Ethernet2/src/Ethernet2.o
LOAD src/libraries/Ethernet2/src/EthernetClient.o
LOAD src/libraries/Ethernet2/src/EthernetServer.o
LOAD src/libraries/Ethernet2/src/EthernetUdp2.o
LOAD src/libraries/Ethernet2/src/utility/socket.o
LOAD src/libraries/Ethernet2/src/utility/w5500.o
LOAD src/libraries/Keypad/src/Key.o
LOAD src/libraries/Keypad/src/Keypad.o
LOAD src/libraries/LiquidCrystal/src/I2CIO.o
LOAD src/libraries/LiquidCrystal/src/LCD.o
LOAD src/libraries/LiquidCrystal/src/LiquidCrystal.o
LOAD src/libraries/LiquidCrystal/src/LiquidCrystal_I2C.o
LOAD src/libraries/SPI/src/SPI.o
LOAD src/libraries/Wire/src/utility/twi.o
LOAD src/libraries/Wire/src/Wire.o
START GROUP
LOAD c:/program files (x86)/atmel/studio/7.0/toolchain/avr8/avr8-gnu-toolchain/bin/../lib/gcc/avr/5.4.0/../../../../avr/lib/avr51\libm.a
LOAD C:\Users\giovanni.barbato\Desktop\CCEC\NOVARA\fwCCEC\TuinoDemo\ArduinoCore\Debug\libArduinoCore.a
END GROUP
LOAD c:/program files (x86)/atmel/studio/7.0/toolchain/avr8/avr8-gnu-toolchain/bin/../lib/gcc/avr/5.4.0/avr51\libgcc.a
LOAD c:/program files (x86)/atmel/studio/7.0/toolchain/avr8/avr8-gnu-toolchain/bin/../lib/gcc/avr/5.4.0/../../../../avr/lib/avr51\libm.a
START GROUP
LOAD c:/program files (x86)/atmel/studio/7.0/toolchain/avr8/avr8-gnu-toolchain/bin/../lib/gcc/avr/5.4.0/avr51\libgcc.a
LOAD c:/program files (x86)/atmel/studio/7.0/toolchain/avr8/avr8-gnu-toolchain/bin/../lib/gcc/avr/5.4.0/../../../../avr/lib/avr51\libm.a
LOAD c:/program files (x86)/atmel/studio/7.0/toolchain/avr8/avr8-gnu-toolchain/bin/../lib/gcc/avr/5.4.0/../../../../avr/lib/avr51\libc.a
LOAD C:/Program Files (x86)/Atmel/Studio/7.0/Packs/atmel/ATmega_DFP/1.2.209/gcc/dev/atmega1284p/avr51\libatmega1284p.a
END GROUP
                0x00000000                __TEXT_REGION_ORIGIN__ = DEFINED (__TEXT_REGION_ORIGIN__)?__TEXT_REGION_ORIGIN__:0x0
                0x00800100                __DATA_REGION_ORIGIN__ = DEFINED (__DATA_REGION_ORIGIN__)?__DATA_REGION_ORIGIN__:0x800100
                0x00020000                __TEXT_REGION_LENGTH__ = DEFINED (__TEXT_REGION_LENGTH__)?__TEXT_REGION_LENGTH__:0x20000
                0x0000ff00                __DATA_REGION_LENGTH__ = DEFINED (__DATA_REGION_LENGTH__)?__DATA_REGION_LENGTH__:0xff00
                0x00010000                __EEPROM_REGION_LENGTH__ = DEFINED (__EEPROM_REGION_LENGTH__)?__EEPROM_REGION_LENGTH__:0x10000
                [0x00000003]                __FUSE_REGION_LENGTH__ = DEFINED (__FUSE_REGION_LENGTH__)?__FUSE_REGION_LENGTH__:0x400
                0x00000400                __LOCK_REGION_LENGTH__ = DEFINED (__LOCK_REGION_LENGTH__)?__LOCK_REGION_LENGTH__:0x400
                0x00000400                __SIGNATURE_REGION_LENGTH__ = DEFINED (__SIGNATURE_REGION_LENGTH__)?__SIGNATURE_REGION_LENGTH__:0x400
                0x00000400                __USER_SIGNATURE_REGION_LENGTH__ = DEFINED (__USER_SIGNATURE_REGION_LENGTH__)?__USER_SIGNATURE_REGION_LENGTH__:0x400

.hash
 *(.hash)

.dynsym
 *(.dynsym)

.dynstr
 *(.dynstr)

.gnu.version
 *(.gnu.version)

.gnu.version_d
 *(.gnu.version_d)

.gnu.version_r
 *(.gnu.version_r)

.rel.init
 *(.rel.init)

.rela.init
 *(.rela.init)

.rel.text
 *(.rel.text)
 *(.rel.text.*)
 *(.rel.gnu.linkonce.t*)

.rela.text
 *(.rela.text)
 *(.rela.text.*)
 *(.rela.gnu.linkonce.t*)

.rel.fini
 *(.rel.fini)

.rela.fini
 *(.rela.fini)

.rel.rodata
 *(.rel.rodata)
 *(.rel.rodata.*)
 *(.rel.gnu.linkonce.r*)

.rela.rodata
 *(.rela.rodata)
 *(.rela.rodata.*)
 *(.rela.gnu.linkonce.r*)

.rel.data
 *(.rel.data)
 *(.rel.data.*)
 *(.rel.gnu.linkonce.d*)

.rela.data
 *(.rela.data)
 *(.rela.data.*)
 *(.rela.gnu.linkonce.d*)

.rel.ctors
 *(.rel.ctors)

.rela.ctors
 *(.rela.ctors)

.rel.dtors
 *(.rel.dtors)

.rela.dtors
 *(.rela.dtors)

.rel.got
 *(.rel.got)

.rela.got
 *(.rela.got)

.rel.bss
 *(.rel.bss)

.rela.bss
 *(.rela.bss)

.rel.plt
 *(.rel.plt)

.rela.plt
 *(.rela.plt)

.text           0x00000000     0x89d6
 *(.vectors)
 .vectors       0x00000000       0x8c C:/Program Files (x86)/Atmel/Studio/7.0/Packs/atmel/ATmega_DFP/1.2.209/gcc/dev/atmega1284p/avr51/crtatmega1284p.o
                0x00000000                __vector_default
                0x00000000                __vectors
 *(.vectors)
 *(.progmem.gcc*)
 .progmem.gcc_sw_table.loop
                0x0000008c       0x16 Sketch.o
 .progmem.gcc_sw_table._ZN8DateTimeC2EPK19__FlashStringHelperS2_
                0x000000a2       0x26 src/libraries/DS3231M/src/DS3231M.o
                0x000000c8                . = ALIGN (0x2)
                0x000000c8                __trampolines_start = .
 *(.trampolines)
 .trampolines   0x000000c8        0x0 linker stubs
 *(.trampolines*)
                0x000000c8                __trampolines_end = .
 *libprintf_flt.a:*(.progmem.data)
 *libc.a:*(.progmem.data)
 .progmem.data  0x000000c8       0xfa c:/program files (x86)/atmel/studio/7.0/toolchain/avr8/avr8-gnu-toolchain/bin/../lib/gcc/avr/5.4.0/../../../../avr/lib/avr51\libc.a(ftoa_engine.o)
 *(.progmem*)
 .progmem.data._ZZ5setupE3__c_0
                0x000001c2       0x1e Sketch.o
 .progmem.data._ZZ5setupE3__c
                0x000001e0       0x2f Sketch.o
 .progmem.data._ZZN13DS3231M_Class6adjustEvE3__c
                0x0000020f        0xc src/libraries/DS3231M/src/DS3231M.o
 .progmem.data._ZZN13DS3231M_Class6adjustEvE3__c_0
                0x0000021b        0x9 src/libraries/DS3231M/src/DS3231M.o
 .progmem.data._ZL11daysInMonth
                0x00000224        0xc src/libraries/DS3231M/src/DS3231M.o
 .progmem.data.digital_pin_to_timer_PGM
                0x00000230       0x20 C:\Users\giovanni.barbato\Desktop\CCEC\NOVARA\fwCCEC\TuinoDemo\ArduinoCore\Debug\libArduinoCore.a(wiring_digital.o)
                0x00000230                digital_pin_to_timer_PGM
 .progmem.data.digital_pin_to_bit_mask_PGM
                0x00000250       0x20 C:\Users\giovanni.barbato\Desktop\CCEC\NOVARA\fwCCEC\TuinoDemo\ArduinoCore\Debug\libArduinoCore.a(wiring_digital.o)
                0x00000250                digital_pin_to_bit_mask_PGM
 .progmem.data.digital_pin_to_port_PGM
                0x00000270       0x20 C:\Users\giovanni.barbato\Desktop\CCEC\NOVARA\fwCCEC\TuinoDemo\ArduinoCore\Debug\libArduinoCore.a(wiring_digital.o)
                0x00000270                digital_pin_to_port_PGM
 .progmem.data.port_to_input_PGM
                0x00000290        0xa C:\Users\giovanni.barbato\Desktop\CCEC\NOVARA\fwCCEC\TuinoDemo\ArduinoCore\Debug\libArduinoCore.a(wiring_digital.o)
                0x00000290                port_to_input_PGM
 .progmem.data.port_to_output_PGM
                0x0000029a        0xa C:\Users\giovanni.barbato\Desktop\CCEC\NOVARA\fwCCEC\TuinoDemo\ArduinoCore\Debug\libArduinoCore.a(wiring_digital.o)
                0x0000029a                port_to_output_PGM
 .progmem.data.port_to_mode_PGM
                0x000002a4        0xa C:\Users\giovanni.barbato\Desktop\CCEC\NOVARA\fwCCEC\TuinoDemo\ArduinoCore\Debug\libArduinoCore.a(wiring_digital.o)
                0x000002a4                port_to_mode_PGM
                0x000002ae                . = ALIGN (0x2)
 *(.jumptables)
 *(.jumptables*)
 *(.lowtext)
 *(.lowtext*)
                0x000002ae                __ctors_start = .
 *(.ctors)
 .ctors         0x000002ae        0x2 Sketch.o
 .ctors         0x000002b0        0x2 src/libraries/Ethernet2/src/Dhcp.o
 .ctors         0x000002b2        0x2 src/libraries/Ethernet2/src/Dns.o
 .ctors         0x000002b4        0x2 src/libraries/Ethernet2/src/Ethernet2.o
 .ctors         0x000002b6        0x2 src/libraries/Ethernet2/src/EthernetClient.o
 .ctors         0x000002b8        0x2 src/libraries/Ethernet2/src/EthernetServer.o
 .ctors         0x000002ba        0x2 src/libraries/Ethernet2/src/EthernetUdp2.o
 .ctors         0x000002bc        0x2 src/libraries/Ethernet2/src/utility/w5500.o
 .ctors         0x000002be        0x2 src/libraries/Wire/src/Wire.o
 .ctors         0x000002c0        0x2 C:\Users\giovanni.barbato\Desktop\CCEC\NOVARA\fwCCEC\TuinoDemo\ArduinoCore\Debug\libArduinoCore.a(HardwareSerial0.o)
                0x000002c2                __ctors_end = .
                0x000002c2                __dtors_start = .
 *(.dtors)
 .dtors         0x000002c2        0x2 Sketch.o
                0x000002c4                __dtors_end = .
 SORT(*)(.ctors)
 SORT(*)(.dtors)
 *(.init0)
 .init0         0x000002c4        0x0 C:/Program Files (x86)/Atmel/Studio/7.0/Packs/atmel/ATmega_DFP/1.2.209/gcc/dev/atmega1284p/avr51/crtatmega1284p.o
                0x000002c4                __init
 *(.init0)
 *(.init1)
 *(.init1)
 *(.init2)
 .init2         0x000002c4        0xc C:/Program Files (x86)/Atmel/Studio/7.0/Packs/atmel/ATmega_DFP/1.2.209/gcc/dev/atmega1284p/avr51/crtatmega1284p.o
 *(.init2)
 *(.init3)
 *(.init3)
 *(.init4)
 .init4         0x000002d0       0x1a c:/program files (x86)/atmel/studio/7.0/toolchain/avr8/avr8-gnu-toolchain/bin/../lib/gcc/avr/5.4.0/avr51\libgcc.a(_copy_data.o)
                0x000002d0                __do_copy_data
 .init4         0x000002ea       0x10 c:/program files (x86)/atmel/studio/7.0/toolchain/avr8/avr8-gnu-toolchain/bin/../lib/gcc/avr/5.4.0/avr51\libgcc.a(_clear_bss.o)
                0x000002ea                __do_clear_bss
 *(.init4)
 *(.init5)
 *(.init5)
 *(.init6)
 .init6         0x000002fa       0x16 c:/program files (x86)/atmel/studio/7.0/toolchain/avr8/avr8-gnu-toolchain/bin/../lib/gcc/avr/5.4.0/avr51\libgcc.a(_ctors.o)
                0x000002fa                __do_global_ctors
 *(.init6)
 *(.init7)
 *(.init7)
 *(.init8)
 *(.init8)
 *(.init9)
 .init9         0x00000310        0x8 C:/Program Files (x86)/Atmel/Studio/7.0/Packs/atmel/ATmega_DFP/1.2.209/gcc/dev/atmega1284p/avr51/crtatmega1284p.o
 *(.init9)
 *(.text)
 .text          0x00000318        0x2 C:/Program Files (x86)/Atmel/Studio/7.0/Packs/atmel/ATmega_DFP/1.2.209/gcc/dev/atmega1284p/avr51/crtatmega1284p.o
                0x00000318                __vector_22
                0x00000318                __vector_28
                0x00000318                __vector_1
                0x00000318                __vector_32
                0x00000318                __vector_34
                0x00000318                __vector_24
                0x00000318                __vector_12
                0x00000318                __bad_interrupt
                0x00000318                __vector_6
                0x00000318                __vector_31
                0x00000318                __vector_3
                0x00000318                __vector_23
                0x00000318                __vector_30
                0x00000318                __vector_25
                0x00000318                __vector_11
                0x00000318                __vector_13
                0x00000318                __vector_17
                0x00000318                __vector_27
                0x00000318                __vector_5
                0x00000318                __vector_33
                0x00000318                __vector_9
                0x00000318                __vector_2
                0x00000318                __vector_21
                0x00000318                __vector_15
                0x00000318                __vector_29
                0x00000318                __vector_8
                0x00000318                __vector_14
                0x00000318                __vector_10
                0x00000318                __vector_20
                0x0000031a                . = ALIGN (0x2)
 *(.text.*)
 .text._ZN5Print17availableForWriteEv
                0x0000031a        0x6 Sketch.o
                0x0000031a                _ZN5Print17availableForWriteEv
 .text._ZN5Print5flushEv
                0x00000320        0x2 Sketch.o
                0x00000320                _ZN5Print5flushEv
 .text._ZL10enable_ETHv
                0x00000322        0x4 Sketch.o
 .text._ZL11disable_ETHv
                0x00000326        0x4 Sketch.o
 .text._Z19InizializzaEthernetv
                0x0000032a       0xce Sketch.o
                0x0000032a                _Z19InizializzaEthernetv
 .text._Z11my_delay_msi
                0x000003f8       0x18 Sketch.o
                0x000003f8                _Z11my_delay_msi
 .text._Z9printLinev
                0x00000410       0x26 Sketch.o
                0x00000410                _Z9printLinev
 .text._Z8printTabh
                0x00000436       0x22 Sketch.o
                0x00000436                _Z8printTabh
 .text._Z4passb
                0x00000458       0x30 Sketch.o
                0x00000458                _Z4passb
 .text._ZN20ParametriCCEC_structC2ERKS_
                0x00000488       0x32 Sketch.o
                0x00000488                _ZN20ParametriCCEC_structC2ERKS_
                0x00000488                _ZN20ParametriCCEC_structC1ERKS_
 .text._ZN20ParametriCCEC_structD2Ev
                0x000004ba       0x16 Sketch.o
                0x000004ba                _ZN20ParametriCCEC_structD1Ev
                0x000004ba                _ZN20ParametriCCEC_structD2Ev
 .text._Z6Buzzerhm
                0x000004d0       0x3c Sketch.o
                0x000004d0                _Z6Buzzerhm
 .text._Z13getCharKeypadi
                0x0000050c      0x1cc Sketch.o
                0x0000050c                _Z13getCharKeypadi
 .text._Z10displayLCDP6Stringii
                0x000006d8       0x6a Sketch.o
                0x000006d8                _Z10displayLCDP6Stringii
 .text._Z11avanzaStatom
                0x00000742       0x76 Sketch.o
                0x00000742                _Z11avanzaStatom
 .text._Z16scrivi_TAG_MezzoPc
                0x000007b8      0x1d6 Sketch.o
                0x000007b8                _Z16scrivi_TAG_MezzoPc
 .text._Z14leggiTAG_Mezzob
                0x0000098e      0x1c6 Sketch.o
                0x0000098e                _Z14leggiTAG_Mezzob
 .text._Z14GetCodeRfidATev
                0x00000b54       0xcc Sketch.o
                0x00000b54                _Z14GetCodeRfidATev
 .text._Z19GetHTTPResponseCode6String
                0x00000c20       0xd6 Sketch.o
                0x00000c20                _Z19GetHTTPResponseCode6String
 .text._Z11GetAteCheckiPc14EthernetClient6String
                0x00000cf6      0x2ac Sketch.o
                0x00000cf6                _Z11GetAteCheckiPc14EthernetClient6String
 .text._Z17PostErogazioneGACiPc14EthernetClient6String
                0x00000fa2      0x2f2 Sketch.o
                0x00000fa2                _Z17PostErogazioneGACiPc14EthernetClient6String
 .text._Z15abilitaPulsantiv
                0x00001294       0x14 Sketch.o
                0x00001294                _Z15abilitaPulsantiv
 .text._Z22abilitaContattiPistolav
                0x000012a8        0x6 Sketch.o
                0x000012a8                _Z22abilitaContattiPistolav
 .text._Z13abilitaPulserc
                0x000012ae       0x1c Sketch.o
                0x000012ae                _Z13abilitaPulserc
 .text._Z14impulsiToLitrii
                0x000012ca       0x56 Sketch.o
                0x000012ca                _Z14impulsiToLitrii
 .text._Z18Rele_Abilitazione1ii
                0x00001320       0x76 Sketch.o
                0x00001320                _Z18Rele_Abilitazione1ii
 .text._Z18Rele_Abilitazione2ii
                0x00001396       0x88 Sketch.o
                0x00001396                _Z18Rele_Abilitazione2ii
 .text._Z12Control_WIFIi
                0x0000141e       0x26 Sketch.o
                0x0000141e                _Z12Control_WIFIi
 .text._Z6Azzerav
                0x00001444      0x160 Sketch.o
                0x00001444                _Z6Azzerav
 .text._Z10inputTargac
                0x000015a4      0x212 Sketch.o
                0x000015a4                _Z10inputTargac
 .text._Z7inputKMc
                0x000017b6      0x1c4 Sketch.o
                0x000017b6                _Z7inputKMc
 .text._Z25read_eeprom_string_struct20ParametriCCEC_struct
                0x0000197a      0x120 Sketch.o
                0x0000197a                _Z25read_eeprom_string_struct20ParametriCCEC_struct
 .text._Z26write_eeprom_string_struct20ParametriCCEC_struct
                0x00001a9a      0x126 Sketch.o
                0x00001a9a                _Z26write_eeprom_string_struct20ParametriCCEC_struct
 .text._Z11clearEEPROMii
                0x00001bc0       0x6e Sketch.o
                0x00001bc0                _Z11clearEEPROMii
 .text._Z18read_eeprom_stringii
                0x00001c2e      0x16a Sketch.o
                0x00001c2e                _Z18read_eeprom_stringii
 .text._Z19write_eeprom_string6Stringii
                0x00001d98      0x15a Sketch.o
                0x00001d98                _Z19write_eeprom_string6Stringii
 .text.loop     0x00001ef2     0x1126 Sketch.o
                0x00001ef2                loop
 .text.__vector_4
                0x00003018       0xac Sketch.o
                0x00003018                __vector_4
 .text.__vector_7
                0x000030c4       0xfe Sketch.o
                0x000030c4                __vector_7
 .text.startup._GLOBAL__sub_I_ParametriCCEC
                0x000031c2      0x25c Sketch.o
 .text.exit._GLOBAL__sub_D_ParametriCCEC
                0x0000341e       0xc4 Sketch.o
 .text.setup    0x000034e2      0x4bc Sketch.o
                0x000034e2                setup
 .text._ZN7PCA9534C2Ev
                0x0000399e        0xa src/libraries/Keypad/src/PCA9534.o
                0x0000399e                _ZN7PCA9534C2Ev
                0x0000399e                _ZN7PCA9534C1Ev
 .text._ZN7PCA95345beginEh
                0x000039a8        0xc src/libraries/Keypad/src/PCA9534.o
                0x000039a8                _ZN7PCA95345beginEh
 .text._ZN7PCA953413setporteIoExpEhhh
                0x000039b4       0xa8 src/libraries/Keypad/src/PCA9534.o
                0x000039b4                _ZN7PCA953413setporteIoExpEhhh
 .text._ZN7PCA953410setCONFREGEh
                0x00003a5c       0x2e src/libraries/Keypad/src/PCA9534.o
                0x00003a5c                _ZN7PCA953410setCONFREGEh
 .text._ZN7PCA953416Read_IP_REGISTEREv
                0x00003a8a       0x54 src/libraries/Keypad/src/PCA9534.o
                0x00003a8a                _ZN7PCA953416Read_IP_REGISTEREv
 .text._ZN9NFC_PN532C2Ehh
                0x00003ade       0x22 src/libraries/NFC-PN532/NFC_PN532.o
                0x00003ade                _ZN9NFC_PN532C1Ehh
                0x00003ade                _ZN9NFC_PN532C2Ehh
 .text._ZN9NFC_PN5325beginEv
                0x00003b00       0x4a src/libraries/NFC-PN532/NFC_PN532.o
                0x00003b00                _ZN9NFC_PN5325beginEv
 .text._ZN9NFC_PN53210GetHexCodeEPKhm
                0x00003b4a      0x110 src/libraries/NFC-PN532/NFC_PN532.o
                0x00003b4a                _ZN9NFC_PN53210GetHexCodeEPKhm
 .text._ZN9NFC_PN5327isreadyEv
                0x00003c5a       0x12 src/libraries/NFC-PN532/NFC_PN532.o
                0x00003c5a                _ZN9NFC_PN5327isreadyEv
 .text._ZN9NFC_PN5329waitreadyEj
                0x00003c6c       0x5c src/libraries/NFC-PN532/NFC_PN532.o
                0x00003c6c                _ZN9NFC_PN5329waitreadyEj
 .text._ZN9NFC_PN5328readdataEPhh
                0x00003cc8       0x68 src/libraries/NFC-PN532/NFC_PN532.o
                0x00003cc8                _ZN9NFC_PN5328readdataEPhh
 .text._ZN9NFC_PN5327readackEv
                0x00003d30       0x44 src/libraries/NFC-PN532/NFC_PN532.o
                0x00003d30                _ZN9NFC_PN5327readackEv
 .text._ZL8i2c_sendh
                0x00003d74        0xa src/libraries/NFC-PN532/NFC_PN532.o
 .text._ZN9NFC_PN53212writecommandEPhh
                0x00003d7e       0x92 src/libraries/NFC-PN532/NFC_PN532.o
                0x00003d7e                _ZN9NFC_PN53212writecommandEPhh
 .text._ZN9NFC_PN53219sendCommandCheckAckEPhhj
                0x00003e10       0x30 src/libraries/NFC-PN532/NFC_PN532.o
                0x00003e10                _ZN9NFC_PN53219sendCommandCheckAckEPhhj
 .text._ZN9NFC_PN53218getFirmwareVersionEv
                0x00003e40       0x90 src/libraries/NFC-PN532/NFC_PN532.o
                0x00003e40                _ZN9NFC_PN53218getFirmwareVersionEv
 .text._ZN9NFC_PN5329SAMConfigEv
                0x00003ed0       0x5c src/libraries/NFC-PN532/NFC_PN532.o
                0x00003ed0                _ZN9NFC_PN5329SAMConfigEv
 .text._ZN9NFC_PN53227setPassiveActivationRetriesEh
                0x00003f2c       0x20 src/libraries/NFC-PN532/NFC_PN532.o
                0x00003f2c                _ZN9NFC_PN53227setPassiveActivationRetriesEh
 .text._ZN9NFC_PN53219readPassiveTargetIDEhPhS0_j
                0x00003f4c       0xa8 src/libraries/NFC-PN532/NFC_PN532.o
                0x00003f4c                _ZN9NFC_PN53219readPassiveTargetIDEhPhS0_j
 .text._ZN9NFC_PN53231mifareclassic_AuthenticateBlockEPhhmhS0_
                0x00003ff4       0xc0 src/libraries/NFC-PN532/NFC_PN532.o
                0x00003ff4                _ZN9NFC_PN53231mifareclassic_AuthenticateBlockEPhhmhS0_
 .text._ZN9NFC_PN53227mifareclassic_ReadDataBlockEhPh
                0x000040b4       0x66 src/libraries/NFC-PN532/NFC_PN532.o
                0x000040b4                _ZN9NFC_PN53227mifareclassic_ReadDataBlockEhPh
 .text._ZN9NFC_PN53228mifareclassic_WriteDataBlockEhPh
                0x0000411a       0x60 src/libraries/NFC-PN532/NFC_PN532.o
                0x0000411a                _ZN9NFC_PN53228mifareclassic_WriteDataBlockEhPh
 .text._ZL9date2daysjhh
                0x0000417a       0x64 src/libraries/DS3231M/src/DS3231M.o
 .text._ZL6conv2dPKc
                0x000041de       0x1a src/libraries/DS3231M/src/DS3231M.o
 .text._ZN8DateTimeC2Em
                0x000041f8       0xf2 src/libraries/DS3231M/src/DS3231M.o
                0x000041f8                _ZN8DateTimeC2Em
                0x000041f8                _ZN8DateTimeC1Em
 .text._ZN8DateTimeC2EPK19__FlashStringHelperS2_
                0x000042ea       0xea src/libraries/DS3231M/src/DS3231M.o
                0x000042ea                _ZN8DateTimeC2EPK19__FlashStringHelperS2_
                0x000042ea                _ZN8DateTimeC1EPK19__FlashStringHelperS2_
 .text._ZNK8DateTime12dayOfTheWeekEv
                0x000043d4       0x18 src/libraries/DS3231M/src/DS3231M.o
                0x000043d4                _ZNK8DateTime12dayOfTheWeekEv
 .text._ZNK8DateTime8unixtimeEv
                0x000043ec       0x7a src/libraries/DS3231M/src/DS3231M.o
                0x000043ec                _ZNK8DateTime8unixtimeEv
 .text._ZNK8DateTime11secondstimeEv
                0x00004466       0x6a src/libraries/DS3231M/src/DS3231M.o
                0x00004466                _ZNK8DateTime11secondstimeEv
 .text._ZN13DS3231M_ClassC2Ev
                0x000044d0        0xe src/libraries/DS3231M/src/DS3231M.o
                0x000044d0                _ZN13DS3231M_ClassC2Ev
                0x000044d0                _ZN13DS3231M_ClassC1Ev
 .text._ZN13DS3231M_ClassD2Ev
                0x000044de        0x2 src/libraries/DS3231M/src/DS3231M.o
                0x000044de                _ZN13DS3231M_ClassD2Ev
                0x000044de                _ZN13DS3231M_ClassD1Ev
 .text._ZN13DS3231M_Class9writeByteEhh
                0x000044e0       0x40 src/libraries/DS3231M/src/DS3231M.o
                0x000044e0                _ZN13DS3231M_Class9writeByteEhh
 .text._ZN13DS3231M_Class8readByteEh
                0x00004520       0x44 src/libraries/DS3231M/src/DS3231M.o
                0x00004520                _ZN13DS3231M_Class8readByteEh
 .text._ZN13DS3231M_Class5beginEm
                0x00004564       0x60 src/libraries/DS3231M/src/DS3231M.o
                0x00004564                _ZN13DS3231M_Class5beginEm
 .text._ZN13DS3231M_Class3nowEv
                0x000045c4      0x140 src/libraries/DS3231M/src/DS3231M.o
                0x000045c4                _ZN13DS3231M_Class3nowEv
 .text._ZN13DS3231M_Class6adjustERK8DateTime
                0x00004704      0x11c src/libraries/DS3231M/src/DS3231M.o
                0x00004704                _ZN13DS3231M_Class6adjustERK8DateTime
 .text._ZN13DS3231M_Class6adjustEv
                0x00004820       0x42 src/libraries/DS3231M/src/DS3231M.o
                0x00004820                _ZN13DS3231M_Class6adjustEv
 .text.startup._GLOBAL__sub_I__ZN9DhcpClass13beginWithDHCPEPhmm
                0x00004862       0x16 src/libraries/Ethernet2/src/Dhcp.o
 .text._ZN9DNSClient5beginERK9IPAddress
                0x00004878       0x1a src/libraries/Ethernet2/src/Dns.o
                0x00004878                _ZN9DNSClient5beginERK9IPAddress
 .text._ZN9DNSClient9inet_atonEPKcR9IPAddress
                0x00004892       0x80 src/libraries/Ethernet2/src/Dns.o
                0x00004892                _ZN9DNSClient9inet_atonEPKcR9IPAddress
 .text.startup._GLOBAL__sub_I__ZN9DNSClient5beginERK9IPAddress
                0x00004912       0x16 src/libraries/Ethernet2/src/Dns.o
 .text._ZN9DNSClient12BuildRequestEPKc
                0x00004928      0x142 src/libraries/Ethernet2/src/Dns.o
                0x00004928                _ZN9DNSClient12BuildRequestEPKc
 .text._ZN9DNSClient15ProcessResponseEjR9IPAddress
                0x00004a6a      0x2c2 src/libraries/Ethernet2/src/Dns.o
                0x00004a6a                _ZN9DNSClient15ProcessResponseEjR9IPAddress
 .text._ZN9DNSClient13getHostByNameEPKcR9IPAddress
                0x00004d2c      0x112 src/libraries/Ethernet2/src/Dns.o
                0x00004d2c                _ZN9DNSClient13getHostByNameEPKcR9IPAddress
 .text._ZN10W5500Class8writeGAREPh
                0x00004e3e        0xe src/libraries/Ethernet2/src/Ethernet2.o
                0x00004e3e                _ZN10W5500Class8writeGAREPh
 .text._ZN10W5500Class9writeSUBREPh
                0x00004e4c        0xe src/libraries/Ethernet2/src/Ethernet2.o
                0x00004e4c                _ZN10W5500Class9writeSUBREPh
 .text._ZN10W5500Class9writeSHAREPh
                0x00004e5a        0xe src/libraries/Ethernet2/src/Ethernet2.o
                0x00004e5a                _ZN10W5500Class9writeSHAREPh
 .text._ZN10W5500Class9writeSIPREPh
                0x00004e68        0xe src/libraries/Ethernet2/src/Ethernet2.o
                0x00004e68                _ZN10W5500Class9writeSIPREPh
 .text._ZN13EthernetClass5beginEPh9IPAddressS1_S1_S1_
                0x00004e76       0x6c src/libraries/Ethernet2/src/Ethernet2.o
                0x00004e76                _ZN13EthernetClass5beginEPh9IPAddressS1_S1_S1_
 .text._ZN13EthernetClass11dnsServerIPEv
                0x00004ee2       0x20 src/libraries/Ethernet2/src/Ethernet2.o
                0x00004ee2                _ZN13EthernetClass11dnsServerIPEv
 .text.startup._GLOBAL__sub_I__ZN13EthernetClass6_stateE
                0x00004f02       0x2a src/libraries/Ethernet2/src/Ethernet2.o
 .text._ZN14EthernetClientneERKS_
                0x00004f2c       0x14 src/libraries/Ethernet2/src/EthernetClient.o
                0x00004f2c                _ZN14EthernetClientneERKS_
 .text._ZN14EthernetClient5writeEh
                0x00004f40       0x2c src/libraries/Ethernet2/src/EthernetClient.o
                0x00004f40                _ZN14EthernetClient5writeEh
 .text._ZN14EthernetClientcvbEv
                0x00004f6c       0x10 src/libraries/Ethernet2/src/EthernetClient.o
                0x00004f6c                _ZN14EthernetClientcvbEv
 .text._ZN14EthernetClienteqERKS_
                0x00004f7c       0x16 src/libraries/Ethernet2/src/EthernetClient.o
                0x00004f7c                _ZN14EthernetClienteqERKS_
 .text._ZN14EthernetClient7connectEPKcj
                0x00004f92       0xb4 src/libraries/Ethernet2/src/EthernetClient.o
                0x00004f92                _ZN14EthernetClient7connectEPKcj
 .text._ZN14EthernetClient5writeEPKhj
                0x00005046       0x3a src/libraries/Ethernet2/src/EthernetClient.o
                0x00005046                _ZN14EthernetClient5writeEPKhj
 .text._ZN14EthernetClient9availableEv
                0x00005080       0x14 src/libraries/Ethernet2/src/EthernetClient.o
                0x00005080                _ZN14EthernetClient9availableEv
 .text._ZN14EthernetClient4readEv
                0x00005094       0x32 src/libraries/Ethernet2/src/EthernetClient.o
                0x00005094                _ZN14EthernetClient4readEv
 .text._ZN14EthernetClient4readEPhj
                0x000050c6        0x6 src/libraries/Ethernet2/src/EthernetClient.o
                0x000050c6                _ZN14EthernetClient4readEPhj
 .text._ZN14EthernetClient4peekEv
                0x000050cc       0x44 src/libraries/Ethernet2/src/EthernetClient.o
                0x000050cc                _ZN14EthernetClient4peekEv
 .text._ZN14EthernetClient5flushEv
                0x00005110        0x6 src/libraries/Ethernet2/src/EthernetClient.o
                0x00005110                _ZN14EthernetClient5flushEv
 .text._ZN14EthernetClientC2Ev
                0x00005116       0x24 src/libraries/Ethernet2/src/EthernetClient.o
                0x00005116                _ZN14EthernetClientC2Ev
                0x00005116                _ZN14EthernetClientC1Ev
 .text._ZN14EthernetClient6statusEv
                0x0000513a       0x1a src/libraries/Ethernet2/src/EthernetClient.o
                0x0000513a                _ZN14EthernetClient6statusEv
 .text._ZN14EthernetClient9connectedEv
                0x00005154       0x46 src/libraries/Ethernet2/src/EthernetClient.o
                0x00005154                _ZN14EthernetClient9connectedEv
 .text._ZN14EthernetClient4stopEv
                0x0000519a       0x7c src/libraries/Ethernet2/src/EthernetClient.o
                0x0000519a                _ZN14EthernetClient4stopEv
 .text._ZN14EthernetClient7connectE9IPAddressj
                0x00005216       0xba src/libraries/Ethernet2/src/EthernetClient.o
                0x00005216                _ZN14EthernetClient7connectE9IPAddressj
 .text.startup._GLOBAL__sub_I__ZN14EthernetClient8_srcportE
                0x000052d0       0x16 src/libraries/Ethernet2/src/EthernetClient.o
 .text.startup._GLOBAL__sub_I__ZN14EthernetServerC2Ej
                0x000052e6       0x16 src/libraries/Ethernet2/src/EthernetServer.o
 .text._ZN3UDP14beginMulticastE9IPAddressj
                0x000052fc        0x4 src/libraries/Ethernet2/src/EthernetUdp2.o
                0x000052fc                _ZN3UDP14beginMulticastE9IPAddressj
 .text._ZN11EthernetUDP4readEPcj
                0x00005300        0xe src/libraries/Ethernet2/src/EthernetUdp2.o
                0x00005300                _ZN11EthernetUDP4readEPcj
 .text._ZN11EthernetUDP8remoteIPEv
                0x0000530e       0x20 src/libraries/Ethernet2/src/EthernetUdp2.o
                0x0000530e                _ZN11EthernetUDP8remoteIPEv
 .text._ZN11EthernetUDP10remotePortEv
                0x0000532e        0x8 src/libraries/Ethernet2/src/EthernetUdp2.o
                0x0000532e                _ZN11EthernetUDP10remotePortEv
 .text._ZN11EthernetUDP9availableEv
                0x00005336        0x8 src/libraries/Ethernet2/src/EthernetUdp2.o
                0x00005336                _ZN11EthernetUDP9availableEv
 .text._ZN11EthernetUDP5writeEh
                0x0000533e       0x2c src/libraries/Ethernet2/src/EthernetUdp2.o
                0x0000533e                _ZN11EthernetUDP5writeEh
 .text._ZN11EthernetUDP5flushEv
                0x0000536a       0x24 src/libraries/Ethernet2/src/EthernetUdp2.o
                0x0000536a                _ZN11EthernetUDP5flushEv
 .text._ZN11EthernetUDP4stopEv
                0x0000538e       0x28 src/libraries/Ethernet2/src/EthernetUdp2.o
                0x0000538e                _ZN11EthernetUDP4stopEv
 .text._ZN11EthernetUDP11beginPacketE9IPAddressj
                0x000053b6        0xe src/libraries/Ethernet2/src/EthernetUdp2.o
                0x000053b6                _ZN11EthernetUDP11beginPacketE9IPAddressj
 .text._ZN11EthernetUDP9endPacketEv
                0x000053c4        0x6 src/libraries/Ethernet2/src/EthernetUdp2.o
                0x000053c4                _ZN11EthernetUDP9endPacketEv
 .text._ZN11EthernetUDP5writeEPKhj
                0x000053ca       0x26 src/libraries/Ethernet2/src/EthernetUdp2.o
                0x000053ca                _ZN11EthernetUDP5writeEPKhj
 .text._ZN11EthernetUDP4readEv
                0x000053f0       0x50 src/libraries/Ethernet2/src/EthernetUdp2.o
                0x000053f0                _ZN11EthernetUDP4readEv
 .text._ZN11EthernetUDP4readEPhj
                0x00005440       0x3c src/libraries/Ethernet2/src/EthernetUdp2.o
                0x00005440                _ZN11EthernetUDP4readEPhj
 .text._ZN11EthernetUDP4peekEv
                0x0000547c       0x30 src/libraries/Ethernet2/src/EthernetUdp2.o
                0x0000547c                _ZN11EthernetUDP4peekEv
 .text._ZN11EthernetUDP5beginEj
                0x000054ac       0x62 src/libraries/Ethernet2/src/EthernetUdp2.o
                0x000054ac                _ZN11EthernetUDP5beginEj
 .text._ZN11EthernetUDP11parsePacketEv
                0x0000550e       0x9e src/libraries/Ethernet2/src/EthernetUdp2.o
                0x0000550e                _ZN11EthernetUDP11parsePacketEv
 .text._ZN11EthernetUDPC2Ev
                0x000055ac       0x2a src/libraries/Ethernet2/src/EthernetUdp2.o
                0x000055ac                _ZN11EthernetUDPC1Ev
                0x000055ac                _ZN11EthernetUDPC2Ev
 .text._ZN11EthernetUDP11beginPacketEPKcj
                0x000055d6       0xb4 src/libraries/Ethernet2/src/EthernetUdp2.o
                0x000055d6                _ZN11EthernetUDP11beginPacketEPKcj
 .text.startup._GLOBAL__sub_I__ZN11EthernetUDPC2Ev
                0x0000568a       0x16 src/libraries/Ethernet2/src/EthernetUdp2.o
 .text._ZN10W5500Class11writeSnDIPREhPh
                0x000056a0       0x16 src/libraries/Ethernet2/src/utility/socket.o
                0x000056a0                _ZN10W5500Class11writeSnDIPREhPh
 .text._ZN10W5500Class6readSnEhj
                0x000056b6       0x10 src/libraries/Ethernet2/src/utility/socket.o
                0x000056b6                _ZN10W5500Class6readSnEhj
 .text._ZN10W5500Class8readSnIREh
                0x000056c6        0x6 src/libraries/Ethernet2/src/utility/socket.o
                0x000056c6                _ZN10W5500Class8readSnIREh
 .text._ZN10W5500Class7writeSnEhjh
                0x000056cc       0x10 src/libraries/Ethernet2/src/utility/socket.o
                0x000056cc                _ZN10W5500Class7writeSnEhjh
 .text._ZN10W5500Class11writeSnPORTEhj
                0x000056dc       0x1e src/libraries/Ethernet2/src/utility/socket.o
                0x000056dc                _ZN10W5500Class11writeSnPORTEhj
 .text._ZN10W5500Class9writeSnIREhh
                0x000056fa        0x8 src/libraries/Ethernet2/src/utility/socket.o
                0x000056fa                _ZN10W5500Class9writeSnIREhh
 .text._ZN10W5500Class12writeSnDPORTEhj
                0x00005702       0x1e src/libraries/Ethernet2/src/utility/socket.o
                0x00005702                _ZN10W5500Class12writeSnDPORTEhj
 .text._Z5closeh
                0x00005720       0x16 src/libraries/Ethernet2/src/utility/socket.o
                0x00005720                _Z5closeh
 .text._Z6sockethhjh
                0x00005736       0x66 src/libraries/Ethernet2/src/utility/socket.o
                0x00005736                _Z6sockethhjh
 .text._Z7connecthPhj
                0x0000579c       0x66 src/libraries/Ethernet2/src/utility/socket.o
                0x0000579c                _Z7connecthPhj
 .text._Z10disconnecth
                0x00005802        0xa src/libraries/Ethernet2/src/utility/socket.o
                0x00005802                _Z10disconnecth
 .text._Z4sendhPKhj
                0x0000580c       0x90 src/libraries/Ethernet2/src/utility/socket.o
                0x0000580c                _Z4sendhPKhj
 .text._Z4recvhPhi
                0x0000589c       0x82 src/libraries/Ethernet2/src/utility/socket.o
                0x0000589c                _Z4recvhPhi
 .text._Z4peekhPh
                0x0000591e       0x1a src/libraries/Ethernet2/src/utility/socket.o
                0x0000591e                _Z4peekhPh
 .text._Z5flushh
                0x00005938        0x2 src/libraries/Ethernet2/src/utility/socket.o
                0x00005938                _Z5flushh
 .text._Z10bufferDatahjPKhj
                0x0000593a       0x56 src/libraries/Ethernet2/src/utility/socket.o
                0x0000593a                _Z10bufferDatahjPKhj
 .text._Z8startUDPhPhj
                0x00005990       0x46 src/libraries/Ethernet2/src/utility/socket.o
                0x00005990                _Z8startUDPhPhj
 .text._Z7sendUDPh
                0x000059d6       0x38 src/libraries/Ethernet2/src/utility/socket.o
                0x000059d6                _Z7sendUDPh
 .text._ZN8SPIClass16beginTransactionE11SPISettings
                0x00005a0e       0x34 src/libraries/Ethernet2/src/utility/w5500.o
                0x00005a0e                _ZN8SPIClass16beginTransactionE11SPISettings
 .text._ZN8SPIClass8transferEh
                0x00005a42        0xe src/libraries/Ethernet2/src/utility/w5500.o
                0x00005a42                _ZN8SPIClass8transferEh
 .text._ZN8SPIClass14endTransactionEv
                0x00005a50       0x22 src/libraries/Ethernet2/src/utility/w5500.o
                0x00005a50                _ZN8SPIClass14endTransactionEv
 .text._ZN10W5500Class5setSSEv
                0x00005a72        0x4 src/libraries/Ethernet2/src/utility/w5500.o
                0x00005a72                _ZN10W5500Class5setSSEv
 .text._ZN10W5500Class7resetSSEv
                0x00005a76        0x4 src/libraries/Ethernet2/src/utility/w5500.o
                0x00005a76                _ZN10W5500Class7resetSSEv
 .text._ZN10W5500Class5writeEjhh
                0x00005a7a       0x3c src/libraries/Ethernet2/src/utility/w5500.o
                0x00005a7a                _ZN10W5500Class5writeEjhh
 .text._ZN10W5500Class5writeEjhPKhj
                0x00005ab6       0x58 src/libraries/Ethernet2/src/utility/w5500.o
                0x00005ab6                _ZN10W5500Class5writeEjhPKhj
 .text._ZN10W5500Class4readEjh
                0x00005b0e       0x38 src/libraries/Ethernet2/src/utility/w5500.o
                0x00005b0e                _ZN10W5500Class4readEjh
 .text._ZN10W5500Class4initEh
                0x00005b46       0x58 src/libraries/Ethernet2/src/utility/w5500.o
                0x00005b46                _ZN10W5500Class4initEh
 .text._ZN10W5500Class12readSnTX_FSREh
                0x00005b9e       0x2e src/libraries/Ethernet2/src/utility/w5500.o
                0x00005b9e                _ZN10W5500Class12readSnTX_FSREh
 .text._ZN10W5500Class13getTXFreeSizeEh
                0x00005bcc       0x34 src/libraries/Ethernet2/src/utility/w5500.o
                0x00005bcc                _ZN10W5500Class13getTXFreeSizeEh
 .text._ZN10W5500Class12readSnRX_RSREh
                0x00005c00       0x2e src/libraries/Ethernet2/src/utility/w5500.o
                0x00005c00                _ZN10W5500Class12readSnRX_RSREh
 .text._ZN10W5500Class17getRXReceivedSizeEh
                0x00005c2e       0x34 src/libraries/Ethernet2/src/utility/w5500.o
                0x00005c2e                _ZN10W5500Class17getRXReceivedSizeEh
 .text._ZN10W5500Class27send_data_processing_offsetEhjPKhj
                0x00005c62       0x74 src/libraries/Ethernet2/src/utility/w5500.o
                0x00005c62                _ZN10W5500Class27send_data_processing_offsetEhjPKhj
 .text._ZN10W5500Class20send_data_processingEhPKhj
                0x00005cd6       0x14 src/libraries/Ethernet2/src/utility/w5500.o
                0x00005cd6                _ZN10W5500Class20send_data_processingEhPKhj
 .text._ZN10W5500Class4readEjhPhj
                0x00005cea       0x5a src/libraries/Ethernet2/src/utility/w5500.o
                0x00005cea                _ZN10W5500Class4readEjhPhj
 .text._ZN10W5500Class9read_dataEhjPVhj
                0x00005d44       0x30 src/libraries/Ethernet2/src/utility/w5500.o
                0x00005d44                _ZN10W5500Class9read_dataEhjPVhj
 .text._ZN10W5500Class20recv_data_processingEhPhjh
                0x00005d74       0x9a src/libraries/Ethernet2/src/utility/w5500.o
                0x00005d74                _ZN10W5500Class20recv_data_processingEhPhjh
 .text._ZN10W5500Class9execCmdSnEh7SockCMD
                0x00005e0e       0x1c src/libraries/Ethernet2/src/utility/w5500.o
                0x00005e0e                _ZN10W5500Class9execCmdSnEh7SockCMD
 .text.startup._GLOBAL__sub_I_w5500
                0x00005e2a        0xe src/libraries/Ethernet2/src/utility/w5500.o
 .text._ZN5I2CIOC2Ev
                0x00005e38        0xe src/libraries/LiquidCrystal/src/I2CIO.o
                0x00005e38                _ZN5I2CIOC2Ev
                0x00005e38                _ZN5I2CIOC1Ev
 .text._ZN5I2CIO8portModeEh
                0x00005e46       0x16 src/libraries/LiquidCrystal/src/I2CIO.o
                0x00005e46                _ZN5I2CIO8portModeEh
 .text._ZN5I2CIO11isAvailableEh
                0x00005e5c       0x16 src/libraries/LiquidCrystal/src/I2CIO.o
                0x00005e5c                _ZN5I2CIO11isAvailableEh
 .text._ZN5I2CIO5beginEh
                0x00005e72       0x2c src/libraries/LiquidCrystal/src/I2CIO.o
                0x00005e72                _ZN5I2CIO5beginEh
 .text._ZN5I2CIO5writeEh
                0x00005e9e       0x48 src/libraries/LiquidCrystal/src/I2CIO.o
                0x00005e9e                _ZN5I2CIO5writeEh
 .text._ZN3LCD15setBacklightPinEh13t_backlighPol
                0x00005ee6        0x2 src/libraries/LiquidCrystal/src/LCD.o
                0x00005ee6                _ZN3LCD15setBacklightPinEh13t_backlighPol
 .text._ZN3LCD12setBacklightEh
                0x00005ee8        0x2 src/libraries/LiquidCrystal/src/LCD.o
                0x00005ee8                _ZN3LCD12setBacklightEh
 .text._ZN3LCD5writeEh
                0x00005eea       0x16 src/libraries/LiquidCrystal/src/LCD.o
                0x00005eea                _ZN3LCD5writeEh
 .text._ZN3LCDC2Ev
                0x00005f00       0x10 src/libraries/LiquidCrystal/src/LCD.o
                0x00005f00                _ZN3LCDC1Ev
                0x00005f00                _ZN3LCDC2Ev
 .text._ZN3LCD9backlightEv
                0x00005f10       0x10 src/libraries/LiquidCrystal/src/LCD.o
                0x00005f10                _ZN3LCD9backlightEv
 .text._ZN3LCD11noBacklightEv
                0x00005f20       0x10 src/libraries/LiquidCrystal/src/LCD.o
                0x00005f20                _ZN3LCD11noBacklightEv
 .text._ZN3LCD7commandEh
                0x00005f30       0x10 src/libraries/LiquidCrystal/src/LCD.o
                0x00005f30                _ZN3LCD7commandEh
 .text._ZN3LCD5clearEv
                0x00005f40        0xc src/libraries/LiquidCrystal/src/LCD.o
                0x00005f40                _ZN3LCD5clearEv
 .text._ZN3LCD9setCursorEhh
                0x00005f4c       0x84 src/libraries/LiquidCrystal/src/LCD.o
                0x00005f4c                _ZN3LCD9setCursorEhh
 .text._ZN3LCD9noDisplayEv
                0x00005fd0        0xc src/libraries/LiquidCrystal/src/LCD.o
                0x00005fd0                _ZN3LCD9noDisplayEv
 .text._ZN3LCD7displayEv
                0x00005fdc        0xe src/libraries/LiquidCrystal/src/LCD.o
                0x00005fdc                _ZN3LCD7displayEv
 .text._ZN3LCD5beginEhhh
                0x00005fea       0xf2 src/libraries/LiquidCrystal/src/LCD.o
                0x00005fea                _ZN3LCD5beginEhhh
 .text._ZN3LCD10createCharEhPh
                0x000060dc       0x5e src/libraries/LiquidCrystal/src/LCD.o
                0x000060dc                _ZN3LCD10createCharEhPh
 .text._ZN17LiquidCrystal_I2C15setBacklightPinEh13t_backlighPol
                0x0000613a       0x26 src/libraries/LiquidCrystal/src/LiquidCrystal_I2C.o
                0x0000613a                _ZN17LiquidCrystal_I2C15setBacklightPinEh13t_backlighPol
 .text._ZN17LiquidCrystal_I2C12setBacklightEh
                0x00006160       0x2c src/libraries/LiquidCrystal/src/LiquidCrystal_I2C.o
                0x00006160                _ZN17LiquidCrystal_I2C12setBacklightEh
 .text._ZN17LiquidCrystal_I2C4initEv
                0x0000618c       0x3e src/libraries/LiquidCrystal/src/LiquidCrystal_I2C.o
                0x0000618c                _ZN17LiquidCrystal_I2C4initEv
 .text._ZN17LiquidCrystal_I2C6configEhhhhhhhh
                0x000061ca       0x80 src/libraries/LiquidCrystal/src/LiquidCrystal_I2C.o
                0x000061ca                _ZN17LiquidCrystal_I2C6configEhhhhhhhh
 .text._ZN17LiquidCrystal_I2CC2Ehhhhhhhhh13t_backlighPol
                0x0000624a       0x6c src/libraries/LiquidCrystal/src/LiquidCrystal_I2C.o
                0x0000624a                _ZN17LiquidCrystal_I2CC1Ehhhhhhhhh13t_backlighPol
                0x0000624a                _ZN17LiquidCrystal_I2CC2Ehhhhhhhhh13t_backlighPol
 .text._ZN17LiquidCrystal_I2C11pulseEnableEh
                0x000062b6       0x36 src/libraries/LiquidCrystal/src/LiquidCrystal_I2C.o
                0x000062b6                _ZN17LiquidCrystal_I2C11pulseEnableEh
 .text._ZN17LiquidCrystal_I2C10write4bitsEhh
                0x000062ec       0x30 src/libraries/LiquidCrystal/src/LiquidCrystal_I2C.o
                0x000062ec                _ZN17LiquidCrystal_I2C10write4bitsEhh
 .text._ZN17LiquidCrystal_I2C4sendEhh
                0x0000631c       0x3a src/libraries/LiquidCrystal/src/LiquidCrystal_I2C.o
                0x0000631c                _ZN17LiquidCrystal_I2C4sendEhh
 .text._ZN17LiquidCrystal_I2C5beginEhhh
                0x00006356       0x28 src/libraries/LiquidCrystal/src/LiquidCrystal_I2C.o
                0x00006356                _ZN17LiquidCrystal_I2C5beginEhhh
 .text._ZN8SPIClass5beginEv
                0x0000637e       0x6c src/libraries/SPI/src/SPI.o
                0x0000637e                _ZN8SPIClass5beginEv
 .text.twi_init
                0x000063ea       0x3c src/libraries/Wire/src/utility/twi.o
                0x000063ea                twi_init
 .text.twi_disable
                0x00006426       0x1a src/libraries/Wire/src/utility/twi.o
                0x00006426                twi_disable
 .text.twi_setFrequency
                0x00006440       0x28 src/libraries/Wire/src/utility/twi.o
                0x00006440                twi_setFrequency
 .text.twi_readFrom
                0x00006468       0x90 src/libraries/Wire/src/utility/twi.o
                0x00006468                twi_readFrom
 .text.twi_writeTo
                0x000064f8       0xac src/libraries/Wire/src/utility/twi.o
                0x000064f8                twi_writeTo
 .text.twi_transmit
                0x000065a4       0x50 src/libraries/Wire/src/utility/twi.o
                0x000065a4                twi_transmit
 .text.twi_attachSlaveRxEvent
                0x000065f4        0xa src/libraries/Wire/src/utility/twi.o
                0x000065f4                twi_attachSlaveRxEvent
 .text.twi_attachSlaveTxEvent
                0x000065fe        0xa src/libraries/Wire/src/utility/twi.o
                0x000065fe                twi_attachSlaveTxEvent
 .text.twi_stop
                0x00006608       0x14 src/libraries/Wire/src/utility/twi.o
                0x00006608                twi_stop
 .text.twi_releaseBus
                0x0000661c        0xc src/libraries/Wire/src/utility/twi.o
                0x0000661c                twi_releaseBus
 .text.__vector_26
                0x00006628      0x25c src/libraries/Wire/src/utility/twi.o
                0x00006628                __vector_26
 .text._ZN7TwoWire9availableEv
                0x00006884       0x10 src/libraries/Wire/src/Wire.o
                0x00006884                _ZN7TwoWire9availableEv
 .text._ZN7TwoWire4readEv
                0x00006894       0x28 src/libraries/Wire/src/Wire.o
                0x00006894                _ZN7TwoWire4readEv
 .text._ZN7TwoWire4peekEv
                0x000068bc       0x1e src/libraries/Wire/src/Wire.o
                0x000068bc                _ZN7TwoWire4peekEv
 .text._ZN7TwoWire5flushEv
                0x000068da        0x2 src/libraries/Wire/src/Wire.o
                0x000068da                _ZN7TwoWire5flushEv
 .text._ZN7TwoWire16onReceiveServiceEPhi
                0x000068dc       0x54 src/libraries/Wire/src/Wire.o
                0x000068dc                _ZN7TwoWire16onReceiveServiceEPhi
 .text._ZN7TwoWire16onRequestServiceEv
                0x00006930       0x18 src/libraries/Wire/src/Wire.o
                0x00006930                _ZN7TwoWire16onRequestServiceEv
 .text._ZN7TwoWire5writeEPKhj
                0x00006948       0x58 src/libraries/Wire/src/Wire.o
                0x00006948                _ZN7TwoWire5writeEPKhj
 .text._ZN7TwoWire5writeEh
                0x000069a0       0x5c src/libraries/Wire/src/Wire.o
                0x000069a0                _ZN7TwoWire5writeEh
 .text._ZN7TwoWireC2Ev
                0x000069fc       0x20 src/libraries/Wire/src/Wire.o
                0x000069fc                _ZN7TwoWireC1Ev
                0x000069fc                _ZN7TwoWireC2Ev
 .text._ZN7TwoWire5beginEv
                0x00006a1c       0x1e src/libraries/Wire/src/Wire.o
                0x00006a1c                _ZN7TwoWire5beginEv
 .text._ZN7TwoWire3endEv
                0x00006a3a        0x2 src/libraries/Wire/src/Wire.o
                0x00006a3a                _ZN7TwoWire3endEv
 .text._ZN7TwoWire8setClockEm
                0x00006a3c        0x6 src/libraries/Wire/src/Wire.o
                0x00006a3c                _ZN7TwoWire8setClockEm
 .text._ZN7TwoWire17beginTransmissionEh
                0x00006a42       0x14 src/libraries/Wire/src/Wire.o
                0x00006a42                _ZN7TwoWire17beginTransmissionEh
 .text._ZN7TwoWire17beginTransmissionEi
                0x00006a56        0x2 src/libraries/Wire/src/Wire.o
                0x00006a56                _ZN7TwoWire17beginTransmissionEi
 .text._ZN7TwoWire15endTransmissionEh
                0x00006a58       0x24 src/libraries/Wire/src/Wire.o
                0x00006a58                _ZN7TwoWire15endTransmissionEh
 .text._ZN7TwoWire11requestFromEhhmhh
                0x00006a7c       0xa2 src/libraries/Wire/src/Wire.o
                0x00006a7c                _ZN7TwoWire11requestFromEhhmhh
 .text._ZN7TwoWire11requestFromEhhh
                0x00006b1e       0x1e src/libraries/Wire/src/Wire.o
                0x00006b1e                _ZN7TwoWire11requestFromEhhh
 .text._ZN7TwoWire11requestFromEhh
                0x00006b3c        0x4 src/libraries/Wire/src/Wire.o
                0x00006b3c                _ZN7TwoWire11requestFromEhh
 .text._ZN7TwoWire11requestFromEii
                0x00006b40        0x4 src/libraries/Wire/src/Wire.o
                0x00006b40                _ZN7TwoWire11requestFromEii
 .text._ZN7TwoWire15endTransmissionEv
                0x00006b44        0x4 src/libraries/Wire/src/Wire.o
                0x00006b44                _ZN7TwoWire15endTransmissionEv
 .text.startup._GLOBAL__sub_I__ZN7TwoWire8rxBufferE
                0x00006b48        0x6 src/libraries/Wire/src/Wire.o
 .text.avr-libc.fplib
                0x00006b4e        0x8 c:/program files (x86)/atmel/studio/7.0/toolchain/avr8/avr8-gnu-toolchain/bin/../lib/gcc/avr/5.4.0/../../../../avr/lib/avr51\libm.a(cmpsf2.o)
                0x00006b4e                __nesf2
                0x00006b4e                __eqsf2
                0x00006b4e                __cmpsf2
                0x00006b4e                __ltsf2
                0x00006b4e                __lesf2
 .text.avr-libc.fplib
                0x00006b56        0x4 c:/program files (x86)/atmel/studio/7.0/toolchain/avr8/avr8-gnu-toolchain/bin/../lib/gcc/avr/5.4.0/../../../../avr/lib/avr51\libm.a(divsf3.o)
                0x00006b56                __divsf3
 .text.avr-libc.fplib
                0x00006b5a       0xcc c:/program files (x86)/atmel/studio/7.0/toolchain/avr8/avr8-gnu-toolchain/bin/../lib/gcc/avr/5.4.0/../../../../avr/lib/avr51\libm.a(divsf3x.o)
                0x00006b70                __divsf3x
                0x00006b74                __divsf3_pse
 .text.avr-libc.fplib
                0x00006c26        0xa c:/program files (x86)/atmel/studio/7.0/toolchain/avr8/avr8-gnu-toolchain/bin/../lib/gcc/avr/5.4.0/../../../../avr/lib/avr51\libm.a(fixsfsi.o)
                0x00006c26                __fixsfsi
 .text.avr-libc.fplib
                0x00006c30       0x58 c:/program files (x86)/atmel/studio/7.0/toolchain/avr8/avr8-gnu-toolchain/bin/../lib/gcc/avr/5.4.0/../../../../avr/lib/avr51\libm.a(fixunssfsi.o)
                0x00006c30                __fixunssfsi
 .text.avr-libc.fplib
                0x00006c88       0x7a c:/program files (x86)/atmel/studio/7.0/toolchain/avr8/avr8-gnu-toolchain/bin/../lib/gcc/avr/5.4.0/../../../../avr/lib/avr51\libm.a(floatsisf.o)
                0x00006c88                __floatunsisf
                0x00006c8c                __floatsisf
 .text.avr-libc.fplib
                0x00006d02       0x48 c:/program files (x86)/atmel/studio/7.0/toolchain/avr8/avr8-gnu-toolchain/bin/../lib/gcc/avr/5.4.0/../../../../avr/lib/avr51\libm.a(fp_cmp.o)
                0x00006d02                __fp_cmp
 .text.avr-libc.fplib
                0x00006d4a        0xc c:/program files (x86)/atmel/studio/7.0/toolchain/avr8/avr8-gnu-toolchain/bin/../lib/gcc/avr/5.4.0/../../../../avr/lib/avr51\libm.a(fp_inf.o)
                0x00006d4a                __fp_inf
 .text.avr-libc.fplib
                0x00006d56        0x6 c:/program files (x86)/atmel/studio/7.0/toolchain/avr8/avr8-gnu-toolchain/bin/../lib/gcc/avr/5.4.0/../../../../avr/lib/avr51\libm.a(fp_nan.o)
                0x00006d56                __fp_nan
 .text.avr-libc.fplib
                0x00006d5c        0xe c:/program files (x86)/atmel/studio/7.0/toolchain/avr8/avr8-gnu-toolchain/bin/../lib/gcc/avr/5.4.0/../../../../avr/lib/avr51\libm.a(fp_pscA.o)
                0x00006d5c                __fp_pscA
 .text.avr-libc.fplib
                0x00006d6a        0xe c:/program files (x86)/atmel/studio/7.0/toolchain/avr8/avr8-gnu-toolchain/bin/../lib/gcc/avr/5.4.0/../../../../avr/lib/avr51\libm.a(fp_pscB.o)
                0x00006d6a                __fp_pscB
 .text.avr-libc.fplib
                0x00006d78       0x22 c:/program files (x86)/atmel/studio/7.0/toolchain/avr8/avr8-gnu-toolchain/bin/../lib/gcc/avr/5.4.0/../../../../avr/lib/avr51\libm.a(fp_round.o)
                0x00006d78                __fp_round
 .text.avr-libc.fplib
                0x00006d9a       0x44 c:/program files (x86)/atmel/studio/7.0/toolchain/avr8/avr8-gnu-toolchain/bin/../lib/gcc/avr/5.4.0/../../../../avr/lib/avr51\libm.a(fp_split3.o)
                0x00006d9a                __fp_split3
                0x00006daa                __fp_splitA
 .text.avr-libc.fplib
                0x00006dde        0xe c:/program files (x86)/atmel/studio/7.0/toolchain/avr8/avr8-gnu-toolchain/bin/../lib/gcc/avr/5.4.0/../../../../avr/lib/avr51\libm.a(fp_zero.o)
                0x00006dde                __fp_zero
                0x00006de0                __fp_szero
 .text.__cxa_pure_virtual
                0x00006dec        0x4 C:\Users\giovanni.barbato\Desktop\CCEC\NOVARA\fwCCEC\TuinoDemo\ArduinoCore\Debug\libArduinoCore.a(abi.o)
                0x00006dec                __cxa_pure_virtual
 .text.__vector_18
                0x00006df0       0x64 C:\Users\giovanni.barbato\Desktop\CCEC\NOVARA\fwCCEC\TuinoDemo\ArduinoCore\Debug\libArduinoCore.a(HardwareSerial0.o)
                0x00006df0                __vector_18
 .text.__vector_19
                0x00006e54       0x4a C:\Users\giovanni.barbato\Desktop\CCEC\NOVARA\fwCCEC\TuinoDemo\ArduinoCore\Debug\libArduinoCore.a(HardwareSerial0.o)
                0x00006e54                __vector_19
 .text._Z17Serial0_availablev
                0x00006e9e       0x12 C:\Users\giovanni.barbato\Desktop\CCEC\NOVARA\fwCCEC\TuinoDemo\ArduinoCore\Debug\libArduinoCore.a(HardwareSerial0.o)
                0x00006e9e                _Z17Serial0_availablev
 .text.startup._GLOBAL__sub_I___vector_18
                0x00006eb0       0x5a C:\Users\giovanni.barbato\Desktop\CCEC\NOVARA\fwCCEC\TuinoDemo\ArduinoCore\Debug\libArduinoCore.a(HardwareSerial0.o)
 .text._ZNK9IPAddress7printToER5Print
                0x00006f0a       0x7e C:\Users\giovanni.barbato\Desktop\CCEC\NOVARA\fwCCEC\TuinoDemo\ArduinoCore\Debug\libArduinoCore.a(IPAddress.o)
                0x00006f0a                _ZNK9IPAddress7printToER5Print
 .text._ZN9IPAddressC2Ev
                0x00006f88       0x14 C:\Users\giovanni.barbato\Desktop\CCEC\NOVARA\fwCCEC\TuinoDemo\ArduinoCore\Debug\libArduinoCore.a(IPAddress.o)
                0x00006f88                _ZN9IPAddressC1Ev
                0x00006f88                _ZN9IPAddressC2Ev
 .text._ZN9IPAddressC2Ehhhh
                0x00006f9c       0x18 C:\Users\giovanni.barbato\Desktop\CCEC\NOVARA\fwCCEC\TuinoDemo\ArduinoCore\Debug\libArduinoCore.a(IPAddress.o)
                0x00006f9c                _ZN9IPAddressC2Ehhhh
                0x00006f9c                _ZN9IPAddressC1Ehhhh
 .text._ZN9IPAddressaSEPKh
                0x00006fb4       0x12 C:\Users\giovanni.barbato\Desktop\CCEC\NOVARA\fwCCEC\TuinoDemo\ArduinoCore\Debug\libArduinoCore.a(IPAddress.o)
                0x00006fb4                _ZN9IPAddressaSEPKh
 .text.initVariant
                0x00006fc6        0x2 C:\Users\giovanni.barbato\Desktop\CCEC\NOVARA\fwCCEC\TuinoDemo\ArduinoCore\Debug\libArduinoCore.a(main.o)
                0x00006fc6                initVariant
 .text.startup.main
                0x00006fc8       0x18 C:\Users\giovanni.barbato\Desktop\CCEC\NOVARA\fwCCEC\TuinoDemo\ArduinoCore\Debug\libArduinoCore.a(main.o)
                0x00006fc8                main
 .text._ZN5Print5writeEPKhj
                0x00006fe0       0x54 C:\Users\giovanni.barbato\Desktop\CCEC\NOVARA\fwCCEC\TuinoDemo\ArduinoCore\Debug\libArduinoCore.a(Print.o)
                0x00006fe0                _ZN5Print5writeEPKhj
 .text._ZN5Print5writeEPKc
                0x00007034       0x2a C:\Users\giovanni.barbato\Desktop\CCEC\NOVARA\fwCCEC\TuinoDemo\ArduinoCore\Debug\libArduinoCore.a(Print.o)
                0x00007034                _ZN5Print5writeEPKc
 .text._ZN5Print5printEPK19__FlashStringHelper
                0x0000705e       0x48 C:\Users\giovanni.barbato\Desktop\CCEC\NOVARA\fwCCEC\TuinoDemo\ArduinoCore\Debug\libArduinoCore.a(Print.o)
                0x0000705e                _ZN5Print5printEPK19__FlashStringHelper
 .text._ZN5Print5printERK6String
                0x000070a6       0x1c C:\Users\giovanni.barbato\Desktop\CCEC\NOVARA\fwCCEC\TuinoDemo\ArduinoCore\Debug\libArduinoCore.a(Print.o)
                0x000070a6                _ZN5Print5printERK6String
 .text._ZN5Print5printEPKc
                0x000070c2        0x2 C:\Users\giovanni.barbato\Desktop\CCEC\NOVARA\fwCCEC\TuinoDemo\ArduinoCore\Debug\libArduinoCore.a(Print.o)
                0x000070c2                _ZN5Print5printEPKc
 .text._ZN5Print5printEc
                0x000070c4        0xe C:\Users\giovanni.barbato\Desktop\CCEC\NOVARA\fwCCEC\TuinoDemo\ArduinoCore\Debug\libArduinoCore.a(Print.o)
                0x000070c4                _ZN5Print5printEc
 .text._ZN5Print7printlnEv
                0x000070d2        0x6 C:\Users\giovanni.barbato\Desktop\CCEC\NOVARA\fwCCEC\TuinoDemo\ArduinoCore\Debug\libArduinoCore.a(Print.o)
                0x000070d2                _ZN5Print7printlnEv
 .text._ZN5Print7printlnEPK19__FlashStringHelper
                0x000070d8       0x20 C:\Users\giovanni.barbato\Desktop\CCEC\NOVARA\fwCCEC\TuinoDemo\ArduinoCore\Debug\libArduinoCore.a(Print.o)
                0x000070d8                _ZN5Print7printlnEPK19__FlashStringHelper
 .text._ZN5Print7printlnERK6String
                0x000070f8       0x20 C:\Users\giovanni.barbato\Desktop\CCEC\NOVARA\fwCCEC\TuinoDemo\ArduinoCore\Debug\libArduinoCore.a(Print.o)
                0x000070f8                _ZN5Print7printlnERK6String
 .text._ZN5Print7printlnEPKc
                0x00007118       0x20 C:\Users\giovanni.barbato\Desktop\CCEC\NOVARA\fwCCEC\TuinoDemo\ArduinoCore\Debug\libArduinoCore.a(Print.o)
                0x00007118                _ZN5Print7printlnEPKc
 .text._ZN5Print11printNumberEmh
                0x00007138       0x8e C:\Users\giovanni.barbato\Desktop\CCEC\NOVARA\fwCCEC\TuinoDemo\ArduinoCore\Debug\libArduinoCore.a(Print.o)
                0x00007138                _ZN5Print11printNumberEmh
 .text._ZN5Print5printEmi
                0x000071c6       0x18 C:\Users\giovanni.barbato\Desktop\CCEC\NOVARA\fwCCEC\TuinoDemo\ArduinoCore\Debug\libArduinoCore.a(Print.o)
                0x000071c6                _ZN5Print5printEmi
 .text._ZN5Print5printEhi
                0x000071de        0xc C:\Users\giovanni.barbato\Desktop\CCEC\NOVARA\fwCCEC\TuinoDemo\ArduinoCore\Debug\libArduinoCore.a(Print.o)
                0x000071de                _ZN5Print5printEhi
 .text._ZN5Print5printEji
                0x000071ea        0xa C:\Users\giovanni.barbato\Desktop\CCEC\NOVARA\fwCCEC\TuinoDemo\ArduinoCore\Debug\libArduinoCore.a(Print.o)
                0x000071ea                _ZN5Print5printEji
 .text._ZN5Print7printlnEmi
                0x000071f4       0x20 C:\Users\giovanni.barbato\Desktop\CCEC\NOVARA\fwCCEC\TuinoDemo\ArduinoCore\Debug\libArduinoCore.a(Print.o)
                0x000071f4                _ZN5Print7printlnEmi
 .text.__vector_16
                0x00007214       0x94 C:\Users\giovanni.barbato\Desktop\CCEC\NOVARA\fwCCEC\TuinoDemo\ArduinoCore\Debug\libArduinoCore.a(wiring.o)
                0x00007214                __vector_16
 .text.millis   0x000072a8       0x18 C:\Users\giovanni.barbato\Desktop\CCEC\NOVARA\fwCCEC\TuinoDemo\ArduinoCore\Debug\libArduinoCore.a(wiring.o)
                0x000072a8                millis
 .text.micros   0x000072c0       0x4a C:\Users\giovanni.barbato\Desktop\CCEC\NOVARA\fwCCEC\TuinoDemo\ArduinoCore\Debug\libArduinoCore.a(wiring.o)
                0x000072c0                micros
 .text.delay    0x0000730a       0x72 C:\Users\giovanni.barbato\Desktop\CCEC\NOVARA\fwCCEC\TuinoDemo\ArduinoCore\Debug\libArduinoCore.a(wiring.o)
                0x0000730a                delay
 .text.delayMicroseconds
                0x0000737c       0x16 C:\Users\giovanni.barbato\Desktop\CCEC\NOVARA\fwCCEC\TuinoDemo\ArduinoCore\Debug\libArduinoCore.a(wiring.o)
                0x0000737c                delayMicroseconds
 .text.init     0x00007392       0x76 C:\Users\giovanni.barbato\Desktop\CCEC\NOVARA\fwCCEC\TuinoDemo\ArduinoCore\Debug\libArduinoCore.a(wiring.o)
                0x00007392                init
 .text.turnOffPWM
                0x00007408       0x52 C:\Users\giovanni.barbato\Desktop\CCEC\NOVARA\fwCCEC\TuinoDemo\ArduinoCore\Debug\libArduinoCore.a(wiring_digital.o)
 .text.pinMode  0x0000745a       0x78 C:\Users\giovanni.barbato\Desktop\CCEC\NOVARA\fwCCEC\TuinoDemo\ArduinoCore\Debug\libArduinoCore.a(wiring_digital.o)
                0x0000745a                pinMode
 .text.digitalWrite
                0x000074d2       0x5c C:\Users\giovanni.barbato\Desktop\CCEC\NOVARA\fwCCEC\TuinoDemo\ArduinoCore\Debug\libArduinoCore.a(wiring_digital.o)
                0x000074d2                digitalWrite
 .text.digitalRead
                0x0000752e       0x50 C:\Users\giovanni.barbato\Desktop\CCEC\NOVARA\fwCCEC\TuinoDemo\ArduinoCore\Debug\libArduinoCore.a(wiring_digital.o)
                0x0000752e                digitalRead
 .text._ZNK6String14StringIfHelperEv
                0x0000757e        0x2 C:\Users\giovanni.barbato\Desktop\CCEC\NOVARA\fwCCEC\TuinoDemo\ArduinoCore\Debug\libArduinoCore.a(WString.o)
                0x0000757e                _ZNK6String14StringIfHelperEv
 .text._ZN6StringD2Ev
                0x00007580        0x8 C:\Users\giovanni.barbato\Desktop\CCEC\NOVARA\fwCCEC\TuinoDemo\ArduinoCore\Debug\libArduinoCore.a(WString.o)
                0x00007580                _ZN6StringD2Ev
                0x00007580                _ZN6StringD1Ev
 .text._ZN6String10invalidateEv
                0x00007588       0x22 C:\Users\giovanni.barbato\Desktop\CCEC\NOVARA\fwCCEC\TuinoDemo\ArduinoCore\Debug\libArduinoCore.a(WString.o)
                0x00007588                _ZN6String10invalidateEv
 .text._ZN6String12changeBufferEj
                0x000075aa       0x32 C:\Users\giovanni.barbato\Desktop\CCEC\NOVARA\fwCCEC\TuinoDemo\ArduinoCore\Debug\libArduinoCore.a(WString.o)
                0x000075aa                _ZN6String12changeBufferEj
 .text._ZN6String7reserveEj
                0x000075dc       0x36 C:\Users\giovanni.barbato\Desktop\CCEC\NOVARA\fwCCEC\TuinoDemo\ArduinoCore\Debug\libArduinoCore.a(WString.o)
                0x000075dc                _ZN6String7reserveEj
 .text._ZN6String4copyEPKcj
                0x00007612       0x3c C:\Users\giovanni.barbato\Desktop\CCEC\NOVARA\fwCCEC\TuinoDemo\ArduinoCore\Debug\libArduinoCore.a(WString.o)
                0x00007612                _ZN6String4copyEPKcj
 .text._ZN6StringC2EPKc
                0x0000764e       0x28 C:\Users\giovanni.barbato\Desktop\CCEC\NOVARA\fwCCEC\TuinoDemo\ArduinoCore\Debug\libArduinoCore.a(WString.o)
                0x0000764e                _ZN6StringC2EPKc
                0x0000764e                _ZN6StringC1EPKc
 .text._ZN6String4moveERS_
                0x00007676       0x76 C:\Users\giovanni.barbato\Desktop\CCEC\NOVARA\fwCCEC\TuinoDemo\ArduinoCore\Debug\libArduinoCore.a(WString.o)
                0x00007676                _ZN6String4moveERS_
 .text._ZN6StringC2EOS_
                0x000076ec       0x10 C:\Users\giovanni.barbato\Desktop\CCEC\NOVARA\fwCCEC\TuinoDemo\ArduinoCore\Debug\libArduinoCore.a(WString.o)
                0x000076ec                _ZN6StringC1EOS_
                0x000076ec                _ZN6StringC2EOS_
 .text._ZN6StringaSERKS_
                0x000076fc       0x2a C:\Users\giovanni.barbato\Desktop\CCEC\NOVARA\fwCCEC\TuinoDemo\ArduinoCore\Debug\libArduinoCore.a(WString.o)
                0x000076fc                _ZN6StringaSERKS_
 .text._ZN6StringC2ERKS_
                0x00007726       0x10 C:\Users\giovanni.barbato\Desktop\CCEC\NOVARA\fwCCEC\TuinoDemo\ArduinoCore\Debug\libArduinoCore.a(WString.o)
                0x00007726                _ZN6StringC2ERKS_
                0x00007726                _ZN6StringC1ERKS_
 .text._ZN6StringaSEOS_
                0x00007736       0x16 C:\Users\giovanni.barbato\Desktop\CCEC\NOVARA\fwCCEC\TuinoDemo\ArduinoCore\Debug\libArduinoCore.a(WString.o)
                0x00007736                _ZN6StringaSEOS_
 .text._ZN6StringaSEPKc
                0x0000774c       0x2a C:\Users\giovanni.barbato\Desktop\CCEC\NOVARA\fwCCEC\TuinoDemo\ArduinoCore\Debug\libArduinoCore.a(WString.o)
                0x0000774c                _ZN6StringaSEPKc
 .text._ZN6StringC2Ec
                0x00007776       0x2e C:\Users\giovanni.barbato\Desktop\CCEC\NOVARA\fwCCEC\TuinoDemo\ArduinoCore\Debug\libArduinoCore.a(WString.o)
                0x00007776                _ZN6StringC1Ec
                0x00007776                _ZN6StringC2Ec
 .text._ZN6StringC2Ehh
                0x000077a4       0x56 C:\Users\giovanni.barbato\Desktop\CCEC\NOVARA\fwCCEC\TuinoDemo\ArduinoCore\Debug\libArduinoCore.a(WString.o)
                0x000077a4                _ZN6StringC2Ehh
                0x000077a4                _ZN6StringC1Ehh
 .text._ZN6StringC2Eih
                0x000077fa       0x54 C:\Users\giovanni.barbato\Desktop\CCEC\NOVARA\fwCCEC\TuinoDemo\ArduinoCore\Debug\libArduinoCore.a(WString.o)
                0x000077fa                _ZN6StringC2Eih
                0x000077fa                _ZN6StringC1Eih
 .text._ZN6StringC2Ejh
                0x0000784e       0x54 C:\Users\giovanni.barbato\Desktop\CCEC\NOVARA\fwCCEC\TuinoDemo\ArduinoCore\Debug\libArduinoCore.a(WString.o)
                0x0000784e                _ZN6StringC1Ejh
                0x0000784e                _ZN6StringC2Ejh
 .text._ZN6StringC2Emh
                0x000078a2       0x56 C:\Users\giovanni.barbato\Desktop\CCEC\NOVARA\fwCCEC\TuinoDemo\ArduinoCore\Debug\libArduinoCore.a(WString.o)
                0x000078a2                _ZN6StringC1Emh
                0x000078a2                _ZN6StringC2Emh
 .text._ZN6StringC2Edh
                0x000078f8       0x5c C:\Users\giovanni.barbato\Desktop\CCEC\NOVARA\fwCCEC\TuinoDemo\ArduinoCore\Debug\libArduinoCore.a(WString.o)
                0x000078f8                _ZN6StringC1Edh
                0x000078f8                _ZN6StringC2Edh
 .text._ZN6String6concatEPKcj
                0x00007954       0x58 C:\Users\giovanni.barbato\Desktop\CCEC\NOVARA\fwCCEC\TuinoDemo\ArduinoCore\Debug\libArduinoCore.a(WString.o)
                0x00007954                _ZN6String6concatEPKcj
 .text._ZN6String6concatERKS_
                0x000079ac        0xc C:\Users\giovanni.barbato\Desktop\CCEC\NOVARA\fwCCEC\TuinoDemo\ArduinoCore\Debug\libArduinoCore.a(WString.o)
                0x000079ac                _ZN6String6concatERKS_
 .text._ZN6String6concatEPKc
                0x000079b8       0x1c C:\Users\giovanni.barbato\Desktop\CCEC\NOVARA\fwCCEC\TuinoDemo\ArduinoCore\Debug\libArduinoCore.a(WString.o)
                0x000079b8                _ZN6String6concatEPKc
 .text._ZN6String6concatEc
                0x000079d4       0x24 C:\Users\giovanni.barbato\Desktop\CCEC\NOVARA\fwCCEC\TuinoDemo\ArduinoCore\Debug\libArduinoCore.a(WString.o)
                0x000079d4                _ZN6String6concatEc
 .text._ZplRK15StringSumHelperRK6String
                0x000079f8       0x22 C:\Users\giovanni.barbato\Desktop\CCEC\NOVARA\fwCCEC\TuinoDemo\ArduinoCore\Debug\libArduinoCore.a(WString.o)
                0x000079f8                _ZplRK15StringSumHelperRK6String
 .text._ZplRK15StringSumHelperPKc
                0x00007a1a       0x2e C:\Users\giovanni.barbato\Desktop\CCEC\NOVARA\fwCCEC\TuinoDemo\ArduinoCore\Debug\libArduinoCore.a(WString.o)
                0x00007a1a                _ZplRK15StringSumHelperPKc
 .text._ZplRK15StringSumHelperc
                0x00007a48       0x18 C:\Users\giovanni.barbato\Desktop\CCEC\NOVARA\fwCCEC\TuinoDemo\ArduinoCore\Debug\libArduinoCore.a(WString.o)
                0x00007a48                _ZplRK15StringSumHelperc
 .text._ZNK6String6equalsEPKc
                0x00007a60       0x3c C:\Users\giovanni.barbato\Desktop\CCEC\NOVARA\fwCCEC\TuinoDemo\ArduinoCore\Debug\libArduinoCore.a(WString.o)
                0x00007a60                _ZNK6String6equalsEPKc
 .text._ZNK6String8getBytesEPhjj
                0x00007a9c       0x5c C:\Users\giovanni.barbato\Desktop\CCEC\NOVARA\fwCCEC\TuinoDemo\ArduinoCore\Debug\libArduinoCore.a(WString.o)
                0x00007a9c                _ZNK6String8getBytesEPhjj
 .text._ZNK6String9substringEjj
                0x00007af8       0x86 C:\Users\giovanni.barbato\Desktop\CCEC\NOVARA\fwCCEC\TuinoDemo\ArduinoCore\Debug\libArduinoCore.a(WString.o)
                0x00007af8                _ZNK6String9substringEjj
 .text._ZN6String4trimEv
                0x00007b7e       0xb2 C:\Users\giovanni.barbato\Desktop\CCEC\NOVARA\fwCCEC\TuinoDemo\ArduinoCore\Debug\libArduinoCore.a(WString.o)
                0x00007b7e                _ZN6String4trimEv
 .text._ZNK6String5toIntEv
                0x00007c30       0x14 C:\Users\giovanni.barbato\Desktop\CCEC\NOVARA\fwCCEC\TuinoDemo\ArduinoCore\Debug\libArduinoCore.a(WString.o)
                0x00007c30                _ZNK6String5toIntEv
 .text._ZN14HardwareSerial9availableEv
                0x00007c44       0x18 C:\Users\giovanni.barbato\Desktop\CCEC\NOVARA\fwCCEC\TuinoDemo\ArduinoCore\Debug\libArduinoCore.a(HardwareSerial.o)
                0x00007c44                _ZN14HardwareSerial9availableEv
 .text._ZN14HardwareSerial4peekEv
                0x00007c5c       0x1c C:\Users\giovanni.barbato\Desktop\CCEC\NOVARA\fwCCEC\TuinoDemo\ArduinoCore\Debug\libArduinoCore.a(HardwareSerial.o)
                0x00007c5c                _ZN14HardwareSerial4peekEv
 .text._ZN14HardwareSerial4readEv
                0x00007c78       0x28 C:\Users\giovanni.barbato\Desktop\CCEC\NOVARA\fwCCEC\TuinoDemo\ArduinoCore\Debug\libArduinoCore.a(HardwareSerial.o)
                0x00007c78                _ZN14HardwareSerial4readEv
 .text._ZN14HardwareSerial17availableForWriteEv
                0x00007ca0       0x1e C:\Users\giovanni.barbato\Desktop\CCEC\NOVARA\fwCCEC\TuinoDemo\ArduinoCore\Debug\libArduinoCore.a(HardwareSerial.o)
                0x00007ca0                _ZN14HardwareSerial17availableForWriteEv
 .text._Z14serialEventRunv
                0x00007cbe       0x1a C:\Users\giovanni.barbato\Desktop\CCEC\NOVARA\fwCCEC\TuinoDemo\ArduinoCore\Debug\libArduinoCore.a(HardwareSerial.o)
                0x00007cbe                _Z14serialEventRunv
 .text._ZN14HardwareSerial17_tx_udr_empty_irqEv
                0x00007cd8       0x44 C:\Users\giovanni.barbato\Desktop\CCEC\NOVARA\fwCCEC\TuinoDemo\ArduinoCore\Debug\libArduinoCore.a(HardwareSerial.o)
                0x00007cd8                _ZN14HardwareSerial17_tx_udr_empty_irqEv
 .text._ZN14HardwareSerial5writeEh
                0x00007d1c       0x98 C:\Users\giovanni.barbato\Desktop\CCEC\NOVARA\fwCCEC\TuinoDemo\ArduinoCore\Debug\libArduinoCore.a(HardwareSerial.o)
                0x00007d1c                _ZN14HardwareSerial5writeEh
 .text._ZN14HardwareSerial5flushEv
                0x00007db4       0x42 C:\Users\giovanni.barbato\Desktop\CCEC\NOVARA\fwCCEC\TuinoDemo\ArduinoCore\Debug\libArduinoCore.a(HardwareSerial.o)
                0x00007db4                _ZN14HardwareSerial5flushEv
 .text.__empty  0x00007df6        0x2 C:\Users\giovanni.barbato\Desktop\CCEC\NOVARA\fwCCEC\TuinoDemo\ArduinoCore\Debug\libArduinoCore.a(hooks.o)
                0x00007df6                yield
 .text.libgcc.div
                0x00007df8       0x18 c:/program files (x86)/atmel/studio/7.0/toolchain/avr8/avr8-gnu-toolchain/bin/../lib/gcc/avr/5.4.0/avr51\libgcc.a(_udivmodqi4.o)
                0x00007df8                __udivmodqi4
 .text.libgcc.div
                0x00007e10       0x28 c:/program files (x86)/atmel/studio/7.0/toolchain/avr8/avr8-gnu-toolchain/bin/../lib/gcc/avr/5.4.0/avr51\libgcc.a(_udivmodhi4.o)
                0x00007e10                __udivmodhi4
 .text.libgcc.div
                0x00007e38       0x44 c:/program files (x86)/atmel/studio/7.0/toolchain/avr8/avr8-gnu-toolchain/bin/../lib/gcc/avr/5.4.0/avr51\libgcc.a(_udivmodsi4.o)
                0x00007e38                __udivmodsi4
 .text.libgcc   0x00007e7c       0x12 c:/program files (x86)/atmel/studio/7.0/toolchain/avr8/avr8-gnu-toolchain/bin/../lib/gcc/avr/5.4.0/avr51\libgcc.a(_tablejump2.o)
                0x00007e7c                __tablejump2__
 .text.libgcc.mul
                0x00007e8e       0x1e c:/program files (x86)/atmel/studio/7.0/toolchain/avr8/avr8-gnu-toolchain/bin/../lib/gcc/avr/5.4.0/avr51\libgcc.a(_umulhisi3.o)
                0x00007e8e                __umulhisi3
 .text.libgcc.mul
                0x00007eac       0x14 c:/program files (x86)/atmel/studio/7.0/toolchain/avr8/avr8-gnu-toolchain/bin/../lib/gcc/avr/5.4.0/avr51\libgcc.a(_muluhisi3.o)
                0x00007eac                __muluhisi3
 .text.avr-libc
                0x00007ec0       0x3e c:/program files (x86)/atmel/studio/7.0/toolchain/avr8/avr8-gnu-toolchain/bin/../lib/gcc/avr/5.4.0/../../../../avr/lib/avr51\libc.a(dtostrf.o)
                0x00007ec0                dtostrf
 .text.avr-libc
                0x00007efe      0x242 c:/program files (x86)/atmel/studio/7.0/toolchain/avr8/avr8-gnu-toolchain/bin/../lib/gcc/avr/5.4.0/../../../../avr/lib/avr51\libc.a(malloc.o)
                0x00007efe                malloc
                0x0000802e                free
 .text.avr-libc
                0x00008140      0x1c0 c:/program files (x86)/atmel/studio/7.0/toolchain/avr8/avr8-gnu-toolchain/bin/../lib/gcc/avr/5.4.0/../../../../avr/lib/avr51\libc.a(realloc.o)
                0x00008140                realloc
 .text.avr-libc
                0x00008300        0x8 c:/program files (x86)/atmel/studio/7.0/toolchain/avr8/avr8-gnu-toolchain/bin/../lib/gcc/avr/5.4.0/../../../../avr/lib/avr51\libc.a(abort.o)
                0x00008300                abort
 .text.avr-libc
                0x00008308       0x4c c:/program files (x86)/atmel/studio/7.0/toolchain/avr8/avr8-gnu-toolchain/bin/../lib/gcc/avr/5.4.0/../../../../avr/lib/avr51\libc.a(atol.o)
                0x00008308                atol
 .text.avr-libc
                0x00008354       0x10 c:/program files (x86)/atmel/studio/7.0/toolchain/avr8/avr8-gnu-toolchain/bin/../lib/gcc/avr/5.4.0/../../../../avr/lib/avr51\libc.a(isspace.o)
                0x00008354                isspace
 .text.avr-libc
                0x00008364       0x12 c:/program files (x86)/atmel/studio/7.0/toolchain/avr8/avr8-gnu-toolchain/bin/../lib/gcc/avr/5.4.0/../../../../avr/lib/avr51\libc.a(memcpy_P.o)
                0x00008364                memcpy_P
 .text.avr-libc
                0x00008376       0x12 c:/program files (x86)/atmel/studio/7.0/toolchain/avr8/avr8-gnu-toolchain/bin/../lib/gcc/avr/5.4.0/../../../../avr/lib/avr51\libc.a(memcpy.o)
                0x00008376                memcpy
 .text.avr-libc
                0x00008388       0x12 c:/program files (x86)/atmel/studio/7.0/toolchain/avr8/avr8-gnu-toolchain/bin/../lib/gcc/avr/5.4.0/../../../../avr/lib/avr51\libc.a(strcmp.o)
                0x00008388                strcmp
 .text.avr-libc
                0x0000839a        0xe c:/program files (x86)/atmel/studio/7.0/toolchain/avr8/avr8-gnu-toolchain/bin/../lib/gcc/avr/5.4.0/../../../../avr/lib/avr51\libc.a(strcpy.o)
                0x0000839a                strcpy
 .text.avr-libc
                0x000083a8       0x1c c:/program files (x86)/atmel/studio/7.0/toolchain/avr8/avr8-gnu-toolchain/bin/../lib/gcc/avr/5.4.0/../../../../avr/lib/avr51\libc.a(strncmp.o)
                0x000083a8                strncmp
 .text.avr-libc
                0x000083c4       0x1e c:/program files (x86)/atmel/studio/7.0/toolchain/avr8/avr8-gnu-toolchain/bin/../lib/gcc/avr/5.4.0/../../../../avr/lib/avr51\libc.a(strncpy.o)
                0x000083c4                strncpy
 .text.avr-libc
                0x000083e2       0x14 c:/program files (x86)/atmel/studio/7.0/toolchain/avr8/avr8-gnu-toolchain/bin/../lib/gcc/avr/5.4.0/../../../../avr/lib/avr51\libc.a(itoa.o)
                0x000083e2                __itoa
                0x000083e2                itoa
 .text.avr-libc
                0x000083f6       0x14 c:/program files (x86)/atmel/studio/7.0/toolchain/avr8/avr8-gnu-toolchain/bin/../lib/gcc/avr/5.4.0/../../../../avr/lib/avr51\libc.a(itoa_ncheck.o)
                0x000083f6                __itoa_ncheck
 .text.avr-libc
                0x0000840a       0x2a c:/program files (x86)/atmel/studio/7.0/toolchain/avr8/avr8-gnu-toolchain/bin/../lib/gcc/avr/5.4.0/../../../../avr/lib/avr51\libc.a(mulsi10.o)
                0x0000840a                __mulsi_const_10
 .text.avr-libc
                0x00008434       0x14 c:/program files (x86)/atmel/studio/7.0/toolchain/avr8/avr8-gnu-toolchain/bin/../lib/gcc/avr/5.4.0/../../../../avr/lib/avr51\libc.a(ultoa.o)
                0x00008434                ultoa
                0x00008434                __ultoa
 .text.avr-libc
                0x00008448       0x42 c:/program files (x86)/atmel/studio/7.0/toolchain/avr8/avr8-gnu-toolchain/bin/../lib/gcc/avr/5.4.0/../../../../avr/lib/avr51\libc.a(ultoa_ncheck.o)
                0x00008448                __ultoa_ncheck
                0x0000844a                __ultoa_common
 .text.avr-libc
                0x0000848a       0x14 c:/program files (x86)/atmel/studio/7.0/toolchain/avr8/avr8-gnu-toolchain/bin/../lib/gcc/avr/5.4.0/../../../../avr/lib/avr51\libc.a(utoa.o)
                0x0000848a                __utoa
                0x0000848a                utoa
 .text.avr-libc
                0x0000849e       0x32 c:/program files (x86)/atmel/studio/7.0/toolchain/avr8/avr8-gnu-toolchain/bin/../lib/gcc/avr/5.4.0/../../../../avr/lib/avr51\libc.a(utoa_ncheck.o)
                0x0000849e                __utoa_ncheck
                0x000084a0                __utoa_common
 .text.avr-libc
                0x000084d0      0x2ec c:/program files (x86)/atmel/studio/7.0/toolchain/avr8/avr8-gnu-toolchain/bin/../lib/gcc/avr/5.4.0/../../../../avr/lib/avr51\libc.a(dtoa_prf.o)
                0x000084d0                dtoa_prf
 .text.avr-libc
                0x000087bc      0x1b0 c:/program files (x86)/atmel/studio/7.0/toolchain/avr8/avr8-gnu-toolchain/bin/../lib/gcc/avr/5.4.0/../../../../avr/lib/avr51\libc.a(ftoa_engine.o)
                0x000087bc                __ftoa_engine
 .text.avr-libc
                0x0000896c        0x6 c:/program files (x86)/atmel/studio/7.0/toolchain/avr8/avr8-gnu-toolchain/bin/../lib/gcc/avr/5.4.0/../../../../avr/lib/avr51\libc.a(cty_isfalse.o)
                0x0000896c                __ctype_isfalse
                0x00008970                __ctype_istrue
 .text.avr-libc
                0x00008972       0x20 c:/program files (x86)/atmel/studio/7.0/toolchain/avr8/avr8-gnu-toolchain/bin/../lib/gcc/avr/5.4.0/../../../../avr/lib/avr51\libc.a(strrev.o)
                0x00008972                strrev
 .text.avr-libc
                0x00008992       0x10 C:/Program Files (x86)/Atmel/Studio/7.0/Packs/atmel/ATmega_DFP/1.2.209/gcc/dev/atmega1284p/avr51\libatmega1284p.a(eerd_byte.o)
                0x00008992                eeprom_read_byte
 .text.avr-libc
                0x000089a2       0x1c C:/Program Files (x86)/Atmel/Studio/7.0/Packs/atmel/ATmega_DFP/1.2.209/gcc/dev/atmega1284p/avr51\libatmega1284p.a(eewr_byte.o)
                0x000089a2                eeprom_write_byte
                0x000089a4                eeprom_write_r18
                0x000089be                . = ALIGN (0x2)
 *(.fini9)
 .fini9         0x000089be        0x0 c:/program files (x86)/atmel/studio/7.0/toolchain/avr8/avr8-gnu-toolchain/bin/../lib/gcc/avr/5.4.0/avr51\libgcc.a(_exit.o)
                0x000089be                _exit
                0x000089be                exit
 *(.fini9)
 *(.fini8)
 *(.fini8)
 *(.fini7)
 *(.fini7)
 *(.fini6)
 .fini6         0x000089be       0x14 c:/program files (x86)/atmel/studio/7.0/toolchain/avr8/avr8-gnu-toolchain/bin/../lib/gcc/avr/5.4.0/avr51\libgcc.a(_dtors.o)
                0x000089be                __do_global_dtors
 *(.fini6)
 *(.fini5)
 *(.fini5)
 *(.fini4)
 *(.fini4)
 *(.fini3)
 *(.fini3)
 *(.fini2)
 *(.fini2)
 *(.fini1)
 *(.fini1)
 *(.fini0)
 .fini0         0x000089d2        0x4 c:/program files (x86)/atmel/studio/7.0/toolchain/avr8/avr8-gnu-toolchain/bin/../lib/gcc/avr/5.4.0/avr51\libgcc.a(_exit.o)
 *(.fini0)
                0x000089d6                _etext = .

.data           0x00800100      0x97e load address 0x000089d6
                0x00800100                PROVIDE (__data_start, .)
 *(.data)
 .data          0x00800100        0x6 c:/program files (x86)/atmel/studio/7.0/toolchain/avr8/avr8-gnu-toolchain/bin/../lib/gcc/avr/5.4.0/../../../../avr/lib/avr51\libc.a(malloc.o)
                0x00800100                __malloc_heap_end
                0x00800102                __malloc_heap_start
                0x00800104                __malloc_margin
 *(.data*)
 .data.MappaKeys
                0x00800106       0x10 Sketch.o
                0x00800106                MappaKeys
 .data.TmaxInviodati
                0x00800116        0x4 Sketch.o
                0x00800116                TmaxInviodati
 .data.TmaxErogazione
                0x0080011a        0x4 Sketch.o
                0x0080011a                TmaxErogazione
 .data.TselDistributore
                0x0080011e        0x4 Sketch.o
                0x0080011e                TselDistributore
 .data.TinputKM
                0x00800122        0x4 Sketch.o
                0x00800122                TinputKM
 .data.TinputTarga
                0x00800126        0x4 Sketch.o
                0x00800126                TinputTarga
 .data.mac      0x0080012a        0x6 Sketch.o
                0x0080012a                mac
 .data.serverREST
                0x00800130       0x12 Sketch.o
                0x00800130                serverREST
 .data.CodSede  0x00800142        0x7 Sketch.o
                0x00800142                CodSede
 .data.debounceDelay
                0x00800149        0x4 Sketch.o
                0x00800149                debounceDelay
 .data.ImpulsiLitro
                0x0080014d        0x2 Sketch.o
                0x0080014d                ImpulsiLitro
 .data.HTTP_len_response
                0x0080014f        0x2 Sketch.o
                0x0080014f                HTTP_len_response
 .data.Clessidra
                0x00800151        0x8 Sketch.o
                0x00800151                Clessidra
 .data.pn532response_firmwarevers
                0x00800159        0x6 src/libraries/NFC-PN532/NFC_PN532.o
                0x00800159                pn532response_firmwarevers
 .data.pn532ack
                0x0080015f        0x6 src/libraries/NFC-PN532/NFC_PN532.o
                0x0080015f                pn532ack
 .data._ZN14EthernetClient8_srcportE
                0x00800165        0x2 src/libraries/Ethernet2/src/EthernetClient.o
                0x00800165                _ZN14EthernetClient8_srcportE
 *(.gnu.linkonce.d*)
 *(.rodata)
 .rodata        0x00800167       0xd0 Sketch.o
 .rodata        0x00800237        0x8 src/libraries/LiquidCrystal/src/LCD.o
 *(.rodata*)
 .rodata.str1.1
                0x0080023f      0x77d Sketch.o
                                0x7af (size before relaxing)
 .rodata.._11   0x008009bc       0x10 Sketch.o
 .rodata.str1.1
                0x008009cc        0x9 src/libraries/NFC-PN532/NFC_PN532.o
                                  0xc (size before relaxing)
 .rodata._ZTV14EthernetClient
                0x008009d5       0x22 src/libraries/Ethernet2/src/EthernetClient.o
                0x008009d5                _ZTV14EthernetClient
 .rodata._ZTV11EthernetUDP
                0x008009f7       0x28 src/libraries/Ethernet2/src/EthernetUdp2.o
                0x008009f7                _ZTV11EthernetUDP
 .rodata._ZTV3LCD
                0x00800a1f       0x14 src/libraries/LiquidCrystal/src/LCD.o
                0x00800a1f                _ZTV3LCD
 .rodata._ZTV17LiquidCrystal_I2C
                0x00800a33       0x14 src/libraries/LiquidCrystal/src/LiquidCrystal_I2C.o
                0x00800a33                _ZTV17LiquidCrystal_I2C
 .rodata._ZTV7TwoWire
                0x00800a47       0x12 src/libraries/Wire/src/Wire.o
                0x00800a47                _ZTV7TwoWire
 .rodata._ZTV9IPAddress
                0x00800a59        0x6 C:\Users\giovanni.barbato\Desktop\CCEC\NOVARA\fwCCEC\TuinoDemo\ArduinoCore\Debug\libArduinoCore.a(IPAddress.o)
                0x00800a59                _ZTV9IPAddress
 .rodata.str1.1
                0x00800a5f        0xc C:\Users\giovanni.barbato\Desktop\CCEC\NOVARA\fwCCEC\TuinoDemo\ArduinoCore\Debug\libArduinoCore.a(Print.o)
                                  0xf (size before relaxing)
 .rodata.str1.1
                0x00800a6b        0x1 C:\Users\giovanni.barbato\Desktop\CCEC\NOVARA\fwCCEC\TuinoDemo\ArduinoCore\Debug\libArduinoCore.a(WString.o)
 .rodata._ZTV14HardwareSerial
                0x00800a6b       0x12 C:\Users\giovanni.barbato\Desktop\CCEC\NOVARA\fwCCEC\TuinoDemo\ArduinoCore\Debug\libArduinoCore.a(HardwareSerial.o)
                0x00800a6b                _ZTV14HardwareSerial
 *(.gnu.linkonce.r*)
                0x00800a7e                . = ALIGN (0x2)
 *fill*         0x00800a7d        0x1 
                0x00800a7e                _edata = .
                0x00800a7e                PROVIDE (__data_end, .)

.bss            0x00800a7e      0x352
                0x00800a7e                PROVIDE (__bss_start, .)
 *(.bss)
 *(.bss*)
 .bss.gpio      0x00800a7e        0x3 Sketch.o
                0x00800a7e                gpio
 .bss.KM        0x00800a81        0x6 Sketch.o
                0x00800a81                KM
 .bss.TARGA     0x00800a87        0x6 Sketch.o
                0x00800a87                TARGA
 .bss.nowTimer  0x00800a8d        0x6 Sketch.o
                0x00800a8d                nowTimer
 .bss.Timer     0x00800a93        0x4 Sketch.o
                0x00800a93                Timer
 .bss.UltimoPassaggioStato
                0x00800a97        0x4 Sketch.o
                0x00800a97                UltimoPassaggioStato
 .bss.secs      0x00800a9b        0x4 Sketch.o
                0x00800a9b                secs
 .bss.DS3231M   0x00800a9f        0xc Sketch.o
                0x00800a9f                DS3231M
 .bss.clientATE
                0x00800aab        0xd Sketch.o
                0x00800aab                clientATE
 .bss.clientLOCAL
                0x00800ab8        0xd Sketch.o
                0x00800ab8                clientLOCAL
 .bss.subnet    0x00800ac5        0x6 Sketch.o
                0x00800ac5                subnet
 .bss.gateway   0x00800acb        0x6 Sketch.o
                0x00800acb                gateway
 .bss.myDns     0x00800ad1        0x6 Sketch.o
                0x00800ad1                myDns
 .bss.ipCCEC    0x00800ad7        0x6 Sketch.o
                0x00800ad7                ipCCEC
 .bss.righeDisplay
                0x00800add       0x18 Sketch.o
                0x00800add                righeDisplay
 .bss.Messaggio
                0x00800af5        0x6 Sketch.o
                0x00800af5                Messaggio
 .bss.Risposta  0x00800afb        0x6 Sketch.o
                0x00800afb                Risposta
 .bss.RaccoltaDati
                0x00800b01       0x24 Sketch.o
                0x00800b01                RaccoltaDati
 .bss.RispostaHTTP
                0x00800b25        0x6 Sketch.o
                0x00800b25                RispostaHTTP
 .bss.distr_selezionato
                0x00800b2b        0x1 Sketch.o
                0x00800b2b                distr_selezionato
 .bss.impulsi   0x00800b2c        0x2 Sketch.o
                0x00800b2c                impulsi
 .bss.stato_procedura
                0x00800b2e        0x2 Sketch.o
                0x00800b2e                stato_procedura
 .bss.Connected
                0x00800b30        0x2 Sketch.o
                0x00800b30                Connected
 .bss.strURLAPI
                0x00800b32        0x6 Sketch.o
                0x00800b32                strURLAPI
 .bss.StatoAttuale
                0x00800b38        0x6 Sketch.o
                0x00800b38                StatoAttuale
 .bss.nfc       0x00800b3e       0x17 Sketch.o
                0x00800b3e                nfc
 .bss.lcd       0x00800b55       0x18 Sketch.o
                0x00800b55                lcd
 .bss.alreadyTimbrata
                0x00800b6d        0x1 Sketch.o
                0x00800b6d                alreadyTimbrata
 .bss.uidMezzo  0x00800b6e        0x7 Sketch.o
                0x00800b6e                uidMezzo
 .bss.uidLength
                0x00800b75        0x1 Sketch.o
                0x00800b75                uidLength
 .bss.success   0x00800b76        0x1 Sketch.o
                0x00800b76                success
 .bss.mezzo     0x00800b77       0x12 Sketch.o
                0x00800b77                mezzo
 .bss.intConsecutiveNonPresses
                0x00800b89        0x2 Sketch.o
                0x00800b89                intConsecutiveNonPresses
 .bss.intConsecutivePresses
                0x00800b8b        0x2 Sketch.o
                0x00800b8b                intConsecutivePresses
 .bss.Erogazioni
                0x00800b8d       0x18 Sketch.o
                0x00800b8d                Erogazioni
 .bss.Parametri
                0x00800ba5       0x2a Sketch.o
                0x00800ba5                Parametri
 .bss.ParametriCCEC
                0x00800bcf        0x2 Sketch.o
                0x00800bcf                ParametriCCEC
 .bss._ZL11INADDR_NONE
                0x00800bd1        0x6 Sketch.o
 .bss.pn532_packetbuffer
                0x00800bd7       0x40 src/libraries/NFC-PN532/NFC_PN532.o
                0x00800bd7                pn532_packetbuffer
 .bss._ZL11INADDR_NONE
                0x00800c17        0x6 src/libraries/Ethernet2/src/Dhcp.o
 .bss._ZL11INADDR_NONE
                0x00800c1d        0x6 src/libraries/Ethernet2/src/Dns.o
 .bss.Ethernet  0x00800c23        0xd src/libraries/Ethernet2/src/Ethernet2.o
                0x00800c23                Ethernet
 .bss._ZN13EthernetClass12_server_portE
                0x00800c30       0x10 src/libraries/Ethernet2/src/Ethernet2.o
                0x00800c30                _ZN13EthernetClass12_server_portE
 .bss._ZL11INADDR_NONE
                0x00800c40        0x6 src/libraries/Ethernet2/src/Ethernet2.o
 .bss._ZL11INADDR_NONE
                0x00800c46        0x6 src/libraries/Ethernet2/src/EthernetClient.o
 .bss._ZL11INADDR_NONE
                0x00800c4c        0x6 src/libraries/Ethernet2/src/EthernetServer.o
 .bss._ZL11INADDR_NONE
                0x00800c52        0x6 src/libraries/Ethernet2/src/EthernetUdp2.o
 .bss._ZL10local_port
                0x00800c58        0x2 src/libraries/Ethernet2/src/utility/socket.o
 .bss.SPI_CS    0x00800c5a        0x1 src/libraries/Ethernet2/src/utility/w5500.o
                0x00800c5a                SPI_CS
 .bss.wiznet_SPI_settings
                0x00800c5b        0x2 src/libraries/Ethernet2/src/utility/w5500.o
                0x00800c5b                wiznet_SPI_settings
 .bss.w5500     0x00800c5d        0x1 src/libraries/Ethernet2/src/utility/w5500.o
                0x00800c5d                w5500
 .bss._ZN8SPIClass13interruptSaveE
                0x00800c5e        0x1 src/libraries/SPI/src/SPI.o
                0x00800c5e                _ZN8SPIClass13interruptSaveE
 .bss._ZN8SPIClass13interruptMaskE
                0x00800c5f        0x1 src/libraries/SPI/src/SPI.o
                0x00800c5f                _ZN8SPIClass13interruptMaskE
 .bss._ZN8SPIClass13interruptModeE