Archive member included to satisfy reference by file (symbol)

c:/program files (x86)/atmel/studio/7.0/toolchain/avr8/avr8-gnu-toolchain/bin/../lib/gcc/avr/5.4.0/../../../../avr/lib/avr51\libm.a(cmpsf2.o)
                              Sketch.o (__ltsf2)
c:/program files (x86)/atmel/studio/7.0/toolchain/avr8/avr8-gnu-toolchain/bin/../lib/gcc/avr/5.4.0/../../../../avr/lib/avr51\libm.a(divsf3.o)
                              Sketch.o (__divsf3)
c:/program files (x86)/atmel/studio/7.0/toolchain/avr8/avr8-gnu-toolchain/bin/../lib/gcc/avr/5.4.0/../../../../avr/lib/avr51\libm.a(divsf3x.o)
                              c:/program files (x86)/atmel/studio/7.0/toolchain/avr8/avr8-gnu-toolchain/bin/../lib/gcc/avr/5.4.0/../../../../avr/lib/avr51\libm.a(divsf3.o) (__divsf3x)
c:/program files (x86)/atmel/studio/7.0/toolchain/avr8/avr8-gnu-toolchain/bin/../lib/gcc/avr/5.4.0/../../../../avr/lib/avr51\libm.a(floatsisf.o)
                              Sketch.o (__floatsisf)
c:/program files (x86)/atmel/studio/7.0/toolchain/avr8/avr8-gnu-toolchain/bin/../lib/gcc/avr/5.4.0/../../../../avr/lib/avr51\libm.a(fp_cmp.o)
                              c:/program files (x86)/atmel/studio/7.0/toolchain/avr8/avr8-gnu-toolchain/bin/../lib/gcc/avr/5.4.0/../../../../avr/lib/avr51\libm.a(cmpsf2.o) (__fp_cmp)
c:/program files (x86)/atmel/studio/7.0/toolchain/avr8/avr8-gnu-toolchain/bin/../lib/gcc/avr/5.4.0/../../../../avr/lib/avr51\libm.a(fp_inf.o)
                              c:/program files (x86)/atmel/studio/7.0/toolchain/avr8/avr8-gnu-toolchain/bin/../lib/gcc/avr/5.4.0/../../../../avr/lib/avr51\libm.a(divsf3x.o) (__fp_inf)
c:/program files (x86)/atmel/studio/7.0/toolchain/avr8/avr8-gnu-toolchain/bin/../lib/gcc/avr/5.4.0/../../../../avr/lib/avr51\libm.a(fp_nan.o)
                              c:/program files (x86)/atmel/studio/7.0/toolchain/avr8/avr8-gnu-toolchain/bin/../lib/gcc/avr/5.4.0/../../../../avr/lib/avr51\libm.a(divsf3x.o) (__fp_nan)
c:/program files (x86)/atmel/studio/7.0/toolchain/avr8/avr8-gnu-toolchain/bin/../lib/gcc/avr/5.4.0/../../../../avr/lib/avr51\libm.a(fp_pscA.o)
                              c:/program files (x86)/atmel/studio/7.0/toolchain/avr8/avr8-gnu-toolchain/bin/../lib/gcc/avr/5.4.0/../../../../avr/lib/avr51\libm.a(divsf3x.o) (__fp_pscA)
c:/program files (x86)/atmel/studio/7.0/toolchain/avr8/avr8-gnu-toolchain/bin/../lib/gcc/avr/5.4.0/../../../../avr/lib/avr51\libm.a(fp_pscB.o)
                              c:/program files (x86)/atmel/studio/7.0/toolchain/avr8/avr8-gnu-toolchain/bin/../lib/gcc/avr/5.4.0/../../../../avr/lib/avr51\libm.a(divsf3x.o) (__fp_pscB)
c:/program files (x86)/atmel/studio/7.0/toolchain/avr8/avr8-gnu-toolchain/bin/../lib/gcc/avr/5.4.0/../../../../avr/lib/avr51\libm.a(fp_round.o)
                              c:/program files (x86)/atmel/studio/7.0/toolchain/avr8/avr8-gnu-toolchain/bin/../lib/gcc/avr/5.4.0/../../../../avr/lib/avr51\libm.a(divsf3.o) (__fp_round)
c:/program files (x86)/atmel/studio/7.0/toolchain/avr8/avr8-gnu-toolchain/bin/../lib/gcc/avr/5.4.0/../../../../avr/lib/avr51\libm.a(fp_split3.o)
                              c:/program files (x86)/atmel/studio/7.0/toolchain/avr8/avr8-gnu-toolchain/bin/../lib/gcc/avr/5.4.0/../../../../avr/lib/avr51\libm.a(divsf3x.o) (__fp_split3)
c:/program files (x86)/atmel/studio/7.0/toolchain/avr8/avr8-gnu-toolchain/bin/../lib/gcc/avr/5.4.0/../../../../avr/lib/avr51\libm.a(fp_zero.o)
                              c:/program files (x86)/atmel/studio/7.0/toolchain/avr8/avr8-gnu-toolchain/bin/../lib/gcc/avr/5.4.0/../../../../avr/lib/avr51\libm.a(divsf3x.o) (__fp_szero)
C:\Users\giovanni.barbato\Desktop\CCEC\GAC_version\fwCCEC\TuinoDemo\ArduinoCore\Debug\libArduinoCore.a(abi.o)
                              src/libraries/LiquidCrystal/src/LCD.o (__cxa_pure_virtual)
C:\Users\giovanni.barbato\Desktop\CCEC\GAC_version\fwCCEC\TuinoDemo\ArduinoCore\Debug\libArduinoCore.a(HardwareSerial0.o)
                              Sketch.o (Serial)
C:\Users\giovanni.barbato\Desktop\CCEC\GAC_version\fwCCEC\TuinoDemo\ArduinoCore\Debug\libArduinoCore.a(IPAddress.o)
                              Sketch.o (_ZTV9IPAddress)
C:\Users\giovanni.barbato\Desktop\CCEC\GAC_version\fwCCEC\TuinoDemo\ArduinoCore\Debug\libArduinoCore.a(main.o)
                              C:/Program Files (x86)/Atmel/Studio/7.0/Packs/atmel/ATmega_DFP/1.2.209/gcc/dev/atmega1284p/avr51/crtatmega1284p.o (main)
C:\Users\giovanni.barbato\Desktop\CCEC\GAC_version\fwCCEC\TuinoDemo\ArduinoCore\Debug\libArduinoCore.a(new.o)
                              src/libraries/Ethernet2/src/Ethernet2.o (_Znwj)
C:\Users\giovanni.barbato\Desktop\CCEC\GAC_version\fwCCEC\TuinoDemo\ArduinoCore\Debug\libArduinoCore.a(Print.o)
                              src/libraries/LiquidCrystal/src/LCD.o (_ZN5Print5writeEPKhj)
C:\Users\giovanni.barbato\Desktop\CCEC\GAC_version\fwCCEC\TuinoDemo\ArduinoCore\Debug\libArduinoCore.a(wiring.o)
                              src/libraries/Ethernet2/src/Dhcp.o (millis)
[...]
Memory Configuration

Name             Origin             Length             Attributes
text             0x00000000         0x00020000         xr
data             0x00800100         0x0000ff00         rw !x
eeprom           0x00810000         0x00010000         rw !x
fuse             0x00820000         0x00000003         rw !x
lock             0x00830000         0x00000400         rw !x
signature        0x00840000         0x00000400         rw !x
user_signatures  0x00850000         0x00000400         rw !x
*default*        0x00000000         0xffffffff

Linker script and memory map

Address of section .data set to 0x800100
LOAD C:/Program Files (x86)/Atmel/Studio/7.0/Packs/atmel/ATmega_DFP/1.2.209/gcc/dev/atmega1284p/avr51/crtatmega1284p.o
LOAD Sketch.o
LOAD src/libraries/Keypad/src/PCA9534.o
LOAD src/libraries/NFC-PN532/NFC_PN532.o
LOAD src/libraries/DS3231M/src/DS3231M.o
LOAD src/libraries/Ethernet2/src/Dhcp.o
LOAD src/libraries/Ethernet2/src/Dns.o
LOAD src/libraries/Ethernet2/src/Ethernet2.o
LOAD src/libraries/Ethernet2/src/EthernetClient.o
LOAD src/libraries/Ethernet2/src/EthernetServer.o
LOAD src/libraries/Ethernet2/src/EthernetUdp2.o
LOAD src/libraries/Ethernet2/src/utility/socket.o
LOAD src/libraries/Ethernet2/src/utility/w5500.o
LOAD src/libraries/Keypad/src/Key.o
LOAD src/libraries/Keypad/src/Keypad.o
LOAD src/libraries/LiquidCrystal/src/I2CIO.o
LOAD src/libraries/LiquidCrystal/src/LCD.o
LOAD src/libraries/LiquidCrystal/src/LiquidCrystal.o
LOAD src/libraries/LiquidCrystal/src/LiquidCrystal_I2C.o
LOAD src/libraries/SPI/src/SPI.o
LOAD src/libraries/Wire/src/utility/twi.o
LOAD src/libraries/Wire/src/Wire.o
START GROUP
LOAD c:/program files (x86)/atmel/studio/7.0/toolchain/avr8/avr8-gnu-toolchain/bin/../lib/gcc/avr/5.4.0/../../../../avr/lib/avr51\libm.a
LOAD C:\Users\giovanni.barbato\Desktop\CCEC\GAC_version\fwCCEC\TuinoDemo\ArduinoCore\Debug\libArduinoCore.a
END GROUP
LOAD c:/program files (x86)/atmel/studio/7.0/toolchain/avr8/avr8-gnu-toolchain/bin/../lib/gcc/avr/5.4.0/avr51\libgcc.a
LOAD c:/program files (x86)/atmel/studio/7.0/toolchain/avr8/avr8-gnu-toolchain/bin/../lib/gcc/avr/5.4.0/../../../../avr/lib/avr51\libm.a
START GROUP
LOAD c:/program files (x86)/atmel/studio/7.0/toolchain/avr8/avr8-gnu-toolchain/bin/../lib/gcc/avr/5.4.0/avr51\libgcc.a
LOAD c:/program files (x86)/atmel/studio/7.0/toolchain/avr8/avr8-gnu-toolchain/bin/../lib/gcc/avr/5.4.0/../../../../avr/lib/avr51\libm.a
LOAD c:/program files (x86)/atmel/studio/7.0/toolchain/avr8/avr8-gnu-toolchain/bin/../lib/gcc/avr/5.4.0/../../../../avr/lib/avr51\libc.a
LOAD C:/Program Files (x86)/Atmel/Studio/7.0/Packs/atmel/ATmega_DFP/1.2.209/gcc/dev/atmega1284p/avr51\libatmega1284p.a
END GROUP
                0x00000000                __TEXT_REGION_ORIGIN__ = DEFINED (__TEXT_REGION_ORIGIN__)?__TEXT_REGION_ORIGIN__:0x0
                0x00800100                __DATA_REGION_ORIGIN__ = DEFINED (__DATA_REGION_ORIGIN__)?__DATA_REGION_ORIGIN__:0x800100
                0x00020000                __TEXT_REGION_LENGTH__ = DEFINED (__TEXT_REGION_LENGTH__)?__TEXT_REGION_LENGTH__:0x20000
                0x0000ff00                __DATA_REGION_LENGTH__ = DEFINED (__DATA_REGION_LENGTH__)?__DATA_REGION_LENGTH__:0xff00
                0x00010000                __EEPROM_REGION_LENGTH__ = DEFINED (__EEPROM_REGION_LENGTH__)?__EEPROM_REGION_LENGTH__:0x10000
                [0x00000003]                __FUSE_REGION_LENGTH__ = DEFINED (__FUSE_REGION_LENGTH__)?__FUSE_REGION_LENGTH__:0x400
                0x00000400                __LOCK_REGION_LENGTH__ = DEFINED (__LOCK_REGION_LENGTH__)?__LOCK_REGION_LENGTH__:0x400
                0x00000400                __SIGNATURE_REGION_LENGTH__ = DEFINED (__SIGNATURE_REGION_LENGTH__)?__SIGNATURE_REGION_LENGTH__:0x400
                0x00000400                __USER_SIGNATURE_REGION_LENGTH__ = DEFINED (__USER_SIGNATURE_REGION_LENGTH__)?__USER_SIGNATURE_REGION_LENGTH__:0x400

.hash
 *(.hash)

.dynsym
 *(.dynsym)

.dynstr
 *(.dynstr)

.gnu.version
 *(.gnu.version)

.gnu.version_d
 *(.gnu.version_d)

.gnu.version_r
 *(.gnu.version_r)

.rel.init
 *(.rel.init)

.rela.init
 *(.rela.init)

.rel.text
 *(.rel.text)
 *(.rel.text.*)
 *(.rel.gnu.linkonce.t*)

.rela.text
 *(.rela.text)
 *(.rela.text.*)
 *(.rela.gnu.linkonce.t*)

.rel.fini
 *(.rel.fini)

.rela.fini
 *(.rela.fini)

.rel.rodata
 *(.rel.rodata)
 *(.rel.rodata.*)
 *(.rel.gnu.linkonce.r*)

.rela.rodata
 *(.rela.rodata)
 *(.rela.rodata.*)
 *(.rela.gnu.linkonce.r*)

.rel.data
 *(.rel.data)
 *(.rel.data.*)
 *(.rel.gnu.linkonce.d*)

.rela.data
 *(.rela.data)
 *(.rela.data.*)
 *(.rela.gnu.linkonce.d*)

.rel.ctors
 *(.rel.ctors)

.rela.ctors
 *(.rela.ctors)

.rel.dtors
 *(.rel.dtors)

.rela.dtors
 *(.rela.dtors)

.rel.got
 *(.rel.got)

.rela.got
 *(.rela.got)

.rel.bss
 *(.rel.bss)

.rela.bss
 *(.rela.bss)

.rel.plt
 *(.rel.plt)

.rela.plt
 *(.rela.plt)

.text           0x00000000     0x7798
 *(.vectors)
 .vectors       0x00000000       0x8c C:/Program Files (x86)/Atmel/Studio/7.0/Packs/atmel/ATmega_DFP/1.2.209/gcc/dev/atmega1284p/avr51/crtatmega1284p.o
                0x00000000                __vector_default
                0x00000000                __vectors
 *(.vectors)
 *(.progmem.gcc*)
 .progmem.gcc_sw_table.loop
                0x0000008c       0x18 Sketch.o
 .progmem.gcc_sw_table._ZN8DateTimeC2EPK19__FlashStringHelperS2_
                0x000000a4       0x26 src/libraries/DS3231M/src/DS3231M.o
                0x000000ca                . = ALIGN (0x2)
                0x000000ca                __trampolines_start = .
 *(.trampolines)
 .trampolines   0x000000ca        0x0 linker stubs
 *(.trampolines*)
                0x000000ca                __trampolines_end = .
 *libprintf_flt.a:*(.progmem.data)
 *libc.a:*(.progmem.data)
 .progmem.data  0x000000ca       0xfa c:/program files (x86)/atmel/studio/7.0/toolchain/avr8/avr8-gnu-toolchain/bin/../lib/gcc/avr/5.4.0/../../../../avr/lib/avr51\libc.a(ftoa_engine.o)
 *(.progmem*)
 .progmem.data._ZZ5setupE3__c_0
                0x000001c4       0x1e Sketch.o
 .progmem.data._ZZ5setupE3__c
                0x000001e2       0x2f Sketch.o
 .progmem.data._ZZN13DS3231M_Class6adjustEvE3__c
                0x00000211        0xc src/libraries/DS3231M/src/DS3231M.o
 .progmem.data._ZZN13DS3231M_Class6adjustEvE3__c_0
                0x0000021d        0x9 src/libraries/DS3231M/src/DS3231M.o
 .progmem.data._ZL11daysInMonth
                0x00000226        0xc src/libraries/DS3231M/src/DS3231M.o
 .progmem.data.digital_pin_to_timer_PGM
                0x00000232       0x20 C:\Users\giovanni.barbato\Desktop\CCEC\GAC_version\fwCCEC\TuinoDemo\ArduinoCore\Debug\libArduinoCore.a(wiring_digital.o)
                0x00000232                digital_pin_to_timer_PGM
 .progmem.data.digital_pin_to_bit_mask_PGM
                0x00000252       0x20 C:\Users\giovanni.barbato\Desktop\CCEC\GAC_version\fwCCEC\TuinoDemo\ArduinoCore\Debug\libArduinoCore.a(wiring_digital.o)
                0x00000252                digital_pin_to_bit_mask_PGM
 .progmem.data.digital_pin_to_port_PGM
                0x00000272       0x20 C:\Users\giovanni.barbato\Desktop\CCEC\GAC_version\fwCCEC\TuinoDemo\ArduinoCore\Debug\libArduinoCore.a(wiring_digital.o)
                0x00000272                digital_pin_to_port_PGM
 .progmem.data.port_to_input_PGM
                0x00000292        0xa C:\Users\giovanni.barbato\Desktop\CCEC\GAC_version\fwCCEC\TuinoDemo\ArduinoCore\Debug\libArduinoCore.a(wiring_digital.o)
                0x00000292                port_to_input_PGM
 .progmem.data.port_to_output_PGM
                0x0000029c        0xa C:\Users\giovanni.barbato\Desktop\CCEC\GAC_version\fwCCEC\TuinoDemo\ArduinoCore\Debug\libArduinoCore.a(wiring_digital.o)
                0x0000029c                port_to_output_PGM
 .progmem.data.port_to_mode_PGM
                0x000002a6        0xa C:\Users\giovanni.barbato\Desktop\CCEC\GAC_version\fwCCEC\TuinoDemo\ArduinoCore\Debug\libArduinoCore.a(wiring_digital.o)
                0x000002a6                port_to_mode_PGM
                0x000002b0                . = ALIGN (0x2)
 *(.jumptables)
 *(.jumptables*)
 *(.lowtext)
 *(.lowtext*)
                0x000002b0                __ctors_start = .
 *(.ctors)
 .ctors         0x000002b0        0x2 Sketch.o
 .ctors         0x000002b2        0x2 src/libraries/Ethernet2/src/Dhcp.o
 .ctors         0x000002b4        0x2 src/libraries/Ethernet2/src/Dns.o
 .ctors         0x000002b6        0x2 src/libraries/Ethernet2/src/Ethernet2.o
 .ctors         0x000002b8        0x2 src/libraries/Ethernet2/src/EthernetClient.o
 .ctors         0x000002ba        0x2 src/libraries/Ethernet2/src/EthernetServer.o
 .ctors         0x000002bc        0x2 src/libraries/Ethernet2/src/EthernetUdp2.o
 .ctors         0x000002be        0x2 src/libraries/Ethernet2/src/utility/w5500.o
 .ctors         0x000002c0        0x2 src/libraries/Wire/src/Wire.o
 .ctors         0x000002c2        0x2 C:\Users\giovanni.barbato\Desktop\CCEC\GAC_version\fwCCEC\TuinoDemo\ArduinoCore\Debug\libArduinoCore.a(HardwareSerial0.o)
                0x000002c4                __ctors_end = .
                0x000002c4                __dtors_start = .
 *(.dtors)
 .dtors         0x000002c4        0x2 Sketch.o
                0x000002c6                __dtors_end = .
 SORT(*)(.ctors)
 SORT(*)(.dtors)
 *(.init0)
 .init0         0x000002c6        0x0 C:/Program Files (x86)/Atmel/Studio/7.0/Packs/atmel/ATmega_DFP/1.2.209/gcc/dev/atmega1284p/avr51/crtatmega1284p.o
                0x000002c6                __init
 *(.init0)
 *(.init1)
 *(.init1)
 *(.init2)
 .init2         0x000002c6        0xc C:/Program Files (x86)/Atmel/Studio/7.0/Packs/atmel/ATmega_DFP/1.2.209/gcc/dev/atmega1284p/avr51/crtatmega1284p.o
 *(.init2)
 *(.init3)
 *(.init3)
 *(.init4)
 .init4         0x000002d2       0x1a c:/program files (x86)/atmel/studio/7.0/toolchain/avr8/avr8-gnu-toolchain/bin/../lib/gcc/avr/5.4.0/avr51\libgcc.a(_copy_data.o)
                0x000002d2                __do_copy_data
 .init4         0x000002ec       0x10 c:/program files (x86)/atmel/studio/7.0/toolchain/avr8/avr8-gnu-toolchain/bin/../lib/gcc/avr/5.4.0/avr51\libgcc.a(_clear_bss.o)
                0x000002ec                __do_clear_bss
 *(.init4)
 *(.init5)
 *(.init5)
 *(.init6)
 .init6         0x000002fc       0x16 c:/program files (x86)/atmel/studio/7.0/toolchain/avr8/avr8-gnu-toolchain/bin/../lib/gcc/avr/5.4.0/avr51\libgcc.a(_ctors.o)
                0x000002fc                __do_global_ctors
 *(.init6)
 *(.init7)
 *(.init7)
 *(.init8)
 *(.init8)
 *(.init9)
 .init9         0x00000312        0x8 C:/Program Files (x86)/Atmel/Studio/7.0/Packs/atmel/ATmega_DFP/1.2.209/gcc/dev/atmega1284p/avr51/crtatmega1284p.o
 *(.init9)
 *(.text)
 .text          0x0000031a        0x2 C:/Program Files (x86)/Atmel/Studio/7.0/Packs/atmel/ATmega_DFP/1.2.209/gcc/dev/atmega1284p/avr51/crtatmega1284p.o
                0x0000031a                __vector_22
                0x0000031a                __vector_28
                0x0000031a                __vector_1
                0x0000031a                __vector_32
                0x0000031a                __vector_34
                0x0000031a                __vector_24
                0x0000031a                __vector_12
                0x0000031a                __bad_interrupt
                0x0000031a                __vector_6
                0x0000031a                __vector_31
                0x0000031a                __vector_3
                0x0000031a                __vector_23
                0x0000031a                __vector_30
                0x0000031a                __vector_25
                0x0000031a                __vector_11
                0x0000031a                __vector_13
                0x0000031a                __vector_17
                0x0000031a                __vector_27
                0x0000031a                __vector_5
                0x0000031a                __vector_33
                0x0000031a                __vector_9
                0x0000031a                __vector_2
                0x0000031a                __vector_21
                0x0000031a                __vector_15
                0x0000031a                __vector_29
                0x0000031a                __vector_8
                0x0000031a                __vector_14
                0x0000031a                __vector_10
                0x0000031a                __vector_20
                0x0000031c                . = ALIGN (0x2)
 *(.text.*)
 .text._ZN5Print17availableForWriteEv
                0x0000031c        0x6 Sketch.o
                0x0000031c                _ZN5Print17availableForWriteEv
 .text._ZN5Print5flushEv
                0x00000322        0x2 Sketch.o
                0x00000322                _ZN5Print5flushEv
 .text._ZL11disable_ETHv
                0x00000324        0x4 Sketch.o
 .text._Z19InizializzaEthernetv
                0x00000328       0xce Sketch.o
                0x00000328                _Z19InizializzaEthernetv
 .text._Z11my_delay_msi
                0x000003f6       0x18 Sketch.o
                0x000003f6                _Z11my_delay_msi
 .text._Z9printLinev
                0x0000040e       0x26 Sketch.o
                0x0000040e                _Z9printLinev
 .text._Z8printTabh
                0x00000434       0x22 Sketch.o
                0x00000434                _Z8printTabh
 .text._Z4passb
                0x00000456       0x30 Sketch.o
                0x00000456                _Z4passb
 .text._Z6Buzzerhm
                0x00000486       0x3c Sketch.o
                0x00000486                _Z6Buzzerhm
 .text._Z13getCharKeypadi
                0x000004c2      0x1cc Sketch.o
                0x000004c2                _Z13getCharKeypadi
 .text._Z10displayLCDP6Stringii
                0x0000068e       0x78 Sketch.o
                0x0000068e                _Z10displayLCDP6Stringii
 .text._Z11avanzaStatom
                0x00000706       0x62 Sketch.o
                0x00000706                _Z11avanzaStatom
 .text._Z14leggiTAG_Mezzob
                0x00000768      0x1c6 Sketch.o
                0x00000768                _Z14leggiTAG_Mezzob
 .text._Z14GetCodeRfidATev
                0x0000092e       0xcc Sketch.o
                0x0000092e                _Z14GetCodeRfidATev
 .text._Z19GetHTTPResponseCode6String
                0x000009fa       0xae Sketch.o
                0x000009fa                _Z19GetHTTPResponseCode6String
 .text._Z17PostErogazioneGACiPc14EthernetClient6String
                0x00000aa8      0x30e Sketch.o
                0x00000aa8                _Z17PostErogazioneGACiPc14EthernetClient6String
 .text._Z15abilitaPulsantiv
                0x00000db6       0x14 Sketch.o
                0x00000db6                _Z15abilitaPulsantiv
 .text._Z22abilitaContattiPistolav
                0x00000dca        0x6 Sketch.o
                0x00000dca                _Z22abilitaContattiPistolav
 .text._Z13abilitaPulserc
                0x00000dd0       0x1c Sketch.o
                0x00000dd0                _Z13abilitaPulserc
 .text._Z14impulsiToLitrii
                0x00000dec       0x56 Sketch.o
                0x00000dec                _Z14impulsiToLitrii
 .text._Z18Rele_Abilitazione1ii
                0x00000e42       0x76 Sketch.o
                0x00000e42                _Z18Rele_Abilitazione1ii
 .text._Z18Rele_Abilitazione2ii
                0x00000eb8       0x88 Sketch.o
                0x00000eb8                _Z18Rele_Abilitazione2ii
 .text._Z12Control_WIFIi
                0x00000f40       0x26 Sketch.o
                0x00000f40                _Z12Control_WIFIi
 .text._Z6Azzerav
                0x00000f66      0x13c Sketch.o
                0x00000f66                _Z6Azzerav
 .text._Z10inputTargac
                0x000010a2      0x17c Sketch.o
                0x000010a2                _Z10inputTargac
 .text._Z7inputKMc
                0x0000121e      0x19a Sketch.o
                0x0000121e                _Z7inputKMc
 .text.loop     0x000013b8      0xd32 Sketch.o
                0x000013b8                loop
 .text.__vector_4
                0x000020ea       0x60 Sketch.o
                0x000020ea                __vector_4
 .text.__vector_7
                0x0000214a      0x1d2 Sketch.o
                0x0000214a                __vector_7
 .text.startup._GLOBAL__sub_I_intConsecutivePresses
                0x0000231c      0x1ba Sketch.o
 .text.exit._GLOBAL__sub_D_intConsecutivePresses
                0x000024d6       0x9a Sketch.o
 .text.setup    0x00002570      0x38c Sketch.o
                0x00002570                setup
 .text._ZN7PCA9534C2Ev
                0x000028fc        0xa src/libraries/Keypad/src/PCA9534.o
                0x000028fc                _ZN7PCA9534C2Ev
                0x000028fc                _ZN7PCA9534C1Ev
 .text._ZN7PCA95345beginEh
                0x00002906        0xc src/libraries/Keypad/src/PCA9534.o
                0x00002906                _ZN7PCA95345beginEh
 .text._ZN7PCA953413setporteIoExpEhhh
                0x00002912       0xa8 src/libraries/Keypad/src/PCA9534.o
                0x00002912                _ZN7PCA953413setporteIoExpEhhh
 .text._ZN7PCA953410setCONFREGEh
                0x000029ba       0x2e src/libraries/Keypad/src/PCA9534.o
                0x000029ba                _ZN7PCA953410setCONFREGEh
 .text._ZN7PCA953416Read_IP_REGISTEREv
                0x000029e8       0x54 src/libraries/Keypad/src/PCA9534.o
                0x000029e8                _ZN7PCA953416Read_IP_REGISTEREv
 .text._ZN9NFC_PN532C2Ehh
                0x00002a3c       0x22 src/libraries/NFC-PN532/NFC_PN532.o
                0x00002a3c                _ZN9NFC_PN532C1Ehh
                0x00002a3c                _ZN9NFC_PN532C2Ehh
 .text._ZN9NFC_PN5325beginEv
                0x00002a5e       0x4a src/libraries/NFC-PN532/NFC_PN532.o
                0x00002a5e                _ZN9NFC_PN5325beginEv
 .text._ZN9NFC_PN53210GetHexCodeEPKhm
                0x00002aa8      0x110 src/libraries/NFC-PN532/NFC_PN532.o
                0x00002aa8                _ZN9NFC_PN53210GetHexCodeEPKhm
 .text._ZN9NFC_PN5327isreadyEv
                0x00002bb8       0x12 src/libraries/NFC-PN532/NFC_PN532.o
                0x00002bb8                _ZN9NFC_PN5327isreadyEv
 .text._ZN9NFC_PN5329waitreadyEj
                0x00002bca       0x5c src/libraries/NFC-PN532/NFC_PN532.o
                0x00002bca                _ZN9NFC_PN5329waitreadyEj
 .text._ZN9NFC_PN5328readdataEPhh
                0x00002c26       0x68 src/libraries/NFC-PN532/NFC_PN532.o
                0x00002c26                _ZN9NFC_PN5328readdataEPhh
 .text._ZN9NFC_PN5327readackEv
                0x00002c8e       0x44 src/libraries/NFC-PN532/NFC_PN532.o
                0x00002c8e                _ZN9NFC_PN5327readackEv
 .text._ZL8i2c_sendh
                0x00002cd2        0xa src/libraries/NFC-PN532/NFC_PN532.o
 .text._ZN9NFC_PN53212writecommandEPhh
                0x00002cdc       0x92 src/libraries/NFC-PN532/NFC_PN532.o
                0x00002cdc                _ZN9NFC_PN53212writecommandEPhh
 .text._ZN9NFC_PN53219sendCommandCheckAckEPhhj
                0x00002d6e       0x30 src/libraries/NFC-PN532/NFC_PN532.o
                0x00002d6e                _ZN9NFC_PN53219sendCommandCheckAckEPhhj
 .text._ZN9NFC_PN53218getFirmwareVersionEv
                0x00002d9e       0x90 src/libraries/NFC-PN532/NFC_PN532.o
                0x00002d9e                _ZN9NFC_PN53218getFirmwareVersionEv
 .text._ZN9NFC_PN5329SAMConfigEv
                0x00002e2e       0x5c src/libraries/NFC-PN532/NFC_PN532.o
                0x00002e2e                _ZN9NFC_PN5329SAMConfigEv
 .text._ZN9NFC_PN53227setPassiveActivationRetriesEh
                0x00002e8a       0x20 src/libraries/NFC-PN532/NFC_PN532.o
                0x00002e8a                _ZN9NFC_PN53227setPassiveActivationRetriesEh
 .text._ZN9NFC_PN53219readPassiveTargetIDEhPhS0_j
                0x00002eaa       0xa8 src/libraries/NFC-PN532/NFC_PN532.o
                0x00002eaa                _ZN9NFC_PN53219readPassiveTargetIDEhPhS0_j
 .text._ZN9NFC_PN53231mifareclassic_AuthenticateBlockEPhhmhS0_
                0x00002f52       0xc0 src/libraries/NFC-PN532/NFC_PN532.o
                0x00002f52                _ZN9NFC_PN53231mifareclassic_AuthenticateBlockEPhhmhS0_
 .text._ZN9NFC_PN53227mifareclassic_ReadDataBlockEhPh
                0x00003012       0x66 src/libraries/NFC-PN532/NFC_PN532.o
                0x00003012                _ZN9NFC_PN53227mifareclassic_ReadDataBlockEhPh
 .text._ZN9NFC_PN53228mifareclassic_WriteDataBlockEhPh
                0x00003078       0x60 src/libraries/NFC-PN532/NFC_PN532.o
                0x00003078                _ZN9NFC_PN53228mifareclassic_WriteDataBlockEhPh
 .text._ZL9date2daysjhh
                0x000030d8       0x64 src/libraries/DS3231M/src/DS3231M.o
 .text._ZL6conv2dPKc
                0x0000313c       0x1a src/libraries/DS3231M/src/DS3231M.o
 .text._ZN8DateTimeC2Em
                0x00003156       0xf2 src/libraries/DS3231M/src/DS3231M.o
                0x00003156                _ZN8DateTimeC2Em
                0x00003156                _ZN8DateTimeC1Em
 .text._ZN8DateTimeC2EPK19__FlashStringHelperS2_
                0x00003248       0xea src/libraries/DS3231M/src/DS3231M.o
                0x00003248                _ZN8DateTimeC2EPK19__FlashStringHelperS2_
                0x00003248                _ZN8DateTimeC1EPK19__FlashStringHelperS2_
 .text._ZNK8DateTime12dayOfTheWeekEv
                0x00003332       0x18 src/libraries/DS3231M/src/DS3231M.o
                0x00003332                _ZNK8DateTime12dayOfTheWeekEv
 .text._ZNK8DateTime8unixtimeEv
                0x0000334a       0x7a src/libraries/DS3231M/src/DS3231M.o
                0x0000334a                _ZNK8DateTime8unixtimeEv
 .text._ZNK8DateTime11secondstimeEv
                0x000033c4       0x6a src/libraries/DS3231M/src/DS3231M.o
                0x000033c4                _ZNK8DateTime11secondstimeEv
 .text._ZN13DS3231M_ClassC2Ev
                0x0000342e        0xe src/libraries/DS3231M/src/DS3231M.o
                0x0000342e                _ZN13DS3231M_ClassC2Ev
                0x0000342e                _ZN13DS3231M_ClassC1Ev
 .text._ZN13DS3231M_ClassD2Ev
                0x0000343c        0x2 src/libraries/DS3231M/src/DS3231M.o
                0x0000343c                _ZN13DS3231M_ClassD2Ev
                0x0000343c                _ZN13DS3231M_ClassD1Ev
 .text._ZN13DS3231M_Class9writeByteEhh
                0x0000343e       0x40 src/libraries/DS3231M/src/DS3231M.o
                0x0000343e                _ZN13DS3231M_Class9writeByteEhh
 .text._ZN13DS3231M_Class8readByteEh
                0x0000347e       0x44 src/libraries/DS3231M/src/DS3231M.o
                0x0000347e                _ZN13DS3231M_Class8readByteEh
 .text._ZN13DS3231M_Class5beginEm
                0x000034c2       0x60 src/libraries/DS3231M/src/DS3231M.o
                0x000034c2                _ZN13DS3231M_Class5beginEm
 .text._ZN13DS3231M_Class3nowEv
                0x00003522      0x140 src/libraries/DS3231M/src/DS3231M.o
                0x00003522                _ZN13DS3231M_Class3nowEv
 .text._ZN13DS3231M_Class6adjustERK8DateTime
                0x00003662      0x11c src/libraries/DS3231M/src/DS3231M.o
                0x00003662                _ZN13DS3231M_Class6adjustERK8DateTime
 .text._ZN13DS3231M_Class6adjustEv
                0x0000377e       0x42 src/libraries/DS3231M/src/DS3231M.o
                0x0000377e                _ZN13DS3231M_Class6adjustEv
 .text.startup._GLOBAL__sub_I__ZN9DhcpClass13beginWithDHCPEPhmm
                0x000037c0       0x16 src/libraries/Ethernet2/src/Dhcp.o
 .text._ZN9DNSClient5beginERK9IPAddress
                0x000037d6       0x1a src/libraries/Ethernet2/src/Dns.o
                0x000037d6                _ZN9DNSClient5beginERK9IPAddress
 .text._ZN9DNSClient9inet_atonEPKcR9IPAddress
                0x000037f0       0x80 src/libraries/Ethernet2/src/Dns.o
                0x000037f0                _ZN9DNSClient9inet_atonEPKcR9IPAddress
 .text.startup._GLOBAL__sub_I__ZN9DNSClient5beginERK9IPAddress
                0x00003870       0x16 src/libraries/Ethernet2/src/Dns.o
 .text._ZN9DNSClient12BuildRequestEPKc
                0x00003886      0x142 src/libraries/Ethernet2/src/Dns.o
                0x00003886                _ZN9DNSClient12BuildRequestEPKc
 .text._ZN9DNSClient15ProcessResponseEjR9IPAddress
                0x000039c8      0x2c2 src/libraries/Ethernet2/src/Dns.o
                0x000039c8                _ZN9DNSClient15ProcessResponseEjR9IPAddress
 .text._ZN9DNSClient13getHostByNameEPKcR9IPAddress
                0x00003c8a      0x112 src/libraries/Ethernet2/src/Dns.o
                0x00003c8a                _ZN9DNSClient13getHostByNameEPKcR9IPAddress
 .text._ZN10W5500Class8writeGAREPh
                0x00003d9c        0xe src/libraries/Ethernet2/src/Ethernet2.o
                0x00003d9c                _ZN10W5500Class8writeGAREPh
 .text._ZN10W5500Class9writeSUBREPh
                0x00003daa        0xe src/libraries/Ethernet2/src/Ethernet2.o
                0x00003daa                _ZN10W5500Class9writeSUBREPh
 .text._ZN10W5500Class9writeSHAREPh
                0x00003db8        0xe src/libraries/Ethernet2/src/Ethernet2.o
                0x00003db8                _ZN10W5500Class9writeSHAREPh
 .text._ZN10W5500Class9writeSIPREPh
                0x00003dc6        0xe src/libraries/Ethernet2/src/Ethernet2.o
                0x00003dc6                _ZN10W5500Class9writeSIPREPh
 .text._ZN13EthernetClass5beginEPh9IPAddressS1_S1_S1_
                0x00003dd4       0x6c src/libraries/Ethernet2/src/Ethernet2.o
                0x00003dd4                _ZN13EthernetClass5beginEPh9IPAddressS1_S1_S1_
 .text._ZN13EthernetClass11dnsServerIPEv
                0x00003e40       0x20 src/libraries/Ethernet2/src/Ethernet2.o
                0x00003e40                _ZN13EthernetClass11dnsServerIPEv
 .text.startup._GLOBAL__sub_I__ZN13EthernetClass6_stateE
                0x00003e60       0x2a src/libraries/Ethernet2/src/Ethernet2.o
 .text._ZN14EthernetClientneERKS_
                0x00003e8a       0x14 src/libraries/Ethernet2/src/EthernetClient.o
                0x00003e8a                _ZN14EthernetClientneERKS_
 .text._ZN14EthernetClient5writeEh
                0x00003e9e       0x2c src/libraries/Ethernet2/src/EthernetClient.o
                0x00003e9e                _ZN14EthernetClient5writeEh
 .text._ZN14EthernetClientcvbEv
                0x00003eca       0x10 src/libraries/Ethernet2/src/EthernetClient.o
                0x00003eca                _ZN14EthernetClientcvbEv
 .text._ZN14EthernetClienteqERKS_
                0x00003eda       0x16 src/libraries/Ethernet2/src/EthernetClient.o
                0x00003eda                _ZN14EthernetClienteqERKS_
 .text._ZN14EthernetClient7connectEPKcj
                0x00003ef0       0xb4 src/libraries/Ethernet2/src/EthernetClient.o
                0x00003ef0                _ZN14EthernetClient7connectEPKcj
 .text._ZN14EthernetClient5writeEPKhj
                0x00003fa4       0x3a src/libraries/Ethernet2/src/EthernetClient.o
                0x00003fa4                _ZN14EthernetClient5writeEPKhj
 .text._ZN14EthernetClient9availableEv
                0x00003fde       0x14 src/libraries/Ethernet2/src/EthernetClient.o
                0x00003fde                _ZN14EthernetClient9availableEv
 .text._ZN14EthernetClient4readEv
                0x00003ff2       0x32 src/libraries/Ethernet2/src/EthernetClient.o
                0x00003ff2                _ZN14EthernetClient4readEv
 .text._ZN14EthernetClient4readEPhj
                0x00004024        0x6 src/libraries/Ethernet2/src/EthernetClient.o
                0x00004024                _ZN14EthernetClient4readEPhj
 .text._ZN14EthernetClient4peekEv
                0x0000402a       0x44 src/libraries/Ethernet2/src/EthernetClient.o
                0x0000402a                _ZN14EthernetClient4peekEv
 .text._ZN14EthernetClient5flushEv
                0x0000406e        0x6 src/libraries/Ethernet2/src/EthernetClient.o
                0x0000406e                _ZN14EthernetClient5flushEv
 .text._ZN14EthernetClientC2Ev
                0x00004074       0x24 src/libraries/Ethernet2/src/EthernetClient.o
                0x00004074                _ZN14EthernetClientC2Ev
                0x00004074                _ZN14EthernetClientC1Ev
 .text._ZN14EthernetClient6statusEv
                0x00004098       0x1a src/libraries/Ethernet2/src/EthernetClient.o
                0x00004098                _ZN14EthernetClient6statusEv
 .text._ZN14EthernetClient9connectedEv
                0x000040b2       0x46 src/libraries/Ethernet2/src/EthernetClient.o
                0x000040b2                _ZN14EthernetClient9connectedEv
 .text._ZN14EthernetClient4stopEv
                0x000040f8       0x7c src/libraries/Ethernet2/src/EthernetClient.o
                0x000040f8                _ZN14EthernetClient4stopEv
 .text._ZN14EthernetClient7connectE9IPAddressj
                0x00004174       0xba src/libraries/Ethernet2/src/EthernetClient.o
                0x00004174                _ZN14EthernetClient7connectE9IPAddressj
 .text.startup._GLOBAL__sub_I__ZN14EthernetClient8_srcportE
                0x0000422e       0x16 src/libraries/Ethernet2/src/EthernetClient.o
 .text.startup._GLOBAL__sub_I__ZN14EthernetServerC2Ej
                0x00004244       0x16 src/libraries/Ethernet2/src/EthernetServer.o
 .text._ZN3UDP14beginMulticastE9IPAddressj
                0x0000425a        0x4 src/libraries/Ethernet2/src/EthernetUdp2.o
                0x0000425a                _ZN3UDP14beginMulticastE9IPAddressj
 .text._ZN11EthernetUDP4readEPcj
                0x0000425e        0xe src/libraries/Ethernet2/src/EthernetUdp2.o
                0x0000425e                _ZN11EthernetUDP4readEPcj
 .text._ZN11EthernetUDP8remoteIPEv
                0x0000426c       0x20 src/libraries/Ethernet2/src/EthernetUdp2.o
                0x0000426c                _ZN11EthernetUDP8remoteIPEv
 .text._ZN11EthernetUDP10remotePortEv
                0x0000428c        0x8 src/libraries/Ethernet2/src/EthernetUdp2.o
                0x0000428c                _ZN11EthernetUDP10remotePortEv
 .text._ZN11EthernetUDP9availableEv
                0x00004294        0x8 src/libraries/Ethernet2/src/EthernetUdp2.o
                0x00004294                _ZN11EthernetUDP9availableEv
 .text._ZN11EthernetUDP5writeEh
                0x0000429c       0x2c src/libraries/Ethernet2/src/EthernetUdp2.o
                0x0000429c                _ZN11EthernetUDP5writeEh
 .text._ZN11EthernetUDP5flushEv
                0x000042c8       0x24 src/libraries/Ethernet2/src/EthernetUdp2.o
                0x000042c8                _ZN11EthernetUDP5flushEv
 .text._ZN11EthernetUDP4stopEv
                0x000042ec       0x28 src/libraries/Ethernet2/src/EthernetUdp2.o
                0x000042ec                _ZN11EthernetUDP4stopEv
 .text._ZN11EthernetUDP11beginPacketE9IPAddressj
                0x00004314        0xe src/libraries/Ethernet2/src/EthernetUdp2.o
                0x00004314                _ZN11EthernetUDP11beginPacketE9IPAddressj
 .text._ZN11EthernetUDP9endPacketEv
                0x00004322        0x6 src/libraries/Ethernet2/src/EthernetUdp2.o
                0x00004322                _ZN11EthernetUDP9endPacketEv
 .text._ZN11EthernetUDP5writeEPKhj
                0x00004328       0x26 src/libraries/Ethernet2/src/EthernetUdp2.o
                0x00004328                _ZN11EthernetUDP5writeEPKhj
 .text._ZN11EthernetUDP4readEv
                0x0000434e       0x50 src/libraries/Ethernet2/src/EthernetUdp2.o
                0x0000434e                _ZN11EthernetUDP4readEv
 .text._ZN11EthernetUDP4readEPhj
                0x0000439e       0x3c src/libraries/Ethernet2/src/EthernetUdp2.o
                0x0000439e                _ZN11EthernetUDP4readEPhj
 .text._ZN11EthernetUDP4peekEv
                0x000043da       0x30 src/libraries/Ethernet2/src/EthernetUdp2.o
                0x000043da                _ZN11EthernetUDP4peekEv
 .text._ZN11EthernetUDP5beginEj
                0x0000440a       0x62 src/libraries/Ethernet2/src/EthernetUdp2.o
                0x0000440a                _ZN11EthernetUDP5beginEj
 .text._ZN11EthernetUDP11parsePacketEv
                0x0000446c       0x9e src/libraries/Ethernet2/src/EthernetUdp2.o
                0x0000446c                _ZN11EthernetUDP11parsePacketEv
 .text._ZN11EthernetUDPC2Ev
                0x0000450a       0x2a src/libraries/Ethernet2/src/EthernetUdp2.o
                0x0000450a                _ZN11EthernetUDPC1Ev
                0x0000450a                _ZN11EthernetUDPC2Ev
 .text._ZN11EthernetUDP11beginPacketEPKcj
                0x00004534       0xb4 src/libraries/Ethernet2/src/EthernetUdp2.o
                0x00004534                _ZN11EthernetUDP11beginPacketEPKcj
 .text.startup._GLOBAL__sub_I__ZN11EthernetUDPC2Ev
                0x000045e8       0x16 src/libraries/Ethernet2/src/EthernetUdp2.o
 .text._ZN10W5500Class11writeSnDIPREhPh
                0x000045fe       0x16 src/libraries/Ethernet2/src/utility/socket.o
                0x000045fe                _ZN10W5500Class11writeSnDIPREhPh
 .text._ZN10W5500Class6readSnEhj
                0x00004614       0x10 src/libraries/Ethernet2/src/utility/socket.o
                0x00004614                _ZN10W5500Class6readSnEhj
 .text._ZN10W5500Class8readSnIREh
                0x00004624        0x6 src/libraries/Ethernet2/src/utility/socket.o
                0x00004624                _ZN10W5500Class8readSnIREh
 .text._ZN10W5500Class7writeSnEhjh
                0x0000462a       0x10 src/libraries/Ethernet2/src/utility/socket.o
                0x0000462a                _ZN10W5500Class7writeSnEhjh
 .text._ZN10W5500Class11writeSnPORTEhj
                0x0000463a       0x1e src/libraries/Ethernet2/src/utility/socket.o
                0x0000463a                _ZN10W5500Class11writeSnPORTEhj
 .text._ZN10W5500Class9writeSnIREhh
                0x00004658        0x8 src/libraries/Ethernet2/src/utility/socket.o
                0x00004658                _ZN10W5500Class9writeSnIREhh
 .text._ZN10W5500Class12writeSnDPORTEhj
                0x00004660       0x1e src/libraries/Ethernet2/src/utility/socket.o
                0x00004660                _ZN10W5500Class12writeSnDPORTEhj
 .text._Z5closeh
                0x0000467e       0x16 src/libraries/Ethernet2/src/utility/socket.o
                0x0000467e                _Z5closeh
 .text._Z6sockethhjh
                0x00004694       0x66 src/libraries/Ethernet2/src/utility/socket.o
                0x00004694                _Z6sockethhjh
 .text._Z7connecthPhj
                0x000046fa       0x66 src/libraries/Ethernet2/src/utility/socket.o
                0x000046fa                _Z7connecthPhj
 .text._Z10disconnecth
                0x00004760        0xa src/libraries/Ethernet2/src/utility/socket.o
                0x00004760                _Z10disconnecth
 .text._Z4sendhPKhj
                0x0000476a       0x90 src/libraries/Ethernet2/src/utility/socket.o
                0x0000476a                _Z4sendhPKhj
 .text._Z4recvhPhi
                0x000047fa       0x82 src/libraries/Ethernet2/src/utility/socket.o
                0x000047fa                _Z4recvhPhi
 .text._Z4peekhPh
                0x0000487c       0x1a src/libraries/Ethernet2/src/utility/socket.o
                0x0000487c                _Z4peekhPh
 .text._Z5flushh
                0x00004896        0x2 src/libraries/Ethernet2/src/utility/socket.o
                0x00004896                _Z5flushh
 .text._Z10bufferDatahjPKhj
                0x00004898       0x56 src/libraries/Ethernet2/src/utility/socket.o
                0x00004898                _Z10bufferDatahjPKhj
 .text._Z8startUDPhPhj
                0x000048ee       0x46 src/libraries/Ethernet2/src/utility/socket.o
                0x000048ee                _Z8startUDPhPhj
 .text._Z7sendUDPh
                0x00004934       0x38 src/libraries/Ethernet2/src/utility/socket.o
                0x00004934                _Z7sendUDPh
 .text._ZN8SPIClass16beginTransactionE11SPISettings
                0x0000496c       0x34 src/libraries/Ethernet2/src/utility/w5500.o
                0x0000496c                _ZN8SPIClass16beginTransactionE11SPISettings
 .text._ZN8SPIClass8transferEh
                0x000049a0        0xe src/libraries/Ethernet2/src/utility/w5500.o
                0x000049a0                _ZN8SPIClass8transferEh
 .text._ZN8SPIClass14endTransactionEv
                0x000049ae       0x22 src/libraries/Ethernet2/src/utility/w5500.o
                0x000049ae                _ZN8SPIClass14endTransactionEv
 .text._ZN10W5500Class5setSSEv
                0x000049d0        0x4 src/libraries/Ethernet2/src/utility/w5500.o
                0x000049d0                _ZN10W5500Class5setSSEv
 .text._ZN10W5500Class7resetSSEv
                0x000049d4        0x4 src/libraries/Ethernet2/src/utility/w5500.o
                0x000049d4                _ZN10W5500Class7resetSSEv
 .text._ZN10W5500Class5writeEjhh
                0x000049d8       0x3c src/libraries/Ethernet2/src/utility/w5500.o
                0x000049d8                _ZN10W5500Class5writeEjhh
 .text._ZN10W5500Class5writeEjhPKhj
                0x00004a14       0x58 src/libraries/Ethernet2/src/utility/w5500.o
                0x00004a14                _ZN10W5500Class5writeEjhPKhj
 .text._ZN10W5500Class4readEjh
                0x00004a6c       0x38 src/libraries/Ethernet2/src/utility/w5500.o
                0x00004a6c                _ZN10W5500Class4readEjh
 .text._ZN10W5500Class4initEh
                0x00004aa4       0x58 src/libraries/Ethernet2/src/utility/w5500.o
                0x00004aa4                _ZN10W5500Class4initEh
 .text._ZN10W5500Class12readSnTX_FSREh
                0x00004afc       0x2e src/libraries/Ethernet2/src/utility/w5500.o
                0x00004afc                _ZN10W5500Class12readSnTX_FSREh
 .text._ZN10W5500Class13getTXFreeSizeEh
                0x00004b2a       0x34 src/libraries/Ethernet2/src/utility/w5500.o
                0x00004b2a                _ZN10W5500Class13getTXFreeSizeEh
 .text._ZN10W5500Class12readSnRX_RSREh
                0x00004b5e       0x2e src/libraries/Ethernet2/src/utility/w5500.o
                0x00004b5e                _ZN10W5500Class12readSnRX_RSREh
 .text._ZN10W5500Class17getRXReceivedSizeEh
                0x00004b8c       0x34 src/libraries/Ethernet2/src/utility/w5500.o
                0x00004b8c                _ZN10W5500Class17getRXReceivedSizeEh
 .text._ZN10W5500Class27send_data_processing_offsetEhjPKhj
                0x00004bc0       0x74 src/libraries/Ethernet2/src/utility/w5500.o
                0x00004bc0                _ZN10W5500Class27send_data_processing_offsetEhjPKhj
 .text._ZN10W5500Class20send_data_processingEhPKhj
                0x00004c34       0x14 src/libraries/Ethernet2/src/utility/w5500.o
                0x00004c34                _ZN10W5500Class20send_data_processingEhPKhj
 .text._ZN10W5500Class4readEjhPhj
                0x00004c48       0x5a src/libraries/Ethernet2/src/utility/w5500.o
                0x00004c48                _ZN10W5500Class4readEjhPhj
 .text._ZN10W5500Class9read_dataEhjPVhj
                0x00004ca2       0x30 src/libraries/Ethernet2/src/utility/w5500.o
                0x00004ca2                _ZN10W5500Class9read_dataEhjPVhj
 .text._ZN10W5500Class20recv_data_processingEhPhjh
                0x00004cd2       0x9a src/libraries/Ethernet2/src/utility/w5500.o
                0x00004cd2                _ZN10W5500Class20recv_data_processingEhPhjh
 .text._ZN10W5500Class9execCmdSnEh7SockCMD
                0x00004d6c       0x1c src/libraries/Ethernet2/src/utility/w5500.o
                0x00004d6c                _ZN10W5500Class9execCmdSnEh7SockCMD
 .text.startup._GLOBAL__sub_I_w5500
                0x00004d88        0xe src/libraries/Ethernet2/src/utility/w5500.o
 .text._ZN5I2CIOC2Ev
                0x00004d96        0xe src/libraries/LiquidCrystal/src/I2CIO.o
                0x00004d96                _ZN5I2CIOC2Ev
                0x00004d96                _ZN5I2CIOC1Ev
 .text._ZN5I2CIO8portModeEh
                0x00004da4       0x16 src/libraries/LiquidCrystal/src/I2CIO.o
                0x00004da4                _ZN5I2CIO8portModeEh
 .text._ZN5I2CIO11isAvailableEh
                0x00004dba       0x16 src/libraries/LiquidCrystal/src/I2CIO.o
                0x00004dba                _ZN5I2CIO11isAvailableEh
 .text._ZN5I2CIO5beginEh
                0x00004dd0       0x2c src/libraries/LiquidCrystal/src/I2CIO.o
                0x00004dd0                _ZN5I2CIO5beginEh
 .text._ZN5I2CIO5writeEh
                0x00004dfc       0x48 src/libraries/LiquidCrystal/src/I2CIO.o
                0x00004dfc                _ZN5I2CIO5writeEh
 .text._ZN3LCD15setBacklightPinEh13t_backlighPol
                0x00004e44        0x2 src/libraries/LiquidCrystal/src/LCD.o
                0x00004e44                _ZN3LCD15setBacklightPinEh13t_backlighPol
 .text._ZN3LCD12setBacklightEh
                0x00004e46        0x2 src/libraries/LiquidCrystal/src/LCD.o
                0x00004e46                _ZN3LCD12setBacklightEh
 .text._ZN3LCD5writeEh
                0x00004e48       0x16 src/libraries/LiquidCrystal/src/LCD.o
                0x00004e48                _ZN3LCD5writeEh
 .text._ZN3LCDC2Ev
                0x00004e5e       0x10 src/libraries/LiquidCrystal/src/LCD.o
                0x00004e5e                _ZN3LCDC1Ev
                0x00004e5e                _ZN3LCDC2Ev
 .text._ZN3LCD9backlightEv
                0x00004e6e       0x10 src/libraries/LiquidCrystal/src/LCD.o
                0x00004e6e                _ZN3LCD9backlightEv
 .text._ZN3LCD11noBacklightEv
                0x00004e7e       0x10 src/libraries/LiquidCrystal/src/LCD.o
                0x00004e7e                _ZN3LCD11noBacklightEv
 .text._ZN3LCD7commandEh
                0x00004e8e       0x10 src/libraries/LiquidCrystal/src/LCD.o
                0x00004e8e                _ZN3LCD7commandEh
 .text._ZN3LCD5clearEv
                0x00004e9e        0xc src/libraries/LiquidCrystal/src/LCD.o
                0x00004e9e                _ZN3LCD5clearEv
 .text._ZN3LCD9setCursorEhh
                0x00004eaa       0x84 src/libraries/LiquidCrystal/src/LCD.o
                0x00004eaa                _ZN3LCD9setCursorEhh
 .text._ZN3LCD9noDisplayEv
                0x00004f2e        0xc src/libraries/LiquidCrystal/src/LCD.o
                0x00004f2e                _ZN3LCD9noDisplayEv
 .text._ZN3LCD7displayEv
                0x00004f3a        0xe src/libraries/LiquidCrystal/src/LCD.o
                0x00004f3a                _ZN3LCD7displayEv
 .text._ZN3LCD5beginEhhh
                0x00004f48       0xf2 src/libraries/LiquidCrystal/src/LCD.o
                0x00004f48                _ZN3LCD5beginEhhh
 .text._ZN3LCD10createCharEhPh
                0x0000503a       0x5e src/libraries/LiquidCrystal/src/LCD.o
                0x0000503a                _ZN3LCD10createCharEhPh
 .text._ZN17LiquidCrystal_I2C15setBacklightPinEh13t_backlighPol
                0x00005098       0x26 src/libraries/LiquidCrystal/src/LiquidCrystal_I2C.o
                0x00005098                _ZN17LiquidCrystal_I2C15setBacklightPinEh13t_backlighPol
 .text._ZN17LiquidCrystal_I2C12setBacklightEh
                0x000050be       0x2c src/libraries/LiquidCrystal/src/LiquidCrystal_I2C.o
                0x000050be                _ZN17LiquidCrystal_I2C12setBacklightEh
 .text._ZN17LiquidCrystal_I2C4initEv
                0x000050ea       0x3e src/libraries/LiquidCrystal/src/LiquidCrystal_I2C.o
                0x000050ea                _ZN17LiquidCrystal_I2C4initEv
 .text._ZN17LiquidCrystal_I2C6configEhhhhhhhh
                0x00005128       0x80 src/libraries/LiquidCrystal/src/LiquidCrystal_I2C.o
                0x00005128                _ZN17LiquidCrystal_I2C6configEhhhhhhhh
 .text._ZN17LiquidCrystal_I2CC2Ehhhhhhhhh13t_backlighPol
                0x000051a8       0x6c src/libraries/LiquidCrystal/src/LiquidCrystal_I2C.o
                0x000051a8                _ZN17LiquidCrystal_I2CC1Ehhhhhhhhh13t_backlighPol
                0x000051a8                _ZN17LiquidCrystal_I2CC2Ehhhhhhhhh13t_backlighPol
 .text._ZN17LiquidCrystal_I2C11pulseEnableEh
                0x00005214       0x36 src/libraries/LiquidCrystal/src/LiquidCrystal_I2C.o
                0x00005214                _ZN17LiquidCrystal_I2C11pulseEnableEh
 .text._ZN17LiquidCrystal_I2C10write4bitsEhh
                0x0000524a       0x30 src/libraries/LiquidCrystal/src/LiquidCrystal_I2C.o
                0x0000524a                _ZN17LiquidCrystal_I2C10write4bitsEhh
 .text._ZN17LiquidCrystal_I2C4sendEhh
                0x0000527a       0x3a src/libraries/LiquidCrystal/src/LiquidCrystal_I2C.o
                0x0000527a                _ZN17LiquidCrystal_I2C4sendEhh
 .text._ZN17LiquidCrystal_I2C5beginEhhh
                0x000052b4       0x28 src/libraries/LiquidCrystal/src/LiquidCrystal_I2C.o
                0x000052b4                _ZN17LiquidCrystal_I2C5beginEhhh
 .text._ZN8SPIClass5beginEv
                0x000052dc       0x6c src/libraries/SPI/src/SPI.o
                0x000052dc                _ZN8SPIClass5beginEv
 .text.twi_init
                0x00005348       0x3c src/libraries/Wire/src/utility/twi.o
                0x00005348                twi_init
 .text.twi_disable
                0x00005384       0x1a src/libraries/Wire/src/utility/twi.o
                0x00005384                twi_disable
 .text.twi_setFrequency
                0x0000539e       0x28 src/libraries/Wire/src/utility/twi.o
                0x0000539e                twi_setFrequency
 .text.twi_readFrom
                0x000053c6       0x90 src/libraries/Wire/src/utility/twi.o
                0x000053c6                twi_readFrom
 .text.twi_writeTo
                0x00005456       0xac src/libraries/Wire/src/utility/twi.o
                0x00005456                twi_writeTo
 .text.twi_transmit
                0x00005502       0x50 src/libraries/Wire/src/utility/twi.o
                0x00005502                twi_transmit
 .text.twi_attachSlaveRxEvent
                0x00005552        0xa src/libraries/Wire/src/utility/twi.o
                0x00005552                twi_attachSlaveRxEvent
 .text.twi_attachSlaveTxEvent
                0x0000555c        0xa src/libraries/Wire/src/utility/twi.o
                0x0000555c                twi_attachSlaveTxEvent
 .text.twi_stop
                0x00005566       0x14 src/libraries/Wire/src/utility/twi.o
                0x00005566                twi_stop
 .text.twi_releaseBus
                0x0000557a        0xc src/libraries/Wire/src/utility/twi.o
                0x0000557a                twi_releaseBus
 .text.__vector_26
                0x00005586      0x25c src/libraries/Wire/src/utility/twi.o
                0x00005586                __vector_26
 .text._ZN7TwoWire9availableEv
                0x000057e2       0x10 src/libraries/Wire/src/Wire.o
                0x000057e2                _ZN7TwoWire9availableEv
 .text._ZN7TwoWire4readEv
                0x000057f2       0x28 src/libraries/Wire/src/Wire.o
                0x000057f2                _ZN7TwoWire4readEv
 .text._ZN7TwoWire4peekEv
                0x0000581a       0x1e src/libraries/Wire/src/Wire.o
                0x0000581a                _ZN7TwoWire4peekEv
 .text._ZN7TwoWire5flushEv
                0x00005838        0x2 src/libraries/Wire/src/Wire.o
                0x00005838                _ZN7TwoWire5flushEv
 .text._ZN7TwoWire16onReceiveServiceEPhi
                0x0000583a       0x54 src/libraries/Wire/src/Wire.o
                0x0000583a                _ZN7TwoWire16onReceiveServiceEPhi
 .text._ZN7TwoWire16onRequestServiceEv
                0x0000588e       0x18 src/libraries/Wire/src/Wire.o
                0x0000588e                _ZN7TwoWire16onRequestServiceEv
 .text._ZN7TwoWire5writeEPKhj
                0x000058a6       0x58 src/libraries/Wire/src/Wire.o
                0x000058a6                _ZN7TwoWire5writeEPKhj
 .text._ZN7TwoWire5writeEh
                0x000058fe       0x5c src/libraries/Wire/src/Wire.o
                0x000058fe                _ZN7TwoWire5writeEh
 .text._ZN7TwoWireC2Ev
                0x0000595a       0x20 src/libraries/Wire/src/Wire.o
                0x0000595a                _ZN7TwoWireC1Ev
                0x0000595a                _ZN7TwoWireC2Ev
 .text._ZN7TwoWire5beginEv
                0x0000597a       0x1e src/libraries/Wire/src/Wire.o
                0x0000597a                _ZN7TwoWire5beginEv
 .text._ZN7TwoWire3endEv
                0x00005998        0x2 src/libraries/Wire/src/Wire.o
                0x00005998                _ZN7TwoWire3endEv
 .text._ZN7TwoWire8setClockEm
                0x0000599a        0x6 src/libraries/Wire/src/Wire.o
                0x0000599a                _ZN7TwoWire8setClockEm
 .text._ZN7TwoWire17beginTransmissionEh
                0x000059a0       0x14 src/libraries/Wire/src/Wire.o
                0x000059a0                _ZN7TwoWire17beginTransmissionEh
 .text._ZN7TwoWire17beginTransmissionEi
                0x000059b4        0x2 src/libraries/Wire/src/Wire.o
                0x000059b4                _ZN7TwoWire17beginTransmissionEi
 .text._ZN7TwoWire15endTransmissionEh
                0x000059b6       0x24 src/libraries/Wire/src/Wire.o
                0x000059b6                _ZN7TwoWire15endTransmissionEh
 .text._ZN7TwoWire11requestFromEhhmhh
                0x000059da       0xa2 src/libraries/Wire/src/Wire.o
                0x000059da                _ZN7TwoWire11requestFromEhhmhh
 .text._ZN7TwoWire11requestFromEhhh
                0x00005a7c       0x1e src/libraries/Wire/src/Wire.o
                0x00005a7c                _ZN7TwoWire11requestFromEhhh
 .text._ZN7TwoWire11requestFromEhh
                0x00005a9a        0x4 src/libraries/Wire/src/Wire.o
                0x00005a9a                _ZN7TwoWire11requestFromEhh
 .text._ZN7TwoWire11requestFromEii
                0x00005a9e        0x4 src/libraries/Wire/src/Wire.o
                0x00005a9e                _ZN7TwoWire11requestFromEii
 .text._ZN7TwoWire15endTransmissionEv
                0x00005aa2        0x4 src/libraries/Wire/src/Wire.o
                0x00005aa2                _ZN7TwoWire15endTransmissionEv
 .text.startup._GLOBAL__sub_I__ZN7TwoWire8rxBufferE
                0x00005aa6        0x6 src/libraries/Wire/src/Wire.o
 .text.avr-libc.fplib
                0x00005aac        0x8 c:/program files (x86)/atmel/studio/7.0/toolchain/avr8/avr8-gnu-toolchain/bin/../lib/gcc/avr/5.4.0/../../../../avr/lib/avr51\libm.a(cmpsf2.o)
                0x00005aac                __nesf2
                0x00005aac                __eqsf2
                0x00005aac                __cmpsf2
                0x00005aac                __ltsf2
                0x00005aac                __lesf2
 .text.avr-libc.fplib
                0x00005ab4        0x4 c:/program files (x86)/atmel/studio/7.0/toolchain/avr8/avr8-gnu-toolchain/bin/../lib/gcc/avr/5.4.0/../../../../avr/lib/avr51\libm.a(divsf3.o)
                0x00005ab4                __divsf3
 .text.avr-libc.fplib
                0x00005ab8       0xcc c:/program files (x86)/atmel/studio/7.0/toolchain/avr8/avr8-gnu-toolchain/bin/../lib/gcc/avr/5.4.0/../../../../avr/lib/avr51\libm.a(divsf3x.o)
                0x00005ace                __divsf3x
                0x00005ad2                __divsf3_pse
 .text.avr-libc.fplib
                0x00005b84       0x7a c:/program files (x86)/atmel/studio/7.0/toolchain/avr8/avr8-gnu-toolchain/bin/../lib/gcc/avr/5.4.0/../../../../avr/lib/avr51\libm.a(floatsisf.o)
                0x00005b84                __floatunsisf
                0x00005b88                __floatsisf
 .text.avr-libc.fplib
                0x00005bfe       0x48 c:/program files (x86)/atmel/studio/7.0/toolchain/avr8/avr8-gnu-toolchain/bin/../lib/gcc/avr/5.4.0/../../../../avr/lib/avr51\libm.a(fp_cmp.o)
                0x00005bfe                __fp_cmp
 .text.avr-libc.fplib
                0x00005c46        0xc c:/program files (x86)/atmel/studio/7.0/toolchain/avr8/avr8-gnu-toolchain/bin/../lib/gcc/avr/5.4.0/../../../../avr/lib/avr51\libm.a(fp_inf.o)
                0x00005c46                __fp_inf
 .text.avr-libc.fplib
                0x00005c52        0x6 c:/program files (x86)/atmel/studio/7.0/toolchain/avr8/avr8-gnu-toolchain/bin/../lib/gcc/avr/5.4.0/../../../../avr/lib/avr51\libm.a(fp_nan.o)
                0x00005c52                __fp_nan
 .text.avr-libc.fplib
                0x00005c58        0xe c:/program files (x86)/atmel/studio/7.0/toolchain/avr8/avr8-gnu-toolchain/bin/../lib/gcc/avr/5.4.0/../../../../avr/lib/avr51\libm.a(fp_pscA.o)
                0x00005c58                __fp_pscA
 .text.avr-libc.fplib
                0x00005c66        0xe c:/program files (x86)/atmel/studio/7.0/toolchain/avr8/avr8-gnu-toolchain/bin/../lib/gcc/avr/5.4.0/../../../../avr/lib/avr51\libm.a(fp_pscB.o)
                0x00005c66                __fp_pscB
 .text.avr-libc.fplib
                0x00005c74       0x22 c:/program files (x86)/atmel/studio/7.0/toolchain/avr8/avr8-gnu-toolchain/bin/../lib/gcc/avr/5.4.0/../../../../avr/lib/avr51\libm.a(fp_round.o)
                0x00005c74                __fp_round
 .text.avr-libc.fplib
                0x00005c96       0x44 c:/program files (x86)/atmel/studio/7.0/toolchain/avr8/avr8-gnu-toolchain/bin/../lib/gcc/avr/5.4.0/../../../../avr/lib/avr51\libm.a(fp_split3.o)
                0x00005c96                __fp_split3
                0x00005ca6                __fp_splitA
 .text.avr-libc.fplib
                0x00005cda        0xe c:/program files (x86)/atmel/studio/7.0/toolchain/avr8/avr8-gnu-toolchain/bin/../lib/gcc/avr/5.4.0/../../../../avr/lib/avr51\libm.a(fp_zero.o)
                0x00005cda                __fp_zero
                0x00005cdc                __fp_szero
 .text.__cxa_pure_virtual
                0x00005ce8        0x4 C:\Users\giovanni.barbato\Desktop\CCEC\GAC_version\fwCCEC\TuinoDemo\ArduinoCore\Debug\libArduinoCore.a(abi.o)
                0x00005ce8                __cxa_pure_virtual
 .text.__vector_18
                0x00005cec       0x64 C:\Users\giovanni.barbato\Desktop\CCEC\GAC_version\fwCCEC\TuinoDemo\ArduinoCore\Debug\libArduinoCore.a(HardwareSerial0.o)
                0x00005cec                __vector_18
 .text.__vector_19
                0x00005d50       0x4a C:\Users\giovanni.barbato\Desktop\CCEC\GAC_version\fwCCEC\TuinoDemo\ArduinoCore\Debug\libArduinoCore.a(HardwareSerial0.o)
                0x00005d50                __vector_19
 .text._Z17Serial0_availablev
                0x00005d9a       0x12 C:\Users\giovanni.barbato\Desktop\CCEC\GAC_version\fwCCEC\TuinoDemo\ArduinoCore\Debug\libArduinoCore.a(HardwareSerial0.o)
                0x00005d9a                _Z17Serial0_availablev
 .text.startup._GLOBAL__sub_I___vector_18
                0x00005dac       0x5a C:\Users\giovanni.barbato\Desktop\CCEC\GAC_version\fwCCEC\TuinoDemo\ArduinoCore\Debug\libArduinoCore.a(HardwareSerial0.o)
 .text._ZNK9IPAddress7printToER5Print
                0x00005e06       0x7e C:\Users\giovanni.barbato\Desktop\CCEC\GAC_version\fwCCEC\TuinoDemo\ArduinoCore\Debug\libArduinoCore.a(IPAddress.o)
                0x00005e06                _ZNK9IPAddress7printToER5Print
 .text._ZN9IPAddressC2Ev
                0x00005e84       0x14 C:\Users\giovanni.barbato\Desktop\CCEC\GAC_version\fwCCEC\TuinoDemo\ArduinoCore\Debug\libArduinoCore.a(IPAddress.o)
                0x00005e84                _ZN9IPAddressC1Ev
                0x00005e84                _ZN9IPAddressC2Ev
 .text._ZN9IPAddressC2Ehhhh
                0x00005e98       0x18 C:\Users\giovanni.barbato\Desktop\CCEC\GAC_version\fwCCEC\TuinoDemo\ArduinoCore\Debug\libArduinoCore.a(IPAddress.o)
                0x00005e98                _ZN9IPAddressC2Ehhhh
                0x00005e98                _ZN9IPAddressC1Ehhhh
 .text._ZN9IPAddressaSEPKh
                0x00005eb0       0x12 C:\Users\giovanni.barbato\Desktop\CCEC\GAC_version\fwCCEC\TuinoDemo\ArduinoCore\Debug\libArduinoCore.a(IPAddress.o)
                0x00005eb0                _ZN9IPAddressaSEPKh
 .text.initVariant
                0x00005ec2        0x2 C:\Users\giovanni.barbato\Desktop\CCEC\GAC_version\fwCCEC\TuinoDemo\ArduinoCore\Debug\libArduinoCore.a(main.o)
                0x00005ec2                initVariant
 .text.startup.main
                0x00005ec4       0x18 C:\Users\giovanni.barbato\Desktop\CCEC\GAC_version\fwCCEC\TuinoDemo\ArduinoCore\Debug\libArduinoCore.a(main.o)
                0x00005ec4                main
 .text._ZN5Print5writeEPKhj
                0x00005edc       0x54 C:\Users\giovanni.barbato\Desktop\CCEC\GAC_version\fwCCEC\TuinoDemo\ArduinoCore\Debug\libArduinoCore.a(Print.o)
                0x00005edc                _ZN5Print5writeEPKhj
 .text._ZN5Print5writeEPKc
                0x00005f30       0x2a C:\Users\giovanni.barbato\Desktop\CCEC\GAC_version\fwCCEC\TuinoDemo\ArduinoCore\Debug\libArduinoCore.a(Print.o)
                0x00005f30                _ZN5Print5writeEPKc
 .text._ZN5Print5printEPK19__FlashStringHelper
                0x00005f5a       0x48 C:\Users\giovanni.barbato\Desktop\CCEC\GAC_version\fwCCEC\TuinoDemo\ArduinoCore\Debug\libArduinoCore.a(Print.o)
                0x00005f5a                _ZN5Print5printEPK19__FlashStringHelper
 .text._ZN5Print5printERK6String
                0x00005fa2       0x1c C:\Users\giovanni.barbato\Desktop\CCEC\GAC_version\fwCCEC\TuinoDemo\ArduinoCore\Debug\libArduinoCore.a(Print.o)
                0x00005fa2                _ZN5Print5printERK6String
 .text._ZN5Print5printEPKc
                0x00005fbe        0x2 C:\Users\giovanni.barbato\Desktop\CCEC\GAC_version\fwCCEC\TuinoDemo\ArduinoCore\Debug\libArduinoCore.a(Print.o)
                0x00005fbe                _ZN5Print5printEPKc
 .text._ZN5Print5printEc
                0x00005fc0        0xe C:\Users\giovanni.barbato\Desktop\CCEC\GAC_version\fwCCEC\TuinoDemo\ArduinoCore\Debug\libArduinoCore.a(Print.o)
                0x00005fc0                _ZN5Print5printEc
 .text._ZN5Print7printlnEv
                0x00005fce        0x6 C:\Users\giovanni.barbato\Desktop\CCEC\GAC_version\fwCCEC\TuinoDemo\ArduinoCore\Debug\libArduinoCore.a(Print.o)
                0x00005fce                _ZN5Print7printlnEv
 .text._ZN5Print7printlnEPK19__FlashStringHelper
                0x00005fd4       0x20 C:\Users\giovanni.barbato\Desktop\CCEC\GAC_version\fwCCEC\TuinoDemo\ArduinoCore\Debug\libArduinoCore.a(Print.o)
                0x00005fd4                _ZN5Print7printlnEPK19__FlashStringHelper
 .text._ZN5Print7printlnERK6String
                0x00005ff4       0x20 C:\Users\giovanni.barbato\Desktop\CCEC\GAC_version\fwCCEC\TuinoDemo\ArduinoCore\Debug\libArduinoCore.a(Print.o)
                0x00005ff4                _ZN5Print7printlnERK6String
 .text._ZN5Print7printlnEPKc
                0x00006014       0x20 C:\Users\giovanni.barbato\Desktop\CCEC\GAC_version\fwCCEC\TuinoDemo\ArduinoCore\Debug\libArduinoCore.a(Print.o)
                0x00006014                _ZN5Print7printlnEPKc
 .text._ZN5Print11printNumberEmh
                0x00006034       0x8e C:\Users\giovanni.barbato\Desktop\CCEC\GAC_version\fwCCEC\TuinoDemo\ArduinoCore\Debug\libArduinoCore.a(Print.o)
                0x00006034                _ZN5Print11printNumberEmh
 .text._ZN5Print5printEmi
                0x000060c2       0x18 C:\Users\giovanni.barbato\Desktop\CCEC\GAC_version\fwCCEC\TuinoDemo\ArduinoCore\Debug\libArduinoCore.a(Print.o)
                0x000060c2                _ZN5Print5printEmi
 .text._ZN5Print5printEhi
                0x000060da        0xc C:\Users\giovanni.barbato\Desktop\CCEC\GAC_version\fwCCEC\TuinoDemo\ArduinoCore\Debug\libArduinoCore.a(Print.o)
                0x000060da                _ZN5Print5printEhi
 .text._ZN5Print7printlnEmi
                0x000060e6       0x20 C:\Users\giovanni.barbato\Desktop\CCEC\GAC_version\fwCCEC\TuinoDemo\ArduinoCore\Debug\libArduinoCore.a(Print.o)
                0x000060e6                _ZN5Print7printlnEmi
 .text.__vector_16
                0x00006106       0x94 C:\Users\giovanni.barbato\Desktop\CCEC\GAC_version\fwCCEC\TuinoDemo\ArduinoCore\Debug\libArduinoCore.a(wiring.o)
                0x00006106                __vector_16
 .text.millis   0x0000619a       0x18 C:\Users\giovanni.barbato\Desktop\CCEC\GAC_version\fwCCEC\TuinoDemo\ArduinoCore\Debug\libArduinoCore.a(wiring.o)
                0x0000619a                millis
 .text.micros   0x000061b2       0x4a C:\Users\giovanni.barbato\Desktop\CCEC\GAC_version\fwCCEC\TuinoDemo\ArduinoCore\Debug\libArduinoCore.a(wiring.o)
                0x000061b2                micros
 .text.delay    0x000061fc       0x72 C:\Users\giovanni.barbato\Desktop\CCEC\GAC_version\fwCCEC\TuinoDemo\ArduinoCore\Debug\libArduinoCore.a(wiring.o)
                0x000061fc                delay
 .text.delayMicroseconds
                0x0000626e       0x16 C:\Users\giovanni.barbato\Desktop\CCEC\GAC_version\fwCCEC\TuinoDemo\ArduinoCore\Debug\libArduinoCore.a(wiring.o)
                0x0000626e                delayMicroseconds
 .text.init     0x00006284       0x76 C:\Users\giovanni.barbato\Desktop\CCEC\GAC_version\fwCCEC\TuinoDemo\ArduinoCore\Debug\libArduinoCore.a(wiring.o)
                0x00006284                init
 .text.turnOffPWM
                0x000062fa       0x52 C:\Users\giovanni.barbato\Desktop\CCEC\GAC_version\fwCCEC\TuinoDemo\ArduinoCore\Debug\libArduinoCore.a(wiring_digital.o)
 .text.pinMode  0x0000634c       0x78 C:\Users\giovanni.barbato\Desktop\CCEC\GAC_version\fwCCEC\TuinoDemo\ArduinoCore\Debug\libArduinoCore.a(wiring_digital.o)
                0x0000634c                pinMode
 .text.digitalWrite
                0x000063c4       0x5c C:\Users\giovanni.barbato\Desktop\CCEC\GAC_version\fwCCEC\TuinoDemo\ArduinoCore\Debug\libArduinoCore.a(wiring_digital.o)
                0x000063c4                digitalWrite
 .text.digitalRead
                0x00006420       0x50 C:\Users\giovanni.barbato\Desktop\CCEC\GAC_version\fwCCEC\TuinoDemo\ArduinoCore\Debug\libArduinoCore.a(wiring_digital.o)
                0x00006420                digitalRead
 .text._ZNK6String14StringIfHelperEv
                0x00006470        0x2 C:\Users\giovanni.barbato\Desktop\CCEC\GAC_version\fwCCEC\TuinoDemo\ArduinoCore\Debug\libArduinoCore.a(WString.o)
                0x00006470                _ZNK6String14StringIfHelperEv
 .text._ZN6StringD2Ev
                0x00006472        0x8 C:\Users\giovanni.barbato\Desktop\CCEC\GAC_version\fwCCEC\TuinoDemo\ArduinoCore\Debug\libArduinoCore.a(WString.o)
                0x00006472                _ZN6StringD2Ev
                0x00006472                _ZN6StringD1Ev
 .text._ZN6String10invalidateEv
                0x0000647a       0x22 C:\Users\giovanni.barbato\Desktop\CCEC\GAC_version\fwCCEC\TuinoDemo\ArduinoCore\Debug\libArduinoCore.a(WString.o)
                0x0000647a                _ZN6String10invalidateEv
 .text._ZN6String12changeBufferEj
                0x0000649c       0x32 C:\Users\giovanni.barbato\Desktop\CCEC\GAC_version\fwCCEC\TuinoDemo\ArduinoCore\Debug\libArduinoCore.a(WString.o)
                0x0000649c                _ZN6String12changeBufferEj
 .text._ZN6String7reserveEj
                0x000064ce       0x36 C:\Users\giovanni.barbato\Desktop\CCEC\GAC_version\fwCCEC\TuinoDemo\ArduinoCore\Debug\libArduinoCore.a(WString.o)
                0x000064ce                _ZN6String7reserveEj
 .text._ZN6String4copyEPKcj
                0x00006504       0x3c C:\Users\giovanni.barbato\Desktop\CCEC\GAC_version\fwCCEC\TuinoDemo\ArduinoCore\Debug\libArduinoCore.a(WString.o)
                0x00006504                _ZN6String4copyEPKcj
 .text._ZN6StringC2EPKc
                0x00006540       0x28 C:\Users\giovanni.barbato\Desktop\CCEC\GAC_version\fwCCEC\TuinoDemo\ArduinoCore\Debug\libArduinoCore.a(WString.o)
                0x00006540                _ZN6StringC2EPKc
                0x00006540                _ZN6StringC1EPKc
 .text._ZN6String4moveERS_
                0x00006568       0x76 C:\Users\giovanni.barbato\Desktop\CCEC\GAC_version\fwCCEC\TuinoDemo\ArduinoCore\Debug\libArduinoCore.a(WString.o)
                0x00006568                _ZN6String4moveERS_
 .text._ZN6StringC2EOS_
                0x000065de       0x10 C:\Users\giovanni.barbato\Desktop\CCEC\GAC_version\fwCCEC\TuinoDemo\ArduinoCore\Debug\libArduinoCore.a(WString.o)
                0x000065de                _ZN6StringC1EOS_
                0x000065de                _ZN6StringC2EOS_
 .text._ZN6StringaSERKS_
                0x000065ee       0x2a C:\Users\giovanni.barbato\Desktop\CCEC\GAC_version\fwCCEC\TuinoDemo\ArduinoCore\Debug\libArduinoCore.a(WString.o)
                0x000065ee                _ZN6StringaSERKS_
 .text._ZN6StringC2ERKS_
                0x00006618       0x10 C:\Users\giovanni.barbato\Desktop\CCEC\GAC_version\fwCCEC\TuinoDemo\ArduinoCore\Debug\libArduinoCore.a(WString.o)
                0x00006618                _ZN6StringC2ERKS_
                0x00006618                _ZN6StringC1ERKS_
 .text._ZN6StringaSEOS_
                0x00006628       0x16 C:\Users\giovanni.barbato\Desktop\CCEC\GAC_version\fwCCEC\TuinoDemo\ArduinoCore\Debug\libArduinoCore.a(WString.o)
                0x00006628                _ZN6StringaSEOS_
 .text._ZN6StringaSEPKc
                0x0000663e       0x2a C:\Users\giovanni.barbato\Desktop\CCEC\GAC_version\fwCCEC\TuinoDemo\ArduinoCore\Debug\libArduinoCore.a(WString.o)
                0x0000663e                _ZN6StringaSEPKc
 .text._ZN6StringC2Ec
                0x00006668       0x2e C:\Users\giovanni.barbato\Desktop\CCEC\GAC_version\fwCCEC\TuinoDemo\ArduinoCore\Debug\libArduinoCore.a(WString.o)
                0x00006668                _ZN6StringC1Ec
                0x00006668                _ZN6StringC2Ec
 .text._ZN6StringC2Ehh
                0x00006696       0x56 C:\Users\giovanni.barbato\Desktop\CCEC\GAC_version\fwCCEC\TuinoDemo\ArduinoCore\Debug\libArduinoCore.a(WString.o)
                0x00006696                _ZN6StringC2Ehh
                0x00006696                _ZN6StringC1Ehh
 .text._ZN6StringC2Eih
                0x000066ec       0x54 C:\Users\giovanni.barbato\Desktop\CCEC\GAC_version\fwCCEC\TuinoDemo\ArduinoCore\Debug\libArduinoCore.a(WString.o)
                0x000066ec                _ZN6StringC2Eih
                0x000066ec                _ZN6StringC1Eih
 .text._ZN6StringC2Ejh
                0x00006740       0x54 C:\Users\giovanni.barbato\Desktop\CCEC\GAC_version\fwCCEC\TuinoDemo\ArduinoCore\Debug\libArduinoCore.a(WString.o)
                0x00006740                _ZN6StringC1Ejh
                0x00006740                _ZN6StringC2Ejh
 .text._ZN6StringC2Emh
                0x00006794       0x56 C:\Users\giovanni.barbato\Desktop\CCEC\GAC_version\fwCCEC\TuinoDemo\ArduinoCore\Debug\libArduinoCore.a(WString.o)
                0x00006794                _ZN6StringC1Emh
                0x00006794                _ZN6StringC2Emh
 .text._ZN6StringC2Edh
                0x000067ea       0x5c C:\Users\giovanni.barbato\Desktop\CCEC\GAC_version\fwCCEC\TuinoDemo\ArduinoCore\Debug\libArduinoCore.a(WString.o)
                0x000067ea                _ZN6StringC1Edh
                0x000067ea                _ZN6StringC2Edh
 .text._ZN6String6concatEPKcj
                0x00006846       0x58 C:\Users\giovanni.barbato\Desktop\CCEC\GAC_version\fwCCEC\TuinoDemo\ArduinoCore\Debug\libArduinoCore.a(WString.o)
                0x00006846                _ZN6String6concatEPKcj
 .text._ZN6String6concatERKS_
                0x0000689e        0xc C:\Users\giovanni.barbato\Desktop\CCEC\GAC_version\fwCCEC\TuinoDemo\ArduinoCore\Debug\libArduinoCore.a(WString.o)
                0x0000689e                _ZN6String6concatERKS_
 .text._ZN6String6concatEPKc
                0x000068aa       0x1c C:\Users\giovanni.barbato\Desktop\CCEC\GAC_version\fwCCEC\TuinoDemo\ArduinoCore\Debug\libArduinoCore.a(WString.o)
                0x000068aa                _ZN6String6concatEPKc
 .text._ZN6String6concatEc
                0x000068c6       0x24 C:\Users\giovanni.barbato\Desktop\CCEC\GAC_version\fwCCEC\TuinoDemo\ArduinoCore\Debug\libArduinoCore.a(WString.o)
                0x000068c6                _ZN6String6concatEc
 .text._ZplRK15StringSumHelperRK6String
                0x000068ea       0x22 C:\Users\giovanni.barbato\Desktop\CCEC\GAC_version\fwCCEC\TuinoDemo\ArduinoCore\Debug\libArduinoCore.a(WString.o)
                0x000068ea                _ZplRK15StringSumHelperRK6String
 .text._ZplRK15StringSumHelperPKc
                0x0000690c       0x2e C:\Users\giovanni.barbato\Desktop\CCEC\GAC_version\fwCCEC\TuinoDemo\ArduinoCore\Debug\libArduinoCore.a(WString.o)
                0x0000690c                _ZplRK15StringSumHelperPKc
 .text._ZplRK15StringSumHelperc
                0x0000693a       0x18 C:\Users\giovanni.barbato\Desktop\CCEC\GAC_version\fwCCEC\TuinoDemo\ArduinoCore\Debug\libArduinoCore.a(WString.o)
                0x0000693a                _ZplRK15StringSumHelperc
 .text._ZNK6String6equalsEPKc
                0x00006952       0x3c C:\Users\giovanni.barbato\Desktop\CCEC\GAC_version\fwCCEC\TuinoDemo\ArduinoCore\Debug\libArduinoCore.a(WString.o)
                0x00006952                _ZNK6String6equalsEPKc
 .text._ZNK6String9substringEjj
                0x0000698e       0x86 C:\Users\giovanni.barbato\Desktop\CCEC\GAC_version\fwCCEC\TuinoDemo\ArduinoCore\Debug\libArduinoCore.a(WString.o)
                0x0000698e                _ZNK6String9substringEjj
 .text._ZN6String4trimEv
                0x00006a14       0xb2 C:\Users\giovanni.barbato\Desktop\CCEC\GAC_version\fwCCEC\TuinoDemo\ArduinoCore\Debug\libArduinoCore.a(WString.o)
                0x00006a14                _ZN6String4trimEv
 .text._ZN14HardwareSerial9availableEv
                0x00006ac6       0x18 C:\Users\giovanni.barbato\Desktop\CCEC\GAC_version\fwCCEC\TuinoDemo\ArduinoCore\Debug\libArduinoCore.a(HardwareSerial.o)
                0x00006ac6                _ZN14HardwareSerial9availableEv
 .text._ZN14HardwareSerial4peekEv
                0x00006ade       0x1c C:\Users\giovanni.barbato\Desktop\CCEC\GAC_version\fwCCEC\TuinoDemo\ArduinoCore\Debug\libArduinoCore.a(HardwareSerial.o)
                0x00006ade                _ZN14HardwareSerial4peekEv
 .text._ZN14HardwareSerial4readEv
                0x00006afa       0x28 C:\Users\giovanni.barbato\Desktop\CCEC\GAC_version\fwCCEC\TuinoDemo\ArduinoCore\Debug\libArduinoCore.a(HardwareSerial.o)
                0x00006afa                _ZN14HardwareSerial4readEv
 .text._ZN14HardwareSerial17availableForWriteEv
                0x00006b22       0x1e C:\Users\giovanni.barbato\Desktop\CCEC\GAC_version\fwCCEC\TuinoDemo\ArduinoCore\Debug\libArduinoCore.a(HardwareSerial.o)
                0x00006b22                _ZN14HardwareSerial17availableForWriteEv
 .text._Z14serialEventRunv
                0x00006b40       0x1a C:\Users\giovanni.barbato\Desktop\CCEC\GAC_version\fwCCEC\TuinoDemo\ArduinoCore\Debug\libArduinoCore.a(HardwareSerial.o)
                0x00006b40                _Z14serialEventRunv
 .text._ZN14HardwareSerial17_tx_udr_empty_irqEv
                0x00006b5a       0x44 C:\Users\giovanni.barbato\Desktop\CCEC\GAC_version\fwCCEC\TuinoDemo\ArduinoCore\Debug\libArduinoCore.a(HardwareSerial.o)
                0x00006b5a                _ZN14HardwareSerial17_tx_udr_empty_irqEv
 .text._ZN14HardwareSerial5writeEh
                0x00006b9e       0x98 C:\Users\giovanni.barbato\Desktop\CCEC\GAC_version\fwCCEC\TuinoDemo\ArduinoCore\Debug\libArduinoCore.a(HardwareSerial.o)
                0x00006b9e                _ZN14HardwareSerial5writeEh
 .text._ZN14HardwareSerial5flushEv
                0x00006c36       0x42 C:\Users\giovanni.barbato\Desktop\CCEC\GAC_version\fwCCEC\TuinoDemo\ArduinoCore\Debug\libArduinoCore.a(HardwareSerial.o)
                0x00006c36                _ZN14HardwareSerial5flushEv
 .text.__empty  0x00006c78        0x2 C:\Users\giovanni.barbato\Desktop\CCEC\GAC_version\fwCCEC\TuinoDemo\ArduinoCore\Debug\libArduinoCore.a(hooks.o)
                0x00006c78                yield
 .text.libgcc.div
                0x00006c7a       0x18 c:/program files (x86)/atmel/studio/7.0/toolchain/avr8/avr8-gnu-toolchain/bin/../lib/gcc/avr/5.4.0/avr51\libgcc.a(_udivmodqi4.o)
                0x00006c7a                __udivmodqi4
 .text.libgcc.div
                0x00006c92       0x28 c:/program files (x86)/atmel/studio/7.0/toolchain/avr8/avr8-gnu-toolchain/bin/../lib/gcc/avr/5.4.0/avr51\libgcc.a(_udivmodhi4.o)
                0x00006c92                __udivmodhi4
 .text.libgcc.div
                0x00006cba       0x44 c:/program files (x86)/atmel/studio/7.0/toolchain/avr8/avr8-gnu-toolchain/bin/../lib/gcc/avr/5.4.0/avr51\libgcc.a(_udivmodsi4.o)
                0x00006cba                __udivmodsi4
 .text.libgcc   0x00006cfe       0x12 c:/program files (x86)/atmel/studio/7.0/toolchain/avr8/avr8-gnu-toolchain/bin/../lib/gcc/avr/5.4.0/avr51\libgcc.a(_tablejump2.o)
                0x00006cfe                __tablejump2__
 .text.libgcc.mul
                0x00006d10       0x1e c:/program files (x86)/atmel/studio/7.0/toolchain/avr8/avr8-gnu-toolchain/bin/../lib/gcc/avr/5.4.0/avr51\libgcc.a(_umulhisi3.o)
                0x00006d10                __umulhisi3
 .text.libgcc.mul
                0x00006d2e       0x14 c:/program files (x86)/atmel/studio/7.0/toolchain/avr8/avr8-gnu-toolchain/bin/../lib/gcc/avr/5.4.0/avr51\libgcc.a(_muluhisi3.o)
                0x00006d2e                __muluhisi3
 .text.avr-libc
                0x00006d42       0x3e c:/program files (x86)/atmel/studio/7.0/toolchain/avr8/avr8-gnu-toolchain/bin/../lib/gcc/avr/5.4.0/../../../../avr/lib/avr51\libc.a(dtostrf.o)
                0x00006d42                dtostrf
 .text.avr-libc
                0x00006d80      0x242 c:/program files (x86)/atmel/studio/7.0/toolchain/avr8/avr8-gnu-toolchain/bin/../lib/gcc/avr/5.4.0/../../../../avr/lib/avr51\libc.a(malloc.o)
                0x00006d80                malloc
                0x00006eb0                free
 .text.avr-libc
                0x00006fc2      0x1c0 c:/program files (x86)/atmel/studio/7.0/toolchain/avr8/avr8-gnu-toolchain/bin/../lib/gcc/avr/5.4.0/../../../../avr/lib/avr51\libc.a(realloc.o)
                0x00006fc2                realloc
 .text.avr-libc
                0x00007182        0x8 c:/program files (x86)/atmel/studio/7.0/toolchain/avr8/avr8-gnu-toolchain/bin/../lib/gcc/avr/5.4.0/../../../../avr/lib/avr51\libc.a(abort.o)
                0x00007182                abort
 .text.avr-libc
                0x0000718a       0x10 c:/program files (x86)/atmel/studio/7.0/toolchain/avr8/avr8-gnu-toolchain/bin/../lib/gcc/avr/5.4.0/../../../../avr/lib/avr51\libc.a(isspace.o)
                0x0000718a                isspace
 .text.avr-libc
                0x0000719a       0x12 c:/program files (x86)/atmel/studio/7.0/toolchain/avr8/avr8-gnu-toolchain/bin/../lib/gcc/avr/5.4.0/../../../../avr/lib/avr51\libc.a(memcpy_P.o)
                0x0000719a                memcpy_P
 .text.avr-libc
                0x000071ac       0x12 c:/program files (x86)/atmel/studio/7.0/toolchain/avr8/avr8-gnu-toolchain/bin/../lib/gcc/avr/5.4.0/../../../../avr/lib/avr51\libc.a(memcpy.o)
                0x000071ac                memcpy
 .text.avr-libc
                0x000071be       0x12 c:/program files (x86)/atmel/studio/7.0/toolchain/avr8/avr8-gnu-toolchain/bin/../lib/gcc/avr/5.4.0/../../../../avr/lib/avr51\libc.a(strcmp.o)
                0x000071be                strcmp
 .text.avr-libc
                0x000071d0        0xe c:/program files (x86)/atmel/studio/7.0/toolchain/avr8/avr8-gnu-toolchain/bin/../lib/gcc/avr/5.4.0/../../../../avr/lib/avr51\libc.a(strcpy.o)
                0x000071d0                strcpy
 .text.avr-libc
                0x000071de       0x1c c:/program files (x86)/atmel/studio/7.0/toolchain/avr8/avr8-gnu-toolchain/bin/../lib/gcc/avr/5.4.0/../../../../avr/lib/avr51\libc.a(strncmp.o)
                0x000071de                strncmp
 .text.avr-libc
                0x000071fa       0x14 c:/program files (x86)/atmel/studio/7.0/toolchain/avr8/avr8-gnu-toolchain/bin/../lib/gcc/avr/5.4.0/../../../../avr/lib/avr51\libc.a(itoa.o)
                0x000071fa                __itoa
                0x000071fa                itoa
 .text.avr-libc
                0x0000720e       0x14 c:/program files (x86)/atmel/studio/7.0/toolchain/avr8/avr8-gnu-toolchain/bin/../lib/gcc/avr/5.4.0/../../../../avr/lib/avr51\libc.a(itoa_ncheck.o)
                0x0000720e                __itoa_ncheck
 .text.avr-libc
                0x00007222       0x14 c:/program files (x86)/atmel/studio/7.0/toolchain/avr8/avr8-gnu-toolchain/bin/../lib/gcc/avr/5.4.0/../../../../avr/lib/avr51\libc.a(ultoa.o)
                0x00007222                ultoa
                0x00007222                __ultoa
 .text.avr-libc
                0x00007236       0x42 c:/program files (x86)/atmel/studio/7.0/toolchain/avr8/avr8-gnu-toolchain/bin/../lib/gcc/avr/5.4.0/../../../../avr/lib/avr51\libc.a(ultoa_ncheck.o)
                0x00007236                __ultoa_ncheck
                0x00007238                __ultoa_common
 .text.avr-libc
                0x00007278       0x14 c:/program files (x86)/atmel/studio/7.0/toolchain/avr8/avr8-gnu-toolchain/bin/../lib/gcc/avr/5.4.0/../../../../avr/lib/avr51\libc.a(utoa.o)
                0x00007278                __utoa
                0x00007278                utoa
 .text.avr-libc
                0x0000728c       0x32 c:/program files (x86)/atmel/studio/7.0/toolchain/avr8/avr8-gnu-toolchain/bin/../lib/gcc/avr/5.4.0/../../../../avr/lib/avr51\libc.a(utoa_ncheck.o)
                0x0000728c                __utoa_ncheck
                0x0000728e                __utoa_common
 .text.avr-libc
                0x000072be      0x2ec c:/program files (x86)/atmel/studio/7.0/toolchain/avr8/avr8-gnu-toolchain/bin/../lib/gcc/avr/5.4.0/../../../../avr/lib/avr51\libc.a(dtoa_prf.o)
                0x000072be                dtoa_prf
 .text.avr-libc
                0x000075aa      0x1b0 c:/program files (x86)/atmel/studio/7.0/toolchain/avr8/avr8-gnu-toolchain/bin/../lib/gcc/avr/5.4.0/../../../../avr/lib/avr51\libc.a(ftoa_engine.o)
                0x000075aa                __ftoa_engine
 .text.avr-libc
                0x0000775a        0x6 c:/program files (x86)/atmel/studio/7.0/toolchain/avr8/avr8-gnu-toolchain/bin/../lib/gcc/avr/5.4.0/../../../../avr/lib/avr51\libc.a(cty_isfalse.o)
                0x0000775a                __ctype_isfalse
                0x0000775e                __ctype_istrue
 .text.avr-libc
                0x00007760       0x20 c:/program files (x86)/atmel/studio/7.0/toolchain/avr8/avr8-gnu-toolchain/bin/../lib/gcc/avr/5.4.0/../../../../avr/lib/avr51\libc.a(strrev.o)
                0x00007760                strrev
                0x00007780                . = ALIGN (0x2)
 *(.fini9)
 .fini9         0x00007780        0x0 c:/program files (x86)/atmel/studio/7.0/toolchain/avr8/avr8-gnu-toolchain/bin/../lib/gcc/avr/5.4.0/avr51\libgcc.a(_exit.o)
                0x00007780                _exit
                0x00007780                exit
 *(.fini9)
 *(.fini8)
 *(.fini8)
 *(.fini7)
 *(.fini7)
 *(.fini6)
 .fini6         0x00007780       0x14 c:/program files (x86)/atmel/studio/7.0/toolchain/avr8/avr8-gnu-toolchain/bin/../lib/gcc/avr/5.4.0/avr51\libgcc.a(_dtors.o)
                0x00007780                __do_global_dtors
 *(.fini6)
 *(.fini5)
 *(.fini5)
 *(.fini4)
 *(.fini4)
 *(.fini3)
 *(.fini3)
 *(.fini2)
 *(.fini2)
 *(.fini1)
 *(.fini1)
 *(.fini0)
 .fini0         0x00007794        0x4 c:/program files (x86)/atmel/studio/7.0/toolchain/avr8/avr8-gnu-toolchain/bin/../lib/gcc/avr/5.4.0/avr51\libgcc.a(_exit.o)
 *(.fini0)
                0x00007798                _etext = .

.data           0x00800100      0x766 load address 0x00007798
                0x00800100                PROVIDE (__data_start, .)
 *(.data)
 .data          0x00800100        0x6 c:/program files (x86)/atmel/studio/7.0/toolchain/avr8/avr8-gnu-toolchain/bin/../lib/gcc/avr/5.4.0/../../../../avr/lib/avr51\libc.a(malloc.o)
                0x00800100                __malloc_heap_end
                0x00800102                __malloc_heap_start
                0x00800104                __malloc_margin
 *(.data*)
 .data.MappaKeys
                0x00800106       0x10 Sketch.o
                0x00800106                MappaKeys
 .data.TmaxSalvataggio
                0x00800116        0x4 Sketch.o
                0x00800116                TmaxSalvataggio
 .data.TmaxInviodati
                0x0080011a        0x4 Sketch.o
                0x0080011a                TmaxInviodati
 .data.TselDistributore
                0x0080011e        0x4 Sketch.o
                0x0080011e                TselDistributore
 .data.TinputTarga
                0x00800122        0x4 Sketch.o
                0x00800122                TinputTarga
 .data.mac      0x00800126        0x6 Sketch.o
                0x00800126                mac
 .data.serverREST
                0x0080012c       0x12 Sketch.o
                0x0080012c                serverREST
 .data.CodSede  0x0080013e        0x7 Sketch.o
                0x0080013e                CodSede
 .data.ImpulsiLitro
                0x00800145        0x2 Sketch.o
                0x00800145                ImpulsiLitro
 .data.HTTP_len_response
                0x00800147        0x2 Sketch.o
                0x00800147                HTTP_len_response
 .data.Clessidra
                0x00800149        0x8 Sketch.o
                0x00800149                Clessidra
 .data.pn532response_firmwarevers
                0x00800151        0x6 src/libraries/NFC-PN532/NFC_PN532.o
                0x00800151                pn532response_firmwarevers
 .data.pn532ack
                0x00800157        0x6 src/libraries/NFC-PN532/NFC_PN532.o
                0x00800157                pn532ack
 .data._ZN14EthernetClient8_srcportE
                0x0080015d        0x2 src/libraries/Ethernet2/src/EthernetClient.o
                0x0080015d                _ZN14EthernetClient8_srcportE
 *(.gnu.linkonce.d*)
 *(.rodata)
 .rodata        0x0080015f        0x6 Sketch.o
 .rodata        0x00800165        0x8 src/libraries/LiquidCrystal/src/LCD.o
 *(.rodata*)
 .rodata.str1.1
                0x0080016d      0x637 Sketch.o
                                0x645 (size before relaxing)
 .rodata.._11   0x008007a4       0x10 Sketch.o
 .rodata.str1.1
                0x008007b4        0x9 src/libraries/NFC-PN532/NFC_PN532.o
                                  0xc (size before relaxing)
 .rodata._ZTV14EthernetClient
                0x008007bd       0x22 src/libraries/Ethernet2/src/EthernetClient.o
                0x008007bd                _ZTV14EthernetClient
 .rodata._ZTV11EthernetUDP
                0x008007df       0x28 src/libraries/Ethernet2/src/EthernetUdp2.o
                0x008007df                _ZTV11EthernetUDP
 .rodata._ZTV3LCD
                0x00800807       0x14 src/libraries/LiquidCrystal/src/LCD.o
                0x00800807                _ZTV3LCD
 .rodata._ZTV17LiquidCrystal_I2C
                0x0080081b       0x14 src/libraries/LiquidCrystal/src/LiquidCrystal_I2C.o
                0x0080081b                _ZTV17LiquidCrystal_I2C
 .rodata._ZTV7TwoWire
                0x0080082f       0x12 src/libraries/Wire/src/Wire.o
                0x0080082f                _ZTV7TwoWire
 .rodata._ZTV9IPAddress
                0x00800841        0x6 C:\Users\giovanni.barbato\Desktop\CCEC\GAC_version\fwCCEC\TuinoDemo\ArduinoCore\Debug\libArduinoCore.a(IPAddress.o)
                0x00800841                _ZTV9IPAddress
 .rodata.str1.1
                0x00800847        0xc C:\Users\giovanni.barbato\Desktop\CCEC\GAC_version\fwCCEC\TuinoDemo\ArduinoCore\Debug\libArduinoCore.a(Print.o)
                                  0xf (size before relaxing)
 .rodata.str1.1
                0x00800853        0x1 C:\Users\giovanni.barbato\Desktop\CCEC\GAC_version\fwCCEC\TuinoDemo\ArduinoCore\Debug\libArduinoCore.a(WString.o)
 .rodata._ZTV14HardwareSerial
                0x00800853       0x12 C:\Users\giovanni.barbato\Desktop\CCEC\GAC_version\fwCCEC\TuinoDemo\ArduinoCore\Debug\libArduinoCore.a(HardwareSerial.o)
                0x00800853                _ZTV14HardwareSerial
 *(.gnu.linkonce.r*)
                0x00800866                . = ALIGN (0x2)
 *fill*         0x00800865        0x1 
                0x00800866                _edata = .
                0x00800866                PROVIDE (__data_end, .)

.bss            0x00800866      0x313
                0x00800866                PROVIDE (__bss_start, .)
 *(.bss)
 *(.bss*)
 .bss.gpio      0x00800866        0x3 Sketch.o
                0x00800866                gpio
 .bss.KM        0x00800869        0x6 Sketch.o
                0x00800869                KM
 .bss.TARGA     0x0080086f        0x6 Sketch.o
                0x0080086f                TARGA
 .bss.nowTimer  0x00800875        0x6 Sketch.o
                0x00800875                nowTimer
 .bss.Timer     0x0080087b        0x4 Sketch.o
                0x0080087b                Timer
 .bss.UltimoPassaggioStato
                0x0080087f        0x4 Sketch.o
                0x0080087f                UltimoPassaggioStato
 .bss.secs      0x00800883        0x4 Sketch.o
                0x00800883                secs
 .bss.DS3231M   0x00800887        0xc Sketch.o
                0x00800887                DS3231M
 .bss.clientATE
                0x00800893        0xd Sketch.o
                0x00800893                clientATE
 .bss.clientLOCAL
                0x008008a0        0xd Sketch.o
                0x008008a0                clientLOCAL
 .bss.subnet    0x008008ad        0x6 Sketch.o
                0x008008ad                subnet
 .bss.gateway   0x008008b3        0x6 Sketch.o
                0x008008b3                gateway
 .bss.myDns     0x008008b9        0x6 Sketch.o
                0x008008b9                myDns
 .bss.ipCCEC    0x008008bf        0x6 Sketch.o
                0x008008bf                ipCCEC
 .bss.righeDisplay
                0x008008c5       0x18 Sketch.o
                0x008008c5                righeDisplay
 .bss.Messaggio
                0x008008dd        0x6 Sketch.o
                0x008008dd                Messaggio
 .bss.Risposta  0x008008e3        0x6 Sketch.o
                0x008008e3                Risposta
 .bss.Carburante
                0x008008e9        0x6 Sketch.o
                0x008008e9                Carburante
 .bss.RaccoltaDati
                0x008008ef       0x24 Sketch.o
                0x008008ef                RaccoltaDati
 .bss.RispostaHTTP
                0x00800913        0x6 Sketch.o
                0x00800913                RispostaHTTP
 .bss.impulsi   0x00800919        0x2 Sketch.o
                0x00800919                impulsi
 .bss.stato_procedura
                0x0080091b        0x2 Sketch.o
                0x0080091b                stato_procedura
 .bss.Connected
                0x0080091d        0x2 Sketch.o
                0x0080091d                Connected
 .bss.strURLAPI
                0x0080091f        0x6 Sketch.o
                0x0080091f                strURLAPI
 .bss.StatoAttuale
                0x00800925        0x6 Sketch.o
                0x00800925                StatoAttuale
 .bss.nfc       0x0080092b       0x17 Sketch.o
                0x0080092b                nfc
 .bss.lcd       0x00800942       0x18 Sketch.o
                0x00800942                lcd
 .bss.alreadyTimbrata
                0x0080095a        0x1 Sketch.o
                0x0080095a                alreadyTimbrata
 .bss.uidMezzo  0x0080095b        0x7 Sketch.o
                0x0080095b                uidMezzo
 .bss.uidLength
                0x00800962        0x1 Sketch.o
                0x00800962                uidLength
 .bss.success   0x00800963        0x1 Sketch.o
                0x00800963                success
 .bss.mezzo     0x00800964       0x12 Sketch.o
                0x00800964                mezzo
 .bss.intConsecutiveNonPresses
                0x00800976        0x2 Sketch.o
                0x00800976                intConsecutiveNonPresses
 .bss.intConsecutivePresses
                0x00800978        0x2 Sketch.o
                0x00800978                intConsecutivePresses
 .bss._ZL11INADDR_NONE
                0x0080097a        0x6 Sketch.o
 .bss.pn532_packetbuffer
                0x00800980       0x40 src/libraries/NFC-PN532/NFC_PN532.o
                0x00800980                pn532_packetbuffer
 .bss._ZL11INADDR_NONE
                0x008009c0        0x6 src/libraries/Ethernet2/src/Dhcp.o
 .bss._ZL11INADDR_NONE
                0x008009c6        0x6 src/libraries/Ethernet2/src/Dns.o
 .bss.Ethernet  0x008009cc        0xd src/libraries/Ethernet2/src/Ethernet2.o
                0x008009cc                Ethernet
 .bss._ZN13EthernetClass12_server_portE
                0x008009d9       0x10 src/libraries/Ethernet2/src/Ethernet2.o
                0x008009d9                _ZN13EthernetClass12_server_portE
 .bss._ZL11INADDR_NONE
                0x008009e9        0x6 src/libraries/Ethernet2/src/Ethernet2.o
 .bss._ZL11INADDR_NONE
                0x008009ef        0x6 src/libraries/Ethernet2/src/EthernetClient.o
 .bss._ZL11INADDR_NONE
                0x008009f5        0x6 src/libraries/Ethernet2/src/EthernetServer.o
 .bss._ZL11INADDR_NONE
                0x008009fb        0x6 src/libraries/Ethernet2/src/EthernetUdp2.o
 .bss._ZL10local_port
                0x00800a01        0x2 src/libraries/Ethernet2/src/utility/socket.o
 .bss.SPI_CS    0x00800a03        0x1 src/libraries/Ethernet2/src/utility/w5500.o
                0x00800a03                SPI_CS
 .bss.wiznet_SPI_settings
                0x00800a04        0x2 src/libraries/Ethernet2/src/utility/w5500.o
                0x00800a04                wiznet_SPI_settings
 .bss.w5500     0x00800a06        0x1 src/libraries/Ethernet2/src/utility/w5500.o
                0x00800a06                w5500
 .bss._ZN8SPIClass13interruptSaveE
                0x00800a07        0x1 src/libraries/SPI/src/SPI.o
                0x00800a07                _ZN8SPIClass13interruptSaveE
 .bss._ZN8SPIClass13interruptMaskE
                0x00800a08        0x1 src/libraries/SPI/src/SPI.o
                0x00800a08                _ZN8SPIClass13interruptMaskE
 .bss._ZN8SPIClass13interruptModeE
                0x00800a09        0x1 src/libraries/SPI/src/SPI.o
                0x00800a09                _ZN8SPIClass13interruptModeE
 .bss._ZN8SPIClass11initializedE
                0x00800a0a        0x1 src/libraries/SPI/src/SPI.o
                0x00800a0a                _ZN8SPIClass11initializedE
 .bss.twi_error
                0x00800a0b        0x1 src/libraries/Wire/src/utility/twi.o
 .bss.twi_rxBufferIndex
                0x00800a0c        0x1 src/libraries/Wire/src/utility/twi.o
 .bss.twi_rxBuffer
                0x00800a0d       0x20 src/libraries/Wire/src/utility/twi.o
 .bss.twi_txBufferLength
                0x00800a2d        0x1 src/libraries/Wire/src/utility/twi.o
 .bss.twi_txBufferIndex
                0x00800a2e        0x1 src/libraries/Wire/src/utility/twi.o
 .bss.twi_txBuffer
                0x00800a2f       0x20 src/libraries/Wire/src/utility/twi.o
 .bss.twi_masterBufferLength
                0x00800a4f        0x1 src/libraries/Wire/src/utility/twi.o
 .bss.twi_masterBufferIndex
                0x00800a50        0x1 src/libraries/Wire/src/utility/twi.o
 .bss.twi_masterBuffer
                0x00800a51       0x20 src/libraries/Wire/src/utility/twi.o
 .bss.twi_onSlaveReceive
                0x00800a71        0x2 src/libraries/Wire/src/utility/twi.o
 .bss.twi_onSlaveTransmit
                0x00800a73        0x2 src/libraries/Wire/src/utility/twi.o
 .bss.twi_inRepStart
                0x00800a75        0x1 src/libraries/Wire/src/utility/twi.o
 .bss.twi_sendStop
                0x00800a76        0x1 src/libraries/Wire/src/utility/twi.o
 .bss.twi_slarw
                0x00800a77        0x1 src/libraries/Wire/src/utility/twi.o
 .bss.twi_state
                0x00800a78        0x1 src/libraries/Wire/src/utility/twi.o
 .bss.Wire      0x00800a79        0xc src/libraries/Wire/src/Wire.o
                0x00800a79                Wire
 .bss._ZN7TwoWire14user_onReceiveE
                0x00800a85        0x2 src/libraries/Wire/src/Wire.o
                0x00800a85                _ZN7TwoWire14user_onReceiveE
 .bss._ZN7TwoWire14user_onRequestE
                0x00800a87        0x2 src/libraries/Wire/src/Wire.o
                0x00800a87                _ZN7TwoWire14user_onRequestE
 .bss._ZN7TwoWire12transmittingE
                0x00800a89        0x1 src/libraries/Wire/src/Wire.o
                0x00800a89                _ZN7TwoWire12transmittingE
 .bss._ZN7TwoWire14txBufferLengthE
                0x00800a8a        0x1 src/libraries/Wire/src/Wire.o
                0x00800a8a                _ZN7TwoWire14txBufferLengthE
 .bss._ZN7TwoWire13txBufferIndexE
                0x00800a8b        0x1 src/libraries/Wire/src/Wire.o
                0x00800a8b                _ZN7TwoWire13txBufferIndexE
 .bss._ZN7TwoWire8txBufferE
                0x00800a8c       0x20 src/libraries/Wire/src/Wire.o
                0x00800a8c                _ZN7TwoWire8txBufferE
 .bss._ZN7TwoWire9txAddressE
                0x00800aac        0x1 src/libraries/Wire/src/Wire.o
                0x00800aac                _ZN7TwoWire9txAddressE
 .bss._ZN7TwoWire14rxBufferLengthE
                0x00800aad        0x1 src/libraries/Wire/src/Wire.o
                0x00800aad                _ZN7TwoWire14rxBufferLengthE
 .bss._ZN7TwoWire13rxBufferIndexE
                0x00800aae        0x1 src/libraries/Wire/src/Wire.o
                0x00800aae                _ZN7TwoWire13rxBufferIndexE
 .bss._ZN7TwoWire8rxBufferE
                0x00800aaf       0x20 src/libraries/Wire/src/Wire.o
                0x00800aaf                _ZN7TwoWire8rxBufferE
 .bss.Serial    0x00800acf       0x9d C:\Users\giovanni.barbato\Desktop\CCEC\GAC_version\fwCCEC\TuinoDemo\ArduinoCore\Debug\libArduinoCore.a(HardwareSerial0.o)
                0x00800acf                Serial
 .bss.timer0_fract
                0x00800b6c        0x1 C:\Users\giovanni.barbato\Desktop\CCEC\GAC_version\fwCCEC\TuinoDemo\ArduinoCore\Debug\libArduinoCore.a(wiring.o)
 .bss.timer0_millis
                0x00800b6d        0x4 C:\Users\giovanni.barbato\Desktop\CCEC\GAC_version\fwCCEC\TuinoDemo\ArduinoCore\Debug\libArduinoCore.a(wiring.o)
                0x00800b6d                timer0_millis
 .bss.timer0_overflow_count
                0x00800b71        0x4 C:\Users\giovanni.barbato\Desktop\CCEC\GAC_version\fwCCEC\TuinoDemo\ArduinoCore\Debug\libArduinoCore.a(wiring.o)