Archive member included to satisfy reference by file (symbol)

c:/program files (x86)/atmel/studio/7.0/toolchain/avr8/avr8-gnu-toolchain/bin/../lib/gcc/avr/5.4.0/../../../../avr/lib/avr51\libm.a(cmpsf2.o)
                              Sketch.o (__ltsf2)
c:/program files (x86)/atmel/studio/7.0/toolchain/avr8/avr8-gnu-toolchain/bin/../lib/gcc/avr/5.4.0/../../../../avr/lib/avr51\libm.a(divsf3.o)
                              Sketch.o (__divsf3)
c:/program files (x86)/atmel/studio/7.0/toolchain/avr8/avr8-gnu-toolchain/bin/../lib/gcc/avr/5.4.0/../../../../avr/lib/avr51\libm.a(divsf3x.o)
                              c:/program files (x86)/atmel/studio/7.0/toolchain/avr8/avr8-gnu-toolchain/bin/../lib/gcc/avr/5.4.0/../../../../avr/lib/avr51\libm.a(divsf3.o) (__divsf3x)
c:/program files (x86)/atmel/studio/7.0/toolchain/avr8/avr8-gnu-toolchain/bin/../lib/gcc/avr/5.4.0/../../../../avr/lib/avr51\libm.a(fixsfsi.o)
                              Sketch.o (__fixsfsi)
c:/program files (x86)/atmel/studio/7.0/toolchain/avr8/avr8-gnu-toolchain/bin/../lib/gcc/avr/5.4.0/../../../../avr/lib/avr51\libm.a(fixunssfsi.o)
                              c:/program files (x86)/atmel/studio/7.0/toolchain/avr8/avr8-gnu-toolchain/bin/../lib/gcc/avr/5.4.0/../../../../avr/lib/avr51\libm.a(fixsfsi.o) (__fixunssfsi)
c:/program files (x86)/atmel/studio/7.0/toolchain/avr8/avr8-gnu-toolchain/bin/../lib/gcc/avr/5.4.0/../../../../avr/lib/avr51\libm.a(floatsisf.o)
                              Sketch.o (__floatsisf)
c:/program files (x86)/atmel/studio/7.0/toolchain/avr8/avr8-gnu-toolchain/bin/../lib/gcc/avr/5.4.0/../../../../avr/lib/avr51\libm.a(fp_cmp.o)
                              c:/program files (x86)/atmel/studio/7.0/toolchain/avr8/avr8-gnu-toolchain/bin/../lib/gcc/avr/5.4.0/../../../../avr/lib/avr51\libm.a(cmpsf2.o) (__fp_cmp)
c:/program files (x86)/atmel/studio/7.0/toolchain/avr8/avr8-gnu-toolchain/bin/../lib/gcc/avr/5.4.0/../../../../avr/lib/avr51\libm.a(fp_inf.o)
                              c:/program files (x86)/atmel/studio/7.0/toolchain/avr8/avr8-gnu-toolchain/bin/../lib/gcc/avr/5.4.0/../../../../avr/lib/avr51\libm.a(divsf3x.o) (__fp_inf)
c:/program files (x86)/atmel/studio/7.0/toolchain/avr8/avr8-gnu-toolchain/bin/../lib/gcc/avr/5.4.0/../../../../avr/lib/avr51\libm.a(fp_nan.o)
                              c:/program files (x86)/atmel/studio/7.0/toolchain/avr8/avr8-gnu-toolchain/bin/../lib/gcc/avr/5.4.0/../../../../avr/lib/avr51\libm.a(divsf3x.o) (__fp_nan)
c:/program files (x86)/atmel/studio/7.0/toolchain/avr8/avr8-gnu-toolchain/bin/../lib/gcc/avr/5.4.0/../../../../avr/lib/avr51\libm.a(fp_pscA.o)
                              c:/program files (x86)/atmel/studio/7.0/toolchain/avr8/avr8-gnu-toolchain/bin/../lib/gcc/avr/5.4.0/../../../../avr/lib/avr51\libm.a(divsf3x.o) (__fp_pscA)
c:/program files (x86)/atmel/studio/7.0/toolchain/avr8/avr8-gnu-toolchain/bin/../lib/gcc/avr/5.4.0/../../../../avr/lib/avr51\libm.a(fp_pscB.o)
                              c:/program files (x86)/atmel/studio/7.0/toolchain/avr8/avr8-gnu-toolchain/bin/../lib/gcc/avr/5.4.0/../../../../avr/lib/avr51\libm.a(divsf3x.o) (__fp_pscB)
c:/program files (x86)/atmel/studio/7.0/toolchain/avr8/avr8-gnu-toolchain/bin/../lib/gcc/avr/5.4.0/../../../../avr/lib/avr51\libm.a(fp_round.o)
                              c:/program files (x86)/atmel/studio/7.0/toolchain/avr8/avr8-gnu-toolchain/bin/../lib/gcc/avr/5.4.0/../../../../avr/lib/avr51\libm.a(divsf3.o) (__fp_round)
c:/program files (x86)/atmel/studio/7.0/toolchain/avr8/avr8-gnu-toolchain/bin/../lib/gcc/avr/5.4.0/../../../../avr/lib/avr51\libm.a(fp_split3.o)
                              c:/program files (x86)/atmel/studio/7.0/toolchain/avr8/avr8-gnu-toolchain/bin/../lib/gcc/avr/5.4.0/../../../../avr/lib/avr51\libm.a(divsf3x.o) (__fp_split3)
c:/program files (x86)/atmel/studio/7.0/toolchain/avr8/avr8-gnu-toolchain/bin/../lib/gcc/avr/5.4.0/../../../../avr/lib/avr51\libm.a(fp_zero.o)
                              c:/program files (x86)/atmel/studio/7.0/toolchain/avr8/avr8-gnu-toolchain/bin/../lib/gcc/avr/5.4.0/../../../../avr/lib/avr51\libm.a(fixunssfsi.o) (__fp_zero)
C:\Users\utente\NEXTCL~1\PROGET~1\FUELCO~1\Firmware\repo\NOVARA~1\fwCCEC\TUINOD~1\ARDUIN~1\Debug\libArduinoCore.a(abi.o)
                              src/libraries/LiquidCrystal/src/LCD.o (__cxa_pure_virtual)
C:\Users\utente\NEXTCL~1\PROGET~1\FUELCO~1\Firmware\repo\NOVARA~1\fwCCEC\TUINOD~1\ARDUIN~1\Debug\libArduinoCore.a(HardwareSerial0.o)
                              Sketch.o (Serial)
C:\Users\utente\NEXTCL~1\PROGET~1\FUELCO~1\Firmware\repo\NOVARA~1\fwCCEC\TUINOD~1\ARDUIN~1\Debug\libArduinoCore.a(IPAddress.o)
                              Sketch.o (_ZTV9IPAddress)
C:\Users\utente\NEXTCL~1\PROGET~1\FUELCO~1\Firmware\repo\NOVARA~1\fwCCEC\TUINOD~1\ARDUIN~1\Debug\libArduinoCore.a(main.o)
                              C:/Program Files (x86)/Atmel/Studio/7.0/Packs/atmel/ATmega_DFP/1.2.209/gcc/dev/atmega1284p/avr51/crtatmega1284p.o (main)
[...]
Memory Configuration

Name             Origin             Length             Attributes
text             0x00000000         0x00020000         xr
data             0x00800100         0x0000ff00         rw !x
eeprom           0x00810000         0x00010000         rw !x
fuse             0x00820000         0x00000003         rw !x
lock             0x00830000         0x00000400         rw !x
signature        0x00840000         0x00000400         rw !x
user_signatures  0x00850000         0x00000400         rw !x
*default*        0x00000000         0xffffffff

Linker script and memory map

Address of section .data set to 0x800100
LOAD C:/Program Files (x86)/Atmel/Studio/7.0/Packs/atmel/ATmega_DFP/1.2.209/gcc/dev/atmega1284p/avr51/crtatmega1284p.o
LOAD Sketch.o
LOAD src/libraries/Keypad/src/PCA9534.o
LOAD src/libraries/NFC-PN532/NFC_PN532.o
LOAD src/libraries/DS3231M/src/DS3231M.o
LOAD src/libraries/Ethernet2/src/Dhcp.o
LOAD src/libraries/Ethernet2/src/Dns.o
LOAD src/libraries/Ethernet2/src/Ethernet2.o
LOAD src/libraries/Ethernet2/src/EthernetClient.o
LOAD src/libraries/Ethernet2/src/EthernetServer.o
LOAD src/libraries/Ethernet2/src/EthernetUdp2.o
LOAD src/libraries/Ethernet2/src/utility/socket.o
LOAD src/libraries/Ethernet2/src/utility/w5500.o
LOAD src/libraries/Keypad/src/Key.o
LOAD src/libraries/Keypad/src/Keypad.o
LOAD src/libraries/LiquidCrystal/src/I2CIO.o
LOAD src/libraries/LiquidCrystal/src/LCD.o
LOAD src/libraries/LiquidCrystal/src/LiquidCrystal.o
LOAD src/libraries/LiquidCrystal/src/LiquidCrystal_I2C.o
LOAD src/libraries/SPI/src/SPI.o
LOAD src/libraries/Wire/src/utility/twi.o
LOAD src/libraries/Wire/src/Wire.o
START GROUP
LOAD c:/program files (x86)/atmel/studio/7.0/toolchain/avr8/avr8-gnu-toolchain/bin/../lib/gcc/avr/5.4.0/../../../../avr/lib/avr51\libm.a
LOAD C:\Users\utente\NEXTCL~1\PROGET~1\FUELCO~1\Firmware\repo\NOVARA~1\fwCCEC\TUINOD~1\ARDUIN~1\Debug\libArduinoCore.a
END GROUP
LOAD c:/program files (x86)/atmel/studio/7.0/toolchain/avr8/avr8-gnu-toolchain/bin/../lib/gcc/avr/5.4.0/avr51\libgcc.a
LOAD c:/program files (x86)/atmel/studio/7.0/toolchain/avr8/avr8-gnu-toolchain/bin/../lib/gcc/avr/5.4.0/../../../../avr/lib/avr51\libm.a
START GROUP
LOAD c:/program files (x86)/atmel/studio/7.0/toolchain/avr8/avr8-gnu-toolchain/bin/../lib/gcc/avr/5.4.0/avr51\libgcc.a
LOAD c:/program files (x86)/atmel/studio/7.0/toolchain/avr8/avr8-gnu-toolchain/bin/../lib/gcc/avr/5.4.0/../../../../avr/lib/avr51\libm.a
LOAD c:/program files (x86)/atmel/studio/7.0/toolchain/avr8/avr8-gnu-toolchain/bin/../lib/gcc/avr/5.4.0/../../../../avr/lib/avr51\libc.a
LOAD C:/Program Files (x86)/Atmel/Studio/7.0/Packs/atmel/ATmega_DFP/1.2.209/gcc/dev/atmega1284p/avr51\libatmega1284p.a
END GROUP
                0x00000000                __TEXT_REGION_ORIGIN__ = DEFINED (__TEXT_REGION_ORIGIN__)?__TEXT_REGION_ORIGIN__:0x0
                0x00800100                __DATA_REGION_ORIGIN__ = DEFINED (__DATA_REGION_ORIGIN__)?__DATA_REGION_ORIGIN__:0x800100
                0x00020000                __TEXT_REGION_LENGTH__ = DEFINED (__TEXT_REGION_LENGTH__)?__TEXT_REGION_LENGTH__:0x20000
                0x0000ff00                __DATA_REGION_LENGTH__ = DEFINED (__DATA_REGION_LENGTH__)?__DATA_REGION_LENGTH__:0xff00
                0x00010000                __EEPROM_REGION_LENGTH__ = DEFINED (__EEPROM_REGION_LENGTH__)?__EEPROM_REGION_LENGTH__:0x10000
                [0x00000003]                __FUSE_REGION_LENGTH__ = DEFINED (__FUSE_REGION_LENGTH__)?__FUSE_REGION_LENGTH__:0x400
                0x00000400                __LOCK_REGION_LENGTH__ = DEFINED (__LOCK_REGION_LENGTH__)?__LOCK_REGION_LENGTH__:0x400
                0x00000400                __SIGNATURE_REGION_LENGTH__ = DEFINED (__SIGNATURE_REGION_LENGTH__)?__SIGNATURE_REGION_LENGTH__:0x400
                0x00000400                __USER_SIGNATURE_REGION_LENGTH__ = DEFINED (__USER_SIGNATURE_REGION_LENGTH__)?__USER_SIGNATURE_REGION_LENGTH__:0x400

.hash
 *(.hash)

.dynsym
 *(.dynsym)

.dynstr
 *(.dynstr)

.gnu.version
 *(.gnu.version)

.gnu.version_d
 *(.gnu.version_d)

.gnu.version_r
 *(.gnu.version_r)

.rel.init
 *(.rel.init)

.rela.init
 *(.rela.init)

.rel.text
 *(.rel.text)
 *(.rel.text.*)
 *(.rel.gnu.linkonce.t*)

.rela.text
 *(.rela.text)
 *(.rela.text.*)
 *(.rela.gnu.linkonce.t*)

.rel.fini
 *(.rel.fini)

.rela.fini
 *(.rela.fini)

.rel.rodata
 *(.rel.rodata)
 *(.rel.rodata.*)
 *(.rel.gnu.linkonce.r*)

.rela.rodata
 *(.rela.rodata)
 *(.rela.rodata.*)
 *(.rela.gnu.linkonce.r*)

.rel.data
 *(.rel.data)
 *(.rel.data.*)
 *(.rel.gnu.linkonce.d*)

.rela.data
 *(.rela.data)
 *(.rela.data.*)
 *(.rela.gnu.linkonce.d*)

.rel.ctors
 *(.rel.ctors)

.rela.ctors
 *(.rela.ctors)

.rel.dtors
 *(.rel.dtors)

.rela.dtors
 *(.rela.dtors)

.rel.got
 *(.rel.got)

.rela.got
 *(.rela.got)

.rel.bss
 *(.rel.bss)

.rela.bss
 *(.rela.bss)

.rel.plt
 *(.rel.plt)

.rela.plt
 *(.rela.plt)

.text           0x00000000     0x868c
 *(.vectors)
 .vectors       0x00000000       0x8c C:/Program Files (x86)/Atmel/Studio/7.0/Packs/atmel/ATmega_DFP/1.2.209/gcc/dev/atmega1284p/avr51/crtatmega1284p.o
                0x00000000                __vector_default
                0x00000000                __vectors
 *(.vectors)
 *(.progmem.gcc*)
 .progmem.gcc_sw_table.loop
                0x0000008c       0x16 Sketch.o
 .progmem.gcc_sw_table._ZN8DateTimeC2EPK19__FlashStringHelperS2_
                0x000000a2       0x26 src/libraries/DS3231M/src/DS3231M.o
                0x000000c8                . = ALIGN (0x2)
                0x000000c8                __trampolines_start = .
 *(.trampolines)
 .trampolines   0x000000c8        0x0 linker stubs
 *(.trampolines*)
                0x000000c8                __trampolines_end = .
 *libprintf_flt.a:*(.progmem.data)
 *libc.a:*(.progmem.data)
 .progmem.data  0x000000c8       0xfa c:/program files (x86)/atmel/studio/7.0/toolchain/avr8/avr8-gnu-toolchain/bin/../lib/gcc/avr/5.4.0/../../../../avr/lib/avr51\libc.a(ftoa_engine.o)
 *(.progmem*)
 .progmem.data._ZZ5setupE3__c_0
                0x000001c2       0x1e Sketch.o
 .progmem.data._ZZ5setupE3__c
                0x000001e0       0x2f Sketch.o
 .progmem.data._ZZN13DS3231M_Class6adjustEvE3__c
                0x0000020f        0xc src/libraries/DS3231M/src/DS3231M.o
 .progmem.data._ZZN13DS3231M_Class6adjustEvE3__c_0
                0x0000021b        0x9 src/libraries/DS3231M/src/DS3231M.o
 .progmem.data._ZL11daysInMonth
                0x00000224        0xc src/libraries/DS3231M/src/DS3231M.o
 .progmem.data.digital_pin_to_timer_PGM
                0x00000230       0x20 C:\Users\utente\NEXTCL~1\PROGET~1\FUELCO~1\Firmware\repo\NOVARA~1\fwCCEC\TUINOD~1\ARDUIN~1\Debug\libArduinoCore.a(wiring_digital.o)
                0x00000230                digital_pin_to_timer_PGM
 .progmem.data.digital_pin_to_bit_mask_PGM
                0x00000250       0x20 C:\Users\utente\NEXTCL~1\PROGET~1\FUELCO~1\Firmware\repo\NOVARA~1\fwCCEC\TUINOD~1\ARDUIN~1\Debug\libArduinoCore.a(wiring_digital.o)
                0x00000250                digital_pin_to_bit_mask_PGM
 .progmem.data.digital_pin_to_port_PGM
                0x00000270       0x20 C:\Users\utente\NEXTCL~1\PROGET~1\FUELCO~1\Firmware\repo\NOVARA~1\fwCCEC\TUINOD~1\ARDUIN~1\Debug\libArduinoCore.a(wiring_digital.o)
                0x00000270                digital_pin_to_port_PGM
 .progmem.data.port_to_input_PGM
                0x00000290        0xa C:\Users\utente\NEXTCL~1\PROGET~1\FUELCO~1\Firmware\repo\NOVARA~1\fwCCEC\TUINOD~1\ARDUIN~1\Debug\libArduinoCore.a(wiring_digital.o)
                0x00000290                port_to_input_PGM
 .progmem.data.port_to_output_PGM
                0x0000029a        0xa C:\Users\utente\NEXTCL~1\PROGET~1\FUELCO~1\Firmware\repo\NOVARA~1\fwCCEC\TUINOD~1\ARDUIN~1\Debug\libArduinoCore.a(wiring_digital.o)
                0x0000029a                port_to_output_PGM
 .progmem.data.port_to_mode_PGM
                0x000002a4        0xa C:\Users\utente\NEXTCL~1\PROGET~1\FUELCO~1\Firmware\repo\NOVARA~1\fwCCEC\TUINOD~1\ARDUIN~1\Debug\libArduinoCore.a(wiring_digital.o)
                0x000002a4                port_to_mode_PGM
                0x000002ae                . = ALIGN (0x2)
 *(.jumptables)
 *(.jumptables*)
 *(.lowtext)
 *(.lowtext*)
                0x000002ae                __ctors_start = .
 *(.ctors)
 .ctors         0x000002ae        0x2 Sketch.o
 .ctors         0x000002b0        0x2 src/libraries/Ethernet2/src/Dhcp.o
 .ctors         0x000002b2        0x2 src/libraries/Ethernet2/src/Dns.o
 .ctors         0x000002b4        0x2 src/libraries/Ethernet2/src/Ethernet2.o
 .ctors         0x000002b6        0x2 src/libraries/Ethernet2/src/EthernetClient.o
 .ctors         0x000002b8        0x2 src/libraries/Ethernet2/src/EthernetServer.o
 .ctors         0x000002ba        0x2 src/libraries/Ethernet2/src/EthernetUdp2.o
 .ctors         0x000002bc        0x2 src/libraries/Ethernet2/src/utility/w5500.o
 .ctors         0x000002be        0x2 src/libraries/Wire/src/Wire.o
 .ctors         0x000002c0        0x2 C:\Users\utente\NEXTCL~1\PROGET~1\FUELCO~1\Firmware\repo\NOVARA~1\fwCCEC\TUINOD~1\ARDUIN~1\Debug\libArduinoCore.a(HardwareSerial0.o)
                0x000002c2                __ctors_end = .
                0x000002c2                __dtors_start = .
 *(.dtors)
 .dtors         0x000002c2        0x2 Sketch.o
                0x000002c4                __dtors_end = .
 SORT(*)(.ctors)
 SORT(*)(.dtors)
 *(.init0)
 .init0         0x000002c4        0x0 C:/Program Files (x86)/Atmel/Studio/7.0/Packs/atmel/ATmega_DFP/1.2.209/gcc/dev/atmega1284p/avr51/crtatmega1284p.o
                0x000002c4                __init
 *(.init0)
 *(.init1)
 *(.init1)
 *(.init2)
 .init2         0x000002c4        0xc C:/Program Files (x86)/Atmel/Studio/7.0/Packs/atmel/ATmega_DFP/1.2.209/gcc/dev/atmega1284p/avr51/crtatmega1284p.o
 *(.init2)
 *(.init3)
 *(.init3)
 *(.init4)
 .init4         0x000002d0       0x1a c:/program files (x86)/atmel/studio/7.0/toolchain/avr8/avr8-gnu-toolchain/bin/../lib/gcc/avr/5.4.0/avr51\libgcc.a(_copy_data.o)
                0x000002d0                __do_copy_data
 .init4         0x000002ea       0x10 c:/program files (x86)/atmel/studio/7.0/toolchain/avr8/avr8-gnu-toolchain/bin/../lib/gcc/avr/5.4.0/avr51\libgcc.a(_clear_bss.o)
                0x000002ea                __do_clear_bss
 *(.init4)
 *(.init5)
 *(.init5)
 *(.init6)
 .init6         0x000002fa       0x16 c:/program files (x86)/atmel/studio/7.0/toolchain/avr8/avr8-gnu-toolchain/bin/../lib/gcc/avr/5.4.0/avr51\libgcc.a(_ctors.o)
                0x000002fa                __do_global_ctors
 *(.init6)
 *(.init7)
 *(.init7)
 *(.init8)
 *(.init8)
 *(.init9)
 .init9         0x00000310        0x8 C:/Program Files (x86)/Atmel/Studio/7.0/Packs/atmel/ATmega_DFP/1.2.209/gcc/dev/atmega1284p/avr51/crtatmega1284p.o
 *(.init9)
 *(.text)
 .text          0x00000318        0x2 C:/Program Files (x86)/Atmel/Studio/7.0/Packs/atmel/ATmega_DFP/1.2.209/gcc/dev/atmega1284p/avr51/crtatmega1284p.o
                0x00000318                __vector_22
                0x00000318                __vector_28
                0x00000318                __vector_1
                0x00000318                __vector_32
                0x00000318                __vector_34
                0x00000318                __vector_24
                0x00000318                __vector_12
                0x00000318                __bad_interrupt
                0x00000318                __vector_6
                0x00000318                __vector_31
                0x00000318                __vector_3
                0x00000318                __vector_23
                0x00000318                __vector_30
                0x00000318                __vector_25
                0x00000318                __vector_11
                0x00000318                __vector_13
                0x00000318                __vector_17
                0x00000318                __vector_27
                0x00000318                __vector_5
                0x00000318                __vector_33
                0x00000318                __vector_9
                0x00000318                __vector_2
                0x00000318                __vector_21
                0x00000318                __vector_15
                0x00000318                __vector_29
                0x00000318                __vector_8
                0x00000318                __vector_14
                0x00000318                __vector_10
                0x00000318                __vector_20
                0x0000031a                . = ALIGN (0x2)
 *(.text.*)
 .text._ZN5Print17availableForWriteEv
                0x0000031a        0x6 Sketch.o
                0x0000031a                _ZN5Print17availableForWriteEv
 .text._ZN5Print5flushEv
                0x00000320        0x2 Sketch.o
                0x00000320                _ZN5Print5flushEv
 .text._ZL10enable_ETHv
                0x00000322        0x4 Sketch.o
 .text._ZL11disable_ETHv
                0x00000326        0x4 Sketch.o
 .text._Z19InizializzaEthernetv
                0x0000032a       0xce Sketch.o
                0x0000032a                _Z19InizializzaEthernetv
 .text._Z11my_delay_msi
                0x000003f8       0x18 Sketch.o
                0x000003f8                _Z11my_delay_msi
 .text._Z9printLinev
                0x00000410       0x26 Sketch.o
                0x00000410                _Z9printLinev
 .text._Z8printTabh
                0x00000436       0x22 Sketch.o
                0x00000436                _Z8printTabh
 .text._Z4passb
                0x00000458       0x30 Sketch.o
                0x00000458                _Z4passb
 .text._Z25read_eeprom_string_struct20ParametriCCEC_struct
                0x00000488      0x120 Sketch.o
                0x00000488                _Z25read_eeprom_string_struct20ParametriCCEC_struct
 .text._Z26write_eeprom_string_struct20ParametriCCEC_struct
                0x000005a8      0x126 Sketch.o
                0x000005a8                _Z26write_eeprom_string_struct20ParametriCCEC_struct
 .text._Z11clearEEPROMii
                0x000006ce       0x6e Sketch.o
                0x000006ce                _Z11clearEEPROMii
 .text._Z18read_eeprom_stringii
                0x0000073c      0x16a Sketch.o
                0x0000073c                _Z18read_eeprom_stringii
 .text._Z19write_eeprom_string6Stringii
                0x000008a6      0x15a Sketch.o
                0x000008a6                _Z19write_eeprom_string6Stringii
 .text._ZN20ParametriCCEC_structC2ERKS_
                0x00000a00       0x32 Sketch.o
                0x00000a00                _ZN20ParametriCCEC_structC2ERKS_
                0x00000a00                _ZN20ParametriCCEC_structC1ERKS_
 .text._ZN20ParametriCCEC_structD2Ev
                0x00000a32       0x16 Sketch.o
                0x00000a32                _ZN20ParametriCCEC_structD1Ev
                0x00000a32                _ZN20ParametriCCEC_structD2Ev
 .text._Z6Buzzerhm
                0x00000a48       0x3c Sketch.o
                0x00000a48                _Z6Buzzerhm
 .text._Z13getCharKeypadi
                0x00000a84      0x1cc Sketch.o
                0x00000a84                _Z13getCharKeypadi
 .text._Z10displayLCDP6Stringii
                0x00000c50       0x6a Sketch.o
                0x00000c50                _Z10displayLCDP6Stringii
 .text._Z11avanzaStatom
                0x00000cba       0x82 Sketch.o
                0x00000cba                _Z11avanzaStatom
 .text._Z16scrivi_TAG_MezzoPc
                0x00000d3c      0x1d6 Sketch.o
                0x00000d3c                _Z16scrivi_TAG_MezzoPc
 .text._Z14leggiTAG_Mezzob
                0x00000f12      0x1c6 Sketch.o
                0x00000f12                _Z14leggiTAG_Mezzob
 .text._Z14GetCodeRfidATev
                0x000010d8       0xcc Sketch.o
                0x000010d8                _Z14GetCodeRfidATev
 .text._Z19GetHTTPResponseCode6String
                0x000011a4       0xd6 Sketch.o
                0x000011a4                _Z19GetHTTPResponseCode6String
 .text._Z17PostErogazioneGACiPc14EthernetClient6String
                0x0000127a      0x2f6 Sketch.o
                0x0000127a                _Z17PostErogazioneGACiPc14EthernetClient6String
 .text._Z15abilitaPulsantiv
                0x00001570       0x14 Sketch.o
                0x00001570                _Z15abilitaPulsantiv
 .text._Z22abilitaContattiPistolav
                0x00001584        0x6 Sketch.o
                0x00001584                _Z22abilitaContattiPistolav
 .text._Z13abilitaPulserc
                0x0000158a       0x1c Sketch.o
                0x0000158a                _Z13abilitaPulserc
 .text._Z14impulsiToLitrii
                0x000015a6       0x56 Sketch.o
                0x000015a6                _Z14impulsiToLitrii
 .text._Z18Rele_Abilitazione1ii
                0x000015fc       0x76 Sketch.o
                0x000015fc                _Z18Rele_Abilitazione1ii
 .text._Z18Rele_Abilitazione2ii
                0x00001672       0x88 Sketch.o
                0x00001672                _Z18Rele_Abilitazione2ii
 .text._Z12Control_WIFIi
                0x000016fa       0x26 Sketch.o
                0x000016fa                _Z12Control_WIFIi
 .text._Z6Azzerav
                0x00001720      0x160 Sketch.o
                0x00001720                _Z6Azzerav
 .text._Z10inputTargac
                0x00001880      0x210 Sketch.o
                0x00001880                _Z10inputTargac
 .text._Z7inputKMc
                0x00001a90      0x1c0 Sketch.o
                0x00001a90                _Z7inputKMc
 .text.loop     0x00001c50     0x10ae Sketch.o
                0x00001c50                loop
 .text.__vector_4
                0x00002cfe       0xac Sketch.o
                0x00002cfe                __vector_4
 .text.__vector_7
                0x00002daa       0xfe Sketch.o
                0x00002daa                __vector_7
 .text.startup._GLOBAL__sub_I_ParametriCCEC
                0x00002ea8      0x23c Sketch.o
 .text.exit._GLOBAL__sub_D_ParametriCCEC
                0x000030e4       0xb4 Sketch.o
 .text.setup    0x00003198      0x4bc Sketch.o
                0x00003198                setup
 .text._ZN7PCA9534C2Ev
                0x00003654        0xa src/libraries/Keypad/src/PCA9534.o
                0x00003654                _ZN7PCA9534C2Ev
                0x00003654                _ZN7PCA9534C1Ev
 .text._ZN7PCA95345beginEh
                0x0000365e        0xc src/libraries/Keypad/src/PCA9534.o
                0x0000365e                _ZN7PCA95345beginEh
 .text._ZN7PCA953413setporteIoExpEhhh
                0x0000366a       0xa8 src/libraries/Keypad/src/PCA9534.o
                0x0000366a                _ZN7PCA953413setporteIoExpEhhh
 .text._ZN7PCA953410setCONFREGEh
                0x00003712       0x2e src/libraries/Keypad/src/PCA9534.o
                0x00003712                _ZN7PCA953410setCONFREGEh
 .text._ZN7PCA953416Read_IP_REGISTEREv
                0x00003740       0x54 src/libraries/Keypad/src/PCA9534.o
                0x00003740                _ZN7PCA953416Read_IP_REGISTEREv
 .text._ZN9NFC_PN532C2Ehh
                0x00003794       0x22 src/libraries/NFC-PN532/NFC_PN532.o
                0x00003794                _ZN9NFC_PN532C1Ehh
                0x00003794                _ZN9NFC_PN532C2Ehh
 .text._ZN9NFC_PN5325beginEv
                0x000037b6       0x4a src/libraries/NFC-PN532/NFC_PN532.o
                0x000037b6                _ZN9NFC_PN5325beginEv
 .text._ZN9NFC_PN53210GetHexCodeEPKhm
                0x00003800      0x110 src/libraries/NFC-PN532/NFC_PN532.o
                0x00003800                _ZN9NFC_PN53210GetHexCodeEPKhm
 .text._ZN9NFC_PN5327isreadyEv
                0x00003910       0x12 src/libraries/NFC-PN532/NFC_PN532.o
                0x00003910                _ZN9NFC_PN5327isreadyEv
 .text._ZN9NFC_PN5329waitreadyEj
                0x00003922       0x5c src/libraries/NFC-PN532/NFC_PN532.o
                0x00003922                _ZN9NFC_PN5329waitreadyEj
 .text._ZN9NFC_PN5328readdataEPhh
                0x0000397e       0x68 src/libraries/NFC-PN532/NFC_PN532.o
                0x0000397e                _ZN9NFC_PN5328readdataEPhh
 .text._ZN9NFC_PN5327readackEv
                0x000039e6       0x44 src/libraries/NFC-PN532/NFC_PN532.o
                0x000039e6                _ZN9NFC_PN5327readackEv
 .text._ZL8i2c_sendh
                0x00003a2a        0xa src/libraries/NFC-PN532/NFC_PN532.o
 .text._ZN9NFC_PN53212writecommandEPhh
                0x00003a34       0x92 src/libraries/NFC-PN532/NFC_PN532.o
                0x00003a34                _ZN9NFC_PN53212writecommandEPhh
 .text._ZN9NFC_PN53219sendCommandCheckAckEPhhj
                0x00003ac6       0x30 src/libraries/NFC-PN532/NFC_PN532.o
                0x00003ac6                _ZN9NFC_PN53219sendCommandCheckAckEPhhj
 .text._ZN9NFC_PN53218getFirmwareVersionEv
                0x00003af6       0x90 src/libraries/NFC-PN532/NFC_PN532.o
                0x00003af6                _ZN9NFC_PN53218getFirmwareVersionEv
 .text._ZN9NFC_PN5329SAMConfigEv
                0x00003b86       0x5c src/libraries/NFC-PN532/NFC_PN532.o
                0x00003b86                _ZN9NFC_PN5329SAMConfigEv
 .text._ZN9NFC_PN53227setPassiveActivationRetriesEh
                0x00003be2       0x20 src/libraries/NFC-PN532/NFC_PN532.o
                0x00003be2                _ZN9NFC_PN53227setPassiveActivationRetriesEh
 .text._ZN9NFC_PN53219readPassiveTargetIDEhPhS0_j
                0x00003c02       0xa8 src/libraries/NFC-PN532/NFC_PN532.o
                0x00003c02                _ZN9NFC_PN53219readPassiveTargetIDEhPhS0_j
 .text._ZN9NFC_PN53231mifareclassic_AuthenticateBlockEPhhmhS0_
                0x00003caa       0xc0 src/libraries/NFC-PN532/NFC_PN532.o
                0x00003caa                _ZN9NFC_PN53231mifareclassic_AuthenticateBlockEPhhmhS0_
 .text._ZN9NFC_PN53227mifareclassic_ReadDataBlockEhPh
                0x00003d6a       0x66 src/libraries/NFC-PN532/NFC_PN532.o
                0x00003d6a                _ZN9NFC_PN53227mifareclassic_ReadDataBlockEhPh
 .text._ZN9NFC_PN53228mifareclassic_WriteDataBlockEhPh
                0x00003dd0       0x60 src/libraries/NFC-PN532/NFC_PN532.o
                0x00003dd0                _ZN9NFC_PN53228mifareclassic_WriteDataBlockEhPh
 .text._ZL9date2daysjhh
                0x00003e30       0x64 src/libraries/DS3231M/src/DS3231M.o
 .text._ZL6conv2dPKc
                0x00003e94       0x1a src/libraries/DS3231M/src/DS3231M.o
 .text._ZN8DateTimeC2Em
                0x00003eae       0xf2 src/libraries/DS3231M/src/DS3231M.o
                0x00003eae                _ZN8DateTimeC2Em
                0x00003eae                _ZN8DateTimeC1Em
 .text._ZN8DateTimeC2EPK19__FlashStringHelperS2_
                0x00003fa0       0xea src/libraries/DS3231M/src/DS3231M.o
                0x00003fa0                _ZN8DateTimeC2EPK19__FlashStringHelperS2_
                0x00003fa0                _ZN8DateTimeC1EPK19__FlashStringHelperS2_
 .text._ZNK8DateTime12dayOfTheWeekEv
                0x0000408a       0x18 src/libraries/DS3231M/src/DS3231M.o
                0x0000408a                _ZNK8DateTime12dayOfTheWeekEv
 .text._ZNK8DateTime8unixtimeEv
                0x000040a2       0x7a src/libraries/DS3231M/src/DS3231M.o
                0x000040a2                _ZNK8DateTime8unixtimeEv
 .text._ZNK8DateTime11secondstimeEv
                0x0000411c       0x6a src/libraries/DS3231M/src/DS3231M.o
                0x0000411c                _ZNK8DateTime11secondstimeEv
 .text._ZN13DS3231M_ClassC2Ev
                0x00004186        0xe src/libraries/DS3231M/src/DS3231M.o
                0x00004186                _ZN13DS3231M_ClassC2Ev
                0x00004186                _ZN13DS3231M_ClassC1Ev
 .text._ZN13DS3231M_ClassD2Ev
                0x00004194        0x2 src/libraries/DS3231M/src/DS3231M.o
                0x00004194                _ZN13DS3231M_ClassD2Ev
                0x00004194                _ZN13DS3231M_ClassD1Ev
 .text._ZN13DS3231M_Class9writeByteEhh
                0x00004196       0x40 src/libraries/DS3231M/src/DS3231M.o
                0x00004196                _ZN13DS3231M_Class9writeByteEhh
 .text._ZN13DS3231M_Class8readByteEh
                0x000041d6       0x44 src/libraries/DS3231M/src/DS3231M.o
                0x000041d6                _ZN13DS3231M_Class8readByteEh
 .text._ZN13DS3231M_Class5beginEm
                0x0000421a       0x60 src/libraries/DS3231M/src/DS3231M.o
                0x0000421a                _ZN13DS3231M_Class5beginEm
 .text._ZN13DS3231M_Class3nowEv
                0x0000427a      0x140 src/libraries/DS3231M/src/DS3231M.o
                0x0000427a                _ZN13DS3231M_Class3nowEv
 .text._ZN13DS3231M_Class6adjustERK8DateTime
                0x000043ba      0x11c src/libraries/DS3231M/src/DS3231M.o
                0x000043ba                _ZN13DS3231M_Class6adjustERK8DateTime
 .text._ZN13DS3231M_Class6adjustEv
                0x000044d6       0x42 src/libraries/DS3231M/src/DS3231M.o
                0x000044d6                _ZN13DS3231M_Class6adjustEv
 .text.startup._GLOBAL__sub_I__ZN9DhcpClass13beginWithDHCPEPhmm
                0x00004518       0x16 src/libraries/Ethernet2/src/Dhcp.o
 .text._ZN9DNSClient5beginERK9IPAddress
                0x0000452e       0x1a src/libraries/Ethernet2/src/Dns.o
                0x0000452e                _ZN9DNSClient5beginERK9IPAddress
 .text._ZN9DNSClient9inet_atonEPKcR9IPAddress
                0x00004548       0x80 src/libraries/Ethernet2/src/Dns.o
                0x00004548                _ZN9DNSClient9inet_atonEPKcR9IPAddress
 .text.startup._GLOBAL__sub_I__ZN9DNSClient5beginERK9IPAddress
                0x000045c8       0x16 src/libraries/Ethernet2/src/Dns.o
 .text._ZN9DNSClient12BuildRequestEPKc
                0x000045de      0x142 src/libraries/Ethernet2/src/Dns.o
                0x000045de                _ZN9DNSClient12BuildRequestEPKc
 .text._ZN9DNSClient15ProcessResponseEjR9IPAddress
                0x00004720      0x2c2 src/libraries/Ethernet2/src/Dns.o
                0x00004720                _ZN9DNSClient15ProcessResponseEjR9IPAddress
 .text._ZN9DNSClient13getHostByNameEPKcR9IPAddress
                0x000049e2      0x112 src/libraries/Ethernet2/src/Dns.o
                0x000049e2                _ZN9DNSClient13getHostByNameEPKcR9IPAddress
 .text._ZN10W5500Class8writeGAREPh
                0x00004af4        0xe src/libraries/Ethernet2/src/Ethernet2.o
                0x00004af4                _ZN10W5500Class8writeGAREPh
 .text._ZN10W5500Class9writeSUBREPh
                0x00004b02        0xe src/libraries/Ethernet2/src/Ethernet2.o
                0x00004b02                _ZN10W5500Class9writeSUBREPh
 .text._ZN10W5500Class9writeSHAREPh
                0x00004b10        0xe src/libraries/Ethernet2/src/Ethernet2.o
                0x00004b10                _ZN10W5500Class9writeSHAREPh
 .text._ZN10W5500Class9writeSIPREPh
                0x00004b1e        0xe src/libraries/Ethernet2/src/Ethernet2.o
                0x00004b1e                _ZN10W5500Class9writeSIPREPh
 .text._ZN13EthernetClass5beginEPh9IPAddressS1_S1_S1_
                0x00004b2c       0x6c src/libraries/Ethernet2/src/Ethernet2.o
                0x00004b2c                _ZN13EthernetClass5beginEPh9IPAddressS1_S1_S1_
 .text._ZN13EthernetClass11dnsServerIPEv
                0x00004b98       0x20 src/libraries/Ethernet2/src/Ethernet2.o
                0x00004b98                _ZN13EthernetClass11dnsServerIPEv
 .text.startup._GLOBAL__sub_I__ZN13EthernetClass6_stateE
                0x00004bb8       0x2a src/libraries/Ethernet2/src/Ethernet2.o
 .text._ZN14EthernetClientneERKS_
                0x00004be2       0x14 src/libraries/Ethernet2/src/EthernetClient.o
                0x00004be2                _ZN14EthernetClientneERKS_
 .text._ZN14EthernetClient5writeEh
                0x00004bf6       0x2c src/libraries/Ethernet2/src/EthernetClient.o
                0x00004bf6                _ZN14EthernetClient5writeEh
 .text._ZN14EthernetClientcvbEv
                0x00004c22       0x10 src/libraries/Ethernet2/src/EthernetClient.o
                0x00004c22                _ZN14EthernetClientcvbEv
 .text._ZN14EthernetClienteqERKS_
                0x00004c32       0x16 src/libraries/Ethernet2/src/EthernetClient.o
                0x00004c32                _ZN14EthernetClienteqERKS_
 .text._ZN14EthernetClient7connectEPKcj
                0x00004c48       0xb4 src/libraries/Ethernet2/src/EthernetClient.o
                0x00004c48                _ZN14EthernetClient7connectEPKcj
 .text._ZN14EthernetClient5writeEPKhj
                0x00004cfc       0x3a src/libraries/Ethernet2/src/EthernetClient.o
                0x00004cfc                _ZN14EthernetClient5writeEPKhj
 .text._ZN14EthernetClient9availableEv
                0x00004d36       0x14 src/libraries/Ethernet2/src/EthernetClient.o
                0x00004d36                _ZN14EthernetClient9availableEv
 .text._ZN14EthernetClient4readEv
                0x00004d4a       0x32 src/libraries/Ethernet2/src/EthernetClient.o
                0x00004d4a                _ZN14EthernetClient4readEv
 .text._ZN14EthernetClient4readEPhj
                0x00004d7c        0x6 src/libraries/Ethernet2/src/EthernetClient.o
                0x00004d7c                _ZN14EthernetClient4readEPhj
 .text._ZN14EthernetClient4peekEv
                0x00004d82       0x44 src/libraries/Ethernet2/src/EthernetClient.o
                0x00004d82                _ZN14EthernetClient4peekEv
 .text._ZN14EthernetClient5flushEv
                0x00004dc6        0x6 src/libraries/Ethernet2/src/EthernetClient.o
                0x00004dc6                _ZN14EthernetClient5flushEv
 .text._ZN14EthernetClientC2Ev
                0x00004dcc       0x24 src/libraries/Ethernet2/src/EthernetClient.o
                0x00004dcc                _ZN14EthernetClientC2Ev
                0x00004dcc                _ZN14EthernetClientC1Ev
 .text._ZN14EthernetClient6statusEv
                0x00004df0       0x1a src/libraries/Ethernet2/src/EthernetClient.o
                0x00004df0                _ZN14EthernetClient6statusEv
 .text._ZN14EthernetClient9connectedEv
                0x00004e0a       0x46 src/libraries/Ethernet2/src/EthernetClient.o
                0x00004e0a                _ZN14EthernetClient9connectedEv
 .text._ZN14EthernetClient4stopEv
                0x00004e50       0x7c src/libraries/Ethernet2/src/EthernetClient.o
                0x00004e50                _ZN14EthernetClient4stopEv
 .text._ZN14EthernetClient7connectE9IPAddressj
                0x00004ecc       0xba src/libraries/Ethernet2/src/EthernetClient.o
                0x00004ecc                _ZN14EthernetClient7connectE9IPAddressj
 .text.startup._GLOBAL__sub_I__ZN14EthernetClient8_srcportE
                0x00004f86       0x16 src/libraries/Ethernet2/src/EthernetClient.o
 .text.startup._GLOBAL__sub_I__ZN14EthernetServerC2Ej
                0x00004f9c       0x16 src/libraries/Ethernet2/src/EthernetServer.o
 .text._ZN3UDP14beginMulticastE9IPAddressj
                0x00004fb2        0x4 src/libraries/Ethernet2/src/EthernetUdp2.o
                0x00004fb2                _ZN3UDP14beginMulticastE9IPAddressj
 .text._ZN11EthernetUDP4readEPcj
                0x00004fb6        0xe src/libraries/Ethernet2/src/EthernetUdp2.o
                0x00004fb6                _ZN11EthernetUDP4readEPcj
 .text._ZN11EthernetUDP8remoteIPEv
                0x00004fc4       0x20 src/libraries/Ethernet2/src/EthernetUdp2.o
                0x00004fc4                _ZN11EthernetUDP8remoteIPEv
 .text._ZN11EthernetUDP10remotePortEv
                0x00004fe4        0x8 src/libraries/Ethernet2/src/EthernetUdp2.o
                0x00004fe4                _ZN11EthernetUDP10remotePortEv
 .text._ZN11EthernetUDP9availableEv
                0x00004fec        0x8 src/libraries/Ethernet2/src/EthernetUdp2.o
                0x00004fec                _ZN11EthernetUDP9availableEv
 .text._ZN11EthernetUDP5writeEh
                0x00004ff4       0x2c src/libraries/Ethernet2/src/EthernetUdp2.o
                0x00004ff4                _ZN11EthernetUDP5writeEh
 .text._ZN11EthernetUDP5flushEv
                0x00005020       0x24 src/libraries/Ethernet2/src/EthernetUdp2.o
                0x00005020                _ZN11EthernetUDP5flushEv
 .text._ZN11EthernetUDP4stopEv
                0x00005044       0x28 src/libraries/Ethernet2/src/EthernetUdp2.o
                0x00005044                _ZN11EthernetUDP4stopEv
 .text._ZN11EthernetUDP11beginPacketE9IPAddressj
                0x0000506c        0xe src/libraries/Ethernet2/src/EthernetUdp2.o
                0x0000506c                _ZN11EthernetUDP11beginPacketE9IPAddressj
 .text._ZN11EthernetUDP9endPacketEv
                0x0000507a        0x6 src/libraries/Ethernet2/src/EthernetUdp2.o
                0x0000507a                _ZN11EthernetUDP9endPacketEv
 .text._ZN11EthernetUDP5writeEPKhj
                0x00005080       0x26 src/libraries/Ethernet2/src/EthernetUdp2.o
                0x00005080                _ZN11EthernetUDP5writeEPKhj
 .text._ZN11EthernetUDP4readEv
                0x000050a6       0x50 src/libraries/Ethernet2/src/EthernetUdp2.o
                0x000050a6                _ZN11EthernetUDP4readEv
 .text._ZN11EthernetUDP4readEPhj
                0x000050f6       0x3c src/libraries/Ethernet2/src/EthernetUdp2.o
                0x000050f6                _ZN11EthernetUDP4readEPhj
 .text._ZN11EthernetUDP4peekEv
                0x00005132       0x30 src/libraries/Ethernet2/src/EthernetUdp2.o
                0x00005132                _ZN11EthernetUDP4peekEv
 .text._ZN11EthernetUDP5beginEj
                0x00005162       0x62 src/libraries/Ethernet2/src/EthernetUdp2.o
                0x00005162                _ZN11EthernetUDP5beginEj
 .text._ZN11EthernetUDP11parsePacketEv
                0x000051c4       0x9e src/libraries/Ethernet2/src/EthernetUdp2.o
                0x000051c4                _ZN11EthernetUDP11parsePacketEv
 .text._ZN11EthernetUDPC2Ev
                0x00005262       0x2a src/libraries/Ethernet2/src/EthernetUdp2.o
                0x00005262                _ZN11EthernetUDPC1Ev
                0x00005262                _ZN11EthernetUDPC2Ev
 .text._ZN11EthernetUDP11beginPacketEPKcj
                0x0000528c       0xb4 src/libraries/Ethernet2/src/EthernetUdp2.o
                0x0000528c                _ZN11EthernetUDP11beginPacketEPKcj
 .text.startup._GLOBAL__sub_I__ZN11EthernetUDPC2Ev
                0x00005340       0x16 src/libraries/Ethernet2/src/EthernetUdp2.o
 .text._ZN10W5500Class11writeSnDIPREhPh
                0x00005356       0x16 src/libraries/Ethernet2/src/utility/socket.o
                0x00005356                _ZN10W5500Class11writeSnDIPREhPh
 .text._ZN10W5500Class6readSnEhj
                0x0000536c       0x10 src/libraries/Ethernet2/src/utility/socket.o
                0x0000536c                _ZN10W5500Class6readSnEhj
 .text._ZN10W5500Class8readSnIREh
                0x0000537c        0x6 src/libraries/Ethernet2/src/utility/socket.o
                0x0000537c                _ZN10W5500Class8readSnIREh
 .text._ZN10W5500Class7writeSnEhjh
                0x00005382       0x10 src/libraries/Ethernet2/src/utility/socket.o
                0x00005382                _ZN10W5500Class7writeSnEhjh
 .text._ZN10W5500Class11writeSnPORTEhj
                0x00005392       0x1e src/libraries/Ethernet2/src/utility/socket.o
                0x00005392                _ZN10W5500Class11writeSnPORTEhj
 .text._ZN10W5500Class9writeSnIREhh
                0x000053b0        0x8 src/libraries/Ethernet2/src/utility/socket.o
                0x000053b0                _ZN10W5500Class9writeSnIREhh
 .text._ZN10W5500Class12writeSnDPORTEhj
                0x000053b8       0x1e src/libraries/Ethernet2/src/utility/socket.o
                0x000053b8                _ZN10W5500Class12writeSnDPORTEhj
 .text._Z5closeh
                0x000053d6       0x16 src/libraries/Ethernet2/src/utility/socket.o
                0x000053d6                _Z5closeh
 .text._Z6sockethhjh
                0x000053ec       0x66 src/libraries/Ethernet2/src/utility/socket.o
                0x000053ec                _Z6sockethhjh
 .text._Z7connecthPhj
                0x00005452       0x66 src/libraries/Ethernet2/src/utility/socket.o
                0x00005452                _Z7connecthPhj
 .text._Z10disconnecth
                0x000054b8        0xa src/libraries/Ethernet2/src/utility/socket.o
                0x000054b8                _Z10disconnecth
 .text._Z4sendhPKhj
                0x000054c2       0x90 src/libraries/Ethernet2/src/utility/socket.o
                0x000054c2                _Z4sendhPKhj
 .text._Z4recvhPhi
                0x00005552       0x82 src/libraries/Ethernet2/src/utility/socket.o
                0x00005552                _Z4recvhPhi
 .text._Z4peekhPh
                0x000055d4       0x1a src/libraries/Ethernet2/src/utility/socket.o
                0x000055d4                _Z4peekhPh
 .text._Z5flushh
                0x000055ee        0x2 src/libraries/Ethernet2/src/utility/socket.o
                0x000055ee                _Z5flushh
 .text._Z10bufferDatahjPKhj
                0x000055f0       0x56 src/libraries/Ethernet2/src/utility/socket.o
                0x000055f0                _Z10bufferDatahjPKhj
 .text._Z8startUDPhPhj
                0x00005646       0x46 src/libraries/Ethernet2/src/utility/socket.o
                0x00005646                _Z8startUDPhPhj
 .text._Z7sendUDPh
                0x0000568c       0x38 src/libraries/Ethernet2/src/utility/socket.o
                0x0000568c                _Z7sendUDPh
 .text._ZN8SPIClass16beginTransactionE11SPISettings
                0x000056c4       0x34 src/libraries/Ethernet2/src/utility/w5500.o
                0x000056c4                _ZN8SPIClass16beginTransactionE11SPISettings
 .text._ZN8SPIClass8transferEh
                0x000056f8        0xe src/libraries/Ethernet2/src/utility/w5500.o
                0x000056f8                _ZN8SPIClass8transferEh
 .text._ZN8SPIClass14endTransactionEv
                0x00005706       0x22 src/libraries/Ethernet2/src/utility/w5500.o
                0x00005706                _ZN8SPIClass14endTransactionEv
 .text._ZN10W5500Class5setSSEv
                0x00005728        0x4 src/libraries/Ethernet2/src/utility/w5500.o
                0x00005728                _ZN10W5500Class5setSSEv
 .text._ZN10W5500Class7resetSSEv
                0x0000572c        0x4 src/libraries/Ethernet2/src/utility/w5500.o
                0x0000572c                _ZN10W5500Class7resetSSEv
 .text._ZN10W5500Class5writeEjhh
                0x00005730       0x3c src/libraries/Ethernet2/src/utility/w5500.o
                0x00005730                _ZN10W5500Class5writeEjhh
 .text._ZN10W5500Class5writeEjhPKhj
                0x0000576c       0x58 src/libraries/Ethernet2/src/utility/w5500.o
                0x0000576c                _ZN10W5500Class5writeEjhPKhj
 .text._ZN10W5500Class4readEjh
                0x000057c4       0x38 src/libraries/Ethernet2/src/utility/w5500.o
                0x000057c4                _ZN10W5500Class4readEjh
 .text._ZN10W5500Class4initEh
                0x000057fc       0x58 src/libraries/Ethernet2/src/utility/w5500.o
                0x000057fc                _ZN10W5500Class4initEh
 .text._ZN10W5500Class12readSnTX_FSREh
                0x00005854       0x2e src/libraries/Ethernet2/src/utility/w5500.o
                0x00005854                _ZN10W5500Class12readSnTX_FSREh
 .text._ZN10W5500Class13getTXFreeSizeEh
                0x00005882       0x34 src/libraries/Ethernet2/src/utility/w5500.o
                0x00005882                _ZN10W5500Class13getTXFreeSizeEh
 .text._ZN10W5500Class12readSnRX_RSREh
                0x000058b6       0x2e src/libraries/Ethernet2/src/utility/w5500.o
                0x000058b6                _ZN10W5500Class12readSnRX_RSREh
 .text._ZN10W5500Class17getRXReceivedSizeEh
                0x000058e4       0x34 src/libraries/Ethernet2/src/utility/w5500.o
                0x000058e4                _ZN10W5500Class17getRXReceivedSizeEh
 .text._ZN10W5500Class27send_data_processing_offsetEhjPKhj
                0x00005918       0x74 src/libraries/Ethernet2/src/utility/w5500.o
                0x00005918                _ZN10W5500Class27send_data_processing_offsetEhjPKhj
 .text._ZN10W5500Class20send_data_processingEhPKhj
                0x0000598c       0x14 src/libraries/Ethernet2/src/utility/w5500.o
                0x0000598c                _ZN10W5500Class20send_data_processingEhPKhj
 .text._ZN10W5500Class4readEjhPhj
                0x000059a0       0x5a src/libraries/Ethernet2/src/utility/w5500.o
                0x000059a0                _ZN10W5500Class4readEjhPhj
 .text._ZN10W5500Class9read_dataEhjPVhj
                0x000059fa       0x30 src/libraries/Ethernet2/src/utility/w5500.o
                0x000059fa                _ZN10W5500Class9read_dataEhjPVhj
 .text._ZN10W5500Class20recv_data_processingEhPhjh
                0x00005a2a       0x9a src/libraries/Ethernet2/src/utility/w5500.o
                0x00005a2a                _ZN10W5500Class20recv_data_processingEhPhjh
 .text._ZN10W5500Class9execCmdSnEh7SockCMD
                0x00005ac4       0x1c src/libraries/Ethernet2/src/utility/w5500.o
                0x00005ac4                _ZN10W5500Class9execCmdSnEh7SockCMD
 .text.startup._GLOBAL__sub_I_w5500
                0x00005ae0        0xe src/libraries/Ethernet2/src/utility/w5500.o
 .text._ZN5I2CIOC2Ev
                0x00005aee        0xe src/libraries/LiquidCrystal/src/I2CIO.o
                0x00005aee                _ZN5I2CIOC2Ev
                0x00005aee                _ZN5I2CIOC1Ev
 .text._ZN5I2CIO8portModeEh
                0x00005afc       0x16 src/libraries/LiquidCrystal/src/I2CIO.o
                0x00005afc                _ZN5I2CIO8portModeEh
 .text._ZN5I2CIO11isAvailableEh
                0x00005b12       0x16 src/libraries/LiquidCrystal/src/I2CIO.o
                0x00005b12                _ZN5I2CIO11isAvailableEh
 .text._ZN5I2CIO5beginEh
                0x00005b28       0x2c src/libraries/LiquidCrystal/src/I2CIO.o
                0x00005b28                _ZN5I2CIO5beginEh
 .text._ZN5I2CIO5writeEh
                0x00005b54       0x48 src/libraries/LiquidCrystal/src/I2CIO.o
                0x00005b54                _ZN5I2CIO5writeEh
 .text._ZN3LCD15setBacklightPinEh13t_backlighPol
                0x00005b9c        0x2 src/libraries/LiquidCrystal/src/LCD.o
                0x00005b9c                _ZN3LCD15setBacklightPinEh13t_backlighPol
 .text._ZN3LCD12setBacklightEh
                0x00005b9e        0x2 src/libraries/LiquidCrystal/src/LCD.o
                0x00005b9e                _ZN3LCD12setBacklightEh
 .text._ZN3LCD5writeEh
                0x00005ba0       0x16 src/libraries/LiquidCrystal/src/LCD.o
                0x00005ba0                _ZN3LCD5writeEh
 .text._ZN3LCDC2Ev
                0x00005bb6       0x10 src/libraries/LiquidCrystal/src/LCD.o
                0x00005bb6                _ZN3LCDC1Ev
                0x00005bb6                _ZN3LCDC2Ev
 .text._ZN3LCD9backlightEv
                0x00005bc6       0x10 src/libraries/LiquidCrystal/src/LCD.o
                0x00005bc6                _ZN3LCD9backlightEv
 .text._ZN3LCD11noBacklightEv
                0x00005bd6       0x10 src/libraries/LiquidCrystal/src/LCD.o
                0x00005bd6                _ZN3LCD11noBacklightEv
 .text._ZN3LCD7commandEh
                0x00005be6       0x10 src/libraries/LiquidCrystal/src/LCD.o
                0x00005be6                _ZN3LCD7commandEh
 .text._ZN3LCD5clearEv
                0x00005bf6        0xc src/libraries/LiquidCrystal/src/LCD.o
                0x00005bf6                _ZN3LCD5clearEv
 .text._ZN3LCD9setCursorEhh
                0x00005c02       0x84 src/libraries/LiquidCrystal/src/LCD.o
                0x00005c02                _ZN3LCD9setCursorEhh
 .text._ZN3LCD9noDisplayEv
                0x00005c86        0xc src/libraries/LiquidCrystal/src/LCD.o
                0x00005c86                _ZN3LCD9noDisplayEv
 .text._ZN3LCD7displayEv
                0x00005c92        0xe src/libraries/LiquidCrystal/src/LCD.o
                0x00005c92                _ZN3LCD7displayEv
 .text._ZN3LCD5beginEhhh
                0x00005ca0       0xf2 src/libraries/LiquidCrystal/src/LCD.o
                0x00005ca0                _ZN3LCD5beginEhhh
 .text._ZN3LCD10createCharEhPh
                0x00005d92       0x5e src/libraries/LiquidCrystal/src/LCD.o
                0x00005d92                _ZN3LCD10createCharEhPh
 .text._ZN17LiquidCrystal_I2C15setBacklightPinEh13t_backlighPol
                0x00005df0       0x26 src/libraries/LiquidCrystal/src/LiquidCrystal_I2C.o
                0x00005df0                _ZN17LiquidCrystal_I2C15setBacklightPinEh13t_backlighPol
 .text._ZN17LiquidCrystal_I2C12setBacklightEh
                0x00005e16       0x2c src/libraries/LiquidCrystal/src/LiquidCrystal_I2C.o
                0x00005e16                _ZN17LiquidCrystal_I2C12setBacklightEh
 .text._ZN17LiquidCrystal_I2C4initEv
                0x00005e42       0x3e src/libraries/LiquidCrystal/src/LiquidCrystal_I2C.o
                0x00005e42                _ZN17LiquidCrystal_I2C4initEv
 .text._ZN17LiquidCrystal_I2C6configEhhhhhhhh
                0x00005e80       0x80 src/libraries/LiquidCrystal/src/LiquidCrystal_I2C.o
                0x00005e80                _ZN17LiquidCrystal_I2C6configEhhhhhhhh
 .text._ZN17LiquidCrystal_I2CC2Ehhhhhhhhh13t_backlighPol
                0x00005f00       0x6c src/libraries/LiquidCrystal/src/LiquidCrystal_I2C.o
                0x00005f00                _ZN17LiquidCrystal_I2CC1Ehhhhhhhhh13t_backlighPol
                0x00005f00                _ZN17LiquidCrystal_I2CC2Ehhhhhhhhh13t_backlighPol
 .text._ZN17LiquidCrystal_I2C11pulseEnableEh
                0x00005f6c       0x36 src/libraries/LiquidCrystal/src/LiquidCrystal_I2C.o
                0x00005f6c                _ZN17LiquidCrystal_I2C11pulseEnableEh
 .text._ZN17LiquidCrystal_I2C10write4bitsEhh
                0x00005fa2       0x30 src/libraries/LiquidCrystal/src/LiquidCrystal_I2C.o
                0x00005fa2                _ZN17LiquidCrystal_I2C10write4bitsEhh
 .text._ZN17LiquidCrystal_I2C4sendEhh
                0x00005fd2       0x3a src/libraries/LiquidCrystal/src/LiquidCrystal_I2C.o
                0x00005fd2                _ZN17LiquidCrystal_I2C4sendEhh
 .text._ZN17LiquidCrystal_I2C5beginEhhh
                0x0000600c       0x28 src/libraries/LiquidCrystal/src/LiquidCrystal_I2C.o
                0x0000600c                _ZN17LiquidCrystal_I2C5beginEhhh
 .text._ZN8SPIClass5beginEv
                0x00006034       0x6c src/libraries/SPI/src/SPI.o
                0x00006034                _ZN8SPIClass5beginEv
 .text.twi_init
                0x000060a0       0x3c src/libraries/Wire/src/utility/twi.o
                0x000060a0                twi_init
 .text.twi_disable
                0x000060dc       0x1a src/libraries/Wire/src/utility/twi.o
                0x000060dc                twi_disable
 .text.twi_setFrequency
                0x000060f6       0x28 src/libraries/Wire/src/utility/twi.o
                0x000060f6                twi_setFrequency
 .text.twi_readFrom
                0x0000611e       0x90 src/libraries/Wire/src/utility/twi.o
                0x0000611e                twi_readFrom
 .text.twi_writeTo
                0x000061ae       0xac src/libraries/Wire/src/utility/twi.o
                0x000061ae                twi_writeTo
 .text.twi_transmit
                0x0000625a       0x50 src/libraries/Wire/src/utility/twi.o
                0x0000625a                twi_transmit
 .text.twi_attachSlaveRxEvent
                0x000062aa        0xa src/libraries/Wire/src/utility/twi.o
                0x000062aa                twi_attachSlaveRxEvent
 .text.twi_attachSlaveTxEvent
                0x000062b4        0xa src/libraries/Wire/src/utility/twi.o
                0x000062b4                twi_attachSlaveTxEvent
 .text.twi_stop
                0x000062be       0x14 src/libraries/Wire/src/utility/twi.o
                0x000062be                twi_stop
 .text.twi_releaseBus
                0x000062d2        0xc src/libraries/Wire/src/utility/twi.o
                0x000062d2                twi_releaseBus
 .text.__vector_26
                0x000062de      0x25c src/libraries/Wire/src/utility/twi.o
                0x000062de                __vector_26
 .text._ZN7TwoWire9availableEv
                0x0000653a       0x10 src/libraries/Wire/src/Wire.o
                0x0000653a                _ZN7TwoWire9availableEv
 .text._ZN7TwoWire4readEv
                0x0000654a       0x28 src/libraries/Wire/src/Wire.o
                0x0000654a                _ZN7TwoWire4readEv
 .text._ZN7TwoWire4peekEv
                0x00006572       0x1e src/libraries/Wire/src/Wire.o
                0x00006572                _ZN7TwoWire4peekEv
 .text._ZN7TwoWire5flushEv
                0x00006590        0x2 src/libraries/Wire/src/Wire.o
                0x00006590                _ZN7TwoWire5flushEv
 .text._ZN7TwoWire16onReceiveServiceEPhi
                0x00006592       0x54 src/libraries/Wire/src/Wire.o
                0x00006592                _ZN7TwoWire16onReceiveServiceEPhi
 .text._ZN7TwoWire16onRequestServiceEv
                0x000065e6       0x18 src/libraries/Wire/src/Wire.o
                0x000065e6                _ZN7TwoWire16onRequestServiceEv
 .text._ZN7TwoWire5writeEPKhj
                0x000065fe       0x58 src/libraries/Wire/src/Wire.o
                0x000065fe                _ZN7TwoWire5writeEPKhj
 .text._ZN7TwoWire5writeEh
                0x00006656       0x5c src/libraries/Wire/src/Wire.o
                0x00006656                _ZN7TwoWire5writeEh
 .text._ZN7TwoWireC2Ev
                0x000066b2       0x20 src/libraries/Wire/src/Wire.o
                0x000066b2                _ZN7TwoWireC1Ev
                0x000066b2                _ZN7TwoWireC2Ev
 .text._ZN7TwoWire5beginEv
                0x000066d2       0x1e src/libraries/Wire/src/Wire.o
                0x000066d2                _ZN7TwoWire5beginEv
 .text._ZN7TwoWire3endEv
                0x000066f0        0x2 src/libraries/Wire/src/Wire.o
                0x000066f0                _ZN7TwoWire3endEv
 .text._ZN7TwoWire8setClockEm
                0x000066f2        0x6 src/libraries/Wire/src/Wire.o
                0x000066f2                _ZN7TwoWire8setClockEm
 .text._ZN7TwoWire17beginTransmissionEh
                0x000066f8       0x14 src/libraries/Wire/src/Wire.o
                0x000066f8                _ZN7TwoWire17beginTransmissionEh
 .text._ZN7TwoWire17beginTransmissionEi
                0x0000670c        0x2 src/libraries/Wire/src/Wire.o
                0x0000670c                _ZN7TwoWire17beginTransmissionEi
 .text._ZN7TwoWire15endTransmissionEh
                0x0000670e       0x24 src/libraries/Wire/src/Wire.o
                0x0000670e                _ZN7TwoWire15endTransmissionEh
 .text._ZN7TwoWire11requestFromEhhmhh
                0x00006732       0xa2 src/libraries/Wire/src/Wire.o
                0x00006732                _ZN7TwoWire11requestFromEhhmhh
 .text._ZN7TwoWire11requestFromEhhh
                0x000067d4       0x1e src/libraries/Wire/src/Wire.o
                0x000067d4                _ZN7TwoWire11requestFromEhhh
 .text._ZN7TwoWire11requestFromEhh
                0x000067f2        0x4 src/libraries/Wire/src/Wire.o
                0x000067f2                _ZN7TwoWire11requestFromEhh
 .text._ZN7TwoWire11requestFromEii
                0x000067f6        0x4 src/libraries/Wire/src/Wire.o
                0x000067f6                _ZN7TwoWire11requestFromEii
 .text._ZN7TwoWire15endTransmissionEv
                0x000067fa        0x4 src/libraries/Wire/src/Wire.o
                0x000067fa                _ZN7TwoWire15endTransmissionEv
 .text.startup._GLOBAL__sub_I__ZN7TwoWire8rxBufferE
                0x000067fe        0x6 src/libraries/Wire/src/Wire.o
 .text.avr-libc.fplib
                0x00006804        0x8 c:/program files (x86)/atmel/studio/7.0/toolchain/avr8/avr8-gnu-toolchain/bin/../lib/gcc/avr/5.4.0/../../../../avr/lib/avr51\libm.a(cmpsf2.o)
                0x00006804                __nesf2
                0x00006804                __eqsf2
                0x00006804                __cmpsf2
                0x00006804                __ltsf2
                0x00006804                __lesf2
 .text.avr-libc.fplib
                0x0000680c        0x4 c:/program files (x86)/atmel/studio/7.0/toolchain/avr8/avr8-gnu-toolchain/bin/../lib/gcc/avr/5.4.0/../../../../avr/lib/avr51\libm.a(divsf3.o)
                0x0000680c                __divsf3
 .text.avr-libc.fplib
                0x00006810       0xcc c:/program files (x86)/atmel/studio/7.0/toolchain/avr8/avr8-gnu-toolchain/bin/../lib/gcc/avr/5.4.0/../../../../avr/lib/avr51\libm.a(divsf3x.o)
                0x00006826                __divsf3x
                0x0000682a                __divsf3_pse
 .text.avr-libc.fplib
                0x000068dc        0xa c:/program files (x86)/atmel/studio/7.0/toolchain/avr8/avr8-gnu-toolchain/bin/../lib/gcc/avr/5.4.0/../../../../avr/lib/avr51\libm.a(fixsfsi.o)
                0x000068dc                __fixsfsi
 .text.avr-libc.fplib
                0x000068e6       0x58 c:/program files (x86)/atmel/studio/7.0/toolchain/avr8/avr8-gnu-toolchain/bin/../lib/gcc/avr/5.4.0/../../../../avr/lib/avr51\libm.a(fixunssfsi.o)
                0x000068e6                __fixunssfsi
 .text.avr-libc.fplib
                0x0000693e       0x7a c:/program files (x86)/atmel/studio/7.0/toolchain/avr8/avr8-gnu-toolchain/bin/../lib/gcc/avr/5.4.0/../../../../avr/lib/avr51\libm.a(floatsisf.o)
                0x0000693e                __floatunsisf
                0x00006942                __floatsisf
 .text.avr-libc.fplib
                0x000069b8       0x48 c:/program files (x86)/atmel/studio/7.0/toolchain/avr8/avr8-gnu-toolchain/bin/../lib/gcc/avr/5.4.0/../../../../avr/lib/avr51\libm.a(fp_cmp.o)
                0x000069b8                __fp_cmp
 .text.avr-libc.fplib
                0x00006a00        0xc c:/program files (x86)/atmel/studio/7.0/toolchain/avr8/avr8-gnu-toolchain/bin/../lib/gcc/avr/5.4.0/../../../../avr/lib/avr51\libm.a(fp_inf.o)
                0x00006a00                __fp_inf
 .text.avr-libc.fplib
                0x00006a0c        0x6 c:/program files (x86)/atmel/studio/7.0/toolchain/avr8/avr8-gnu-toolchain/bin/../lib/gcc/avr/5.4.0/../../../../avr/lib/avr51\libm.a(fp_nan.o)
                0x00006a0c                __fp_nan
 .text.avr-libc.fplib
                0x00006a12        0xe c:/program files (x86)/atmel/studio/7.0/toolchain/avr8/avr8-gnu-toolchain/bin/../lib/gcc/avr/5.4.0/../../../../avr/lib/avr51\libm.a(fp_pscA.o)
                0x00006a12                __fp_pscA
 .text.avr-libc.fplib
                0x00006a20        0xe c:/program files (x86)/atmel/studio/7.0/toolchain/avr8/avr8-gnu-toolchain/bin/../lib/gcc/avr/5.4.0/../../../../avr/lib/avr51\libm.a(fp_pscB.o)
                0x00006a20                __fp_pscB
 .text.avr-libc.fplib
                0x00006a2e       0x22 c:/program files (x86)/atmel/studio/7.0/toolchain/avr8/avr8-gnu-toolchain/bin/../lib/gcc/avr/5.4.0/../../../../avr/lib/avr51\libm.a(fp_round.o)
                0x00006a2e                __fp_round
 .text.avr-libc.fplib
                0x00006a50       0x44 c:/program files (x86)/atmel/studio/7.0/toolchain/avr8/avr8-gnu-toolchain/bin/../lib/gcc/avr/5.4.0/../../../../avr/lib/avr51\libm.a(fp_split3.o)
                0x00006a50                __fp_split3
                0x00006a60                __fp_splitA
 .text.avr-libc.fplib
                0x00006a94        0xe c:/program files (x86)/atmel/studio/7.0/toolchain/avr8/avr8-gnu-toolchain/bin/../lib/gcc/avr/5.4.0/../../../../avr/lib/avr51\libm.a(fp_zero.o)
                0x00006a94                __fp_zero
                0x00006a96                __fp_szero
 .text.__cxa_pure_virtual
                0x00006aa2        0x4 C:\Users\utente\NEXTCL~1\PROGET~1\FUELCO~1\Firmware\repo\NOVARA~1\fwCCEC\TUINOD~1\ARDUIN~1\Debug\libArduinoCore.a(abi.o)
                0x00006aa2                __cxa_pure_virtual
 .text.__vector_18
                0x00006aa6       0x64 C:\Users\utente\NEXTCL~1\PROGET~1\FUELCO~1\Firmware\repo\NOVARA~1\fwCCEC\TUINOD~1\ARDUIN~1\Debug\libArduinoCore.a(HardwareSerial0.o)
                0x00006aa6                __vector_18
 .text.__vector_19
                0x00006b0a       0x4a C:\Users\utente\NEXTCL~1\PROGET~1\FUELCO~1\Firmware\repo\NOVARA~1\fwCCEC\TUINOD~1\ARDUIN~1\Debug\libArduinoCore.a(HardwareSerial0.o)
                0x00006b0a                __vector_19
 .text._Z17Serial0_availablev
                0x00006b54       0x12 C:\Users\utente\NEXTCL~1\PROGET~1\FUELCO~1\Firmware\repo\NOVARA~1\fwCCEC\TUINOD~1\ARDUIN~1\Debug\libArduinoCore.a(HardwareSerial0.o)
                0x00006b54                _Z17Serial0_availablev
 .text.startup._GLOBAL__sub_I___vector_18
                0x00006b66       0x5a C:\Users\utente\NEXTCL~1\PROGET~1\FUELCO~1\Firmware\repo\NOVARA~1\fwCCEC\TUINOD~1\ARDUIN~1\Debug\libArduinoCore.a(HardwareSerial0.o)
 .text._ZNK9IPAddress7printToER5Print
                0x00006bc0       0x7e C:\Users\utente\NEXTCL~1\PROGET~1\FUELCO~1\Firmware\repo\NOVARA~1\fwCCEC\TUINOD~1\ARDUIN~1\Debug\libArduinoCore.a(IPAddress.o)
                0x00006bc0                _ZNK9IPAddress7printToER5Print
 .text._ZN9IPAddressC2Ev
                0x00006c3e       0x14 C:\Users\utente\NEXTCL~1\PROGET~1\FUELCO~1\Firmware\repo\NOVARA~1\fwCCEC\TUINOD~1\ARDUIN~1\Debug\libArduinoCore.a(IPAddress.o)
                0x00006c3e                _ZN9IPAddressC1Ev
                0x00006c3e                _ZN9IPAddressC2Ev
 .text._ZN9IPAddressC2Ehhhh
                0x00006c52       0x18 C:\Users\utente\NEXTCL~1\PROGET~1\FUELCO~1\Firmware\repo\NOVARA~1\fwCCEC\TUINOD~1\ARDUIN~1\Debug\libArduinoCore.a(IPAddress.o)
                0x00006c52                _ZN9IPAddressC2Ehhhh
                0x00006c52                _ZN9IPAddressC1Ehhhh
 .text._ZN9IPAddressaSEPKh
                0x00006c6a       0x12 C:\Users\utente\NEXTCL~1\PROGET~1\FUELCO~1\Firmware\repo\NOVARA~1\fwCCEC\TUINOD~1\ARDUIN~1\Debug\libArduinoCore.a(IPAddress.o)
                0x00006c6a                _ZN9IPAddressaSEPKh
 .text.initVariant
                0x00006c7c        0x2 C:\Users\utente\NEXTCL~1\PROGET~1\FUELCO~1\Firmware\repo\NOVARA~1\fwCCEC\TUINOD~1\ARDUIN~1\Debug\libArduinoCore.a(main.o)
                0x00006c7c                initVariant
 .text.startup.main
                0x00006c7e       0x18 C:\Users\utente\NEXTCL~1\PROGET~1\FUELCO~1\Firmware\repo\NOVARA~1\fwCCEC\TUINOD~1\ARDUIN~1\Debug\libArduinoCore.a(main.o)
                0x00006c7e                main
 .text._ZN5Print5writeEPKhj
                0x00006c96       0x54 C:\Users\utente\NEXTCL~1\PROGET~1\FUELCO~1\Firmware\repo\NOVARA~1\fwCCEC\TUINOD~1\ARDUIN~1\Debug\libArduinoCore.a(Print.o)
                0x00006c96                _ZN5Print5writeEPKhj
 .text._ZN5Print5writeEPKc
                0x00006cea       0x2a C:\Users\utente\NEXTCL~1\PROGET~1\FUELCO~1\Firmware\repo\NOVARA~1\fwCCEC\TUINOD~1\ARDUIN~1\Debug\libArduinoCore.a(Print.o)
                0x00006cea                _ZN5Print5writeEPKc
 .text._ZN5Print5printEPK19__FlashStringHelper
                0x00006d14       0x48 C:\Users\utente\NEXTCL~1\PROGET~1\FUELCO~1\Firmware\repo\NOVARA~1\fwCCEC\TUINOD~1\ARDUIN~1\Debug\libArduinoCore.a(Print.o)
                0x00006d14                _ZN5Print5printEPK19__FlashStringHelper
 .text._ZN5Print5printERK6String
                0x00006d5c       0x1c C:\Users\utente\NEXTCL~1\PROGET~1\FUELCO~1\Firmware\repo\NOVARA~1\fwCCEC\TUINOD~1\ARDUIN~1\Debug\libArduinoCore.a(Print.o)
                0x00006d5c                _ZN5Print5printERK6String
 .text._ZN5Print5printEPKc
                0x00006d78        0x2 C:\Users\utente\NEXTCL~1\PROGET~1\FUELCO~1\Firmware\repo\NOVARA~1\fwCCEC\TUINOD~1\ARDUIN~1\Debug\libArduinoCore.a(Print.o)
                0x00006d78                _ZN5Print5printEPKc
 .text._ZN5Print5printEc
                0x00006d7a        0xe C:\Users\utente\NEXTCL~1\PROGET~1\FUELCO~1\Firmware\repo\NOVARA~1\fwCCEC\TUINOD~1\ARDUIN~1\Debug\libArduinoCore.a(Print.o)
                0x00006d7a                _ZN5Print5printEc
 .text._ZN5Print7printlnEv
                0x00006d88        0x6 C:\Users\utente\NEXTCL~1\PROGET~1\FUELCO~1\Firmware\repo\NOVARA~1\fwCCEC\TUINOD~1\ARDUIN~1\Debug\libArduinoCore.a(Print.o)
                0x00006d88                _ZN5Print7printlnEv
 .text._ZN5Print7printlnEPK19__FlashStringHelper
                0x00006d8e       0x20 C:\Users\utente\NEXTCL~1\PROGET~1\FUELCO~1\Firmware\repo\NOVARA~1\fwCCEC\TUINOD~1\ARDUIN~1\Debug\libArduinoCore.a(Print.o)
                0x00006d8e                _ZN5Print7printlnEPK19__FlashStringHelper
 .text._ZN5Print7printlnERK6String
                0x00006dae       0x20 C:\Users\utente\NEXTCL~1\PROGET~1\FUELCO~1\Firmware\repo\NOVARA~1\fwCCEC\TUINOD~1\ARDUIN~1\Debug\libArduinoCore.a(Print.o)
                0x00006dae                _ZN5Print7printlnERK6String
 .text._ZN5Print7printlnEPKc
                0x00006dce       0x20 C:\Users\utente\NEXTCL~1\PROGET~1\FUELCO~1\Firmware\repo\NOVARA~1\fwCCEC\TUINOD~1\ARDUIN~1\Debug\libArduinoCore.a(Print.o)
                0x00006dce                _ZN5Print7printlnEPKc
 .text._ZN5Print11printNumberEmh
                0x00006dee       0x8e C:\Users\utente\NEXTCL~1\PROGET~1\FUELCO~1\Firmware\repo\NOVARA~1\fwCCEC\TUINOD~1\ARDUIN~1\Debug\libArduinoCore.a(Print.o)
                0x00006dee                _ZN5Print11printNumberEmh
 .text._ZN5Print5printEmi
                0x00006e7c       0x18 C:\Users\utente\NEXTCL~1\PROGET~1\FUELCO~1\Firmware\repo\NOVARA~1\fwCCEC\TUINOD~1\ARDUIN~1\Debug\libArduinoCore.a(Print.o)
                0x00006e7c                _ZN5Print5printEmi
 .text._ZN5Print5printEhi
                0x00006e94        0xc C:\Users\utente\NEXTCL~1\PROGET~1\FUELCO~1\Firmware\repo\NOVARA~1\fwCCEC\TUINOD~1\ARDUIN~1\Debug\libArduinoCore.a(Print.o)
                0x00006e94                _ZN5Print5printEhi
 .text._ZN5Print5printEji
                0x00006ea0        0xa C:\Users\utente\NEXTCL~1\PROGET~1\FUELCO~1\Firmware\repo\NOVARA~1\fwCCEC\TUINOD~1\ARDUIN~1\Debug\libArduinoCore.a(Print.o)
                0x00006ea0                _ZN5Print5printEji
 .text._ZN5Print7printlnEmi
                0x00006eaa       0x20 C:\Users\utente\NEXTCL~1\PROGET~1\FUELCO~1\Firmware\repo\NOVARA~1\fwCCEC\TUINOD~1\ARDUIN~1\Debug\libArduinoCore.a(Print.o)
                0x00006eaa                _ZN5Print7printlnEmi
 .text.__vector_16
                0x00006eca       0x94 C:\Users\utente\NEXTCL~1\PROGET~1\FUELCO~1\Firmware\repo\NOVARA~1\fwCCEC\TUINOD~1\ARDUIN~1\Debug\libArduinoCore.a(wiring.o)
                0x00006eca                __vector_16
 .text.millis   0x00006f5e       0x18 C:\Users\utente\NEXTCL~1\PROGET~1\FUELCO~1\Firmware\repo\NOVARA~1\fwCCEC\TUINOD~1\ARDUIN~1\Debug\libArduinoCore.a(wiring.o)
                0x00006f5e                millis
 .text.micros   0x00006f76       0x4a C:\Users\utente\NEXTCL~1\PROGET~1\FUELCO~1\Firmware\repo\NOVARA~1\fwCCEC\TUINOD~1\ARDUIN~1\Debug\libArduinoCore.a(wiring.o)
                0x00006f76                micros
 .text.delay    0x00006fc0       0x72 C:\Users\utente\NEXTCL~1\PROGET~1\FUELCO~1\Firmware\repo\NOVARA~1\fwCCEC\TUINOD~1\ARDUIN~1\Debug\libArduinoCore.a(wiring.o)
                0x00006fc0                delay
 .text.delayMicroseconds
                0x00007032       0x16 C:\Users\utente\NEXTCL~1\PROGET~1\FUELCO~1\Firmware\repo\NOVARA~1\fwCCEC\TUINOD~1\ARDUIN~1\Debug\libArduinoCore.a(wiring.o)
                0x00007032                delayMicroseconds
 .text.init     0x00007048       0x76 C:\Users\utente\NEXTCL~1\PROGET~1\FUELCO~1\Firmware\repo\NOVARA~1\fwCCEC\TUINOD~1\ARDUIN~1\Debug\libArduinoCore.a(wiring.o)
                0x00007048                init
 .text.turnOffPWM
                0x000070be       0x52 C:\Users\utente\NEXTCL~1\PROGET~1\FUELCO~1\Firmware\repo\NOVARA~1\fwCCEC\TUINOD~1\ARDUIN~1\Debug\libArduinoCore.a(wiring_digital.o)
 .text.pinMode  0x00007110       0x78 C:\Users\utente\NEXTCL~1\PROGET~1\FUELCO~1\Firmware\repo\NOVARA~1\fwCCEC\TUINOD~1\ARDUIN~1\Debug\libArduinoCore.a(wiring_digital.o)
                0x00007110                pinMode
 .text.digitalWrite
                0x00007188       0x5c C:\Users\utente\NEXTCL~1\PROGET~1\FUELCO~1\Firmware\repo\NOVARA~1\fwCCEC\TUINOD~1\ARDUIN~1\Debug\libArduinoCore.a(wiring_digital.o)
                0x00007188                digitalWrite
 .text.digitalRead
                0x000071e4       0x50 C:\Users\utente\NEXTCL~1\PROGET~1\FUELCO~1\Firmware\repo\NOVARA~1\fwCCEC\TUINOD~1\ARDUIN~1\Debug\libArduinoCore.a(wiring_digital.o)
                0x000071e4                digitalRead
 .text._ZNK6String14StringIfHelperEv
                0x00007234        0x2 C:\Users\utente\NEXTCL~1\PROGET~1\FUELCO~1\Firmware\repo\NOVARA~1\fwCCEC\TUINOD~1\ARDUIN~1\Debug\libArduinoCore.a(WString.o)
                0x00007234                _ZNK6String14StringIfHelperEv
 .text._ZN6StringD2Ev
                0x00007236        0x8 C:\Users\utente\NEXTCL~1\PROGET~1\FUELCO~1\Firmware\repo\NOVARA~1\fwCCEC\TUINOD~1\ARDUIN~1\Debug\libArduinoCore.a(WString.o)
                0x00007236                _ZN6StringD2Ev
                0x00007236                _ZN6StringD1Ev
 .text._ZN6String10invalidateEv
                0x0000723e       0x22 C:\Users\utente\NEXTCL~1\PROGET~1\FUELCO~1\Firmware\repo\NOVARA~1\fwCCEC\TUINOD~1\ARDUIN~1\Debug\libArduinoCore.a(WString.o)
                0x0000723e                _ZN6String10invalidateEv
 .text._ZN6String12changeBufferEj
                0x00007260       0x32 C:\Users\utente\NEXTCL~1\PROGET~1\FUELCO~1\Firmware\repo\NOVARA~1\fwCCEC\TUINOD~1\ARDUIN~1\Debug\libArduinoCore.a(WString.o)
                0x00007260                _ZN6String12changeBufferEj
 .text._ZN6String7reserveEj
                0x00007292       0x36 C:\Users\utente\NEXTCL~1\PROGET~1\FUELCO~1\Firmware\repo\NOVARA~1\fwCCEC\TUINOD~1\ARDUIN~1\Debug\libArduinoCore.a(WString.o)
                0x00007292                _ZN6String7reserveEj
 .text._ZN6String4copyEPKcj
                0x000072c8       0x3c C:\Users\utente\NEXTCL~1\PROGET~1\FUELCO~1\Firmware\repo\NOVARA~1\fwCCEC\TUINOD~1\ARDUIN~1\Debug\libArduinoCore.a(WString.o)
                0x000072c8                _ZN6String4copyEPKcj
 .text._ZN6StringC2EPKc
                0x00007304       0x28 C:\Users\utente\NEXTCL~1\PROGET~1\FUELCO~1\Firmware\repo\NOVARA~1\fwCCEC\TUINOD~1\ARDUIN~1\Debug\libArduinoCore.a(WString.o)
                0x00007304                _ZN6StringC2EPKc
                0x00007304                _ZN6StringC1EPKc
 .text._ZN6String4moveERS_
                0x0000732c       0x76 C:\Users\utente\NEXTCL~1\PROGET~1\FUELCO~1\Firmware\repo\NOVARA~1\fwCCEC\TUINOD~1\ARDUIN~1\Debug\libArduinoCore.a(WString.o)
                0x0000732c                _ZN6String4moveERS_
 .text._ZN6StringC2EOS_
                0x000073a2       0x10 C:\Users\utente\NEXTCL~1\PROGET~1\FUELCO~1\Firmware\repo\NOVARA~1\fwCCEC\TUINOD~1\ARDUIN~1\Debug\libArduinoCore.a(WString.o)
                0x000073a2                _ZN6StringC1EOS_
                0x000073a2                _ZN6StringC2EOS_
 .text._ZN6StringaSERKS_
                0x000073b2       0x2a C:\Users\utente\NEXTCL~1\PROGET~1\FUELCO~1\Firmware\repo\NOVARA~1\fwCCEC\TUINOD~1\ARDUIN~1\Debug\libArduinoCore.a(WString.o)
                0x000073b2                _ZN6StringaSERKS_
 .text._ZN6StringC2ERKS_
                0x000073dc       0x10 C:\Users\utente\NEXTCL~1\PROGET~1\FUELCO~1\Firmware\repo\NOVARA~1\fwCCEC\TUINOD~1\ARDUIN~1\Debug\libArduinoCore.a(WString.o)
                0x000073dc                _ZN6StringC2ERKS_
                0x000073dc                _ZN6StringC1ERKS_
 .text._ZN6StringaSEOS_
                0x000073ec       0x16 C:\Users\utente\NEXTCL~1\PROGET~1\FUELCO~1\Firmware\repo\NOVARA~1\fwCCEC\TUINOD~1\ARDUIN~1\Debug\libArduinoCore.a(WString.o)
                0x000073ec                _ZN6StringaSEOS_
 .text._ZN6StringaSEPKc
                0x00007402       0x2a C:\Users\utente\NEXTCL~1\PROGET~1\FUELCO~1\Firmware\repo\NOVARA~1\fwCCEC\TUINOD~1\ARDUIN~1\Debug\libArduinoCore.a(WString.o)
                0x00007402                _ZN6StringaSEPKc
 .text._ZN6StringC2Ec
                0x0000742c       0x2e C:\Users\utente\NEXTCL~1\PROGET~1\FUELCO~1\Firmware\repo\NOVARA~1\fwCCEC\TUINOD~1\ARDUIN~1\Debug\libArduinoCore.a(WString.o)
                0x0000742c                _ZN6StringC1Ec
                0x0000742c                _ZN6StringC2Ec
 .text._ZN6StringC2Ehh
                0x0000745a       0x56 C:\Users\utente\NEXTCL~1\PROGET~1\FUELCO~1\Firmware\repo\NOVARA~1\fwCCEC\TUINOD~1\ARDUIN~1\Debug\libArduinoCore.a(WString.o)
                0x0000745a                _ZN6StringC2Ehh
                0x0000745a                _ZN6StringC1Ehh
 .text._ZN6StringC2Eih
                0x000074b0       0x54 C:\Users\utente\NEXTCL~1\PROGET~1\FUELCO~1\Firmware\repo\NOVARA~1\fwCCEC\TUINOD~1\ARDUIN~1\Debug\libArduinoCore.a(WString.o)
                0x000074b0                _ZN6StringC2Eih
                0x000074b0                _ZN6StringC1Eih
 .text._ZN6StringC2Ejh
                0x00007504       0x54 C:\Users\utente\NEXTCL~1\PROGET~1\FUELCO~1\Firmware\repo\NOVARA~1\fwCCEC\TUINOD~1\ARDUIN~1\Debug\libArduinoCore.a(WString.o)
                0x00007504                _ZN6StringC1Ejh
                0x00007504                _ZN6StringC2Ejh
 .text._ZN6StringC2Emh
                0x00007558       0x56 C:\Users\utente\NEXTCL~1\PROGET~1\FUELCO~1\Firmware\repo\NOVARA~1\fwCCEC\TUINOD~1\ARDUIN~1\Debug\libArduinoCore.a(WString.o)
                0x00007558                _ZN6StringC1Emh
                0x00007558                _ZN6StringC2Emh
 .text._ZN6StringC2Edh
                0x000075ae       0x5c C:\Users\utente\NEXTCL~1\PROGET~1\FUELCO~1\Firmware\repo\NOVARA~1\fwCCEC\TUINOD~1\ARDUIN~1\Debug\libArduinoCore.a(WString.o)
                0x000075ae                _ZN6StringC1Edh
                0x000075ae                _ZN6StringC2Edh
 .text._ZN6String6concatEPKcj
                0x0000760a       0x58 C:\Users\utente\NEXTCL~1\PROGET~1\FUELCO~1\Firmware\repo\NOVARA~1\fwCCEC\TUINOD~1\ARDUIN~1\Debug\libArduinoCore.a(WString.o)
                0x0000760a                _ZN6String6concatEPKcj
 .text._ZN6String6concatERKS_
                0x00007662        0xc C:\Users\utente\NEXTCL~1\PROGET~1\FUELCO~1\Firmware\repo\NOVARA~1\fwCCEC\TUINOD~1\ARDUIN~1\Debug\libArduinoCore.a(WString.o)
                0x00007662                _ZN6String6concatERKS_
 .text._ZN6String6concatEPKc
                0x0000766e       0x1c C:\Users\utente\NEXTCL~1\PROGET~1\FUELCO~1\Firmware\repo\NOVARA~1\fwCCEC\TUINOD~1\ARDUIN~1\Debug\libArduinoCore.a(WString.o)
                0x0000766e                _ZN6String6concatEPKc
 .text._ZN6String6concatEc
                0x0000768a       0x24 C:\Users\utente\NEXTCL~1\PROGET~1\FUELCO~1\Firmware\repo\NOVARA~1\fwCCEC\TUINOD~1\ARDUIN~1\Debug\libArduinoCore.a(WString.o)
                0x0000768a                _ZN6String6concatEc
 .text._ZplRK15StringSumHelperRK6String
                0x000076ae       0x22 C:\Users\utente\NEXTCL~1\PROGET~1\FUELCO~1\Firmware\repo\NOVARA~1\fwCCEC\TUINOD~1\ARDUIN~1\Debug\libArduinoCore.a(WString.o)
                0x000076ae                _ZplRK15StringSumHelperRK6String
 .text._ZplRK15StringSumHelperPKc
                0x000076d0       0x2e C:\Users\utente\NEXTCL~1\PROGET~1\FUELCO~1\Firmware\repo\NOVARA~1\fwCCEC\TUINOD~1\ARDUIN~1\Debug\libArduinoCore.a(WString.o)
                0x000076d0                _ZplRK15StringSumHelperPKc
 .text._ZplRK15StringSumHelperc
                0x000076fe       0x18 C:\Users\utente\NEXTCL~1\PROGET~1\FUELCO~1\Firmware\repo\NOVARA~1\fwCCEC\TUINOD~1\ARDUIN~1\Debug\libArduinoCore.a(WString.o)
                0x000076fe                _ZplRK15StringSumHelperc
 .text._ZNK6String6equalsEPKc
                0x00007716       0x3c C:\Users\utente\NEXTCL~1\PROGET~1\FUELCO~1\Firmware\repo\NOVARA~1\fwCCEC\TUINOD~1\ARDUIN~1\Debug\libArduinoCore.a(WString.o)
                0x00007716                _ZNK6String6equalsEPKc
 .text._ZNK6String8getBytesEPhjj
                0x00007752       0x5c C:\Users\utente\NEXTCL~1\PROGET~1\FUELCO~1\Firmware\repo\NOVARA~1\fwCCEC\TUINOD~1\ARDUIN~1\Debug\libArduinoCore.a(WString.o)
                0x00007752                _ZNK6String8getBytesEPhjj
 .text._ZNK6String9substringEjj
                0x000077ae       0x86 C:\Users\utente\NEXTCL~1\PROGET~1\FUELCO~1\Firmware\repo\NOVARA~1\fwCCEC\TUINOD~1\ARDUIN~1\Debug\libArduinoCore.a(WString.o)
                0x000077ae                _ZNK6String9substringEjj
 .text._ZN6String4trimEv
                0x00007834       0xb2 C:\Users\utente\NEXTCL~1\PROGET~1\FUELCO~1\Firmware\repo\NOVARA~1\fwCCEC\TUINOD~1\ARDUIN~1\Debug\libArduinoCore.a(WString.o)
                0x00007834                _ZN6String4trimEv
 .text._ZNK6String5toIntEv
                0x000078e6       0x14 C:\Users\utente\NEXTCL~1\PROGET~1\FUELCO~1\Firmware\repo\NOVARA~1\fwCCEC\TUINOD~1\ARDUIN~1\Debug\libArduinoCore.a(WString.o)
                0x000078e6                _ZNK6String5toIntEv
 .text._ZN14HardwareSerial9availableEv
                0x000078fa       0x18 C:\Users\utente\NEXTCL~1\PROGET~1\FUELCO~1\Firmware\repo\NOVARA~1\fwCCEC\TUINOD~1\ARDUIN~1\Debug\libArduinoCore.a(HardwareSerial.o)
                0x000078fa                _ZN14HardwareSerial9availableEv
 .text._ZN14HardwareSerial4peekEv
                0x00007912       0x1c C:\Users\utente\NEXTCL~1\PROGET~1\FUELCO~1\Firmware\repo\NOVARA~1\fwCCEC\TUINOD~1\ARDUIN~1\Debug\libArduinoCore.a(HardwareSerial.o)
                0x00007912                _ZN14HardwareSerial4peekEv
 .text._ZN14HardwareSerial4readEv
                0x0000792e       0x28 C:\Users\utente\NEXTCL~1\PROGET~1\FUELCO~1\Firmware\repo\NOVARA~1\fwCCEC\TUINOD~1\ARDUIN~1\Debug\libArduinoCore.a(HardwareSerial.o)
                0x0000792e                _ZN14HardwareSerial4readEv
 .text._ZN14HardwareSerial17availableForWriteEv
                0x00007956       0x1e C:\Users\utente\NEXTCL~1\PROGET~1\FUELCO~1\Firmware\repo\NOVARA~1\fwCCEC\TUINOD~1\ARDUIN~1\Debug\libArduinoCore.a(HardwareSerial.o)
                0x00007956                _ZN14HardwareSerial17availableForWriteEv
 .text._Z14serialEventRunv
                0x00007974       0x1a C:\Users\utente\NEXTCL~1\PROGET~1\FUELCO~1\Firmware\repo\NOVARA~1\fwCCEC\TUINOD~1\ARDUIN~1\Debug\libArduinoCore.a(HardwareSerial.o)
                0x00007974                _Z14serialEventRunv
 .text._ZN14HardwareSerial17_tx_udr_empty_irqEv
                0x0000798e       0x44 C:\Users\utente\NEXTCL~1\PROGET~1\FUELCO~1\Firmware\repo\NOVARA~1\fwCCEC\TUINOD~1\ARDUIN~1\Debug\libArduinoCore.a(HardwareSerial.o)
                0x0000798e                _ZN14HardwareSerial17_tx_udr_empty_irqEv
 .text._ZN14HardwareSerial5writeEh
                0x000079d2       0x98 C:\Users\utente\NEXTCL~1\PROGET~1\FUELCO~1\Firmware\repo\NOVARA~1\fwCCEC\TUINOD~1\ARDUIN~1\Debug\libArduinoCore.a(HardwareSerial.o)
                0x000079d2                _ZN14HardwareSerial5writeEh
 .text._ZN14HardwareSerial5flushEv
                0x00007a6a       0x42 C:\Users\utente\NEXTCL~1\PROGET~1\FUELCO~1\Firmware\repo\NOVARA~1\fwCCEC\TUINOD~1\ARDUIN~1\Debug\libArduinoCore.a(HardwareSerial.o)
                0x00007a6a                _ZN14HardwareSerial5flushEv
 .text.__empty  0x00007aac        0x2 C:\Users\utente\NEXTCL~1\PROGET~1\FUELCO~1\Firmware\repo\NOVARA~1\fwCCEC\TUINOD~1\ARDUIN~1\Debug\libArduinoCore.a(hooks.o)
                0x00007aac                yield
 .text.libgcc.div
                0x00007aae       0x18 c:/program files (x86)/atmel/studio/7.0/toolchain/avr8/avr8-gnu-toolchain/bin/../lib/gcc/avr/5.4.0/avr51\libgcc.a(_udivmodqi4.o)
                0x00007aae                __udivmodqi4
 .text.libgcc.div
                0x00007ac6       0x28 c:/program files (x86)/atmel/studio/7.0/toolchain/avr8/avr8-gnu-toolchain/bin/../lib/gcc/avr/5.4.0/avr51\libgcc.a(_udivmodhi4.o)
                0x00007ac6                __udivmodhi4
 .text.libgcc.div
                0x00007aee       0x44 c:/program files (x86)/atmel/studio/7.0/toolchain/avr8/avr8-gnu-toolchain/bin/../lib/gcc/avr/5.4.0/avr51\libgcc.a(_udivmodsi4.o)
                0x00007aee                __udivmodsi4
 .text.libgcc   0x00007b32       0x12 c:/program files (x86)/atmel/studio/7.0/toolchain/avr8/avr8-gnu-toolchain/bin/../lib/gcc/avr/5.4.0/avr51\libgcc.a(_tablejump2.o)
                0x00007b32                __tablejump2__
 .text.libgcc.mul
                0x00007b44       0x1e c:/program files (x86)/atmel/studio/7.0/toolchain/avr8/avr8-gnu-toolchain/bin/../lib/gcc/avr/5.4.0/avr51\libgcc.a(_umulhisi3.o)
                0x00007b44                __umulhisi3
 .text.libgcc.mul
                0x00007b62       0x14 c:/program files (x86)/atmel/studio/7.0/toolchain/avr8/avr8-gnu-toolchain/bin/../lib/gcc/avr/5.4.0/avr51\libgcc.a(_muluhisi3.o)
                0x00007b62                __muluhisi3
 .text.avr-libc
                0x00007b76       0x3e c:/program files (x86)/atmel/studio/7.0/toolchain/avr8/avr8-gnu-toolchain/bin/../lib/gcc/avr/5.4.0/../../../../avr/lib/avr51\libc.a(dtostrf.o)
                0x00007b76                dtostrf
 .text.avr-libc
                0x00007bb4      0x242 c:/program files (x86)/atmel/studio/7.0/toolchain/avr8/avr8-gnu-toolchain/bin/../lib/gcc/avr/5.4.0/../../../../avr/lib/avr51\libc.a(malloc.o)
                0x00007bb4                malloc
                0x00007ce4                free
 .text.avr-libc
                0x00007df6      0x1c0 c:/program files (x86)/atmel/studio/7.0/toolchain/avr8/avr8-gnu-toolchain/bin/../lib/gcc/avr/5.4.0/../../../../avr/lib/avr51\libc.a(realloc.o)
                0x00007df6                realloc
 .text.avr-libc
                0x00007fb6        0x8 c:/program files (x86)/atmel/studio/7.0/toolchain/avr8/avr8-gnu-toolchain/bin/../lib/gcc/avr/5.4.0/../../../../avr/lib/avr51\libc.a(abort.o)
                0x00007fb6                abort
 .text.avr-libc
                0x00007fbe       0x4c c:/program files (x86)/atmel/studio/7.0/toolchain/avr8/avr8-gnu-toolchain/bin/../lib/gcc/avr/5.4.0/../../../../avr/lib/avr51\libc.a(atol.o)
                0x00007fbe                atol
 .text.avr-libc
                0x0000800a       0x10 c:/program files (x86)/atmel/studio/7.0/toolchain/avr8/avr8-gnu-toolchain/bin/../lib/gcc/avr/5.4.0/../../../../avr/lib/avr51\libc.a(isspace.o)
                0x0000800a                isspace
 .text.avr-libc
                0x0000801a       0x12 c:/program files (x86)/atmel/studio/7.0/toolchain/avr8/avr8-gnu-toolchain/bin/../lib/gcc/avr/5.4.0/../../../../avr/lib/avr51\libc.a(memcpy_P.o)
                0x0000801a                memcpy_P
 .text.avr-libc
                0x0000802c       0x12 c:/program files (x86)/atmel/studio/7.0/toolchain/avr8/avr8-gnu-toolchain/bin/../lib/gcc/avr/5.4.0/../../../../avr/lib/avr51\libc.a(memcpy.o)
                0x0000802c                memcpy
 .text.avr-libc
                0x0000803e       0x12 c:/program files (x86)/atmel/studio/7.0/toolchain/avr8/avr8-gnu-toolchain/bin/../lib/gcc/avr/5.4.0/../../../../avr/lib/avr51\libc.a(strcmp.o)
                0x0000803e                strcmp
 .text.avr-libc
                0x00008050        0xe c:/program files (x86)/atmel/studio/7.0/toolchain/avr8/avr8-gnu-toolchain/bin/../lib/gcc/avr/5.4.0/../../../../avr/lib/avr51\libc.a(strcpy.o)
                0x00008050                strcpy
 .text.avr-libc
                0x0000805e       0x1c c:/program files (x86)/atmel/studio/7.0/toolchain/avr8/avr8-gnu-toolchain/bin/../lib/gcc/avr/5.4.0/../../../../avr/lib/avr51\libc.a(strncmp.o)
                0x0000805e                strncmp
 .text.avr-libc
                0x0000807a       0x1e c:/program files (x86)/atmel/studio/7.0/toolchain/avr8/avr8-gnu-toolchain/bin/../lib/gcc/avr/5.4.0/../../../../avr/lib/avr51\libc.a(strncpy.o)
                0x0000807a                strncpy
 .text.avr-libc
                0x00008098       0x14 c:/program files (x86)/atmel/studio/7.0/toolchain/avr8/avr8-gnu-toolchain/bin/../lib/gcc/avr/5.4.0/../../../../avr/lib/avr51\libc.a(itoa.o)
                0x00008098                __itoa
                0x00008098                itoa
 .text.avr-libc
                0x000080ac       0x14 c:/program files (x86)/atmel/studio/7.0/toolchain/avr8/avr8-gnu-toolchain/bin/../lib/gcc/avr/5.4.0/../../../../avr/lib/avr51\libc.a(itoa_ncheck.o)
                0x000080ac                __itoa_ncheck
 .text.avr-libc
                0x000080c0       0x2a c:/program files (x86)/atmel/studio/7.0/toolchain/avr8/avr8-gnu-toolchain/bin/../lib/gcc/avr/5.4.0/../../../../avr/lib/avr51\libc.a(mulsi10.o)
                0x000080c0                __mulsi_const_10
 .text.avr-libc
                0x000080ea       0x14 c:/program files (x86)/atmel/studio/7.0/toolchain/avr8/avr8-gnu-toolchain/bin/../lib/gcc/avr/5.4.0/../../../../avr/lib/avr51\libc.a(ultoa.o)
                0x000080ea                ultoa
                0x000080ea                __ultoa
 .text.avr-libc
                0x000080fe       0x42 c:/program files (x86)/atmel/studio/7.0/toolchain/avr8/avr8-gnu-toolchain/bin/../lib/gcc/avr/5.4.0/../../../../avr/lib/avr51\libc.a(ultoa_ncheck.o)
                0x000080fe                __ultoa_ncheck
                0x00008100                __ultoa_common
 .text.avr-libc
                0x00008140       0x14 c:/program files (x86)/atmel/studio/7.0/toolchain/avr8/avr8-gnu-toolchain/bin/../lib/gcc/avr/5.4.0/../../../../avr/lib/avr51\libc.a(utoa.o)
                0x00008140                __utoa
                0x00008140                utoa
 .text.avr-libc
                0x00008154       0x32 c:/program files (x86)/atmel/studio/7.0/toolchain/avr8/avr8-gnu-toolchain/bin/../lib/gcc/avr/5.4.0/../../../../avr/lib/avr51\libc.a(utoa_ncheck.o)
                0x00008154                __utoa_ncheck
                0x00008156                __utoa_common
 .text.avr-libc
                0x00008186      0x2ec c:/program files (x86)/atmel/studio/7.0/toolchain/avr8/avr8-gnu-toolchain/bin/../lib/gcc/avr/5.4.0/../../../../avr/lib/avr51\libc.a(dtoa_prf.o)
                0x00008186                dtoa_prf
 .text.avr-libc
                0x00008472      0x1b0 c:/program files (x86)/atmel/studio/7.0/toolchain/avr8/avr8-gnu-toolchain/bin/../lib/gcc/avr/5.4.0/../../../../avr/lib/avr51\libc.a(ftoa_engine.o)
                0x00008472                __ftoa_engine
 .text.avr-libc
                0x00008622        0x6 c:/program files (x86)/atmel/studio/7.0/toolchain/avr8/avr8-gnu-toolchain/bin/../lib/gcc/avr/5.4.0/../../../../avr/lib/avr51\libc.a(cty_isfalse.o)
                0x00008622                __ctype_isfalse
                0x00008626                __ctype_istrue
 .text.avr-libc
                0x00008628       0x20 c:/program files (x86)/atmel/studio/7.0/toolchain/avr8/avr8-gnu-toolchain/bin/../lib/gcc/avr/5.4.0/../../../../avr/lib/avr51\libc.a(strrev.o)
                0x00008628                strrev
 .text.avr-libc
                0x00008648       0x10 C:/Program Files (x86)/Atmel/Studio/7.0/Packs/atmel/ATmega_DFP/1.2.209/gcc/dev/atmega1284p/avr51\libatmega1284p.a(eerd_byte.o)
                0x00008648                eeprom_read_byte
 .text.avr-libc
                0x00008658       0x1c C:/Program Files (x86)/Atmel/Studio/7.0/Packs/atmel/ATmega_DFP/1.2.209/gcc/dev/atmega1284p/avr51\libatmega1284p.a(eewr_byte.o)
                0x00008658                eeprom_write_byte
                0x0000865a                eeprom_write_r18
                0x00008674                . = ALIGN (0x2)
 *(.fini9)
 .fini9         0x00008674        0x0 c:/program files (x86)/atmel/studio/7.0/toolchain/avr8/avr8-gnu-toolchain/bin/../lib/gcc/avr/5.4.0/avr51\libgcc.a(_exit.o)
                0x00008674                _exit
                0x00008674                exit
 *(.fini9)
 *(.fini8)
 *(.fini8)
 *(.fini7)
 *(.fini7)
 *(.fini6)
 .fini6         0x00008674       0x14 c:/program files (x86)/atmel/studio/7.0/toolchain/avr8/avr8-gnu-toolchain/bin/../lib/gcc/avr/5.4.0/avr51\libgcc.a(_dtors.o)
                0x00008674                __do_global_dtors
 *(.fini6)
 *(.fini5)
 *(.fini5)
 *(.fini4)
 *(.fini4)
 *(.fini3)
 *(.fini3)
 *(.fini2)
 *(.fini2)
 *(.fini1)
 *(.fini1)
 *(.fini0)
 .fini0         0x00008688        0x4 c:/program files (x86)/atmel/studio/7.0/toolchain/avr8/avr8-gnu-toolchain/bin/../lib/gcc/avr/5.4.0/avr51\libgcc.a(_exit.o)
 *(.fini0)
                0x0000868c                _etext = .

.data           0x00800100      0x8e0 load address 0x0000868c
                0x00800100                PROVIDE (__data_start, .)
 *(.data)
 .data          0x00800100        0x6 c:/program files (x86)/atmel/studio/7.0/toolchain/avr8/avr8-gnu-toolchain/bin/../lib/gcc/avr/5.4.0/../../../../avr/lib/avr51\libc.a(malloc.o)
                0x00800100                __malloc_heap_end
                0x00800102                __malloc_heap_start
                0x00800104                __malloc_margin
 *(.data*)
 .data.MappaKeys
                0x00800106       0x10 Sketch.o
                0x00800106                MappaKeys
 .data.TmaxInviodati
                0x00800116        0x4 Sketch.o
                0x00800116                TmaxInviodati
 .data.TmaxErogazione
                0x0080011a        0x4 Sketch.o
                0x0080011a                TmaxErogazione
 .data.TselDistributore
                0x0080011e        0x4 Sketch.o
                0x0080011e                TselDistributore
 .data.TinputKM
                0x00800122        0x4 Sketch.o
                0x00800122                TinputKM
 .data.TinputTarga
                0x00800126        0x4 Sketch.o
                0x00800126                TinputTarga
 .data.mac      0x0080012a        0x6 Sketch.o
                0x0080012a                mac
 .data.serverREST
                0x00800130       0x12 Sketch.o
                0x00800130                serverREST
 .data.CodSede  0x00800142        0x7 Sketch.o
                0x00800142                CodSede
 .data.debounceDelay
                0x00800149        0x4 Sketch.o
                0x00800149                debounceDelay
 .data.ImpulsiLitro
                0x0080014d        0x2 Sketch.o
                0x0080014d                ImpulsiLitro
 .data.HTTP_len_response
                0x0080014f        0x2 Sketch.o
                0x0080014f                HTTP_len_response
 .data.Clessidra
                0x00800151        0x8 Sketch.o
                0x00800151                Clessidra
 .data.pn532response_firmwarevers
                0x00800159        0x6 src/libraries/NFC-PN532/NFC_PN532.o
                0x00800159                pn532response_firmwarevers
 .data.pn532ack
                0x0080015f        0x6 src/libraries/NFC-PN532/NFC_PN532.o
                0x0080015f                pn532ack
 .data._ZN14EthernetClient8_srcportE
                0x00800165        0x2 src/libraries/Ethernet2/src/EthernetClient.o
                0x00800165                _ZN14EthernetClient8_srcportE
 *(.gnu.linkonce.d*)
 *(.rodata)
 .rodata        0x00800167       0x66 Sketch.o
 .rodata        0x008001cd        0x8 src/libraries/LiquidCrystal/src/LCD.o
 *(.rodata*)
 .rodata.str1.1
                0x008001d5      0x74a Sketch.o
                                0x77c (size before relaxing)
 .rodata.._11   0x0080091f       0x10 Sketch.o
 .rodata.str1.1
                0x0080092f        0x9 src/libraries/NFC-PN532/NFC_PN532.o
                                  0xc (size before relaxing)
 .rodata._ZTV14EthernetClient
                0x00800938       0x22 src/libraries/Ethernet2/src/EthernetClient.o
                0x00800938                _ZTV14EthernetClient
 .rodata._ZTV11EthernetUDP
                0x0080095a       0x28 src/libraries/Ethernet2/src/EthernetUdp2.o
                0x0080095a                _ZTV11EthernetUDP
 .rodata._ZTV3LCD
                0x00800982       0x14 src/libraries/LiquidCrystal/src/LCD.o
                0x00800982                _ZTV3LCD
 .rodata._ZTV17LiquidCrystal_I2C
                0x00800996       0x14 src/libraries/LiquidCrystal/src/LiquidCrystal_I2C.o
                0x00800996                _ZTV17LiquidCrystal_I2C
 .rodata._ZTV7TwoWire
                0x008009aa       0x12 src/libraries/Wire/src/Wire.o
                0x008009aa                _ZTV7TwoWire
 .rodata._ZTV9IPAddress
                0x008009bc        0x6 C:\Users\utente\NEXTCL~1\PROGET~1\FUELCO~1\Firmware\repo\NOVARA~1\fwCCEC\TUINOD~1\ARDUIN~1\Debug\libArduinoCore.a(IPAddress.o)
                0x008009bc                _ZTV9IPAddress
 .rodata.str1.1
                0x008009c2        0xc C:\Users\utente\NEXTCL~1\PROGET~1\FUELCO~1\Firmware\repo\NOVARA~1\fwCCEC\TUINOD~1\ARDUIN~1\Debug\libArduinoCore.a(Print.o)
                                  0xf (size before relaxing)
 .rodata.str1.1
                0x008009ce        0x1 C:\Users\utente\NEXTCL~1\PROGET~1\FUELCO~1\Firmware\repo\NOVARA~1\fwCCEC\TUINOD~1\ARDUIN~1\Debug\libArduinoCore.a(WString.o)
 .rodata._ZTV14HardwareSerial
                0x008009ce       0x12 C:\Users\utente\NEXTCL~1\PROGET~1\FUELCO~1\Firmware\repo\NOVARA~1\fwCCEC\TUINOD~1\ARDUIN~1\Debug\libArduinoCore.a(HardwareSerial.o)
                0x008009ce                _ZTV14HardwareSerial
 *(.gnu.linkonce.r*)
                0x008009e0                . = ALIGN (0x2)
                0x008009e0                _edata = .
                0x008009e0                PROVIDE (__data_end, .)

.bss            0x008009e0      0x348
                0x008009e0                PROVIDE (__bss_start, .)
 *(.bss)
 *(.bss*)
 .bss.gpio      0x008009e0        0x3 Sketch.o
                0x008009e0                gpio
 .bss.KM        0x008009e3        0x6 Sketch.o
                0x008009e3                KM
 .bss.TARGA     0x008009e9        0x6 Sketch.o
                0x008009e9                TARGA
 .bss.nowTimer  0x008009ef        0x6 Sketch.o
                0x008009ef                nowTimer
 .bss.Timer     0x008009f5        0x4 Sketch.o
                0x008009f5                Timer
 .bss.UltimoPassaggioStato
                0x008009f9        0x4 Sketch.o
                0x008009f9                UltimoPassaggioStato
 .bss.secs      0x008009fd        0x4 Sketch.o
                0x008009fd                secs
 .bss.DS3231M   0x00800a01        0xc Sketch.o
                0x00800a01                DS3231M
 .bss.clientATE
                0x00800a0d        0xd Sketch.o
                0x00800a0d                clientATE
 .bss.clientLOCAL
                0x00800a1a        0xd Sketch.o
                0x00800a1a                clientLOCAL
 .bss.subnet    0x00800a27        0x6 Sketch.o
                0x00800a27                subnet
 .bss.gateway   0x00800a2d        0x6 Sketch.o
                0x00800a2d                gateway
 .bss.myDns     0x00800a33        0x6 Sketch.o
                0x00800a33                myDns
 .bss.ipCCEC    0x00800a39        0x6 Sketch.o
                0x00800a39                ipCCEC
 .bss.righeDisplay
                0x00800a3f       0x18 Sketch.o
                0x00800a3f                righeDisplay
 .bss.Messaggio
                0x00800a57        0x6 Sketch.o
                0x00800a57                Messaggio
 .bss.Risposta  0x00800a5d        0x6 Sketch.o
                0x00800a5d                Risposta
 .bss.RaccoltaDati
                0x00800a63       0x24 Sketch.o
                0x00800a63                RaccoltaDati
 .bss.RispostaHTTP
                0x00800a87        0x6 Sketch.o
                0x00800a87                RispostaHTTP
 .bss.distr_selezionato
                0x00800a8d        0x1 Sketch.o
                0x00800a8d                distr_selezionato
 .bss.impulsi   0x00800a8e        0x2 Sketch.o
                0x00800a8e                impulsi
 .bss.stato_procedura
                0x00800a90        0x2 Sketch.o
                0x00800a90                stato_procedura
 .bss.Connected
                0x00800a92        0x2 Sketch.o
                0x00800a92                Connected
 .bss.strURLAPI
                0x00800a94        0x6 Sketch.o
                0x00800a94                strURLAPI
 .bss.StatoAttuale
                0x00800a9a        0x6 Sketch.o
                0x00800a9a                StatoAttuale
 .bss.nfc       0x00800aa0       0x17 Sketch.o
                0x00800aa0                nfc
 .bss.lcd       0x00800ab7       0x18 Sketch.o
                0x00800ab7                lcd
 .bss.alreadyTimbrata
                0x00800acf        0x1 Sketch.o
                0x00800acf                alreadyTimbrata
 .bss.uidMezzo  0x00800ad0        0x7 Sketch.o
                0x00800ad0                uidMezzo
 .bss.uidLength
                0x00800ad7        0x1 Sketch.o
                0x00800ad7                uidLength
 .bss.success   0x00800ad8        0x1 Sketch.o
                0x00800ad8                success
 .bss.mezzo     0x00800ad9       0x12 Sketch.o
                0x00800ad9                mezzo
 .bss.intConsecutiveNonPresses
                0x00800aeb        0x2 Sketch.o
                0x00800aeb                intConsecutiveNonPresses
 .bss.intConsecutivePresses
                0x00800aed        0x2 Sketch.o
                0x00800aed                intConsecutivePresses
 .bss.Parametri
                0x00800aef       0x38 Sketch.o
                0x00800aef                Parametri
 .bss.ParametriCCEC
                0x00800b27        0x2 Sketch.o
                0x00800b27                ParametriCCEC
 .bss._ZL11INADDR_NONE
                0x00800b29        0x6 Sketch.o
 .bss.pn532_packetbuffer
                0x00800b2f       0x40 src/libraries/NFC-PN532/NFC_PN532.o
                0x00800b2f                pn532_packetbuffer
 .bss._ZL11INADDR_NONE
                0x00800b6f        0x6 src/libraries/Ethernet2/src/Dhcp.o
 .bss._ZL11INADDR_NONE
                0x00800b75        0x6 src/libraries/Ethernet2/src/Dns.o
 .bss.Ethernet  0x00800b7b        0xd src/libraries/Ethernet2/src/Ethernet2.o
                0x00800b7b                Ethernet
 .bss._ZN13EthernetClass12_server_portE
                0x00800b88       0x10 src/libraries/Ethernet2/src/Ethernet2.o
                0x00800b88                _ZN13EthernetClass12_server_portE
 .bss._ZL11INADDR_NONE
                0x00800b98        0x6 src/libraries/Ethernet2/src/Ethernet2.o
 .bss._ZL11INADDR_NONE
                0x00800b9e        0x6 src/libraries/Ethernet2/src/EthernetClient.o
 .bss._ZL11INADDR_NONE