Archive member included to satisfy reference by file (symbol)

c:/program files (x86)/atmel/studio/7.0/toolchain/avr8/avr8-gnu-toolchain/bin/../lib/gcc/avr/5.4.0/../../../../avr/lib/avr51\libm.a(cmpsf2.o)
                              Sketch.o (__ltsf2)
c:/program files (x86)/atmel/studio/7.0/toolchain/avr8/avr8-gnu-toolchain/bin/../lib/gcc/avr/5.4.0/../../../../avr/lib/avr51\libm.a(divsf3.o)
                              Sketch.o (__divsf3)
c:/program files (x86)/atmel/studio/7.0/toolchain/avr8/avr8-gnu-toolchain/bin/../lib/gcc/avr/5.4.0/../../../../avr/lib/avr51\libm.a(divsf3x.o)
                              c:/program files (x86)/atmel/studio/7.0/toolchain/avr8/avr8-gnu-toolchain/bin/../lib/gcc/avr/5.4.0/../../../../avr/lib/avr51\libm.a(divsf3.o) (__divsf3x)
c:/program files (x86)/atmel/studio/7.0/toolchain/avr8/avr8-gnu-toolchain/bin/../lib/gcc/avr/5.4.0/../../../../avr/lib/avr51\libm.a(floatsisf.o)
                              Sketch.o (__floatsisf)
c:/program files (x86)/atmel/studio/7.0/toolchain/avr8/avr8-gnu-toolchain/bin/../lib/gcc/avr/5.4.0/../../../../avr/lib/avr51\libm.a(fp_cmp.o)
                              c:/program files (x86)/atmel/studio/7.0/toolchain/avr8/avr8-gnu-toolchain/bin/../lib/gcc/avr/5.4.0/../../../../avr/lib/avr51\libm.a(cmpsf2.o) (__fp_cmp)
c:/program files (x86)/atmel/studio/7.0/toolchain/avr8/avr8-gnu-toolchain/bin/../lib/gcc/avr/5.4.0/../../../../avr/lib/avr51\libm.a(fp_inf.o)
                              c:/program files (x86)/atmel/studio/7.0/toolchain/avr8/avr8-gnu-toolchain/bin/../lib/gcc/avr/5.4.0/../../../../avr/lib/avr51\libm.a(divsf3x.o) (__fp_inf)
c:/program files (x86)/atmel/studio/7.0/toolchain/avr8/avr8-gnu-toolchain/bin/../lib/gcc/avr/5.4.0/../../../../avr/lib/avr51\libm.a(fp_nan.o)
                              c:/program files (x86)/atmel/studio/7.0/toolchain/avr8/avr8-gnu-toolchain/bin/../lib/gcc/avr/5.4.0/../../../../avr/lib/avr51\libm.a(divsf3x.o) (__fp_nan)
c:/program files (x86)/atmel/studio/7.0/toolchain/avr8/avr8-gnu-toolchain/bin/../lib/gcc/avr/5.4.0/../../../../avr/lib/avr51\libm.a(fp_pscA.o)
                              c:/program files (x86)/atmel/studio/7.0/toolchain/avr8/avr8-gnu-toolchain/bin/../lib/gcc/avr/5.4.0/../../../../avr/lib/avr51\libm.a(divsf3x.o) (__fp_pscA)
c:/program files (x86)/atmel/studio/7.0/toolchain/avr8/avr8-gnu-toolchain/bin/../lib/gcc/avr/5.4.0/../../../../avr/lib/avr51\libm.a(fp_pscB.o)
                              c:/program files (x86)/atmel/studio/7.0/toolchain/avr8/avr8-gnu-toolchain/bin/../lib/gcc/avr/5.4.0/../../../../avr/lib/avr51\libm.a(divsf3x.o) (__fp_pscB)
c:/program files (x86)/atmel/studio/7.0/toolchain/avr8/avr8-gnu-toolchain/bin/../lib/gcc/avr/5.4.0/../../../../avr/lib/avr51\libm.a(fp_round.o)
                              c:/program files (x86)/atmel/studio/7.0/toolchain/avr8/avr8-gnu-toolchain/bin/../lib/gcc/avr/5.4.0/../../../../avr/lib/avr51\libm.a(divsf3.o) (__fp_round)
c:/program files (x86)/atmel/studio/7.0/toolchain/avr8/avr8-gnu-toolchain/bin/../lib/gcc/avr/5.4.0/../../../../avr/lib/avr51\libm.a(fp_split3.o)
                              c:/program files (x86)/atmel/studio/7.0/toolchain/avr8/avr8-gnu-toolchain/bin/../lib/gcc/avr/5.4.0/../../../../avr/lib/avr51\libm.a(divsf3x.o) (__fp_split3)
c:/program files (x86)/atmel/studio/7.0/toolchain/avr8/avr8-gnu-toolchain/bin/../lib/gcc/avr/5.4.0/../../../../avr/lib/avr51\libm.a(fp_zero.o)
                              c:/program files (x86)/atmel/studio/7.0/toolchain/avr8/avr8-gnu-toolchain/bin/../lib/gcc/avr/5.4.0/../../../../avr/lib/avr51\libm.a(divsf3x.o) (__fp_szero)
C:\VVFCloud\ProgettiVVF\FuelControl\Firmware\repo\fwCCEC\TuinoDemo\ArduinoCore\Debug\libArduinoCore.a(abi.o)
                              src/libraries/LiquidCrystal/src/LCD.o (__cxa_pure_virtual)
C:\VVFCloud\ProgettiVVF\FuelControl\Firmware\repo\fwCCEC\TuinoDemo\ArduinoCore\Debug\libArduinoCore.a(HardwareSerial0.o)
                              Sketch.o (Serial)
C:\VVFCloud\ProgettiVVF\FuelControl\Firmware\repo\fwCCEC\TuinoDemo\ArduinoCore\Debug\libArduinoCore.a(IPAddress.o)
                              Sketch.o (_ZTV9IPAddress)
C:\VVFCloud\ProgettiVVF\FuelControl\Firmware\repo\fwCCEC\TuinoDemo\ArduinoCore\Debug\libArduinoCore.a(main.o)
                              C:/Program Files (x86)/Atmel/Studio/7.0/Packs/atmel/ATmega_DFP/1.2.209/gcc/dev/atmega1284p/avr51/crtatmega1284p.o (main)
C:\VVFCloud\ProgettiVVF\FuelControl\Firmware\repo\fwCCEC\TuinoDemo\ArduinoCore\Debug\libArduinoCore.a(new.o)
                              src/libraries/Ethernet2/src/Ethernet2.o (_Znwj)
C:\VVFCloud\ProgettiVVF\FuelControl\Firmware\repo\fwCCEC\TuinoDemo\ArduinoCore\Debug\libArduinoCore.a(Print.o)
                              src/libraries/LiquidCrystal/src/LCD.o (_ZN5Print5writeEPKhj)
C:\VVFCloud\ProgettiVVF\FuelControl\Firmware\repo\fwCCEC\TuinoDemo\ArduinoCore\Debug\libArduinoCore.a(wiring.o)
                              src/libraries/Ethernet2/src/Dhcp.o (millis)
[...]
Memory Configuration

Name             Origin             Length             Attributes
text             0x00000000         0x00020000         xr
data             0x00800100         0x0000ff00         rw !x
eeprom           0x00810000         0x00010000         rw !x
fuse             0x00820000         0x00000003         rw !x
lock             0x00830000         0x00000400         rw !x
signature        0x00840000         0x00000400         rw !x
user_signatures  0x00850000         0x00000400         rw !x
*default*        0x00000000         0xffffffff

Linker script and memory map

Address of section .data set to 0x800100
LOAD C:/Program Files (x86)/Atmel/Studio/7.0/Packs/atmel/ATmega_DFP/1.2.209/gcc/dev/atmega1284p/avr51/crtatmega1284p.o
LOAD Sketch.o
LOAD src/libraries/Keypad/src/PCA9534.o
LOAD src/libraries/NFC-PN532/NFC_PN532.o
LOAD src/libraries/DS3231M/src/DS3231M.o
LOAD src/libraries/Ethernet2/src/Dhcp.o
LOAD src/libraries/Ethernet2/src/Dns.o
LOAD src/libraries/Ethernet2/src/Ethernet2.o
LOAD src/libraries/Ethernet2/src/EthernetClient.o
LOAD src/libraries/Ethernet2/src/EthernetServer.o
LOAD src/libraries/Ethernet2/src/EthernetUdp2.o
LOAD src/libraries/Ethernet2/src/utility/socket.o
LOAD src/libraries/Ethernet2/src/utility/w5500.o
LOAD src/libraries/Keypad/src/i2ckeypad.o
LOAD src/libraries/Keypad/src/Key.o
LOAD src/libraries/Keypad/src/Keypad.o
LOAD src/libraries/Keypad/src/Keypad_I2C.o
LOAD src/libraries/LiquidCrystal/src/I2CIO.o
LOAD src/libraries/LiquidCrystal/src/LCD.o
LOAD src/libraries/LiquidCrystal/src/LiquidCrystal.o
LOAD src/libraries/LiquidCrystal/src/LiquidCrystal_I2C.o
LOAD src/libraries/SPI/src/SPI.o
LOAD src/libraries/Wire/src/utility/twi.o
LOAD src/libraries/Wire/src/Wire.o
START GROUP
LOAD c:/program files (x86)/atmel/studio/7.0/toolchain/avr8/avr8-gnu-toolchain/bin/../lib/gcc/avr/5.4.0/../../../../avr/lib/avr51\libm.a
LOAD C:\VVFCloud\ProgettiVVF\FuelControl\Firmware\repo\fwCCEC\TuinoDemo\ArduinoCore\Debug\libArduinoCore.a
END GROUP
LOAD c:/program files (x86)/atmel/studio/7.0/toolchain/avr8/avr8-gnu-toolchain/bin/../lib/gcc/avr/5.4.0/avr51\libgcc.a
LOAD c:/program files (x86)/atmel/studio/7.0/toolchain/avr8/avr8-gnu-toolchain/bin/../lib/gcc/avr/5.4.0/../../../../avr/lib/avr51\libm.a
START GROUP
LOAD c:/program files (x86)/atmel/studio/7.0/toolchain/avr8/avr8-gnu-toolchain/bin/../lib/gcc/avr/5.4.0/avr51\libgcc.a
LOAD c:/program files (x86)/atmel/studio/7.0/toolchain/avr8/avr8-gnu-toolchain/bin/../lib/gcc/avr/5.4.0/../../../../avr/lib/avr51\libm.a
LOAD c:/program files (x86)/atmel/studio/7.0/toolchain/avr8/avr8-gnu-toolchain/bin/../lib/gcc/avr/5.4.0/../../../../avr/lib/avr51\libc.a
LOAD C:/Program Files (x86)/Atmel/Studio/7.0/Packs/atmel/ATmega_DFP/1.2.209/gcc/dev/atmega1284p/avr51\libatmega1284p.a
END GROUP
                0x00020000                __TEXT_REGION_LENGTH__ = DEFINED (__TEXT_REGION_LENGTH__)?__TEXT_REGION_LENGTH__:0x20000
                0x0000ff00                __DATA_REGION_LENGTH__ = DEFINED (__DATA_REGION_LENGTH__)?__DATA_REGION_LENGTH__:0xff00
                0x00010000                __EEPROM_REGION_LENGTH__ = DEFINED (__EEPROM_REGION_LENGTH__)?__EEPROM_REGION_LENGTH__:0x10000
                [0x00000003]                __FUSE_REGION_LENGTH__ = DEFINED (__FUSE_REGION_LENGTH__)?__FUSE_REGION_LENGTH__:0x400
                0x00000400                __LOCK_REGION_LENGTH__ = DEFINED (__LOCK_REGION_LENGTH__)?__LOCK_REGION_LENGTH__:0x400
                0x00000400                __SIGNATURE_REGION_LENGTH__ = DEFINED (__SIGNATURE_REGION_LENGTH__)?__SIGNATURE_REGION_LENGTH__:0x400
                0x00000400                __USER_SIGNATURE_REGION_LENGTH__ = DEFINED (__USER_SIGNATURE_REGION_LENGTH__)?__USER_SIGNATURE_REGION_LENGTH__:0x400

.hash
 *(.hash)

.dynsym
 *(.dynsym)

.dynstr
 *(.dynstr)

.gnu.version
 *(.gnu.version)

.gnu.version_d
 *(.gnu.version_d)

.gnu.version_r
 *(.gnu.version_r)

.rel.init
 *(.rel.init)

.rela.init
 *(.rela.init)

.rel.text
 *(.rel.text)
 *(.rel.text.*)
 *(.rel.gnu.linkonce.t*)

.rela.text
 *(.rela.text)
 *(.rela.text.*)
 *(.rela.gnu.linkonce.t*)

.rel.fini
 *(.rel.fini)

.rela.fini
 *(.rela.fini)

.rel.rodata
 *(.rel.rodata)
 *(.rel.rodata.*)
 *(.rel.gnu.linkonce.r*)

.rela.rodata
 *(.rela.rodata)
 *(.rela.rodata.*)
 *(.rela.gnu.linkonce.r*)

.rel.data
 *(.rel.data)
 *(.rel.data.*)
 *(.rel.gnu.linkonce.d*)

.rela.data
 *(.rela.data)
 *(.rela.data.*)
 *(.rela.gnu.linkonce.d*)

.rel.ctors
 *(.rel.ctors)

.rela.ctors
 *(.rela.ctors)

.rel.dtors
 *(.rel.dtors)

.rela.dtors
 *(.rela.dtors)

.rel.got
 *(.rel.got)

.rela.got
 *(.rela.got)

.rel.bss
 *(.rel.bss)

.rela.bss
 *(.rela.bss)

.rel.plt
 *(.rel.plt)

.rela.plt
 *(.rela.plt)

.text           0x00000000     0x726e
 *(.vectors)
 .vectors       0x00000000       0x8c C:/Program Files (x86)/Atmel/Studio/7.0/Packs/atmel/ATmega_DFP/1.2.209/gcc/dev/atmega1284p/avr51/crtatmega1284p.o
                0x00000000                __vector_default
                0x00000000                __vectors
 *(.vectors)
 *(.progmem.gcc*)
 .progmem.gcc_sw_table.loop
                0x0000008c       0x18 Sketch.o
 .progmem.gcc_sw_table._ZN8DateTimeC2EPK19__FlashStringHelperS2_
                0x000000a4       0x26 src/libraries/DS3231M/src/DS3231M.o
                0x000000ca                . = ALIGN (0x2)
                0x000000ca                __trampolines_start = .
 *(.trampolines)
 .trampolines   0x000000ca        0x0 linker stubs
 *(.trampolines*)
                0x000000ca                __trampolines_end = .
 *libprintf_flt.a:*(.progmem.data)
 *libc.a:*(.progmem.data)
 .progmem.data  0x000000ca       0xfa c:/program files (x86)/atmel/studio/7.0/toolchain/avr8/avr8-gnu-toolchain/bin/../lib/gcc/avr/5.4.0/../../../../avr/lib/avr51\libc.a(ftoa_engine.o)
 *(.progmem*)
 .progmem.data._ZZ5setupE3__c_0
                0x000001c4       0x15 Sketch.o
 .progmem.data._ZZ5setupE3__c
                0x000001d9       0x2f Sketch.o
 .progmem.data._ZZN13DS3231M_Class6adjustEvE3__c
                0x00000208        0xc src/libraries/DS3231M/src/DS3231M.o
 .progmem.data._ZZN13DS3231M_Class6adjustEvE3__c_0
                0x00000214        0x9 src/libraries/DS3231M/src/DS3231M.o
 .progmem.data._ZL11daysInMonth
                0x0000021d        0xc src/libraries/DS3231M/src/DS3231M.o
 .progmem.data.digital_pin_to_timer_PGM
                0x00000229       0x20 C:\VVFCloud\ProgettiVVF\FuelControl\Firmware\repo\fwCCEC\TuinoDemo\ArduinoCore\Debug\libArduinoCore.a(wiring_digital.o)
                0x00000229                digital_pin_to_timer_PGM
 .progmem.data.digital_pin_to_bit_mask_PGM
                0x00000249       0x20 C:\VVFCloud\ProgettiVVF\FuelControl\Firmware\repo\fwCCEC\TuinoDemo\ArduinoCore\Debug\libArduinoCore.a(wiring_digital.o)
                0x00000249                digital_pin_to_bit_mask_PGM
 .progmem.data.digital_pin_to_port_PGM
                0x00000269       0x20 C:\VVFCloud\ProgettiVVF\FuelControl\Firmware\repo\fwCCEC\TuinoDemo\ArduinoCore\Debug\libArduinoCore.a(wiring_digital.o)
                0x00000269                digital_pin_to_port_PGM
 .progmem.data.port_to_input_PGM
                0x00000289        0xa C:\VVFCloud\ProgettiVVF\FuelControl\Firmware\repo\fwCCEC\TuinoDemo\ArduinoCore\Debug\libArduinoCore.a(wiring_digital.o)
                0x00000289                port_to_input_PGM
 .progmem.data.port_to_output_PGM
                0x00000293        0xa C:\VVFCloud\ProgettiVVF\FuelControl\Firmware\repo\fwCCEC\TuinoDemo\ArduinoCore\Debug\libArduinoCore.a(wiring_digital.o)
                0x00000293                port_to_output_PGM
 .progmem.data.port_to_mode_PGM
                0x0000029d        0xa C:\VVFCloud\ProgettiVVF\FuelControl\Firmware\repo\fwCCEC\TuinoDemo\ArduinoCore\Debug\libArduinoCore.a(wiring_digital.o)
                0x0000029d                port_to_mode_PGM
                0x000002a8                . = ALIGN (0x2)
 *fill*         0x000002a7        0x1 
 *(.jumptables)
 *(.jumptables*)
 *(.lowtext)
 *(.lowtext*)
                0x000002a8                __ctors_start = .
 *(.ctors)
 .ctors         0x000002a8        0x2 Sketch.o
 .ctors         0x000002aa        0x2 src/libraries/Ethernet2/src/Dhcp.o
 .ctors         0x000002ac        0x2 src/libraries/Ethernet2/src/Dns.o
 .ctors         0x000002ae        0x2 src/libraries/Ethernet2/src/Ethernet2.o
 .ctors         0x000002b0        0x2 src/libraries/Ethernet2/src/EthernetClient.o
 .ctors         0x000002b2        0x2 src/libraries/Ethernet2/src/EthernetServer.o
 .ctors         0x000002b4        0x2 src/libraries/Ethernet2/src/EthernetUdp2.o
 .ctors         0x000002b6        0x2 src/libraries/Ethernet2/src/utility/w5500.o
 .ctors         0x000002b8        0x2 src/libraries/Wire/src/Wire.o
 .ctors         0x000002ba        0x2 C:\VVFCloud\ProgettiVVF\FuelControl\Firmware\repo\fwCCEC\TuinoDemo\ArduinoCore\Debug\libArduinoCore.a(HardwareSerial0.o)
                0x000002bc                __ctors_end = .
                0x000002bc                __dtors_start = .
 *(.dtors)
 .dtors         0x000002bc        0x2 Sketch.o
                0x000002be                __dtors_end = .
 SORT(*)(.ctors)
 SORT(*)(.dtors)
 *(.init0)
 .init0         0x000002be        0x0 C:/Program Files (x86)/Atmel/Studio/7.0/Packs/atmel/ATmega_DFP/1.2.209/gcc/dev/atmega1284p/avr51/crtatmega1284p.o
                0x000002be                __init
 *(.init0)
 *(.init1)
 *(.init1)
 *(.init2)
 .init2         0x000002be        0xc C:/Program Files (x86)/Atmel/Studio/7.0/Packs/atmel/ATmega_DFP/1.2.209/gcc/dev/atmega1284p/avr51/crtatmega1284p.o
 *(.init2)
 *(.init3)
 *(.init3)
 *(.init4)
 .init4         0x000002ca       0x1a c:/program files (x86)/atmel/studio/7.0/toolchain/avr8/avr8-gnu-toolchain/bin/../lib/gcc/avr/5.4.0/avr51\libgcc.a(_copy_data.o)
                0x000002ca                __do_copy_data
 .init4         0x000002e4       0x10 c:/program files (x86)/atmel/studio/7.0/toolchain/avr8/avr8-gnu-toolchain/bin/../lib/gcc/avr/5.4.0/avr51\libgcc.a(_clear_bss.o)
                0x000002e4                __do_clear_bss
 *(.init4)
 *(.init5)
 *(.init5)
 *(.init6)
 .init6         0x000002f4       0x16 c:/program files (x86)/atmel/studio/7.0/toolchain/avr8/avr8-gnu-toolchain/bin/../lib/gcc/avr/5.4.0/avr51\libgcc.a(_ctors.o)
                0x000002f4                __do_global_ctors
 *(.init6)
 *(.init7)
 *(.init7)
 *(.init8)
 *(.init8)
 *(.init9)
 .init9         0x0000030a        0x8 C:/Program Files (x86)/Atmel/Studio/7.0/Packs/atmel/ATmega_DFP/1.2.209/gcc/dev/atmega1284p/avr51/crtatmega1284p.o
 *(.init9)
 *(.text)
 .text          0x00000312        0x2 C:/Program Files (x86)/Atmel/Studio/7.0/Packs/atmel/ATmega_DFP/1.2.209/gcc/dev/atmega1284p/avr51/crtatmega1284p.o
                0x00000312                __vector_22
                0x00000312                __vector_28
                0x00000312                __vector_1
                0x00000312                __vector_32
                0x00000312                __vector_34
                0x00000312                __vector_24
                0x00000312                __vector_12
                0x00000312                __bad_interrupt
                0x00000312                __vector_6
                0x00000312                __vector_31
                0x00000312                __vector_3
                0x00000312                __vector_23
                0x00000312                __vector_30
                0x00000312                __vector_25
                0x00000312                __vector_11
                0x00000312                __vector_13
                0x00000312                __vector_17
                0x00000312                __vector_27
                0x00000312                __vector_5
                0x00000312                __vector_33
                0x00000312                __vector_9
                0x00000312                __vector_2
                0x00000312                __vector_21
                0x00000312                __vector_15
                0x00000312                __vector_29
                0x00000312                __vector_8
                0x00000312                __vector_14
                0x00000312                __vector_10
                0x00000312                __vector_20
                0x00000314                . = ALIGN (0x2)
 *(.text.*)
 .text._ZN5Print17availableForWriteEv
                0x00000314        0x6 Sketch.o
                0x00000314                _ZN5Print17availableForWriteEv
 .text._ZN5Print5flushEv
                0x0000031a        0x2 Sketch.o
                0x0000031a                _ZN5Print5flushEv
 .text._ZL10enable_ETHv
                0x0000031c        0x4 Sketch.o
 .text._ZL11disable_ETHv
                0x00000320        0x4 Sketch.o
 .text._Z19InizializzaEthernetv
                0x00000324       0xce Sketch.o
                0x00000324                _Z19InizializzaEthernetv
 .text._Z11my_delay_msi
                0x000003f2       0x18 Sketch.o
                0x000003f2                _Z11my_delay_msi
 .text._Z9printLinev
                0x0000040a       0x26 Sketch.o
                0x0000040a                _Z9printLinev
 .text._Z6Buzzerhm
                0x00000430       0x3c Sketch.o
                0x00000430                _Z6Buzzerhm
 .text._Z13getCharKeypadh
                0x0000046c      0x1ca Sketch.o
                0x0000046c                _Z13getCharKeypadh
 .text._Z10displayLCDP6Stringii
                0x00000636      0x140 Sketch.o
                0x00000636                _Z10displayLCDP6Stringii
 .text._Z11avanzaStatom
                0x00000776       0x3c Sketch.o
                0x00000776                _Z11avanzaStatom
 .text._Z14leggiTAG_Mezzob
                0x000007b2      0x1c6 Sketch.o
                0x000007b2                _Z14leggiTAG_Mezzob
 .text._Z14GetCodeRfidATev
                0x00000978       0xcc Sketch.o
                0x00000978                _Z14GetCodeRfidATev
 .text._Z19GetHTTPResponseCode6String
                0x00000a44       0x96 Sketch.o
                0x00000a44                _Z19GetHTTPResponseCode6String
 .text._Z16GetAteValidationiPc14EthernetClient6String
                0x00000ada      0x24a Sketch.o
                0x00000ada                _Z16GetAteValidationiPc14EthernetClient6String
 .text._Z14PostErogazioneiPc14EthernetClient6String
                0x00000d24      0x280 Sketch.o
                0x00000d24                _Z14PostErogazioneiPc14EthernetClient6String
 .text._Z15abilitaPulsantiv
                0x00000fa4       0x14 Sketch.o
                0x00000fa4                _Z15abilitaPulsantiv
 .text._Z22abilitaContattiPistolav
                0x00000fb8        0x6 Sketch.o
                0x00000fb8                _Z22abilitaContattiPistolav
 .text._Z13abilitaPulserc
                0x00000fbe       0x1c Sketch.o
                0x00000fbe                _Z13abilitaPulserc
 .text._Z14impulsiToLitrii
                0x00000fda       0x56 Sketch.o
                0x00000fda                _Z14impulsiToLitrii
 .text._Z18Rele_Abilitazione1ii
                0x00001030       0x76 Sketch.o
                0x00001030                _Z18Rele_Abilitazione1ii
 .text._Z18Rele_Abilitazione2ii
                0x000010a6       0x88 Sketch.o
                0x000010a6                _Z18Rele_Abilitazione2ii
 .text._Z12Control_WIFIi
                0x0000112e       0x26 Sketch.o
                0x0000112e                _Z12Control_WIFIi
 .text._Z6Azzerav
                0x00001154      0x154 Sketch.o
                0x00001154                _Z6Azzerav
 .text.loop     0x000012a8      0xa10 Sketch.o
                0x000012a8                loop
 .text.__vector_4
                0x00001cb8       0x48 Sketch.o
                0x00001cb8                __vector_4
 .text.__vector_7
                0x00001d00      0x166 Sketch.o
                0x00001d00                __vector_7
 .text.startup._GLOBAL__sub_I_intConsecutivePresses
                0x00001e66      0x1c6 Sketch.o
 .text.exit._GLOBAL__sub_D_intConsecutivePresses
                0x0000202c       0xa2 Sketch.o
 .text.setup    0x000020ce      0x37c Sketch.o
                0x000020ce                setup
 .text._ZN7PCA9534C2Ev
                0x0000244a        0xa src/libraries/Keypad/src/PCA9534.o
                0x0000244a                _ZN7PCA9534C2Ev
                0x0000244a                _ZN7PCA9534C1Ev
 .text._ZN7PCA95345beginEh
                0x00002454        0xc src/libraries/Keypad/src/PCA9534.o
                0x00002454                _ZN7PCA95345beginEh
 .text._ZN7PCA953413setporteIoExpEhhh
                0x00002460       0xa8 src/libraries/Keypad/src/PCA9534.o
                0x00002460                _ZN7PCA953413setporteIoExpEhhh
 .text._ZN7PCA953410setCONFREGEh
                0x00002508       0x2e src/libraries/Keypad/src/PCA9534.o
                0x00002508                _ZN7PCA953410setCONFREGEh
 .text._ZN7PCA953416Read_IP_REGISTEREv
                0x00002536       0x54 src/libraries/Keypad/src/PCA9534.o
                0x00002536                _ZN7PCA953416Read_IP_REGISTEREv
 .text._ZN7PCA95345getIoEv
                0x0000258a       0x7a src/libraries/Keypad/src/PCA9534.o
                0x0000258a                _ZN7PCA95345getIoEv
 .text._ZN9NFC_PN532C2Ehh
                0x00002604       0x22 src/libraries/NFC-PN532/NFC_PN532.o
                0x00002604                _ZN9NFC_PN532C1Ehh
                0x00002604                _ZN9NFC_PN532C2Ehh
 .text._ZN9NFC_PN5325beginEv
                0x00002626       0x42 src/libraries/NFC-PN532/NFC_PN532.o
                0x00002626                _ZN9NFC_PN5325beginEv
 .text._ZN9NFC_PN53210GetHexCodeEPKhm
                0x00002668      0x110 src/libraries/NFC-PN532/NFC_PN532.o
                0x00002668                _ZN9NFC_PN53210GetHexCodeEPKhm
 .text._ZN9NFC_PN5327isreadyEv
                0x00002778       0x12 src/libraries/NFC-PN532/NFC_PN532.o
                0x00002778                _ZN9NFC_PN5327isreadyEv
 .text._ZN9NFC_PN5329waitreadyEj
                0x0000278a       0x5c src/libraries/NFC-PN532/NFC_PN532.o
                0x0000278a                _ZN9NFC_PN5329waitreadyEj
 .text._ZN9NFC_PN5328readdataEPhh
                0x000027e6       0x68 src/libraries/NFC-PN532/NFC_PN532.o
                0x000027e6                _ZN9NFC_PN5328readdataEPhh
 .text._ZN9NFC_PN5327readackEv
                0x0000284e       0x44 src/libraries/NFC-PN532/NFC_PN532.o
                0x0000284e                _ZN9NFC_PN5327readackEv
 .text._ZL8i2c_sendh
                0x00002892        0xa src/libraries/NFC-PN532/NFC_PN532.o
 .text._ZN9NFC_PN53212writecommandEPhh
                0x0000289c       0x92 src/libraries/NFC-PN532/NFC_PN532.o
                0x0000289c                _ZN9NFC_PN53212writecommandEPhh
 .text._ZN9NFC_PN53219sendCommandCheckAckEPhhj
                0x0000292e       0x30 src/libraries/NFC-PN532/NFC_PN532.o
                0x0000292e                _ZN9NFC_PN53219sendCommandCheckAckEPhhj
 .text._ZN9NFC_PN53218getFirmwareVersionEv
                0x0000295e       0x90 src/libraries/NFC-PN532/NFC_PN532.o
                0x0000295e                _ZN9NFC_PN53218getFirmwareVersionEv
 .text._ZN9NFC_PN5329SAMConfigEv
                0x000029ee       0x5c src/libraries/NFC-PN532/NFC_PN532.o
                0x000029ee                _ZN9NFC_PN5329SAMConfigEv
 .text._ZN9NFC_PN53227setPassiveActivationRetriesEh
                0x00002a4a       0x20 src/libraries/NFC-PN532/NFC_PN532.o
                0x00002a4a                _ZN9NFC_PN53227setPassiveActivationRetriesEh
 .text._ZN9NFC_PN53219readPassiveTargetIDEhPhS0_j
                0x00002a6a       0xa8 src/libraries/NFC-PN532/NFC_PN532.o
                0x00002a6a                _ZN9NFC_PN53219readPassiveTargetIDEhPhS0_j
 .text._ZN9NFC_PN53231mifareclassic_AuthenticateBlockEPhhmhS0_
                0x00002b12       0xc0 src/libraries/NFC-PN532/NFC_PN532.o
                0x00002b12                _ZN9NFC_PN53231mifareclassic_AuthenticateBlockEPhhmhS0_
 .text._ZN9NFC_PN53227mifareclassic_ReadDataBlockEhPh
                0x00002bd2       0x66 src/libraries/NFC-PN532/NFC_PN532.o
                0x00002bd2                _ZN9NFC_PN53227mifareclassic_ReadDataBlockEhPh
 .text._ZN9NFC_PN53228mifareclassic_WriteDataBlockEhPh
                0x00002c38       0x60 src/libraries/NFC-PN532/NFC_PN532.o
                0x00002c38                _ZN9NFC_PN53228mifareclassic_WriteDataBlockEhPh
 .text._ZL9date2daysjhh
                0x00002c98       0x64 src/libraries/DS3231M/src/DS3231M.o
 .text._ZL6conv2dPKc
                0x00002cfc       0x1a src/libraries/DS3231M/src/DS3231M.o
 .text._ZN8DateTimeC2Em
                0x00002d16       0xf2 src/libraries/DS3231M/src/DS3231M.o
                0x00002d16                _ZN8DateTimeC2Em
                0x00002d16                _ZN8DateTimeC1Em
 .text._ZN8DateTimeC2EPK19__FlashStringHelperS2_
                0x00002e08       0xea src/libraries/DS3231M/src/DS3231M.o
                0x00002e08                _ZN8DateTimeC2EPK19__FlashStringHelperS2_
                0x00002e08                _ZN8DateTimeC1EPK19__FlashStringHelperS2_
 .text._ZNK8DateTime12dayOfTheWeekEv
                0x00002ef2       0x18 src/libraries/DS3231M/src/DS3231M.o
                0x00002ef2                _ZNK8DateTime12dayOfTheWeekEv
 .text._ZNK8DateTime8unixtimeEv
                0x00002f0a       0x7a src/libraries/DS3231M/src/DS3231M.o
                0x00002f0a                _ZNK8DateTime8unixtimeEv
 .text._ZNK8DateTime11secondstimeEv
                0x00002f84       0x6a src/libraries/DS3231M/src/DS3231M.o
                0x00002f84                _ZNK8DateTime11secondstimeEv
 .text._ZN13DS3231M_ClassC2Ev
                0x00002fee        0xe src/libraries/DS3231M/src/DS3231M.o
                0x00002fee                _ZN13DS3231M_ClassC2Ev
                0x00002fee                _ZN13DS3231M_ClassC1Ev
 .text._ZN13DS3231M_ClassD2Ev
                0x00002ffc        0x2 src/libraries/DS3231M/src/DS3231M.o
                0x00002ffc                _ZN13DS3231M_ClassD2Ev
                0x00002ffc                _ZN13DS3231M_ClassD1Ev
 .text._ZN13DS3231M_Class9writeByteEhh
                0x00002ffe       0x40 src/libraries/DS3231M/src/DS3231M.o
                0x00002ffe                _ZN13DS3231M_Class9writeByteEhh
 .text._ZN13DS3231M_Class8readByteEh
                0x0000303e       0x44 src/libraries/DS3231M/src/DS3231M.o
                0x0000303e                _ZN13DS3231M_Class8readByteEh
 .text._ZN13DS3231M_Class5beginEm
                0x00003082       0x60 src/libraries/DS3231M/src/DS3231M.o
                0x00003082                _ZN13DS3231M_Class5beginEm
 .text._ZN13DS3231M_Class3nowEv
                0x000030e2      0x140 src/libraries/DS3231M/src/DS3231M.o
                0x000030e2                _ZN13DS3231M_Class3nowEv
 .text._ZN13DS3231M_Class6adjustERK8DateTime
                0x00003222      0x11c src/libraries/DS3231M/src/DS3231M.o
                0x00003222                _ZN13DS3231M_Class6adjustERK8DateTime
 .text._ZN13DS3231M_Class6adjustEv
                0x0000333e       0x42 src/libraries/DS3231M/src/DS3231M.o
                0x0000333e                _ZN13DS3231M_Class6adjustEv
 .text.startup._GLOBAL__sub_I__ZN9DhcpClass13beginWithDHCPEPhmm
                0x00003380       0x16 src/libraries/Ethernet2/src/Dhcp.o
 .text._ZN9DNSClient5beginERK9IPAddress
                0x00003396       0x1a src/libraries/Ethernet2/src/Dns.o
                0x00003396                _ZN9DNSClient5beginERK9IPAddress
 .text._ZN9DNSClient9inet_atonEPKcR9IPAddress
                0x000033b0       0x80 src/libraries/Ethernet2/src/Dns.o
                0x000033b0                _ZN9DNSClient9inet_atonEPKcR9IPAddress
 .text.startup._GLOBAL__sub_I__ZN9DNSClient5beginERK9IPAddress
                0x00003430       0x16 src/libraries/Ethernet2/src/Dns.o
 .text._ZN9DNSClient12BuildRequestEPKc
                0x00003446      0x142 src/libraries/Ethernet2/src/Dns.o
                0x00003446                _ZN9DNSClient12BuildRequestEPKc
 .text._ZN9DNSClient15ProcessResponseEjR9IPAddress
                0x00003588      0x2c2 src/libraries/Ethernet2/src/Dns.o
                0x00003588                _ZN9DNSClient15ProcessResponseEjR9IPAddress
 .text._ZN9DNSClient13getHostByNameEPKcR9IPAddress
                0x0000384a      0x112 src/libraries/Ethernet2/src/Dns.o
                0x0000384a                _ZN9DNSClient13getHostByNameEPKcR9IPAddress
 .text._ZN10W5500Class8writeGAREPh
                0x0000395c        0xe src/libraries/Ethernet2/src/Ethernet2.o
                0x0000395c                _ZN10W5500Class8writeGAREPh
 .text._ZN10W5500Class9writeSUBREPh
                0x0000396a        0xe src/libraries/Ethernet2/src/Ethernet2.o
                0x0000396a                _ZN10W5500Class9writeSUBREPh
 .text._ZN10W5500Class9writeSHAREPh
                0x00003978        0xe src/libraries/Ethernet2/src/Ethernet2.o
                0x00003978                _ZN10W5500Class9writeSHAREPh
 .text._ZN10W5500Class9writeSIPREPh
                0x00003986        0xe src/libraries/Ethernet2/src/Ethernet2.o
                0x00003986                _ZN10W5500Class9writeSIPREPh
 .text._ZN13EthernetClass5beginEPh9IPAddressS1_S1_S1_
                0x00003994       0x6c src/libraries/Ethernet2/src/Ethernet2.o
                0x00003994                _ZN13EthernetClass5beginEPh9IPAddressS1_S1_S1_
 .text._ZN13EthernetClass11dnsServerIPEv
                0x00003a00       0x20 src/libraries/Ethernet2/src/Ethernet2.o
                0x00003a00                _ZN13EthernetClass11dnsServerIPEv
 .text.startup._GLOBAL__sub_I__ZN13EthernetClass6_stateE
                0x00003a20       0x2a src/libraries/Ethernet2/src/Ethernet2.o
 .text._ZN14EthernetClientneERKS_
                0x00003a4a       0x14 src/libraries/Ethernet2/src/EthernetClient.o
                0x00003a4a                _ZN14EthernetClientneERKS_
 .text._ZN14EthernetClient5writeEh
                0x00003a5e       0x2c src/libraries/Ethernet2/src/EthernetClient.o
                0x00003a5e                _ZN14EthernetClient5writeEh
 .text._ZN14EthernetClientcvbEv
                0x00003a8a       0x10 src/libraries/Ethernet2/src/EthernetClient.o
                0x00003a8a                _ZN14EthernetClientcvbEv
 .text._ZN14EthernetClienteqERKS_
                0x00003a9a       0x16 src/libraries/Ethernet2/src/EthernetClient.o
                0x00003a9a                _ZN14EthernetClienteqERKS_
 .text._ZN14EthernetClient7connectEPKcj
                0x00003ab0       0xb4 src/libraries/Ethernet2/src/EthernetClient.o
                0x00003ab0                _ZN14EthernetClient7connectEPKcj
 .text._ZN14EthernetClient5writeEPKhj
                0x00003b64       0x3a src/libraries/Ethernet2/src/EthernetClient.o
                0x00003b64                _ZN14EthernetClient5writeEPKhj
 .text._ZN14EthernetClient9availableEv
                0x00003b9e       0x14 src/libraries/Ethernet2/src/EthernetClient.o
                0x00003b9e                _ZN14EthernetClient9availableEv
 .text._ZN14EthernetClient4readEv
                0x00003bb2       0x32 src/libraries/Ethernet2/src/EthernetClient.o
                0x00003bb2                _ZN14EthernetClient4readEv
 .text._ZN14EthernetClient4readEPhj
                0x00003be4        0x6 src/libraries/Ethernet2/src/EthernetClient.o
                0x00003be4                _ZN14EthernetClient4readEPhj
 .text._ZN14EthernetClient4peekEv
                0x00003bea       0x44 src/libraries/Ethernet2/src/EthernetClient.o
                0x00003bea                _ZN14EthernetClient4peekEv
 .text._ZN14EthernetClient5flushEv
                0x00003c2e        0x6 src/libraries/Ethernet2/src/EthernetClient.o
                0x00003c2e                _ZN14EthernetClient5flushEv
 .text._ZN14EthernetClientC2Ev
                0x00003c34       0x24 src/libraries/Ethernet2/src/EthernetClient.o
                0x00003c34                _ZN14EthernetClientC2Ev
                0x00003c34                _ZN14EthernetClientC1Ev
 .text._ZN14EthernetClient6statusEv
                0x00003c58       0x1a src/libraries/Ethernet2/src/EthernetClient.o
                0x00003c58                _ZN14EthernetClient6statusEv
 .text._ZN14EthernetClient9connectedEv
                0x00003c72       0x46 src/libraries/Ethernet2/src/EthernetClient.o
                0x00003c72                _ZN14EthernetClient9connectedEv
 .text._ZN14EthernetClient4stopEv
                0x00003cb8       0x7c src/libraries/Ethernet2/src/EthernetClient.o
                0x00003cb8                _ZN14EthernetClient4stopEv
 .text._ZN14EthernetClient7connectE9IPAddressj
                0x00003d34       0xba src/libraries/Ethernet2/src/EthernetClient.o
                0x00003d34                _ZN14EthernetClient7connectE9IPAddressj
 .text.startup._GLOBAL__sub_I__ZN14EthernetClient8_srcportE
                0x00003dee       0x16 src/libraries/Ethernet2/src/EthernetClient.o
 .text.startup._GLOBAL__sub_I__ZN14EthernetServerC2Ej
                0x00003e04       0x16 src/libraries/Ethernet2/src/EthernetServer.o
 .text._ZN3UDP14beginMulticastE9IPAddressj
                0x00003e1a        0x4 src/libraries/Ethernet2/src/EthernetUdp2.o
                0x00003e1a                _ZN3UDP14beginMulticastE9IPAddressj
 .text._ZN11EthernetUDP4readEPcj
                0x00003e1e        0xe src/libraries/Ethernet2/src/EthernetUdp2.o
                0x00003e1e                _ZN11EthernetUDP4readEPcj
 .text._ZN11EthernetUDP8remoteIPEv
                0x00003e2c       0x20 src/libraries/Ethernet2/src/EthernetUdp2.o
                0x00003e2c                _ZN11EthernetUDP8remoteIPEv
 .text._ZN11EthernetUDP10remotePortEv
                0x00003e4c        0x8 src/libraries/Ethernet2/src/EthernetUdp2.o
                0x00003e4c                _ZN11EthernetUDP10remotePortEv
 .text._ZN11EthernetUDP9availableEv
                0x00003e54        0x8 src/libraries/Ethernet2/src/EthernetUdp2.o
                0x00003e54                _ZN11EthernetUDP9availableEv
 .text._ZN11EthernetUDP5writeEh
                0x00003e5c       0x2c src/libraries/Ethernet2/src/EthernetUdp2.o
                0x00003e5c                _ZN11EthernetUDP5writeEh
 .text._ZN11EthernetUDP5flushEv
                0x00003e88       0x24 src/libraries/Ethernet2/src/EthernetUdp2.o
                0x00003e88                _ZN11EthernetUDP5flushEv
 .text._ZN11EthernetUDP4stopEv
                0x00003eac       0x28 src/libraries/Ethernet2/src/EthernetUdp2.o
                0x00003eac                _ZN11EthernetUDP4stopEv
 .text._ZN11EthernetUDP11beginPacketE9IPAddressj
                0x00003ed4        0xe src/libraries/Ethernet2/src/EthernetUdp2.o
                0x00003ed4                _ZN11EthernetUDP11beginPacketE9IPAddressj
 .text._ZN11EthernetUDP9endPacketEv
                0x00003ee2        0x6 src/libraries/Ethernet2/src/EthernetUdp2.o
                0x00003ee2                _ZN11EthernetUDP9endPacketEv
 .text._ZN11EthernetUDP5writeEPKhj
                0x00003ee8       0x26 src/libraries/Ethernet2/src/EthernetUdp2.o
                0x00003ee8                _ZN11EthernetUDP5writeEPKhj
 .text._ZN11EthernetUDP4readEv
                0x00003f0e       0x50 src/libraries/Ethernet2/src/EthernetUdp2.o
                0x00003f0e                _ZN11EthernetUDP4readEv
 .text._ZN11EthernetUDP4readEPhj
                0x00003f5e       0x3c src/libraries/Ethernet2/src/EthernetUdp2.o
                0x00003f5e                _ZN11EthernetUDP4readEPhj
 .text._ZN11EthernetUDP4peekEv
                0x00003f9a       0x30 src/libraries/Ethernet2/src/EthernetUdp2.o
                0x00003f9a                _ZN11EthernetUDP4peekEv
 .text._ZN11EthernetUDP5beginEj
                0x00003fca       0x62 src/libraries/Ethernet2/src/EthernetUdp2.o
                0x00003fca                _ZN11EthernetUDP5beginEj
 .text._ZN11EthernetUDP11parsePacketEv
                0x0000402c       0x9e src/libraries/Ethernet2/src/EthernetUdp2.o
                0x0000402c                _ZN11EthernetUDP11parsePacketEv
 .text._ZN11EthernetUDPC2Ev
                0x000040ca       0x2a src/libraries/Ethernet2/src/EthernetUdp2.o
                0x000040ca                _ZN11EthernetUDPC1Ev
                0x000040ca                _ZN11EthernetUDPC2Ev
 .text._ZN11EthernetUDP11beginPacketEPKcj
                0x000040f4       0xb4 src/libraries/Ethernet2/src/EthernetUdp2.o
                0x000040f4                _ZN11EthernetUDP11beginPacketEPKcj
 .text.startup._GLOBAL__sub_I__ZN11EthernetUDPC2Ev
                0x000041a8       0x16 src/libraries/Ethernet2/src/EthernetUdp2.o
 .text._ZN10W5500Class11writeSnDIPREhPh
                0x000041be       0x16 src/libraries/Ethernet2/src/utility/socket.o
                0x000041be                _ZN10W5500Class11writeSnDIPREhPh
 .text._ZN10W5500Class6readSnEhj
                0x000041d4       0x10 src/libraries/Ethernet2/src/utility/socket.o
                0x000041d4                _ZN10W5500Class6readSnEhj
 .text._ZN10W5500Class8readSnIREh
                0x000041e4        0x6 src/libraries/Ethernet2/src/utility/socket.o
                0x000041e4                _ZN10W5500Class8readSnIREh
 .text._ZN10W5500Class7writeSnEhjh
                0x000041ea       0x10 src/libraries/Ethernet2/src/utility/socket.o
                0x000041ea                _ZN10W5500Class7writeSnEhjh
 .text._ZN10W5500Class11writeSnPORTEhj
                0x000041fa       0x1e src/libraries/Ethernet2/src/utility/socket.o
                0x000041fa                _ZN10W5500Class11writeSnPORTEhj
 .text._ZN10W5500Class9writeSnIREhh
                0x00004218        0x8 src/libraries/Ethernet2/src/utility/socket.o
                0x00004218                _ZN10W5500Class9writeSnIREhh
 .text._ZN10W5500Class12writeSnDPORTEhj
                0x00004220       0x1e src/libraries/Ethernet2/src/utility/socket.o
                0x00004220                _ZN10W5500Class12writeSnDPORTEhj
 .text._Z5closeh
                0x0000423e       0x16 src/libraries/Ethernet2/src/utility/socket.o
                0x0000423e                _Z5closeh
 .text._Z6sockethhjh
                0x00004254       0x66 src/libraries/Ethernet2/src/utility/socket.o
                0x00004254                _Z6sockethhjh
 .text._Z7connecthPhj
                0x000042ba       0x66 src/libraries/Ethernet2/src/utility/socket.o
                0x000042ba                _Z7connecthPhj
 .text._Z10disconnecth
                0x00004320        0xa src/libraries/Ethernet2/src/utility/socket.o
                0x00004320                _Z10disconnecth
 .text._Z4sendhPKhj
                0x0000432a       0x90 src/libraries/Ethernet2/src/utility/socket.o
                0x0000432a                _Z4sendhPKhj
 .text._Z4recvhPhi
                0x000043ba       0x82 src/libraries/Ethernet2/src/utility/socket.o
                0x000043ba                _Z4recvhPhi
 .text._Z4peekhPh
                0x0000443c       0x1a src/libraries/Ethernet2/src/utility/socket.o
                0x0000443c                _Z4peekhPh
 .text._Z5flushh
                0x00004456        0x2 src/libraries/Ethernet2/src/utility/socket.o
                0x00004456                _Z5flushh
 .text._Z10bufferDatahjPKhj
                0x00004458       0x56 src/libraries/Ethernet2/src/utility/socket.o
                0x00004458                _Z10bufferDatahjPKhj
 .text._Z8startUDPhPhj
                0x000044ae       0x46 src/libraries/Ethernet2/src/utility/socket.o
                0x000044ae                _Z8startUDPhPhj
 .text._Z7sendUDPh
                0x000044f4       0x38 src/libraries/Ethernet2/src/utility/socket.o
                0x000044f4                _Z7sendUDPh
 .text._ZN8SPIClass16beginTransactionE11SPISettings
                0x0000452c       0x34 src/libraries/Ethernet2/src/utility/w5500.o
                0x0000452c                _ZN8SPIClass16beginTransactionE11SPISettings
 .text._ZN8SPIClass8transferEh
                0x00004560        0xe src/libraries/Ethernet2/src/utility/w5500.o
                0x00004560                _ZN8SPIClass8transferEh
 .text._ZN8SPIClass14endTransactionEv
                0x0000456e       0x22 src/libraries/Ethernet2/src/utility/w5500.o
                0x0000456e                _ZN8SPIClass14endTransactionEv
 .text._ZN10W5500Class5setSSEv
                0x00004590        0x4 src/libraries/Ethernet2/src/utility/w5500.o
                0x00004590                _ZN10W5500Class5setSSEv
 .text._ZN10W5500Class7resetSSEv
                0x00004594        0x4 src/libraries/Ethernet2/src/utility/w5500.o
                0x00004594                _ZN10W5500Class7resetSSEv
 .text._ZN10W5500Class5writeEjhh
                0x00004598       0x3c src/libraries/Ethernet2/src/utility/w5500.o
                0x00004598                _ZN10W5500Class5writeEjhh
 .text._ZN10W5500Class5writeEjhPKhj
                0x000045d4       0x58 src/libraries/Ethernet2/src/utility/w5500.o
                0x000045d4                _ZN10W5500Class5writeEjhPKhj
 .text._ZN10W5500Class4readEjh
                0x0000462c       0x38 src/libraries/Ethernet2/src/utility/w5500.o
                0x0000462c                _ZN10W5500Class4readEjh
 .text._ZN10W5500Class4initEh
                0x00004664       0x58 src/libraries/Ethernet2/src/utility/w5500.o
                0x00004664                _ZN10W5500Class4initEh
 .text._ZN10W5500Class12readSnTX_FSREh
                0x000046bc       0x2e src/libraries/Ethernet2/src/utility/w5500.o
                0x000046bc                _ZN10W5500Class12readSnTX_FSREh
 .text._ZN10W5500Class13getTXFreeSizeEh
                0x000046ea       0x34 src/libraries/Ethernet2/src/utility/w5500.o
                0x000046ea                _ZN10W5500Class13getTXFreeSizeEh
 .text._ZN10W5500Class12readSnRX_RSREh
                0x0000471e       0x2e src/libraries/Ethernet2/src/utility/w5500.o
                0x0000471e                _ZN10W5500Class12readSnRX_RSREh
 .text._ZN10W5500Class17getRXReceivedSizeEh
                0x0000474c       0x34 src/libraries/Ethernet2/src/utility/w5500.o
                0x0000474c                _ZN10W5500Class17getRXReceivedSizeEh
 .text._ZN10W5500Class27send_data_processing_offsetEhjPKhj
                0x00004780       0x74 src/libraries/Ethernet2/src/utility/w5500.o
                0x00004780                _ZN10W5500Class27send_data_processing_offsetEhjPKhj
 .text._ZN10W5500Class20send_data_processingEhPKhj
                0x000047f4       0x14 src/libraries/Ethernet2/src/utility/w5500.o
                0x000047f4                _ZN10W5500Class20send_data_processingEhPKhj
 .text._ZN10W5500Class4readEjhPhj
                0x00004808       0x5a src/libraries/Ethernet2/src/utility/w5500.o
                0x00004808                _ZN10W5500Class4readEjhPhj
 .text._ZN10W5500Class9read_dataEhjPVhj
                0x00004862       0x30 src/libraries/Ethernet2/src/utility/w5500.o
                0x00004862                _ZN10W5500Class9read_dataEhjPVhj
 .text._ZN10W5500Class20recv_data_processingEhPhjh
                0x00004892       0x9a src/libraries/Ethernet2/src/utility/w5500.o
                0x00004892                _ZN10W5500Class20recv_data_processingEhPhjh
 .text._ZN10W5500Class9execCmdSnEh7SockCMD
                0x0000492c       0x1c src/libraries/Ethernet2/src/utility/w5500.o
                0x0000492c                _ZN10W5500Class9execCmdSnEh7SockCMD
 .text.startup._GLOBAL__sub_I_w5500
                0x00004948        0xe src/libraries/Ethernet2/src/utility/w5500.o
 .text._ZN5I2CIOC2Ev
                0x00004956        0xe src/libraries/LiquidCrystal/src/I2CIO.o
                0x00004956                _ZN5I2CIOC2Ev
                0x00004956                _ZN5I2CIOC1Ev
 .text._ZN5I2CIO8portModeEh
                0x00004964       0x16 src/libraries/LiquidCrystal/src/I2CIO.o
                0x00004964                _ZN5I2CIO8portModeEh
 .text._ZN5I2CIO11isAvailableEh
                0x0000497a       0x16 src/libraries/LiquidCrystal/src/I2CIO.o
                0x0000497a                _ZN5I2CIO11isAvailableEh
 .text._ZN5I2CIO5beginEh
                0x00004990       0x2c src/libraries/LiquidCrystal/src/I2CIO.o
                0x00004990                _ZN5I2CIO5beginEh
 .text._ZN5I2CIO5writeEh
                0x000049bc       0x48 src/libraries/LiquidCrystal/src/I2CIO.o
                0x000049bc                _ZN5I2CIO5writeEh
 .text._ZN3LCD15setBacklightPinEh13t_backlighPol
                0x00004a04        0x2 src/libraries/LiquidCrystal/src/LCD.o
                0x00004a04                _ZN3LCD15setBacklightPinEh13t_backlighPol
 .text._ZN3LCD12setBacklightEh
                0x00004a06        0x2 src/libraries/LiquidCrystal/src/LCD.o
                0x00004a06                _ZN3LCD12setBacklightEh
 .text._ZN3LCD5writeEh
                0x00004a08       0x16 src/libraries/LiquidCrystal/src/LCD.o
                0x00004a08                _ZN3LCD5writeEh
 .text._ZN3LCDC2Ev
                0x00004a1e       0x10 src/libraries/LiquidCrystal/src/LCD.o
                0x00004a1e                _ZN3LCDC1Ev
                0x00004a1e                _ZN3LCDC2Ev
 .text._ZN3LCD9backlightEv
                0x00004a2e       0x10 src/libraries/LiquidCrystal/src/LCD.o
                0x00004a2e                _ZN3LCD9backlightEv
 .text._ZN3LCD11noBacklightEv
                0x00004a3e       0x10 src/libraries/LiquidCrystal/src/LCD.o
                0x00004a3e                _ZN3LCD11noBacklightEv
 .text._ZN3LCD7commandEh
                0x00004a4e       0x10 src/libraries/LiquidCrystal/src/LCD.o
                0x00004a4e                _ZN3LCD7commandEh
 .text._ZN3LCD5clearEv
                0x00004a5e        0xc src/libraries/LiquidCrystal/src/LCD.o
                0x00004a5e                _ZN3LCD5clearEv
 .text._ZN3LCD9setCursorEhh
                0x00004a6a       0x84 src/libraries/LiquidCrystal/src/LCD.o
                0x00004a6a                _ZN3LCD9setCursorEhh
 .text._ZN3LCD9noDisplayEv
                0x00004aee        0xc src/libraries/LiquidCrystal/src/LCD.o
                0x00004aee                _ZN3LCD9noDisplayEv
 .text._ZN3LCD7displayEv
                0x00004afa        0xe src/libraries/LiquidCrystal/src/LCD.o
                0x00004afa                _ZN3LCD7displayEv
 .text._ZN3LCD5beginEhhh
                0x00004b08       0xf2 src/libraries/LiquidCrystal/src/LCD.o
                0x00004b08                _ZN3LCD5beginEhhh
 .text._ZN3LCD10createCharEhPh
                0x00004bfa       0x5e src/libraries/LiquidCrystal/src/LCD.o
                0x00004bfa                _ZN3LCD10createCharEhPh
 .text._ZN17LiquidCrystal_I2C15setBacklightPinEh13t_backlighPol
                0x00004c58       0x26 src/libraries/LiquidCrystal/src/LiquidCrystal_I2C.o
                0x00004c58                _ZN17LiquidCrystal_I2C15setBacklightPinEh13t_backlighPol
 .text._ZN17LiquidCrystal_I2C12setBacklightEh
                0x00004c7e       0x2c src/libraries/LiquidCrystal/src/LiquidCrystal_I2C.o
                0x00004c7e                _ZN17LiquidCrystal_I2C12setBacklightEh
 .text._ZN17LiquidCrystal_I2C4initEv
                0x00004caa       0x3e src/libraries/LiquidCrystal/src/LiquidCrystal_I2C.o
                0x00004caa                _ZN17LiquidCrystal_I2C4initEv
 .text._ZN17LiquidCrystal_I2C6configEhhhhhhhh
                0x00004ce8       0x80 src/libraries/LiquidCrystal/src/LiquidCrystal_I2C.o
                0x00004ce8                _ZN17LiquidCrystal_I2C6configEhhhhhhhh
 .text._ZN17LiquidCrystal_I2CC2Ehhhhhhhhh13t_backlighPol
                0x00004d68       0x6c src/libraries/LiquidCrystal/src/LiquidCrystal_I2C.o
                0x00004d68                _ZN17LiquidCrystal_I2CC1Ehhhhhhhhh13t_backlighPol
                0x00004d68                _ZN17LiquidCrystal_I2CC2Ehhhhhhhhh13t_backlighPol
 .text._ZN17LiquidCrystal_I2C11pulseEnableEh
                0x00004dd4       0x36 src/libraries/LiquidCrystal/src/LiquidCrystal_I2C.o
                0x00004dd4                _ZN17LiquidCrystal_I2C11pulseEnableEh
 .text._ZN17LiquidCrystal_I2C10write4bitsEhh
                0x00004e0a       0x30 src/libraries/LiquidCrystal/src/LiquidCrystal_I2C.o
                0x00004e0a                _ZN17LiquidCrystal_I2C10write4bitsEhh
 .text._ZN17LiquidCrystal_I2C4sendEhh
                0x00004e3a       0x3a src/libraries/LiquidCrystal/src/LiquidCrystal_I2C.o
                0x00004e3a                _ZN17LiquidCrystal_I2C4sendEhh
 .text._ZN17LiquidCrystal_I2C5beginEhhh
                0x00004e74       0x28 src/libraries/LiquidCrystal/src/LiquidCrystal_I2C.o
                0x00004e74                _ZN17LiquidCrystal_I2C5beginEhhh
 .text._ZN8SPIClass5beginEv
                0x00004e9c       0x6c src/libraries/SPI/src/SPI.o
                0x00004e9c                _ZN8SPIClass5beginEv
 .text.twi_init
                0x00004f08       0x3c src/libraries/Wire/src/utility/twi.o
                0x00004f08                twi_init
 .text.twi_disable
                0x00004f44       0x1a src/libraries/Wire/src/utility/twi.o
                0x00004f44                twi_disable
 .text.twi_setFrequency
                0x00004f5e       0x28 src/libraries/Wire/src/utility/twi.o
                0x00004f5e                twi_setFrequency
 .text.twi_readFrom
                0x00004f86       0x90 src/libraries/Wire/src/utility/twi.o
                0x00004f86                twi_readFrom
 .text.twi_writeTo
                0x00005016       0xac src/libraries/Wire/src/utility/twi.o
                0x00005016                twi_writeTo
 .text.twi_transmit
                0x000050c2       0x50 src/libraries/Wire/src/utility/twi.o
                0x000050c2                twi_transmit
 .text.twi_attachSlaveRxEvent
                0x00005112        0xa src/libraries/Wire/src/utility/twi.o
                0x00005112                twi_attachSlaveRxEvent
 .text.twi_attachSlaveTxEvent
                0x0000511c        0xa src/libraries/Wire/src/utility/twi.o
                0x0000511c                twi_attachSlaveTxEvent
 .text.twi_stop
                0x00005126       0x14 src/libraries/Wire/src/utility/twi.o
                0x00005126                twi_stop
 .text.twi_releaseBus
                0x0000513a        0xc src/libraries/Wire/src/utility/twi.o
                0x0000513a                twi_releaseBus
 .text.__vector_26
                0x00005146      0x25c src/libraries/Wire/src/utility/twi.o
                0x00005146                __vector_26
 .text._ZN7TwoWire9availableEv
                0x000053a2       0x10 src/libraries/Wire/src/Wire.o
                0x000053a2                _ZN7TwoWire9availableEv
 .text._ZN7TwoWire4readEv
                0x000053b2       0x28 src/libraries/Wire/src/Wire.o
                0x000053b2                _ZN7TwoWire4readEv
 .text._ZN7TwoWire4peekEv
                0x000053da       0x1e src/libraries/Wire/src/Wire.o
                0x000053da                _ZN7TwoWire4peekEv
 .text._ZN7TwoWire5flushEv
                0x000053f8        0x2 src/libraries/Wire/src/Wire.o
                0x000053f8                _ZN7TwoWire5flushEv
 .text._ZN7TwoWire16onReceiveServiceEPhi
                0x000053fa       0x54 src/libraries/Wire/src/Wire.o
                0x000053fa                _ZN7TwoWire16onReceiveServiceEPhi
 .text._ZN7TwoWire16onRequestServiceEv
                0x0000544e       0x18 src/libraries/Wire/src/Wire.o
                0x0000544e                _ZN7TwoWire16onRequestServiceEv
 .text._ZN7TwoWire5writeEPKhj
                0x00005466       0x58 src/libraries/Wire/src/Wire.o
                0x00005466                _ZN7TwoWire5writeEPKhj
 .text._ZN7TwoWire5writeEh
                0x000054be       0x5c src/libraries/Wire/src/Wire.o
                0x000054be                _ZN7TwoWire5writeEh
 .text._ZN7TwoWireC2Ev
                0x0000551a       0x20 src/libraries/Wire/src/Wire.o
                0x0000551a                _ZN7TwoWireC1Ev
                0x0000551a                _ZN7TwoWireC2Ev
 .text._ZN7TwoWire5beginEv
                0x0000553a       0x1e src/libraries/Wire/src/Wire.o
                0x0000553a                _ZN7TwoWire5beginEv
 .text._ZN7TwoWire3endEv
                0x00005558        0x2 src/libraries/Wire/src/Wire.o
                0x00005558                _ZN7TwoWire3endEv
 .text._ZN7TwoWire8setClockEm
                0x0000555a        0x6 src/libraries/Wire/src/Wire.o
                0x0000555a                _ZN7TwoWire8setClockEm
 .text._ZN7TwoWire17beginTransmissionEh
                0x00005560       0x14 src/libraries/Wire/src/Wire.o
                0x00005560                _ZN7TwoWire17beginTransmissionEh
 .text._ZN7TwoWire17beginTransmissionEi
                0x00005574        0x2 src/libraries/Wire/src/Wire.o
                0x00005574                _ZN7TwoWire17beginTransmissionEi
 .text._ZN7TwoWire15endTransmissionEh
                0x00005576       0x24 src/libraries/Wire/src/Wire.o
                0x00005576                _ZN7TwoWire15endTransmissionEh
 .text._ZN7TwoWire11requestFromEhhmhh
                0x0000559a       0xa2 src/libraries/Wire/src/Wire.o
                0x0000559a                _ZN7TwoWire11requestFromEhhmhh
 .text._ZN7TwoWire11requestFromEhhh
                0x0000563c       0x1e src/libraries/Wire/src/Wire.o
                0x0000563c                _ZN7TwoWire11requestFromEhhh
 .text._ZN7TwoWire11requestFromEhh
                0x0000565a        0x4 src/libraries/Wire/src/Wire.o
                0x0000565a                _ZN7TwoWire11requestFromEhh
 .text._ZN7TwoWire11requestFromEii
                0x0000565e        0x4 src/libraries/Wire/src/Wire.o
                0x0000565e                _ZN7TwoWire11requestFromEii
 .text._ZN7TwoWire15endTransmissionEv
                0x00005662        0x4 src/libraries/Wire/src/Wire.o
                0x00005662                _ZN7TwoWire15endTransmissionEv
 .text.startup._GLOBAL__sub_I__ZN7TwoWire8rxBufferE
                0x00005666        0x6 src/libraries/Wire/src/Wire.o
 .text.avr-libc.fplib
                0x0000566c        0x8 c:/program files (x86)/atmel/studio/7.0/toolchain/avr8/avr8-gnu-toolchain/bin/../lib/gcc/avr/5.4.0/../../../../avr/lib/avr51\libm.a(cmpsf2.o)
                0x0000566c                __nesf2
                0x0000566c                __eqsf2
                0x0000566c                __cmpsf2
                0x0000566c                __ltsf2
                0x0000566c                __lesf2
 .text.avr-libc.fplib
                0x00005674        0x4 c:/program files (x86)/atmel/studio/7.0/toolchain/avr8/avr8-gnu-toolchain/bin/../lib/gcc/avr/5.4.0/../../../../avr/lib/avr51\libm.a(divsf3.o)
                0x00005674                __divsf3
 .text.avr-libc.fplib
                0x00005678       0xcc c:/program files (x86)/atmel/studio/7.0/toolchain/avr8/avr8-gnu-toolchain/bin/../lib/gcc/avr/5.4.0/../../../../avr/lib/avr51\libm.a(divsf3x.o)
                0x0000568e                __divsf3x
                0x00005692                __divsf3_pse
 .text.avr-libc.fplib
                0x00005744       0x7a c:/program files (x86)/atmel/studio/7.0/toolchain/avr8/avr8-gnu-toolchain/bin/../lib/gcc/avr/5.4.0/../../../../avr/lib/avr51\libm.a(floatsisf.o)
                0x00005744                __floatunsisf
                0x00005748                __floatsisf
 .text.avr-libc.fplib
                0x000057be       0x48 c:/program files (x86)/atmel/studio/7.0/toolchain/avr8/avr8-gnu-toolchain/bin/../lib/gcc/avr/5.4.0/../../../../avr/lib/avr51\libm.a(fp_cmp.o)
                0x000057be                __fp_cmp
 .text.avr-libc.fplib
                0x00005806        0xc c:/program files (x86)/atmel/studio/7.0/toolchain/avr8/avr8-gnu-toolchain/bin/../lib/gcc/avr/5.4.0/../../../../avr/lib/avr51\libm.a(fp_inf.o)
                0x00005806                __fp_inf
 .text.avr-libc.fplib
                0x00005812        0x6 c:/program files (x86)/atmel/studio/7.0/toolchain/avr8/avr8-gnu-toolchain/bin/../lib/gcc/avr/5.4.0/../../../../avr/lib/avr51\libm.a(fp_nan.o)
                0x00005812                __fp_nan
 .text.avr-libc.fplib
                0x00005818        0xe c:/program files (x86)/atmel/studio/7.0/toolchain/avr8/avr8-gnu-toolchain/bin/../lib/gcc/avr/5.4.0/../../../../avr/lib/avr51\libm.a(fp_pscA.o)
                0x00005818                __fp_pscA
 .text.avr-libc.fplib
                0x00005826        0xe c:/program files (x86)/atmel/studio/7.0/toolchain/avr8/avr8-gnu-toolchain/bin/../lib/gcc/avr/5.4.0/../../../../avr/lib/avr51\libm.a(fp_pscB.o)
                0x00005826                __fp_pscB
 .text.avr-libc.fplib
                0x00005834       0x22 c:/program files (x86)/atmel/studio/7.0/toolchain/avr8/avr8-gnu-toolchain/bin/../lib/gcc/avr/5.4.0/../../../../avr/lib/avr51\libm.a(fp_round.o)
                0x00005834                __fp_round
 .text.avr-libc.fplib
                0x00005856       0x44 c:/program files (x86)/atmel/studio/7.0/toolchain/avr8/avr8-gnu-toolchain/bin/../lib/gcc/avr/5.4.0/../../../../avr/lib/avr51\libm.a(fp_split3.o)
                0x00005856                __fp_split3
                0x00005866                __fp_splitA
 .text.avr-libc.fplib
                0x0000589a        0xe c:/program files (x86)/atmel/studio/7.0/toolchain/avr8/avr8-gnu-toolchain/bin/../lib/gcc/avr/5.4.0/../../../../avr/lib/avr51\libm.a(fp_zero.o)
                0x0000589a                __fp_zero
                0x0000589c                __fp_szero
 .text.__cxa_pure_virtual
                0x000058a8        0x4 C:\VVFCloud\ProgettiVVF\FuelControl\Firmware\repo\fwCCEC\TuinoDemo\ArduinoCore\Debug\libArduinoCore.a(abi.o)
                0x000058a8                __cxa_pure_virtual
 .text.__vector_18
                0x000058ac       0x64 C:\VVFCloud\ProgettiVVF\FuelControl\Firmware\repo\fwCCEC\TuinoDemo\ArduinoCore\Debug\libArduinoCore.a(HardwareSerial0.o)
                0x000058ac                __vector_18
 .text.__vector_19
                0x00005910       0x4a C:\VVFCloud\ProgettiVVF\FuelControl\Firmware\repo\fwCCEC\TuinoDemo\ArduinoCore\Debug\libArduinoCore.a(HardwareSerial0.o)
                0x00005910                __vector_19
 .text._Z17Serial0_availablev
                0x0000595a       0x12 C:\VVFCloud\ProgettiVVF\FuelControl\Firmware\repo\fwCCEC\TuinoDemo\ArduinoCore\Debug\libArduinoCore.a(HardwareSerial0.o)
                0x0000595a                _Z17Serial0_availablev
 .text.startup._GLOBAL__sub_I___vector_18
                0x0000596c       0x5a C:\VVFCloud\ProgettiVVF\FuelControl\Firmware\repo\fwCCEC\TuinoDemo\ArduinoCore\Debug\libArduinoCore.a(HardwareSerial0.o)
 .text._ZNK9IPAddress7printToER5Print
                0x000059c6       0x7e C:\VVFCloud\ProgettiVVF\FuelControl\Firmware\repo\fwCCEC\TuinoDemo\ArduinoCore\Debug\libArduinoCore.a(IPAddress.o)
                0x000059c6                _ZNK9IPAddress7printToER5Print
 .text._ZN9IPAddressC2Ev
                0x00005a44       0x14 C:\VVFCloud\ProgettiVVF\FuelControl\Firmware\repo\fwCCEC\TuinoDemo\ArduinoCore\Debug\libArduinoCore.a(IPAddress.o)
                0x00005a44                _ZN9IPAddressC1Ev
                0x00005a44                _ZN9IPAddressC2Ev
 .text._ZN9IPAddressC2Ehhhh
                0x00005a58       0x18 C:\VVFCloud\ProgettiVVF\FuelControl\Firmware\repo\fwCCEC\TuinoDemo\ArduinoCore\Debug\libArduinoCore.a(IPAddress.o)
                0x00005a58                _ZN9IPAddressC2Ehhhh
                0x00005a58                _ZN9IPAddressC1Ehhhh
 .text._ZN9IPAddressaSEPKh
                0x00005a70       0x12 C:\VVFCloud\ProgettiVVF\FuelControl\Firmware\repo\fwCCEC\TuinoDemo\ArduinoCore\Debug\libArduinoCore.a(IPAddress.o)
                0x00005a70                _ZN9IPAddressaSEPKh
 .text.initVariant
                0x00005a82        0x2 C:\VVFCloud\ProgettiVVF\FuelControl\Firmware\repo\fwCCEC\TuinoDemo\ArduinoCore\Debug\libArduinoCore.a(main.o)
                0x00005a82                initVariant
 .text.startup.main
                0x00005a84       0x18 C:\VVFCloud\ProgettiVVF\FuelControl\Firmware\repo\fwCCEC\TuinoDemo\ArduinoCore\Debug\libArduinoCore.a(main.o)
                0x00005a84                main
 .text._ZN5Print5writeEPKhj
                0x00005a9c       0x54 C:\VVFCloud\ProgettiVVF\FuelControl\Firmware\repo\fwCCEC\TuinoDemo\ArduinoCore\Debug\libArduinoCore.a(Print.o)
                0x00005a9c                _ZN5Print5writeEPKhj
 .text._ZN5Print5writeEPKc
                0x00005af0       0x2a C:\VVFCloud\ProgettiVVF\FuelControl\Firmware\repo\fwCCEC\TuinoDemo\ArduinoCore\Debug\libArduinoCore.a(Print.o)
                0x00005af0                _ZN5Print5writeEPKc
 .text._ZN5Print5printEPK19__FlashStringHelper
                0x00005b1a       0x48 C:\VVFCloud\ProgettiVVF\FuelControl\Firmware\repo\fwCCEC\TuinoDemo\ArduinoCore\Debug\libArduinoCore.a(Print.o)
                0x00005b1a                _ZN5Print5printEPK19__FlashStringHelper
 .text._ZN5Print5printERK6String
                0x00005b62       0x1c C:\VVFCloud\ProgettiVVF\FuelControl\Firmware\repo\fwCCEC\TuinoDemo\ArduinoCore\Debug\libArduinoCore.a(Print.o)
                0x00005b62                _ZN5Print5printERK6String
 .text._ZN5Print5printEPKc
                0x00005b7e        0x2 C:\VVFCloud\ProgettiVVF\FuelControl\Firmware\repo\fwCCEC\TuinoDemo\ArduinoCore\Debug\libArduinoCore.a(Print.o)
                0x00005b7e                _ZN5Print5printEPKc
 .text._ZN5Print5printEc
                0x00005b80        0xe C:\VVFCloud\ProgettiVVF\FuelControl\Firmware\repo\fwCCEC\TuinoDemo\ArduinoCore\Debug\libArduinoCore.a(Print.o)
                0x00005b80                _ZN5Print5printEc
 .text._ZN5Print7printlnEv
                0x00005b8e        0x6 C:\VVFCloud\ProgettiVVF\FuelControl\Firmware\repo\fwCCEC\TuinoDemo\ArduinoCore\Debug\libArduinoCore.a(Print.o)
                0x00005b8e                _ZN5Print7printlnEv
 .text._ZN5Print7printlnEPK19__FlashStringHelper
                0x00005b94       0x20 C:\VVFCloud\ProgettiVVF\FuelControl\Firmware\repo\fwCCEC\TuinoDemo\ArduinoCore\Debug\libArduinoCore.a(Print.o)
                0x00005b94                _ZN5Print7printlnEPK19__FlashStringHelper
 .text._ZN5Print7printlnERK6String
                0x00005bb4       0x20 C:\VVFCloud\ProgettiVVF\FuelControl\Firmware\repo\fwCCEC\TuinoDemo\ArduinoCore\Debug\libArduinoCore.a(Print.o)
                0x00005bb4                _ZN5Print7printlnERK6String
 .text._ZN5Print7printlnEPKc
                0x00005bd4       0x20 C:\VVFCloud\ProgettiVVF\FuelControl\Firmware\repo\fwCCEC\TuinoDemo\ArduinoCore\Debug\libArduinoCore.a(Print.o)
                0x00005bd4                _ZN5Print7printlnEPKc
 .text._ZN5Print11printNumberEmh
                0x00005bf4       0x8e C:\VVFCloud\ProgettiVVF\FuelControl\Firmware\repo\fwCCEC\TuinoDemo\ArduinoCore\Debug\libArduinoCore.a(Print.o)
                0x00005bf4                _ZN5Print11printNumberEmh
 .text._ZN5Print5printEmi
                0x00005c82       0x18 C:\VVFCloud\ProgettiVVF\FuelControl\Firmware\repo\fwCCEC\TuinoDemo\ArduinoCore\Debug\libArduinoCore.a(Print.o)
                0x00005c82                _ZN5Print5printEmi
 .text._ZN5Print5printEhi
                0x00005c9a        0xc C:\VVFCloud\ProgettiVVF\FuelControl\Firmware\repo\fwCCEC\TuinoDemo\ArduinoCore\Debug\libArduinoCore.a(Print.o)
                0x00005c9a                _ZN5Print5printEhi
 .text._ZN5Print7printlnEmi
                0x00005ca6       0x20 C:\VVFCloud\ProgettiVVF\FuelControl\Firmware\repo\fwCCEC\TuinoDemo\ArduinoCore\Debug\libArduinoCore.a(Print.o)
                0x00005ca6                _ZN5Print7printlnEmi
 .text.__vector_16
                0x00005cc6       0x94 C:\VVFCloud\ProgettiVVF\FuelControl\Firmware\repo\fwCCEC\TuinoDemo\ArduinoCore\Debug\libArduinoCore.a(wiring.o)
                0x00005cc6                __vector_16
 .text.millis   0x00005d5a       0x18 C:\VVFCloud\ProgettiVVF\FuelControl\Firmware\repo\fwCCEC\TuinoDemo\ArduinoCore\Debug\libArduinoCore.a(wiring.o)
                0x00005d5a                millis
 .text.micros   0x00005d72       0x4a C:\VVFCloud\ProgettiVVF\FuelControl\Firmware\repo\fwCCEC\TuinoDemo\ArduinoCore\Debug\libArduinoCore.a(wiring.o)
                0x00005d72                micros
 .text.delay    0x00005dbc       0x72 C:\VVFCloud\ProgettiVVF\FuelControl\Firmware\repo\fwCCEC\TuinoDemo\ArduinoCore\Debug\libArduinoCore.a(wiring.o)
                0x00005dbc                delay
 .text.delayMicroseconds
                0x00005e2e       0x16 C:\VVFCloud\ProgettiVVF\FuelControl\Firmware\repo\fwCCEC\TuinoDemo\ArduinoCore\Debug\libArduinoCore.a(wiring.o)
                0x00005e2e                delayMicroseconds
 .text.init     0x00005e44       0x76 C:\VVFCloud\ProgettiVVF\FuelControl\Firmware\repo\fwCCEC\TuinoDemo\ArduinoCore\Debug\libArduinoCore.a(wiring.o)
                0x00005e44                init
 .text.turnOffPWM
                0x00005eba       0x52 C:\VVFCloud\ProgettiVVF\FuelControl\Firmware\repo\fwCCEC\TuinoDemo\ArduinoCore\Debug\libArduinoCore.a(wiring_digital.o)
 .text.pinMode  0x00005f0c       0x78 C:\VVFCloud\ProgettiVVF\FuelControl\Firmware\repo\fwCCEC\TuinoDemo\ArduinoCore\Debug\libArduinoCore.a(wiring_digital.o)
                0x00005f0c                pinMode
 .text.digitalWrite
                0x00005f84       0x5c C:\VVFCloud\ProgettiVVF\FuelControl\Firmware\repo\fwCCEC\TuinoDemo\ArduinoCore\Debug\libArduinoCore.a(wiring_digital.o)
                0x00005f84                digitalWrite
 .text.digitalRead
                0x00005fe0       0x50 C:\VVFCloud\ProgettiVVF\FuelControl\Firmware\repo\fwCCEC\TuinoDemo\ArduinoCore\Debug\libArduinoCore.a(wiring_digital.o)
                0x00005fe0                digitalRead
 .text._ZNK6String14StringIfHelperEv
                0x00006030        0x2 C:\VVFCloud\ProgettiVVF\FuelControl\Firmware\repo\fwCCEC\TuinoDemo\ArduinoCore\Debug\libArduinoCore.a(WString.o)
                0x00006030                _ZNK6String14StringIfHelperEv
 .text._ZN6StringD2Ev
                0x00006032        0x8 C:\VVFCloud\ProgettiVVF\FuelControl\Firmware\repo\fwCCEC\TuinoDemo\ArduinoCore\Debug\libArduinoCore.a(WString.o)
                0x00006032                _ZN6StringD2Ev
                0x00006032                _ZN6StringD1Ev
 .text._ZN6String10invalidateEv
                0x0000603a       0x22 C:\VVFCloud\ProgettiVVF\FuelControl\Firmware\repo\fwCCEC\TuinoDemo\ArduinoCore\Debug\libArduinoCore.a(WString.o)
                0x0000603a                _ZN6String10invalidateEv
 .text._ZN6String12changeBufferEj
                0x0000605c       0x32 C:\VVFCloud\ProgettiVVF\FuelControl\Firmware\repo\fwCCEC\TuinoDemo\ArduinoCore\Debug\libArduinoCore.a(WString.o)
                0x0000605c                _ZN6String12changeBufferEj
 .text._ZN6String7reserveEj
                0x0000608e       0x36 C:\VVFCloud\ProgettiVVF\FuelControl\Firmware\repo\fwCCEC\TuinoDemo\ArduinoCore\Debug\libArduinoCore.a(WString.o)
                0x0000608e                _ZN6String7reserveEj
 .text._ZN6String4copyEPKcj
                0x000060c4       0x3c C:\VVFCloud\ProgettiVVF\FuelControl\Firmware\repo\fwCCEC\TuinoDemo\ArduinoCore\Debug\libArduinoCore.a(WString.o)
                0x000060c4                _ZN6String4copyEPKcj
 .text._ZN6StringC2EPKc
                0x00006100       0x28 C:\VVFCloud\ProgettiVVF\FuelControl\Firmware\repo\fwCCEC\TuinoDemo\ArduinoCore\Debug\libArduinoCore.a(WString.o)
                0x00006100                _ZN6StringC2EPKc
                0x00006100                _ZN6StringC1EPKc
 .text._ZN6String4moveERS_
                0x00006128       0x76 C:\VVFCloud\ProgettiVVF\FuelControl\Firmware\repo\fwCCEC\TuinoDemo\ArduinoCore\Debug\libArduinoCore.a(WString.o)
                0x00006128                _ZN6String4moveERS_
 .text._ZN6StringC2EOS_
                0x0000619e       0x10 C:\VVFCloud\ProgettiVVF\FuelControl\Firmware\repo\fwCCEC\TuinoDemo\ArduinoCore\Debug\libArduinoCore.a(WString.o)
                0x0000619e                _ZN6StringC1EOS_
                0x0000619e                _ZN6StringC2EOS_
 .text._ZN6StringaSERKS_
                0x000061ae       0x2a C:\VVFCloud\ProgettiVVF\FuelControl\Firmware\repo\fwCCEC\TuinoDemo\ArduinoCore\Debug\libArduinoCore.a(WString.o)
                0x000061ae                _ZN6StringaSERKS_
 .text._ZN6StringC2ERKS_
                0x000061d8       0x10 C:\VVFCloud\ProgettiVVF\FuelControl\Firmware\repo\fwCCEC\TuinoDemo\ArduinoCore\Debug\libArduinoCore.a(WString.o)
                0x000061d8                _ZN6StringC2ERKS_
                0x000061d8                _ZN6StringC1ERKS_
 .text._ZN6StringaSEOS_
                0x000061e8       0x16 C:\VVFCloud\ProgettiVVF\FuelControl\Firmware\repo\fwCCEC\TuinoDemo\ArduinoCore\Debug\libArduinoCore.a(WString.o)
                0x000061e8                _ZN6StringaSEOS_
 .text._ZN6StringaSEPKc
                0x000061fe       0x2a C:\VVFCloud\ProgettiVVF\FuelControl\Firmware\repo\fwCCEC\TuinoDemo\ArduinoCore\Debug\libArduinoCore.a(WString.o)
                0x000061fe                _ZN6StringaSEPKc
 .text._ZN6StringC2Ehh
                0x00006228       0x56 C:\VVFCloud\ProgettiVVF\FuelControl\Firmware\repo\fwCCEC\TuinoDemo\ArduinoCore\Debug\libArduinoCore.a(WString.o)
                0x00006228                _ZN6StringC2Ehh
                0x00006228                _ZN6StringC1Ehh
 .text._ZN6StringC2Emh
                0x0000627e       0x56 C:\VVFCloud\ProgettiVVF\FuelControl\Firmware\repo\fwCCEC\TuinoDemo\ArduinoCore\Debug\libArduinoCore.a(WString.o)
                0x0000627e                _ZN6StringC1Emh
                0x0000627e                _ZN6StringC2Emh
 .text._ZN6StringC2Edh
                0x000062d4       0x5c C:\VVFCloud\ProgettiVVF\FuelControl\Firmware\repo\fwCCEC\TuinoDemo\ArduinoCore\Debug\libArduinoCore.a(WString.o)
                0x000062d4                _ZN6StringC1Edh
                0x000062d4                _ZN6StringC2Edh
 .text._ZN6String6concatEPKcj
                0x00006330       0x58 C:\VVFCloud\ProgettiVVF\FuelControl\Firmware\repo\fwCCEC\TuinoDemo\ArduinoCore\Debug\libArduinoCore.a(WString.o)
                0x00006330                _ZN6String6concatEPKcj
 .text._ZN6String6concatERKS_
                0x00006388        0xc C:\VVFCloud\ProgettiVVF\FuelControl\Firmware\repo\fwCCEC\TuinoDemo\ArduinoCore\Debug\libArduinoCore.a(WString.o)
                0x00006388                _ZN6String6concatERKS_
 .text._ZN6String6concatEPKc
                0x00006394       0x1c C:\VVFCloud\ProgettiVVF\FuelControl\Firmware\repo\fwCCEC\TuinoDemo\ArduinoCore\Debug\libArduinoCore.a(WString.o)
                0x00006394                _ZN6String6concatEPKc
 .text._ZN6String6concatEc
                0x000063b0       0x24 C:\VVFCloud\ProgettiVVF\FuelControl\Firmware\repo\fwCCEC\TuinoDemo\ArduinoCore\Debug\libArduinoCore.a(WString.o)
                0x000063b0                _ZN6String6concatEc
 .text._ZplRK15StringSumHelperRK6String
                0x000063d4       0x22 C:\VVFCloud\ProgettiVVF\FuelControl\Firmware\repo\fwCCEC\TuinoDemo\ArduinoCore\Debug\libArduinoCore.a(WString.o)
                0x000063d4                _ZplRK15StringSumHelperRK6String
 .text._ZplRK15StringSumHelperPKc
                0x000063f6       0x2e C:\VVFCloud\ProgettiVVF\FuelControl\Firmware\repo\fwCCEC\TuinoDemo\ArduinoCore\Debug\libArduinoCore.a(WString.o)
                0x000063f6                _ZplRK15StringSumHelperPKc
 .text._ZplRK15StringSumHelperc
                0x00006424       0x18 C:\VVFCloud\ProgettiVVF\FuelControl\Firmware\repo\fwCCEC\TuinoDemo\ArduinoCore\Debug\libArduinoCore.a(WString.o)
                0x00006424                _ZplRK15StringSumHelperc
 .text._ZNK6String6equalsEPKc
                0x0000643c       0x3c C:\VVFCloud\ProgettiVVF\FuelControl\Firmware\repo\fwCCEC\TuinoDemo\ArduinoCore\Debug\libArduinoCore.a(WString.o)
                0x0000643c                _ZNK6String6equalsEPKc
 .text._ZNK6String9substringEjj
                0x00006478       0x86 C:\VVFCloud\ProgettiVVF\FuelControl\Firmware\repo\fwCCEC\TuinoDemo\ArduinoCore\Debug\libArduinoCore.a(WString.o)
                0x00006478                _ZNK6String9substringEjj
 .text._ZN6String4trimEv
                0x000064fe       0xb2 C:\VVFCloud\ProgettiVVF\FuelControl\Firmware\repo\fwCCEC\TuinoDemo\ArduinoCore\Debug\libArduinoCore.a(WString.o)
                0x000064fe                _ZN6String4trimEv
 .text._ZN14HardwareSerial9availableEv
                0x000065b0       0x18 C:\VVFCloud\ProgettiVVF\FuelControl\Firmware\repo\fwCCEC\TuinoDemo\ArduinoCore\Debug\libArduinoCore.a(HardwareSerial.o)
                0x000065b0                _ZN14HardwareSerial9availableEv
 .text._ZN14HardwareSerial4peekEv
                0x000065c8       0x1c C:\VVFCloud\ProgettiVVF\FuelControl\Firmware\repo\fwCCEC\TuinoDemo\ArduinoCore\Debug\libArduinoCore.a(HardwareSerial.o)
                0x000065c8                _ZN14HardwareSerial4peekEv
 .text._ZN14HardwareSerial4readEv
                0x000065e4       0x28 C:\VVFCloud\ProgettiVVF\FuelControl\Firmware\repo\fwCCEC\TuinoDemo\ArduinoCore\Debug\libArduinoCore.a(HardwareSerial.o)
                0x000065e4                _ZN14HardwareSerial4readEv
 .text._ZN14HardwareSerial17availableForWriteEv
                0x0000660c       0x1e C:\VVFCloud\ProgettiVVF\FuelControl\Firmware\repo\fwCCEC\TuinoDemo\ArduinoCore\Debug\libArduinoCore.a(HardwareSerial.o)
                0x0000660c                _ZN14HardwareSerial17availableForWriteEv
 .text._Z14serialEventRunv
                0x0000662a       0x1a C:\VVFCloud\ProgettiVVF\FuelControl\Firmware\repo\fwCCEC\TuinoDemo\ArduinoCore\Debug\libArduinoCore.a(HardwareSerial.o)
                0x0000662a                _Z14serialEventRunv
 .text._ZN14HardwareSerial17_tx_udr_empty_irqEv
                0x00006644       0x44 C:\VVFCloud\ProgettiVVF\FuelControl\Firmware\repo\fwCCEC\TuinoDemo\ArduinoCore\Debug\libArduinoCore.a(HardwareSerial.o)
                0x00006644                _ZN14HardwareSerial17_tx_udr_empty_irqEv
 .text._ZN14HardwareSerial5writeEh
                0x00006688       0x98 C:\VVFCloud\ProgettiVVF\FuelControl\Firmware\repo\fwCCEC\TuinoDemo\ArduinoCore\Debug\libArduinoCore.a(HardwareSerial.o)
                0x00006688                _ZN14HardwareSerial5writeEh
 .text._ZN14HardwareSerial5flushEv
                0x00006720       0x42 C:\VVFCloud\ProgettiVVF\FuelControl\Firmware\repo\fwCCEC\TuinoDemo\ArduinoCore\Debug\libArduinoCore.a(HardwareSerial.o)
                0x00006720                _ZN14HardwareSerial5flushEv
 .text.__empty  0x00006762        0x2 C:\VVFCloud\ProgettiVVF\FuelControl\Firmware\repo\fwCCEC\TuinoDemo\ArduinoCore\Debug\libArduinoCore.a(hooks.o)
                0x00006762                yield
 .text.libgcc.div
                0x00006764       0x18 c:/program files (x86)/atmel/studio/7.0/toolchain/avr8/avr8-gnu-toolchain/bin/../lib/gcc/avr/5.4.0/avr51\libgcc.a(_udivmodqi4.o)
                0x00006764                __udivmodqi4
 .text.libgcc.div
                0x0000677c       0x28 c:/program files (x86)/atmel/studio/7.0/toolchain/avr8/avr8-gnu-toolchain/bin/../lib/gcc/avr/5.4.0/avr51\libgcc.a(_udivmodhi4.o)
                0x0000677c                __udivmodhi4
 .text.libgcc.div
                0x000067a4       0x44 c:/program files (x86)/atmel/studio/7.0/toolchain/avr8/avr8-gnu-toolchain/bin/../lib/gcc/avr/5.4.0/avr51\libgcc.a(_udivmodsi4.o)
                0x000067a4                __udivmodsi4
 .text.libgcc   0x000067e8       0x12 c:/program files (x86)/atmel/studio/7.0/toolchain/avr8/avr8-gnu-toolchain/bin/../lib/gcc/avr/5.4.0/avr51\libgcc.a(_tablejump2.o)
                0x000067e8                __tablejump2__
 .text.libgcc.mul
                0x000067fa       0x1e c:/program files (x86)/atmel/studio/7.0/toolchain/avr8/avr8-gnu-toolchain/bin/../lib/gcc/avr/5.4.0/avr51\libgcc.a(_umulhisi3.o)
                0x000067fa                __umulhisi3
 .text.libgcc.mul
                0x00006818       0x14 c:/program files (x86)/atmel/studio/7.0/toolchain/avr8/avr8-gnu-toolchain/bin/../lib/gcc/avr/5.4.0/avr51\libgcc.a(_muluhisi3.o)
                0x00006818                __muluhisi3
 .text.avr-libc
                0x0000682c       0x3e c:/program files (x86)/atmel/studio/7.0/toolchain/avr8/avr8-gnu-toolchain/bin/../lib/gcc/avr/5.4.0/../../../../avr/lib/avr51\libc.a(dtostrf.o)
                0x0000682c                dtostrf
 .text.avr-libc
                0x0000686a      0x242 c:/program files (x86)/atmel/studio/7.0/toolchain/avr8/avr8-gnu-toolchain/bin/../lib/gcc/avr/5.4.0/../../../../avr/lib/avr51\libc.a(malloc.o)
                0x0000686a                malloc
                0x0000699a                free
 .text.avr-libc
                0x00006aac      0x1c0 c:/program files (x86)/atmel/studio/7.0/toolchain/avr8/avr8-gnu-toolchain/bin/../lib/gcc/avr/5.4.0/../../../../avr/lib/avr51\libc.a(realloc.o)
                0x00006aac                realloc
 .text.avr-libc
                0x00006c6c        0x8 c:/program files (x86)/atmel/studio/7.0/toolchain/avr8/avr8-gnu-toolchain/bin/../lib/gcc/avr/5.4.0/../../../../avr/lib/avr51\libc.a(abort.o)
                0x00006c6c                abort
 .text.avr-libc
                0x00006c74       0x10 c:/program files (x86)/atmel/studio/7.0/toolchain/avr8/avr8-gnu-toolchain/bin/../lib/gcc/avr/5.4.0/../../../../avr/lib/avr51\libc.a(isspace.o)
                0x00006c74                isspace
 .text.avr-libc
                0x00006c84       0x12 c:/program files (x86)/atmel/studio/7.0/toolchain/avr8/avr8-gnu-toolchain/bin/../lib/gcc/avr/5.4.0/../../../../avr/lib/avr51\libc.a(memcpy_P.o)
                0x00006c84                memcpy_P
 .text.avr-libc
                0x00006c96       0x12 c:/program files (x86)/atmel/studio/7.0/toolchain/avr8/avr8-gnu-toolchain/bin/../lib/gcc/avr/5.4.0/../../../../avr/lib/avr51\libc.a(memcpy.o)
                0x00006c96                memcpy
 .text.avr-libc
                0x00006ca8       0x12 c:/program files (x86)/atmel/studio/7.0/toolchain/avr8/avr8-gnu-toolchain/bin/../lib/gcc/avr/5.4.0/../../../../avr/lib/avr51\libc.a(strcmp.o)
                0x00006ca8                strcmp
 .text.avr-libc
                0x00006cba        0xe c:/program files (x86)/atmel/studio/7.0/toolchain/avr8/avr8-gnu-toolchain/bin/../lib/gcc/avr/5.4.0/../../../../avr/lib/avr51\libc.a(strcpy.o)
                0x00006cba                strcpy
 .text.avr-libc
                0x00006cc8       0x1c c:/program files (x86)/atmel/studio/7.0/toolchain/avr8/avr8-gnu-toolchain/bin/../lib/gcc/avr/5.4.0/../../../../avr/lib/avr51\libc.a(strncmp.o)
                0x00006cc8                strncmp
 .text.avr-libc
                0x00006ce4       0x14 c:/program files (x86)/atmel/studio/7.0/toolchain/avr8/avr8-gnu-toolchain/bin/../lib/gcc/avr/5.4.0/../../../../avr/lib/avr51\libc.a(itoa_ncheck.o)
                0x00006ce4                __itoa_ncheck
 .text.avr-libc
                0x00006cf8       0x14 c:/program files (x86)/atmel/studio/7.0/toolchain/avr8/avr8-gnu-toolchain/bin/../lib/gcc/avr/5.4.0/../../../../avr/lib/avr51\libc.a(ultoa.o)
                0x00006cf8                ultoa
                0x00006cf8                __ultoa
 .text.avr-libc
                0x00006d0c       0x42 c:/program files (x86)/atmel/studio/7.0/toolchain/avr8/avr8-gnu-toolchain/bin/../lib/gcc/avr/5.4.0/../../../../avr/lib/avr51\libc.a(ultoa_ncheck.o)
                0x00006d0c                __ultoa_ncheck
                0x00006d0e                __ultoa_common
 .text.avr-libc
                0x00006d4e       0x14 c:/program files (x86)/atmel/studio/7.0/toolchain/avr8/avr8-gnu-toolchain/bin/../lib/gcc/avr/5.4.0/../../../../avr/lib/avr51\libc.a(utoa.o)
                0x00006d4e                __utoa
                0x00006d4e                utoa
 .text.avr-libc
                0x00006d62       0x32 c:/program files (x86)/atmel/studio/7.0/toolchain/avr8/avr8-gnu-toolchain/bin/../lib/gcc/avr/5.4.0/../../../../avr/lib/avr51\libc.a(utoa_ncheck.o)
                0x00006d62                __utoa_ncheck
                0x00006d64                __utoa_common
 .text.avr-libc
                0x00006d94      0x2ec c:/program files (x86)/atmel/studio/7.0/toolchain/avr8/avr8-gnu-toolchain/bin/../lib/gcc/avr/5.4.0/../../../../avr/lib/avr51\libc.a(dtoa_prf.o)
                0x00006d94                dtoa_prf
 .text.avr-libc
                0x00007080      0x1b0 c:/program files (x86)/atmel/studio/7.0/toolchain/avr8/avr8-gnu-toolchain/bin/../lib/gcc/avr/5.4.0/../../../../avr/lib/avr51\libc.a(ftoa_engine.o)
                0x00007080                __ftoa_engine
 .text.avr-libc
                0x00007230        0x6 c:/program files (x86)/atmel/studio/7.0/toolchain/avr8/avr8-gnu-toolchain/bin/../lib/gcc/avr/5.4.0/../../../../avr/lib/avr51\libc.a(cty_isfalse.o)
                0x00007230                __ctype_isfalse
                0x00007234                __ctype_istrue
 .text.avr-libc
                0x00007236       0x20 c:/program files (x86)/atmel/studio/7.0/toolchain/avr8/avr8-gnu-toolchain/bin/../lib/gcc/avr/5.4.0/../../../../avr/lib/avr51\libc.a(strrev.o)
                0x00007236                strrev
                0x00007256                . = ALIGN (0x2)
 *(.fini9)
 .fini9         0x00007256        0x0 c:/program files (x86)/atmel/studio/7.0/toolchain/avr8/avr8-gnu-toolchain/bin/../lib/gcc/avr/5.4.0/avr51\libgcc.a(_exit.o)
                0x00007256                _exit
                0x00007256                exit
 *(.fini9)
 *(.fini8)
 *(.fini8)
 *(.fini7)
 *(.fini7)
 *(.fini6)
 .fini6         0x00007256       0x14 c:/program files (x86)/atmel/studio/7.0/toolchain/avr8/avr8-gnu-toolchain/bin/../lib/gcc/avr/5.4.0/avr51\libgcc.a(_dtors.o)
                0x00007256                __do_global_dtors
 *(.fini6)
 *(.fini5)
 *(.fini5)
 *(.fini4)
 *(.fini4)
 *(.fini3)
 *(.fini3)
 *(.fini2)
 *(.fini2)
 *(.fini1)
 *(.fini1)
 *(.fini0)
 .fini0         0x0000726a        0x4 c:/program files (x86)/atmel/studio/7.0/toolchain/avr8/avr8-gnu-toolchain/bin/../lib/gcc/avr/5.4.0/avr51\libgcc.a(_exit.o)
 *(.fini0)
                0x0000726e                _etext = .

.data           0x00800100      0x718 load address 0x0000726e
                0x00800100                PROVIDE (__data_start, .)
 *(.data)
 .data          0x00800100        0x6 c:/program files (x86)/atmel/studio/7.0/toolchain/avr8/avr8-gnu-toolchain/bin/../lib/gcc/avr/5.4.0/../../../../avr/lib/avr51\libc.a(malloc.o)
                0x00800100                __malloc_heap_end
                0x00800102                __malloc_heap_start
                0x00800104                __malloc_margin
 *(.data*)
 .data.MappaKeys
                0x00800106       0x10 Sketch.o
                0x00800106                MappaKeys
 .data.TmaxSalvataggio
                0x00800116        0x4 Sketch.o
                0x00800116                TmaxSalvataggio
 .data.TmaxInviodati
                0x0080011a        0x4 Sketch.o
                0x0080011a                TmaxInviodati
 .data.TselDistributore
                0x0080011e        0x4 Sketch.o
                0x0080011e                TselDistributore
 .data.TinputTarga
                0x00800122        0x4 Sketch.o
                0x00800122                TinputTarga
 .data.mac      0x00800126        0x6 Sketch.o
                0x00800126                mac
 .data.serverREST
                0x0080012c       0x17 Sketch.o
                0x0080012c                serverREST
 .data.serverATE
                0x00800143       0x16 Sketch.o
                0x00800143                serverATE
 .data.ImpulsiLitro
                0x00800159        0x2 Sketch.o
                0x00800159                ImpulsiLitro
 .data.HTTP_len_response
                0x0080015b        0x2 Sketch.o
                0x0080015b                HTTP_len_response
 .data.Clessidra
                0x0080015d        0x8 Sketch.o
                0x0080015d                Clessidra
 .data.pn532response_firmwarevers
                0x00800165        0x6 src/libraries/NFC-PN532/NFC_PN532.o
                0x00800165                pn532response_firmwarevers
 .data.pn532ack
                0x0080016b        0x6 src/libraries/NFC-PN532/NFC_PN532.o
                0x0080016b                pn532ack
 .data._ZN14EthernetClient8_srcportE
                0x00800171        0x2 src/libraries/Ethernet2/src/EthernetClient.o
                0x00800171                _ZN14EthernetClient8_srcportE
 *(.gnu.linkonce.d*)
 *(.rodata)
 .rodata        0x00800173        0x6 Sketch.o
 .rodata        0x00800179        0x8 src/libraries/LiquidCrystal/src/LCD.o
 *(.rodata*)
 .rodata.str1.1
                0x00800181      0x5d5 Sketch.o
                                0x5e0 (size before relaxing)
 .rodata.._11   0x00800756       0x10 Sketch.o
 .rodata.str1.1
                0x00800766        0x9 src/libraries/NFC-PN532/NFC_PN532.o
                                  0xc (size before relaxing)
 .rodata._ZTV14EthernetClient
                0x0080076f       0x22 src/libraries/Ethernet2/src/EthernetClient.o
                0x0080076f                _ZTV14EthernetClient
 .rodata._ZTV11EthernetUDP
                0x00800791       0x28 src/libraries/Ethernet2/src/EthernetUdp2.o
                0x00800791                _ZTV11EthernetUDP
 .rodata._ZTV3LCD
                0x008007b9       0x14 src/libraries/LiquidCrystal/src/LCD.o
                0x008007b9                _ZTV3LCD
 .rodata._ZTV17LiquidCrystal_I2C
                0x008007cd       0x14 src/libraries/LiquidCrystal/src/LiquidCrystal_I2C.o
                0x008007cd                _ZTV17LiquidCrystal_I2C
 .rodata._ZTV7TwoWire
                0x008007e1       0x12 src/libraries/Wire/src/Wire.o
                0x008007e1                _ZTV7TwoWire
 .rodata._ZTV9IPAddress
                0x008007f3        0x6 C:\VVFCloud\ProgettiVVF\FuelControl\Firmware\repo\fwCCEC\TuinoDemo\ArduinoCore\Debug\libArduinoCore.a(IPAddress.o)
                0x008007f3                _ZTV9IPAddress
 .rodata.str1.1
                0x008007f9        0xc C:\VVFCloud\ProgettiVVF\FuelControl\Firmware\repo\fwCCEC\TuinoDemo\ArduinoCore\Debug\libArduinoCore.a(Print.o)
                                  0xf (size before relaxing)
 .rodata.str1.1
                0x00800805        0x1 C:\VVFCloud\ProgettiVVF\FuelControl\Firmware\repo\fwCCEC\TuinoDemo\ArduinoCore\Debug\libArduinoCore.a(WString.o)
 .rodata._ZTV14HardwareSerial
                0x00800805       0x12 C:\VVFCloud\ProgettiVVF\FuelControl\Firmware\repo\fwCCEC\TuinoDemo\ArduinoCore\Debug\libArduinoCore.a(HardwareSerial.o)
                0x00800805                _ZTV14HardwareSerial
 *(.gnu.linkonce.r*)
                0x00800818                . = ALIGN (0x2)
 *fill*         0x00800817        0x1 
                0x00800818                _edata = .
                0x00800818                PROVIDE (__data_end, .)

.bss            0x00800818      0x31a
                0x00800818                PROVIDE (__bss_start, .)
 *(.bss)
 *(.bss*)
 .bss.gpio      0x00800818        0x3 Sketch.o
                0x00800818                gpio
 .bss.TARGA     0x0080081b        0x6 Sketch.o
                0x0080081b                TARGA
 .bss.InputKey  0x00800821        0x6 Sketch.o
                0x00800821                InputKey
 .bss.nowTimer  0x00800827        0x6 Sketch.o
                0x00800827                nowTimer
 .bss.Timer     0x0080082d        0x4 Sketch.o
                0x0080082d                Timer
 .bss.UltimoPassaggioStato
                0x00800831        0x4 Sketch.o
                0x00800831                UltimoPassaggioStato
 .bss.secs      0x00800835        0x4 Sketch.o
                0x00800835                secs
 .bss.DS3231M   0x00800839        0xc Sketch.o
                0x00800839                DS3231M
 .bss.clientATE
                0x00800845        0xd Sketch.o
                0x00800845                clientATE
 .bss.clientLOCAL
                0x00800852        0xd Sketch.o
                0x00800852                clientLOCAL
 .bss.subnet    0x0080085f        0x6 Sketch.o
                0x0080085f                subnet
 .bss.gateway   0x00800865        0x6 Sketch.o
                0x00800865                gateway
 .bss.myDns     0x0080086b        0x6 Sketch.o
                0x0080086b                myDns
 .bss.ipCCEC    0x00800871        0x6 Sketch.o
                0x00800871                ipCCEC
 .bss.righeDisplay
                0x00800877       0x18 Sketch.o
                0x00800877                righeDisplay
 .bss.Messaggio
                0x0080088f        0x6 Sketch.o
                0x0080088f                Messaggio
 .bss.Risposta  0x00800895        0x6 Sketch.o
                0x00800895                Risposta
 .bss.SequenzaKeypad
                0x0080089b        0xc Sketch.o
                0x0080089b                SequenzaKeypad
 .bss.Carburante
                0x008008a7        0x6 Sketch.o
                0x008008a7                Carburante
 .bss.RaccoltaDati
                0x008008ad       0x24 Sketch.o
                0x008008ad                RaccoltaDati
 .bss.RispostaHTTP
                0x008008d1        0x6 Sketch.o
                0x008008d1                RispostaHTTP
 .bss.impulsi   0x008008d7        0x2 Sketch.o
                0x008008d7                impulsi
 .bss.stato_procedura
                0x008008d9        0x2 Sketch.o
                0x008008d9                stato_procedura
 .bss.Connected
                0x008008db        0x2 Sketch.o
                0x008008db                Connected
 .bss.strURLAPI
                0x008008dd        0x6 Sketch.o
                0x008008dd                strURLAPI
 .bss.StatoAttuale
                0x008008e3        0x6 Sketch.o
                0x008008e3                StatoAttuale
 .bss.nfc       0x008008e9       0x17 Sketch.o
                0x008008e9                nfc
 .bss.lcd       0x00800900       0x18 Sketch.o
                0x00800900                lcd
 .bss.alreadyTimbrata
                0x00800918        0x1 Sketch.o
                0x00800918                alreadyTimbrata
 .bss.uidMezzo  0x00800919        0x7 Sketch.o
                0x00800919                uidMezzo
 .bss.uidLength
                0x00800920        0x1 Sketch.o
                0x00800920                uidLength
 .bss.success   0x00800921        0x1 Sketch.o
                0x00800921                success
 .bss.mezzo     0x00800922        0xd Sketch.o
                0x00800922                mezzo
 .bss.intConsecutiveNonPresses
                0x0080092f        0x2 Sketch.o
                0x0080092f                intConsecutiveNonPresses
 .bss.intConsecutivePresses
                0x00800931        0x2 Sketch.o
                0x00800931                intConsecutivePresses
 .bss._ZL11INADDR_NONE
                0x00800933        0x6 Sketch.o
 .bss.pn532_packetbuffer
                0x00800939       0x40 src/libraries/NFC-PN532/NFC_PN532.o
                0x00800939                pn532_packetbuffer
 .bss._ZL11INADDR_NONE
                0x00800979        0x6 src/libraries/Ethernet2/src/Dhcp.o
 .bss._ZL11INADDR_NONE
                0x0080097f        0x6 src/libraries/Ethernet2/src/Dns.o
 .bss.Ethernet  0x00800985        0xd src/libraries/Ethernet2/src/Ethernet2.o
                0x00800985                Ethernet
 .bss._ZN13EthernetClass12_server_portE
                0x00800992       0x10 src/libraries/Ethernet2/src/Ethernet2.o
                0x00800992                _ZN13EthernetClass12_server_portE
 .bss._ZL11INADDR_NONE
                0x008009a2        0x6 src/libraries/Ethernet2/src/Ethernet2.o
 .bss._ZL11INADDR_NONE
                0x008009a8        0x6 src/libraries/Ethernet2/src/EthernetClient.o
 .bss._ZL11INADDR_NONE
                0x008009ae        0x6 src/libraries/Ethernet2/src/EthernetServer.o
 .bss._ZL11INADDR_NONE
                0x008009b4        0x6 src/libraries/Ethernet2/src/EthernetUdp2.o
 .bss._ZL10local_port
                0x008009ba        0x2 src/libraries/Ethernet2/src/utility/socket.o
 .bss.SPI_CS    0x008009bc        0x1 src/libraries/Ethernet2/src/utility/w5500.o
                0x008009bc                SPI_CS
 .bss.wiznet_SPI_settings
                0x008009bd        0x2 src/libraries/Ethernet2/src/utility/w5500.o
                0x008009bd                wiznet_SPI_settings
 .bss.w5500     0x008009bf        0x1 src/libraries/Ethernet2/src/utility/w5500.o
                0x008009bf                w5500
 .bss._ZN8SPIClass13interruptSaveE
                0x008009c0        0x1 src/libraries/SPI/src/SPI.o
                0x008009c0                _ZN8SPIClass13interruptSaveE
 .bss._ZN8SPIClass13interruptMaskE
                0x008009c1        0x1 src/libraries/SPI/src/SPI.o
                0x008009c1                _ZN8SPIClass13interruptMaskE
 .bss._ZN8SPIClass13interruptModeE
                0x008009c2        0x1 src/libraries/SPI/src/SPI.o
                0x008009c2                _ZN8SPIClass13interruptModeE
 .bss._ZN8SPIClass11initializedE
                0x008009c3        0x1 src/libraries/SPI/src/SPI.o
                0x008009c3                _ZN8SPIClass11initializedE
 .bss.twi_error
                0x008009c4        0x1 src/libraries/Wire/src/utility/twi.o
 .bss.twi_rxBufferIndex
                0x008009c5        0x1 src/libraries/Wire/src/utility/twi.o
 .bss.twi_rxBuffer
                0x008009c6       0x20 src/libraries/Wire/src/utility/twi.o
 .bss.twi_txBufferLength
                0x008009e6        0x1 src/libraries/Wire/src/utility/twi.o
 .bss.twi_txBufferIndex
                0x008009e7        0x1 src/libraries/Wire/src/utility/twi.o
 .bss.twi_txBuffer
                0x008009e8       0x20 src/libraries/Wire/src/utility/twi.o
 .bss.twi_masterBufferLength
                0x00800a08        0x1 src/libraries/Wire/src/utility/twi.o
 .bss.twi_masterBufferIndex
                0x00800a09        0x1 src/libraries/Wire/src/utility/twi.o
 .bss.twi_masterBuffer
                0x00800a0a       0x20 src/libraries/Wire/src/utility/twi.o
 .bss.twi_onSlaveReceive
                0x00800a2a        0x2 src/libraries/Wire/src/utility/twi.o
 .bss.twi_onSlaveTransmit
                0x00800a2c        0x2 src/libraries/Wire/src/utility/twi.o
 .bss.twi_inRepStart
                0x00800a2e        0x1 src/libraries/Wire/src/utility/twi.o
 .bss.twi_sendStop
                0x00800a2f        0x1 src/libraries/Wire/src/utility/twi.o
 .bss.twi_slarw
                0x00800a30        0x1 src/libraries/Wire/src/utility/twi.o
 .bss.twi_state
                0x00800a31        0x1 src/libraries/Wire/src/utility/twi.o
 .bss.Wire      0x00800a32        0xc src/libraries/Wire/src/Wire.o
                0x00800a32                Wire
 .bss._ZN7TwoWire14user_onReceiveE
                0x00800a3e        0x2 src/libraries/Wire/src/Wire.o
                0x00800a3e                _ZN7TwoWire14user_onReceiveE
 .bss._ZN7TwoWire14user_onRequestE
                0x00800a40        0x2 src/libraries/Wire/src/Wire.o
                0x00800a40                _ZN7TwoWire14user_onRequestE
 .bss._ZN7TwoWire12transmittingE
                0x00800a42        0x1 src/libraries/Wire/src/Wire.o
                0x00800a42                _ZN7TwoWire12transmittingE
 .bss._ZN7TwoWire14txBufferLengthE
                0x00800a43        0x1 src/libraries/Wire/src/Wire.o
                0x00800a43                _ZN7TwoWire14txBufferLengthE
 .bss._ZN7TwoWire13txBufferIndexE
                0x00800a44        0x1 src/libraries/Wire/src/Wire.o
                0x00800a44                _ZN7TwoWire13txBufferIndexE
 .bss._ZN7TwoWire8txBufferE
                0x00800a45       0x20 src/libraries/Wire/src/Wire.o
                0x00800a45                _ZN7TwoWire8txBufferE
 .bss._ZN7TwoWire9txAddressE
                0x00800a65        0x1 src/libraries/Wire/src/Wire.o
                0x00800a65                _ZN7TwoWire9txAddressE
 .bss._ZN7TwoWire14rxBufferLengthE
                0x00800a66        0x1 src/libraries/Wire/src/Wire.o
                0x00800a66                _ZN7TwoWire14rxBufferLengthE
 .bss._ZN7TwoWire13rxBufferIndexE
                0x00800a67        0x1 src/libraries/Wire/src/Wire.o
                0x00800a67                _ZN7TwoWire13rxBufferIndexE
 .bss._ZN7TwoWire8rxBufferE
                0x00800a68       0x20 src/libraries/Wire/src/Wire.o
                0x00800a68                _ZN7TwoWire8rxBufferE
 .bss.Serial    0x00800a88       0x9d C:\VVFCloud\ProgettiVVF\FuelControl\Firmware\repo\fwCCEC\TuinoDemo\ArduinoCore\Debug\libArduinoCore.a(HardwareSerial0.o)
                0x00800a88                Serial
 .bss.timer0_fract
                0x00800b25        0x1 C:\VVFCloud\ProgettiVVF\FuelControl\Firmware\repo\fwCCEC\TuinoDemo\ArduinoCore\Debug\libArduinoCore.a(wiring.o)
 .bss.timer0_millis
                0x00800b26        0x4 C:\VVFCloud\ProgettiVVF\FuelControl\Firmware\repo\fwCCEC\TuinoDemo\ArduinoCore\Debug\libArduinoCore.a(wiring.o)
                0x00800b26                timer0_millis
 .bss.timer0_overflow_count
                0x00800b2a        0x4 C:\VVFCloud\ProgettiVVF\FuelControl\Firmware\repo\fwCCEC\TuinoDemo\ArduinoCore\Debug\libArduinoCore.a(wiring.o)
                0x00800b2a                timer0_overflow_count
 *(COMMON)
 COMMON         0x00800b2e        0x4 c:/program files (x86)/atmel/studio/7.0/toolchain/avr8/avr8-gnu-toolchain/bin/../lib/gcc/avr/5.4.0/../../../../avr/lib/avr51\libc.a(malloc.o)
                0x00800b2e                __brkval
                0x00800b30                __flp
                0x00800b32                PROVIDE (__bss_end, .)
                0x0000726e                __data_load_start = LOADADDR (.data)
                0x00007986                __data_load_end = (__data_load_start + SIZEOF (.data))

.noinit         0x00800b32        0x0
                [!provide]                PROVIDE (__noinit_start, .)
 *(.noinit*)
                [!provide]                PROVIDE (__noinit_end, .)
                0x00800b32                _end = .
                0x00800b32                PROVIDE (__heap_start, .)

.eeprom         0x00810000        0x0
 *(.eeprom*)
                0x00810000                __eeprom_end = .

.fuse
 *(.fuse)
 *(.lfuse)
 *(.hfuse)
 *(.efuse)

.lock
 *(.lock*)

.signature
 *(.signature*)

.user_signatures
 *(.user_signatures*)

.stab
 *(.stab)

.stabstr
 *(.stabstr)

.stab.excl
 *(.stab.excl)

.stab.exclstr
 *(.stab.exclstr)

.stab.index
 *(.stab.index)

.stab.indexstr
 *(.stab.indexstr)
