Archive member included to satisfy reference by file (symbol)

c:/program files (x86)/atmel/studio/7.0/toolchain/avr8/avr8-gnu-toolchain/bin/../lib/gcc/avr/5.4.0/../../../../avr/lib/avr51\libm.a(cmpsf2.o)
                              Sketch.o (__ltsf2)
c:/program files (x86)/atmel/studio/7.0/toolchain/avr8/avr8-gnu-toolchain/bin/../lib/gcc/avr/5.4.0/../../../../avr/lib/avr51\libm.a(divsf3.o)
                              Sketch.o (__divsf3)
c:/program files (x86)/atmel/studio/7.0/toolchain/avr8/avr8-gnu-toolchain/bin/../lib/gcc/avr/5.4.0/../../../../avr/lib/avr51\libm.a(divsf3x.o)
                              c:/program files (x86)/atmel/studio/7.0/toolchain/avr8/avr8-gnu-toolchain/bin/../lib/gcc/avr/5.4.0/../../../../avr/lib/avr51\libm.a(divsf3.o) (__divsf3x)
c:/program files (x86)/atmel/studio/7.0/toolchain/avr8/avr8-gnu-toolchain/bin/../lib/gcc/avr/5.4.0/../../../../avr/lib/avr51\libm.a(floatsisf.o)
                              Sketch.o (__floatsisf)
c:/program files (x86)/atmel/studio/7.0/toolchain/avr8/avr8-gnu-toolchain/bin/../lib/gcc/avr/5.4.0/../../../../avr/lib/avr51\libm.a(fp_cmp.o)
                              c:/program files (x86)/atmel/studio/7.0/toolchain/avr8/avr8-gnu-toolchain/bin/../lib/gcc/avr/5.4.0/../../../../avr/lib/avr51\libm.a(cmpsf2.o) (__fp_cmp)
c:/program files (x86)/atmel/studio/7.0/toolchain/avr8/avr8-gnu-toolchain/bin/../lib/gcc/avr/5.4.0/../../../../avr/lib/avr51\libm.a(fp_inf.o)
                              c:/program files (x86)/atmel/studio/7.0/toolchain/avr8/avr8-gnu-toolchain/bin/../lib/gcc/avr/5.4.0/../../../../avr/lib/avr51\libm.a(divsf3x.o) (__fp_inf)
c:/program files (x86)/atmel/studio/7.0/toolchain/avr8/avr8-gnu-toolchain/bin/../lib/gcc/avr/5.4.0/../../../../avr/lib/avr51\libm.a(fp_nan.o)
                              c:/program files (x86)/atmel/studio/7.0/toolchain/avr8/avr8-gnu-toolchain/bin/../lib/gcc/avr/5.4.0/../../../../avr/lib/avr51\libm.a(divsf3x.o) (__fp_nan)
c:/program files (x86)/atmel/studio/7.0/toolchain/avr8/avr8-gnu-toolchain/bin/../lib/gcc/avr/5.4.0/../../../../avr/lib/avr51\libm.a(fp_pscA.o)
                              c:/program files (x86)/atmel/studio/7.0/toolchain/avr8/avr8-gnu-toolchain/bin/../lib/gcc/avr/5.4.0/../../../../avr/lib/avr51\libm.a(divsf3x.o) (__fp_pscA)
c:/program files (x86)/atmel/studio/7.0/toolchain/avr8/avr8-gnu-toolchain/bin/../lib/gcc/avr/5.4.0/../../../../avr/lib/avr51\libm.a(fp_pscB.o)
                              c:/program files (x86)/atmel/studio/7.0/toolchain/avr8/avr8-gnu-toolchain/bin/../lib/gcc/avr/5.4.0/../../../../avr/lib/avr51\libm.a(divsf3x.o) (__fp_pscB)
c:/program files (x86)/atmel/studio/7.0/toolchain/avr8/avr8-gnu-toolchain/bin/../lib/gcc/avr/5.4.0/../../../../avr/lib/avr51\libm.a(fp_round.o)
                              c:/program files (x86)/atmel/studio/7.0/toolchain/avr8/avr8-gnu-toolchain/bin/../lib/gcc/avr/5.4.0/../../../../avr/lib/avr51\libm.a(divsf3.o) (__fp_round)
c:/program files (x86)/atmel/studio/7.0/toolchain/avr8/avr8-gnu-toolchain/bin/../lib/gcc/avr/5.4.0/../../../../avr/lib/avr51\libm.a(fp_split3.o)
                              c:/program files (x86)/atmel/studio/7.0/toolchain/avr8/avr8-gnu-toolchain/bin/../lib/gcc/avr/5.4.0/../../../../avr/lib/avr51\libm.a(divsf3x.o) (__fp_split3)
c:/program files (x86)/atmel/studio/7.0/toolchain/avr8/avr8-gnu-toolchain/bin/../lib/gcc/avr/5.4.0/../../../../avr/lib/avr51\libm.a(fp_zero.o)
                              c:/program files (x86)/atmel/studio/7.0/toolchain/avr8/avr8-gnu-toolchain/bin/../lib/gcc/avr/5.4.0/../../../../avr/lib/avr51\libm.a(divsf3x.o) (__fp_szero)
C:\Users\utente\Desktop\CCEC\NOVARA\fw\fwCCEC\TuinoDemo\ArduinoCore\Debug\libArduinoCore.a(abi.o)
                              src/libraries/LiquidCrystal/src/LCD.o (__cxa_pure_virtual)
C:\Users\utente\Desktop\CCEC\NOVARA\fw\fwCCEC\TuinoDemo\ArduinoCore\Debug\libArduinoCore.a(HardwareSerial0.o)
                              Sketch.o (Serial)
C:\Users\utente\Desktop\CCEC\NOVARA\fw\fwCCEC\TuinoDemo\ArduinoCore\Debug\libArduinoCore.a(IPAddress.o)
                              Sketch.o (_ZTV9IPAddress)
C:\Users\utente\Desktop\CCEC\NOVARA\fw\fwCCEC\TuinoDemo\ArduinoCore\Debug\libArduinoCore.a(main.o)
                              C:/Program Files (x86)/Atmel/Studio/7.0/Packs/atmel/ATmega_DFP/1.2.209/gcc/dev/atmega1284p/avr51/crtatmega1284p.o (main)
C:\Users\utente\Desktop\CCEC\NOVARA\fw\fwCCEC\TuinoDemo\ArduinoCore\Debug\libArduinoCore.a(new.o)
                              src/libraries/Ethernet2/src/Ethernet2.o (_Znwj)
C:\Users\utente\Desktop\CCEC\NOVARA\fw\fwCCEC\TuinoDemo\ArduinoCore\Debug\libArduinoCore.a(Print.o)
                              src/libraries/LiquidCrystal/src/LCD.o (_ZN5Print5writeEPKhj)
C:\Users\utente\Desktop\CCEC\NOVARA\fw\fwCCEC\TuinoDemo\ArduinoCore\Debug\libArduinoCore.a(wiring.o)
                              src/libraries/Ethernet2/src/Dhcp.o (millis)
C:\Users\utente\Desktop\CCEC\NOVARA\fw\fwCCEC\TuinoDemo\ArduinoCore\Debug\libArduinoCore.a(wiring_digital.o)
[...]
Memory Configuration

Name             Origin             Length             Attributes
text             0x00000000         0x00020000         xr
data             0x00800100         0x0000ff00         rw !x
eeprom           0x00810000         0x00010000         rw !x
fuse             0x00820000         0x00000003         rw !x
lock             0x00830000         0x00000400         rw !x
signature        0x00840000         0x00000400         rw !x
user_signatures  0x00850000         0x00000400         rw !x
*default*        0x00000000         0xffffffff

Linker script and memory map

Address of section .data set to 0x800100
LOAD C:/Program Files (x86)/Atmel/Studio/7.0/Packs/atmel/ATmega_DFP/1.2.209/gcc/dev/atmega1284p/avr51/crtatmega1284p.o
LOAD Sketch.o
LOAD src/libraries/Keypad/src/PCA9534.o
LOAD src/libraries/NFC-PN532/NFC_PN532.o
LOAD src/libraries/DS3231M/src/DS3231M.o
LOAD src/libraries/Ethernet2/src/Dhcp.o
LOAD src/libraries/Ethernet2/src/Dns.o
LOAD src/libraries/Ethernet2/src/Ethernet2.o
LOAD src/libraries/Ethernet2/src/EthernetClient.o
LOAD src/libraries/Ethernet2/src/EthernetServer.o
LOAD src/libraries/Ethernet2/src/EthernetUdp2.o
LOAD src/libraries/Ethernet2/src/utility/socket.o
LOAD src/libraries/Ethernet2/src/utility/w5500.o
LOAD src/libraries/Keypad/src/Key.o
LOAD src/libraries/Keypad/src/Keypad.o
LOAD src/libraries/LiquidCrystal/src/I2CIO.o
LOAD src/libraries/LiquidCrystal/src/LCD.o
LOAD src/libraries/LiquidCrystal/src/LiquidCrystal.o
LOAD src/libraries/LiquidCrystal/src/LiquidCrystal_I2C.o
LOAD src/libraries/SPI/src/SPI.o
LOAD src/libraries/Wire/src/utility/twi.o
LOAD src/libraries/Wire/src/Wire.o
START GROUP
LOAD c:/program files (x86)/atmel/studio/7.0/toolchain/avr8/avr8-gnu-toolchain/bin/../lib/gcc/avr/5.4.0/../../../../avr/lib/avr51\libm.a
LOAD C:\Users\utente\Desktop\CCEC\NOVARA\fw\fwCCEC\TuinoDemo\ArduinoCore\Debug\libArduinoCore.a
END GROUP
LOAD c:/program files (x86)/atmel/studio/7.0/toolchain/avr8/avr8-gnu-toolchain/bin/../lib/gcc/avr/5.4.0/avr51\libgcc.a
LOAD c:/program files (x86)/atmel/studio/7.0/toolchain/avr8/avr8-gnu-toolchain/bin/../lib/gcc/avr/5.4.0/../../../../avr/lib/avr51\libm.a
START GROUP
LOAD c:/program files (x86)/atmel/studio/7.0/toolchain/avr8/avr8-gnu-toolchain/bin/../lib/gcc/avr/5.4.0/avr51\libgcc.a
LOAD c:/program files (x86)/atmel/studio/7.0/toolchain/avr8/avr8-gnu-toolchain/bin/../lib/gcc/avr/5.4.0/../../../../avr/lib/avr51\libm.a
LOAD c:/program files (x86)/atmel/studio/7.0/toolchain/avr8/avr8-gnu-toolchain/bin/../lib/gcc/avr/5.4.0/../../../../avr/lib/avr51\libc.a
LOAD C:/Program Files (x86)/Atmel/Studio/7.0/Packs/atmel/ATmega_DFP/1.2.209/gcc/dev/atmega1284p/avr51\libatmega1284p.a
END GROUP
                0x00000000                __TEXT_REGION_ORIGIN__ = DEFINED (__TEXT_REGION_ORIGIN__)?__TEXT_REGION_ORIGIN__:0x0
                0x00800100                __DATA_REGION_ORIGIN__ = DEFINED (__DATA_REGION_ORIGIN__)?__DATA_REGION_ORIGIN__:0x800100
                0x00020000                __TEXT_REGION_LENGTH__ = DEFINED (__TEXT_REGION_LENGTH__)?__TEXT_REGION_LENGTH__:0x20000
                0x0000ff00                __DATA_REGION_LENGTH__ = DEFINED (__DATA_REGION_LENGTH__)?__DATA_REGION_LENGTH__:0xff00
                0x00010000                __EEPROM_REGION_LENGTH__ = DEFINED (__EEPROM_REGION_LENGTH__)?__EEPROM_REGION_LENGTH__:0x10000
                [0x00000003]                __FUSE_REGION_LENGTH__ = DEFINED (__FUSE_REGION_LENGTH__)?__FUSE_REGION_LENGTH__:0x400
                0x00000400                __LOCK_REGION_LENGTH__ = DEFINED (__LOCK_REGION_LENGTH__)?__LOCK_REGION_LENGTH__:0x400
                0x00000400                __SIGNATURE_REGION_LENGTH__ = DEFINED (__SIGNATURE_REGION_LENGTH__)?__SIGNATURE_REGION_LENGTH__:0x400
                0x00000400                __USER_SIGNATURE_REGION_LENGTH__ = DEFINED (__USER_SIGNATURE_REGION_LENGTH__)?__USER_SIGNATURE_REGION_LENGTH__:0x400

.hash
 *(.hash)

.dynsym
 *(.dynsym)

.dynstr
 *(.dynstr)

.gnu.version
 *(.gnu.version)

.gnu.version_d
 *(.gnu.version_d)

.gnu.version_r
 *(.gnu.version_r)

.rel.init
 *(.rel.init)

.rela.init
 *(.rela.init)

.rel.text
 *(.rel.text)
 *(.rel.text.*)
 *(.rel.gnu.linkonce.t*)

.rela.text
 *(.rela.text)
 *(.rela.text.*)
 *(.rela.gnu.linkonce.t*)

.rel.fini
 *(.rel.fini)

.rela.fini
 *(.rela.fini)

.rel.rodata
 *(.rel.rodata)
 *(.rel.rodata.*)
 *(.rel.gnu.linkonce.r*)

.rela.rodata
 *(.rela.rodata)
 *(.rela.rodata.*)
 *(.rela.gnu.linkonce.r*)

.rel.data
 *(.rel.data)
 *(.rel.data.*)
 *(.rel.gnu.linkonce.d*)

.rela.data
 *(.rela.data)
 *(.rela.data.*)
 *(.rela.gnu.linkonce.d*)

.rel.ctors
 *(.rel.ctors)

.rela.ctors
 *(.rela.ctors)

.rel.dtors
 *(.rel.dtors)

.rela.dtors
 *(.rela.dtors)

.rel.got
 *(.rel.got)

.rela.got
 *(.rela.got)

.rel.bss
 *(.rel.bss)

.rela.bss
 *(.rela.bss)

.rel.plt
 *(.rel.plt)

.rela.plt
 *(.rela.plt)

.text           0x00000000     0x8b76
 *(.vectors)
 .vectors       0x00000000       0x8c C:/Program Files (x86)/Atmel/Studio/7.0/Packs/atmel/ATmega_DFP/1.2.209/gcc/dev/atmega1284p/avr51/crtatmega1284p.o
                0x00000000                __vector_default
                0x00000000                __vectors
 *(.vectors)
 *(.progmem.gcc*)
 .progmem.gcc_sw_table.loop
                0x0000008c       0x1a Sketch.o
 .progmem.gcc_sw_table._ZN8DateTimeC2EPK19__FlashStringHelperS2_
                0x000000a6       0x26 src/libraries/DS3231M/src/DS3231M.o
                0x000000cc                . = ALIGN (0x2)
                0x000000cc                __trampolines_start = .
 *(.trampolines)
 .trampolines   0x000000cc        0x0 linker stubs
 *(.trampolines*)
                0x000000cc                __trampolines_end = .
 *libprintf_flt.a:*(.progmem.data)
 *libc.a:*(.progmem.data)
 .progmem.data  0x000000cc       0xfa c:/program files (x86)/atmel/studio/7.0/toolchain/avr8/avr8-gnu-toolchain/bin/../lib/gcc/avr/5.4.0/../../../../avr/lib/avr51\libc.a(ftoa_engine.o)
 *(.progmem*)
 .progmem.data._ZZ5setupE3__c_0
                0x000001c6       0x1e Sketch.o
 .progmem.data._ZZ5setupE3__c
                0x000001e4       0x2f Sketch.o
 .progmem.data._ZZN13DS3231M_Class6adjustEvE3__c
                0x00000213        0xc src/libraries/DS3231M/src/DS3231M.o
 .progmem.data._ZZN13DS3231M_Class6adjustEvE3__c_0
                0x0000021f        0x9 src/libraries/DS3231M/src/DS3231M.o
 .progmem.data._ZL11daysInMonth
                0x00000228        0xc src/libraries/DS3231M/src/DS3231M.o
 .progmem.data.digital_pin_to_timer_PGM
                0x00000234       0x20 C:\Users\utente\Desktop\CCEC\NOVARA\fw\fwCCEC\TuinoDemo\ArduinoCore\Debug\libArduinoCore.a(wiring_digital.o)
                0x00000234                digital_pin_to_timer_PGM
 .progmem.data.digital_pin_to_bit_mask_PGM
                0x00000254       0x20 C:\Users\utente\Desktop\CCEC\NOVARA\fw\fwCCEC\TuinoDemo\ArduinoCore\Debug\libArduinoCore.a(wiring_digital.o)
                0x00000254                digital_pin_to_bit_mask_PGM
 .progmem.data.digital_pin_to_port_PGM
                0x00000274       0x20 C:\Users\utente\Desktop\CCEC\NOVARA\fw\fwCCEC\TuinoDemo\ArduinoCore\Debug\libArduinoCore.a(wiring_digital.o)
                0x00000274                digital_pin_to_port_PGM
 .progmem.data.port_to_input_PGM
                0x00000294        0xa C:\Users\utente\Desktop\CCEC\NOVARA\fw\fwCCEC\TuinoDemo\ArduinoCore\Debug\libArduinoCore.a(wiring_digital.o)
                0x00000294                port_to_input_PGM
 .progmem.data.port_to_output_PGM
                0x0000029e        0xa C:\Users\utente\Desktop\CCEC\NOVARA\fw\fwCCEC\TuinoDemo\ArduinoCore\Debug\libArduinoCore.a(wiring_digital.o)
                0x0000029e                port_to_output_PGM
 .progmem.data.port_to_mode_PGM
                0x000002a8        0xa C:\Users\utente\Desktop\CCEC\NOVARA\fw\fwCCEC\TuinoDemo\ArduinoCore\Debug\libArduinoCore.a(wiring_digital.o)
                0x000002a8                port_to_mode_PGM
                0x000002b2                . = ALIGN (0x2)
 *(.jumptables)
 *(.jumptables*)
 *(.lowtext)
 *(.lowtext*)
                0x000002b2                __ctors_start = .
 *(.ctors)
 .ctors         0x000002b2        0x2 Sketch.o
 .ctors         0x000002b4        0x2 src/libraries/Ethernet2/src/Dhcp.o
 .ctors         0x000002b6        0x2 src/libraries/Ethernet2/src/Dns.o
 .ctors         0x000002b8        0x2 src/libraries/Ethernet2/src/Ethernet2.o
 .ctors         0x000002ba        0x2 src/libraries/Ethernet2/src/EthernetClient.o
 .ctors         0x000002bc        0x2 src/libraries/Ethernet2/src/EthernetServer.o
 .ctors         0x000002be        0x2 src/libraries/Ethernet2/src/EthernetUdp2.o
 .ctors         0x000002c0        0x2 src/libraries/Ethernet2/src/utility/w5500.o
 .ctors         0x000002c2        0x2 src/libraries/Wire/src/Wire.o
 .ctors         0x000002c4        0x2 C:\Users\utente\Desktop\CCEC\NOVARA\fw\fwCCEC\TuinoDemo\ArduinoCore\Debug\libArduinoCore.a(HardwareSerial0.o)
                0x000002c6                __ctors_end = .
                0x000002c6                __dtors_start = .
 *(.dtors)
 .dtors         0x000002c6        0x2 Sketch.o
                0x000002c8                __dtors_end = .
 SORT(*)(.ctors)
 SORT(*)(.dtors)
 *(.init0)
 .init0         0x000002c8        0x0 C:/Program Files (x86)/Atmel/Studio/7.0/Packs/atmel/ATmega_DFP/1.2.209/gcc/dev/atmega1284p/avr51/crtatmega1284p.o
                0x000002c8                __init
 *(.init0)
 *(.init1)
 *(.init1)
 *(.init2)
 .init2         0x000002c8        0xc C:/Program Files (x86)/Atmel/Studio/7.0/Packs/atmel/ATmega_DFP/1.2.209/gcc/dev/atmega1284p/avr51/crtatmega1284p.o
 *(.init2)
 *(.init3)
 *(.init3)
 *(.init4)
 .init4         0x000002d4       0x1a c:/program files (x86)/atmel/studio/7.0/toolchain/avr8/avr8-gnu-toolchain/bin/../lib/gcc/avr/5.4.0/avr51\libgcc.a(_copy_data.o)
                0x000002d4                __do_copy_data
 .init4         0x000002ee       0x10 c:/program files (x86)/atmel/studio/7.0/toolchain/avr8/avr8-gnu-toolchain/bin/../lib/gcc/avr/5.4.0/avr51\libgcc.a(_clear_bss.o)
                0x000002ee                __do_clear_bss
 *(.init4)
 *(.init5)
 *(.init5)
 *(.init6)
 .init6         0x000002fe       0x16 c:/program files (x86)/atmel/studio/7.0/toolchain/avr8/avr8-gnu-toolchain/bin/../lib/gcc/avr/5.4.0/avr51\libgcc.a(_ctors.o)
                0x000002fe                __do_global_ctors
 *(.init6)
 *(.init7)
 *(.init7)
 *(.init8)
 *(.init8)
 *(.init9)
 .init9         0x00000314        0x8 C:/Program Files (x86)/Atmel/Studio/7.0/Packs/atmel/ATmega_DFP/1.2.209/gcc/dev/atmega1284p/avr51/crtatmega1284p.o
 *(.init9)
 *(.text)
 .text          0x0000031c        0x2 C:/Program Files (x86)/Atmel/Studio/7.0/Packs/atmel/ATmega_DFP/1.2.209/gcc/dev/atmega1284p/avr51/crtatmega1284p.o
                0x0000031c                __vector_22
                0x0000031c                __vector_28
                0x0000031c                __vector_1
                0x0000031c                __vector_32
                0x0000031c                __vector_34
                0x0000031c                __vector_24
                0x0000031c                __vector_12
                0x0000031c                __bad_interrupt
                0x0000031c                __vector_6
                0x0000031c                __vector_31
                0x0000031c                __vector_3
                0x0000031c                __vector_23
                0x0000031c                __vector_30
                0x0000031c                __vector_25
                0x0000031c                __vector_11
                0x0000031c                __vector_13
                0x0000031c                __vector_17
                0x0000031c                __vector_27
                0x0000031c                __vector_5
                0x0000031c                __vector_33
                0x0000031c                __vector_9
                0x0000031c                __vector_2
                0x0000031c                __vector_21
                0x0000031c                __vector_15
                0x0000031c                __vector_29
                0x0000031c                __vector_8
                0x0000031c                __vector_14
                0x0000031c                __vector_10
                0x0000031c                __vector_20
                0x0000031e                . = ALIGN (0x2)
 *(.text.*)
 .text._ZN5Print17availableForWriteEv
                0x0000031e        0x6 Sketch.o
                0x0000031e                _ZN5Print17availableForWriteEv
 .text._ZN5Print5flushEv
                0x00000324        0x2 Sketch.o
                0x00000324                _ZN5Print5flushEv
 .text._ZL10enable_ETHv
                0x00000326        0x4 Sketch.o
 .text._ZL11disable_ETHv
                0x0000032a        0x4 Sketch.o
 .text._Z19InizializzaEthernetv
                0x0000032e       0xce Sketch.o
                0x0000032e                _Z19InizializzaEthernetv
 .text._Z11my_delay_msi
                0x000003fc       0x18 Sketch.o
                0x000003fc                _Z11my_delay_msi
 .text._Z9printLinev
                0x00000414       0x26 Sketch.o
                0x00000414                _Z9printLinev
 .text._Z8printTabh
                0x0000043a       0x22 Sketch.o
                0x0000043a                _Z8printTabh
 .text._Z4passb
                0x0000045c       0x30 Sketch.o
                0x0000045c                _Z4passb
 .text._Z11clearEEPROMii
                0x0000048c       0x6e Sketch.o
                0x0000048c                _Z11clearEEPROMii
 .text._Z6Buzzerhm
                0x000004fa       0x50 Sketch.o
                0x000004fa                _Z6Buzzerhm
 .text._Z13getCharKeypadi
                0x0000054a      0x1cc Sketch.o
                0x0000054a                _Z13getCharKeypadi
 .text._Z10displayLCDP6Stringii
                0x00000716       0x6a Sketch.o
                0x00000716                _Z10displayLCDP6Stringii
 .text._Z11avanzaStatom
                0x00000780       0x82 Sketch.o
                0x00000780                _Z11avanzaStatom
 .text._Z16scrivi_TAG_MezzoPc
                0x00000802      0x1d6 Sketch.o
                0x00000802                _Z16scrivi_TAG_MezzoPc
 .text._Z14leggiTAG_Mezzob
                0x000009d8      0x1c6 Sketch.o
                0x000009d8                _Z14leggiTAG_Mezzob
 .text._Z14GetCodeRfidATev
                0x00000b9e       0xcc Sketch.o
                0x00000b9e                _Z14GetCodeRfidATev
 .text._Z19GetHTTPResponseCode6String
                0x00000c6a       0xd6 Sketch.o
                0x00000c6a                _Z19GetHTTPResponseCode6String
 .text._Z11GetAteCheckiPc14EthernetClient6String
                0x00000d40      0x2b4 Sketch.o
                0x00000d40                _Z11GetAteCheckiPc14EthernetClient6String
 .text._Z17PostErogazioneGACiPc14EthernetClient6String
                0x00000ff4      0x2fa Sketch.o
                0x00000ff4                _Z17PostErogazioneGACiPc14EthernetClient6String
 .text._Z15abilitaPulsantiv
                0x000012ee       0x14 Sketch.o
                0x000012ee                _Z15abilitaPulsantiv
 .text._Z22abilitaContattiPistolav
                0x00001302        0x6 Sketch.o
                0x00001302                _Z22abilitaContattiPistolav
 .text._Z13abilitaPulserc
                0x00001308       0x2e Sketch.o
                0x00001308                _Z13abilitaPulserc
 .text._Z14impulsiToLitrii
                0x00001336       0x56 Sketch.o
                0x00001336                _Z14impulsiToLitrii
 .text._Z18Rele_Abilitazione1ii
                0x0000138c       0x76 Sketch.o
                0x0000138c                _Z18Rele_Abilitazione1ii
 .text._Z18Rele_Abilitazione2ii
                0x00001402       0x88 Sketch.o
                0x00001402                _Z18Rele_Abilitazione2ii
 .text._Z12Control_WIFIi
                0x0000148a       0x26 Sketch.o
                0x0000148a                _Z12Control_WIFIi
 .text._Z6Azzerav
                0x000014b0      0x160 Sketch.o
                0x000014b0                _Z6Azzerav
 .text._Z10inputTargac
                0x00001610      0x22a Sketch.o
                0x00001610                _Z10inputTargac
 .text._Z7inputKMc
                0x0000183a      0x1b6 Sketch.o
                0x0000183a                _Z7inputKMc
 .text._Z25read_eeprom_string_struct20ParametriCCEC_struct
                0x000019f0      0x120 Sketch.o
                0x000019f0                _Z25read_eeprom_string_struct20ParametriCCEC_struct
 .text._Z18read_eeprom_stringii
                0x00001b10      0x16a Sketch.o
                0x00001b10                _Z18read_eeprom_stringii
 .text._Z19write_eeprom_string6Stringii
                0x00001c7a      0x15a Sketch.o
                0x00001c7a                _Z19write_eeprom_string6Stringii
 .text._ZN20ParametriCCEC_structC2ERKS_
                0x00001dd4       0x32 Sketch.o
                0x00001dd4                _ZN20ParametriCCEC_structC2ERKS_
                0x00001dd4                _ZN20ParametriCCEC_structC1ERKS_
 .text._ZN20ParametriCCEC_structD2Ev
                0x00001e06       0x16 Sketch.o
                0x00001e06                _ZN20ParametriCCEC_structD1Ev
                0x00001e06                _ZN20ParametriCCEC_structD2Ev
 .text._ZN14EthernetClientC2ERKS_
                0x00001e1c       0x48 Sketch.o
                0x00001e1c                _ZN14EthernetClientC1ERKS_
                0x00001e1c                _ZN14EthernetClientC2ERKS_
 .text.loop     0x00001e64     0x1436 Sketch.o
                0x00001e64                loop
 .text.__vector_4
                0x0000329a       0xbe Sketch.o
                0x0000329a                __vector_4
 .text.__vector_7
                0x00003358       0xfe Sketch.o
                0x00003358                __vector_7
 .text.startup._GLOBAL__sub_I_ParametriCCEC
                0x00003456      0x23c Sketch.o
 .text.exit._GLOBAL__sub_D_ParametriCCEC
                0x00003692       0xb4 Sketch.o
 .text.setup    0x00003746      0x450 Sketch.o
                0x00003746                setup
 .text._ZN7PCA9534C2Ev
                0x00003b96        0xa src/libraries/Keypad/src/PCA9534.o
                0x00003b96                _ZN7PCA9534C2Ev
                0x00003b96                _ZN7PCA9534C1Ev
 .text._ZN7PCA95345beginEh
                0x00003ba0        0xc src/libraries/Keypad/src/PCA9534.o
                0x00003ba0                _ZN7PCA95345beginEh
 .text._ZN7PCA953413setporteIoExpEhhh
                0x00003bac       0xa8 src/libraries/Keypad/src/PCA9534.o
                0x00003bac                _ZN7PCA953413setporteIoExpEhhh
 .text._ZN7PCA953410setCONFREGEh
                0x00003c54       0x2e src/libraries/Keypad/src/PCA9534.o
                0x00003c54                _ZN7PCA953410setCONFREGEh
 .text._ZN7PCA953416Read_IP_REGISTEREv
                0x00003c82       0x54 src/libraries/Keypad/src/PCA9534.o
                0x00003c82                _ZN7PCA953416Read_IP_REGISTEREv
 .text._ZN9NFC_PN532C2Ehh
                0x00003cd6       0x22 src/libraries/NFC-PN532/NFC_PN532.o
                0x00003cd6                _ZN9NFC_PN532C1Ehh
                0x00003cd6                _ZN9NFC_PN532C2Ehh
 .text._ZN9NFC_PN5325beginEv
                0x00003cf8       0x42 src/libraries/NFC-PN532/NFC_PN532.o
                0x00003cf8                _ZN9NFC_PN5325beginEv
 .text._ZN9NFC_PN53210GetHexCodeEPKhm
                0x00003d3a      0x110 src/libraries/NFC-PN532/NFC_PN532.o
                0x00003d3a                _ZN9NFC_PN53210GetHexCodeEPKhm
 .text._ZN9NFC_PN5327isreadyEv
                0x00003e4a       0x12 src/libraries/NFC-PN532/NFC_PN532.o
                0x00003e4a                _ZN9NFC_PN5327isreadyEv
 .text._ZN9NFC_PN5329waitreadyEj
                0x00003e5c       0x5c src/libraries/NFC-PN532/NFC_PN532.o
                0x00003e5c                _ZN9NFC_PN5329waitreadyEj
 .text._ZN9NFC_PN5328readdataEPhh
                0x00003eb8       0x68 src/libraries/NFC-PN532/NFC_PN532.o
                0x00003eb8                _ZN9NFC_PN5328readdataEPhh
 .text._ZN9NFC_PN5327readackEv
                0x00003f20       0x44 src/libraries/NFC-PN532/NFC_PN532.o
                0x00003f20                _ZN9NFC_PN5327readackEv
 .text._ZL8i2c_sendh
                0x00003f64        0xa src/libraries/NFC-PN532/NFC_PN532.o
 .text._ZN9NFC_PN53212writecommandEPhh
                0x00003f6e       0x92 src/libraries/NFC-PN532/NFC_PN532.o
                0x00003f6e                _ZN9NFC_PN53212writecommandEPhh
 .text._ZN9NFC_PN53219sendCommandCheckAckEPhhj
                0x00004000       0x42 src/libraries/NFC-PN532/NFC_PN532.o
                0x00004000                _ZN9NFC_PN53219sendCommandCheckAckEPhhj
 .text._ZN9NFC_PN53218getFirmwareVersionEv
                0x00004042       0x90 src/libraries/NFC-PN532/NFC_PN532.o
                0x00004042                _ZN9NFC_PN53218getFirmwareVersionEv
 .text._ZN9NFC_PN5329SAMConfigEv
                0x000040d2       0x5c src/libraries/NFC-PN532/NFC_PN532.o
                0x000040d2                _ZN9NFC_PN5329SAMConfigEv
 .text._ZN9NFC_PN53227setPassiveActivationRetriesEh
                0x0000412e       0x20 src/libraries/NFC-PN532/NFC_PN532.o
                0x0000412e                _ZN9NFC_PN53227setPassiveActivationRetriesEh
 .text._ZN9NFC_PN53219readPassiveTargetIDEhPhS0_j
                0x0000414e       0xa8 src/libraries/NFC-PN532/NFC_PN532.o
                0x0000414e                _ZN9NFC_PN53219readPassiveTargetIDEhPhS0_j
 .text._ZN9NFC_PN53231mifareclassic_AuthenticateBlockEPhhmhS0_
                0x000041f6       0xc0 src/libraries/NFC-PN532/NFC_PN532.o
                0x000041f6                _ZN9NFC_PN53231mifareclassic_AuthenticateBlockEPhhmhS0_
 .text._ZN9NFC_PN53227mifareclassic_ReadDataBlockEhPh
                0x000042b6       0x66 src/libraries/NFC-PN532/NFC_PN532.o
                0x000042b6                _ZN9NFC_PN53227mifareclassic_ReadDataBlockEhPh
 .text._ZN9NFC_PN53228mifareclassic_WriteDataBlockEhPh
                0x0000431c       0x60 src/libraries/NFC-PN532/NFC_PN532.o
                0x0000431c                _ZN9NFC_PN53228mifareclassic_WriteDataBlockEhPh
 .text._ZL9date2daysjhh
                0x0000437c       0x64 src/libraries/DS3231M/src/DS3231M.o
 .text._ZL6conv2dPKc
                0x000043e0       0x1a src/libraries/DS3231M/src/DS3231M.o
 .text._ZN8DateTimeC2Em
                0x000043fa       0xf2 src/libraries/DS3231M/src/DS3231M.o
                0x000043fa                _ZN8DateTimeC2Em
                0x000043fa                _ZN8DateTimeC1Em
 .text._ZN8DateTimeC2EPK19__FlashStringHelperS2_
                0x000044ec       0xea src/libraries/DS3231M/src/DS3231M.o
                0x000044ec                _ZN8DateTimeC2EPK19__FlashStringHelperS2_
                0x000044ec                _ZN8DateTimeC1EPK19__FlashStringHelperS2_
 .text._ZNK8DateTime12dayOfTheWeekEv
                0x000045d6       0x18 src/libraries/DS3231M/src/DS3231M.o
                0x000045d6                _ZNK8DateTime12dayOfTheWeekEv
 .text._ZNK8DateTime8unixtimeEv
                0x000045ee       0x7a src/libraries/DS3231M/src/DS3231M.o
                0x000045ee                _ZNK8DateTime8unixtimeEv
 .text._ZNK8DateTime11secondstimeEv
                0x00004668       0x6a src/libraries/DS3231M/src/DS3231M.o
                0x00004668                _ZNK8DateTime11secondstimeEv
 .text._ZN13DS3231M_ClassC2Ev
                0x000046d2        0xe src/libraries/DS3231M/src/DS3231M.o
                0x000046d2                _ZN13DS3231M_ClassC2Ev
                0x000046d2                _ZN13DS3231M_ClassC1Ev
 .text._ZN13DS3231M_ClassD2Ev
                0x000046e0        0x2 src/libraries/DS3231M/src/DS3231M.o
                0x000046e0                _ZN13DS3231M_ClassD2Ev
                0x000046e0                _ZN13DS3231M_ClassD1Ev
 .text._ZN13DS3231M_Class9writeByteEhh
                0x000046e2       0x40 src/libraries/DS3231M/src/DS3231M.o
                0x000046e2                _ZN13DS3231M_Class9writeByteEhh
 .text._ZN13DS3231M_Class8readByteEh
                0x00004722       0x44 src/libraries/DS3231M/src/DS3231M.o
                0x00004722                _ZN13DS3231M_Class8readByteEh
 .text._ZN13DS3231M_Class5beginEm
                0x00004766       0x60 src/libraries/DS3231M/src/DS3231M.o
                0x00004766                _ZN13DS3231M_Class5beginEm
 .text._ZN13DS3231M_Class3nowEv
                0x000047c6      0x140 src/libraries/DS3231M/src/DS3231M.o
                0x000047c6                _ZN13DS3231M_Class3nowEv
 .text._ZN13DS3231M_Class6adjustERK8DateTime
                0x00004906      0x11c src/libraries/DS3231M/src/DS3231M.o
                0x00004906                _ZN13DS3231M_Class6adjustERK8DateTime
 .text._ZN13DS3231M_Class6adjustEv
                0x00004a22       0x42 src/libraries/DS3231M/src/DS3231M.o
                0x00004a22                _ZN13DS3231M_Class6adjustEv
 .text.startup._GLOBAL__sub_I__ZN9DhcpClass13beginWithDHCPEPhmm
                0x00004a64       0x16 src/libraries/Ethernet2/src/Dhcp.o
 .text._ZN9DNSClient5beginERK9IPAddress
                0x00004a7a       0x1a src/libraries/Ethernet2/src/Dns.o
                0x00004a7a                _ZN9DNSClient5beginERK9IPAddress
 .text._ZN9DNSClient9inet_atonEPKcR9IPAddress
                0x00004a94       0x80 src/libraries/Ethernet2/src/Dns.o
                0x00004a94                _ZN9DNSClient9inet_atonEPKcR9IPAddress
 .text.startup._GLOBAL__sub_I__ZN9DNSClient5beginERK9IPAddress
                0x00004b14       0x16 src/libraries/Ethernet2/src/Dns.o
 .text._ZN9DNSClient12BuildRequestEPKc
                0x00004b2a      0x142 src/libraries/Ethernet2/src/Dns.o
                0x00004b2a                _ZN9DNSClient12BuildRequestEPKc
 .text._ZN9DNSClient15ProcessResponseEjR9IPAddress
                0x00004c6c      0x2c2 src/libraries/Ethernet2/src/Dns.o
                0x00004c6c                _ZN9DNSClient15ProcessResponseEjR9IPAddress
 .text._ZN9DNSClient13getHostByNameEPKcR9IPAddress
                0x00004f2e      0x112 src/libraries/Ethernet2/src/Dns.o
                0x00004f2e                _ZN9DNSClient13getHostByNameEPKcR9IPAddress
 .text._ZN10W5500Class8writeGAREPh
                0x00005040        0xe src/libraries/Ethernet2/src/Ethernet2.o
                0x00005040                _ZN10W5500Class8writeGAREPh
 .text._ZN10W5500Class9writeSUBREPh
                0x0000504e        0xe src/libraries/Ethernet2/src/Ethernet2.o
                0x0000504e                _ZN10W5500Class9writeSUBREPh
 .text._ZN10W5500Class9writeSHAREPh
                0x0000505c        0xe src/libraries/Ethernet2/src/Ethernet2.o
                0x0000505c                _ZN10W5500Class9writeSHAREPh
 .text._ZN10W5500Class9writeSIPREPh
                0x0000506a        0xe src/libraries/Ethernet2/src/Ethernet2.o
                0x0000506a                _ZN10W5500Class9writeSIPREPh
 .text._ZN13EthernetClass5beginEPh9IPAddressS1_S1_S1_
                0x00005078       0x6c src/libraries/Ethernet2/src/Ethernet2.o
                0x00005078                _ZN13EthernetClass5beginEPh9IPAddressS1_S1_S1_
 .text._ZN13EthernetClass11dnsServerIPEv
                0x000050e4       0x20 src/libraries/Ethernet2/src/Ethernet2.o
                0x000050e4                _ZN13EthernetClass11dnsServerIPEv
 .text.startup._GLOBAL__sub_I__ZN13EthernetClass6_stateE
                0x00005104       0x2a src/libraries/Ethernet2/src/Ethernet2.o
 .text._ZN14EthernetClientneERKS_
                0x0000512e       0x14 src/libraries/Ethernet2/src/EthernetClient.o
                0x0000512e                _ZN14EthernetClientneERKS_
 .text._ZN14EthernetClient5writeEh
                0x00005142       0x2c src/libraries/Ethernet2/src/EthernetClient.o
                0x00005142                _ZN14EthernetClient5writeEh
 .text._ZN14EthernetClientcvbEv
                0x0000516e       0x10 src/libraries/Ethernet2/src/EthernetClient.o
                0x0000516e                _ZN14EthernetClientcvbEv
 .text._ZN14EthernetClienteqERKS_
                0x0000517e       0x16 src/libraries/Ethernet2/src/EthernetClient.o
                0x0000517e                _ZN14EthernetClienteqERKS_
 .text._ZN14EthernetClient7connectEPKcj
                0x00005194       0xb4 src/libraries/Ethernet2/src/EthernetClient.o
                0x00005194                _ZN14EthernetClient7connectEPKcj
 .text._ZN14EthernetClient5writeEPKhj
                0x00005248       0x3a src/libraries/Ethernet2/src/EthernetClient.o
                0x00005248                _ZN14EthernetClient5writeEPKhj
 .text._ZN14EthernetClient9availableEv
                0x00005282       0x14 src/libraries/Ethernet2/src/EthernetClient.o
                0x00005282                _ZN14EthernetClient9availableEv
 .text._ZN14EthernetClient4readEv
                0x00005296       0x32 src/libraries/Ethernet2/src/EthernetClient.o
                0x00005296                _ZN14EthernetClient4readEv
 .text._ZN14EthernetClient4readEPhj
                0x000052c8        0x6 src/libraries/Ethernet2/src/EthernetClient.o
                0x000052c8                _ZN14EthernetClient4readEPhj
 .text._ZN14EthernetClient4peekEv
                0x000052ce       0x44 src/libraries/Ethernet2/src/EthernetClient.o
                0x000052ce                _ZN14EthernetClient4peekEv
 .text._ZN14EthernetClient5flushEv
                0x00005312        0x6 src/libraries/Ethernet2/src/EthernetClient.o
                0x00005312                _ZN14EthernetClient5flushEv
 .text._ZN14EthernetClientC2Ev
                0x00005318       0x24 src/libraries/Ethernet2/src/EthernetClient.o
                0x00005318                _ZN14EthernetClientC2Ev
                0x00005318                _ZN14EthernetClientC1Ev
 .text._ZN14EthernetClient6statusEv
                0x0000533c       0x1a src/libraries/Ethernet2/src/EthernetClient.o
                0x0000533c                _ZN14EthernetClient6statusEv
 .text._ZN14EthernetClient9connectedEv
                0x00005356       0x46 src/libraries/Ethernet2/src/EthernetClient.o
                0x00005356                _ZN14EthernetClient9connectedEv
 .text._ZN14EthernetClient4stopEv
                0x0000539c       0x7c src/libraries/Ethernet2/src/EthernetClient.o
                0x0000539c                _ZN14EthernetClient4stopEv
 .text._ZN14EthernetClient7connectE9IPAddressj
                0x00005418       0xba src/libraries/Ethernet2/src/EthernetClient.o
                0x00005418                _ZN14EthernetClient7connectE9IPAddressj
 .text.startup._GLOBAL__sub_I__ZN14EthernetClient8_srcportE
                0x000054d2       0x16 src/libraries/Ethernet2/src/EthernetClient.o
 .text.startup._GLOBAL__sub_I__ZN14EthernetServerC2Ej
                0x000054e8       0x16 src/libraries/Ethernet2/src/EthernetServer.o
 .text._ZN3UDP14beginMulticastE9IPAddressj
                0x000054fe        0x4 src/libraries/Ethernet2/src/EthernetUdp2.o
                0x000054fe                _ZN3UDP14beginMulticastE9IPAddressj
 .text._ZN11EthernetUDP4readEPcj
                0x00005502        0xe src/libraries/Ethernet2/src/EthernetUdp2.o
                0x00005502                _ZN11EthernetUDP4readEPcj
 .text._ZN11EthernetUDP8remoteIPEv
                0x00005510       0x20 src/libraries/Ethernet2/src/EthernetUdp2.o
                0x00005510                _ZN11EthernetUDP8remoteIPEv
 .text._ZN11EthernetUDP10remotePortEv
                0x00005530        0x8 src/libraries/Ethernet2/src/EthernetUdp2.o
                0x00005530                _ZN11EthernetUDP10remotePortEv
 .text._ZN11EthernetUDP9availableEv
                0x00005538        0x8 src/libraries/Ethernet2/src/EthernetUdp2.o
                0x00005538                _ZN11EthernetUDP9availableEv
 .text._ZN11EthernetUDP5writeEh
                0x00005540       0x2c src/libraries/Ethernet2/src/EthernetUdp2.o
                0x00005540                _ZN11EthernetUDP5writeEh
 .text._ZN11EthernetUDP5flushEv
                0x0000556c       0x24 src/libraries/Ethernet2/src/EthernetUdp2.o
                0x0000556c                _ZN11EthernetUDP5flushEv
 .text._ZN11EthernetUDP4stopEv
                0x00005590       0x28 src/libraries/Ethernet2/src/EthernetUdp2.o
                0x00005590                _ZN11EthernetUDP4stopEv
 .text._ZN11EthernetUDP11beginPacketE9IPAddressj
                0x000055b8        0xe src/libraries/Ethernet2/src/EthernetUdp2.o
                0x000055b8                _ZN11EthernetUDP11beginPacketE9IPAddressj
 .text._ZN11EthernetUDP9endPacketEv
                0x000055c6        0x6 src/libraries/Ethernet2/src/EthernetUdp2.o
                0x000055c6                _ZN11EthernetUDP9endPacketEv
 .text._ZN11EthernetUDP5writeEPKhj
                0x000055cc       0x26 src/libraries/Ethernet2/src/EthernetUdp2.o
                0x000055cc                _ZN11EthernetUDP5writeEPKhj
 .text._ZN11EthernetUDP4readEv
                0x000055f2       0x50 src/libraries/Ethernet2/src/EthernetUdp2.o
                0x000055f2                _ZN11EthernetUDP4readEv
 .text._ZN11EthernetUDP4readEPhj
                0x00005642       0x3c src/libraries/Ethernet2/src/EthernetUdp2.o
                0x00005642                _ZN11EthernetUDP4readEPhj
 .text._ZN11EthernetUDP4peekEv
                0x0000567e       0x30 src/libraries/Ethernet2/src/EthernetUdp2.o
                0x0000567e                _ZN11EthernetUDP4peekEv
 .text._ZN11EthernetUDP5beginEj
                0x000056ae       0x62 src/libraries/Ethernet2/src/EthernetUdp2.o
                0x000056ae                _ZN11EthernetUDP5beginEj
 .text._ZN11EthernetUDP11parsePacketEv
                0x00005710       0x9e src/libraries/Ethernet2/src/EthernetUdp2.o
                0x00005710                _ZN11EthernetUDP11parsePacketEv
 .text._ZN11EthernetUDPC2Ev
                0x000057ae       0x2a src/libraries/Ethernet2/src/EthernetUdp2.o
                0x000057ae                _ZN11EthernetUDPC1Ev
                0x000057ae                _ZN11EthernetUDPC2Ev
 .text._ZN11EthernetUDP11beginPacketEPKcj
                0x000057d8       0xb4 src/libraries/Ethernet2/src/EthernetUdp2.o
                0x000057d8                _ZN11EthernetUDP11beginPacketEPKcj
 .text.startup._GLOBAL__sub_I__ZN11EthernetUDPC2Ev
                0x0000588c       0x16 src/libraries/Ethernet2/src/EthernetUdp2.o
 .text._ZN10W5500Class11writeSnDIPREhPh
                0x000058a2       0x16 src/libraries/Ethernet2/src/utility/socket.o
                0x000058a2                _ZN10W5500Class11writeSnDIPREhPh
 .text._ZN10W5500Class6readSnEhj
                0x000058b8       0x10 src/libraries/Ethernet2/src/utility/socket.o
                0x000058b8                _ZN10W5500Class6readSnEhj
 .text._ZN10W5500Class8readSnIREh
                0x000058c8        0x6 src/libraries/Ethernet2/src/utility/socket.o
                0x000058c8                _ZN10W5500Class8readSnIREh
 .text._ZN10W5500Class7writeSnEhjh
                0x000058ce       0x10 src/libraries/Ethernet2/src/utility/socket.o
                0x000058ce                _ZN10W5500Class7writeSnEhjh
 .text._ZN10W5500Class11writeSnPORTEhj
                0x000058de       0x1e src/libraries/Ethernet2/src/utility/socket.o
                0x000058de                _ZN10W5500Class11writeSnPORTEhj
 .text._ZN10W5500Class9writeSnIREhh
                0x000058fc        0x8 src/libraries/Ethernet2/src/utility/socket.o
                0x000058fc                _ZN10W5500Class9writeSnIREhh
 .text._ZN10W5500Class12writeSnDPORTEhj
                0x00005904       0x1e src/libraries/Ethernet2/src/utility/socket.o
                0x00005904                _ZN10W5500Class12writeSnDPORTEhj
 .text._Z5closeh
                0x00005922       0x16 src/libraries/Ethernet2/src/utility/socket.o
                0x00005922                _Z5closeh
 .text._Z6sockethhjh
                0x00005938       0x66 src/libraries/Ethernet2/src/utility/socket.o
                0x00005938                _Z6sockethhjh
 .text._Z7connecthPhj
                0x0000599e       0x66 src/libraries/Ethernet2/src/utility/socket.o
                0x0000599e                _Z7connecthPhj
 .text._Z10disconnecth
                0x00005a04        0xa src/libraries/Ethernet2/src/utility/socket.o
                0x00005a04                _Z10disconnecth
 .text._Z4sendhPKhj
                0x00005a0e       0x90 src/libraries/Ethernet2/src/utility/socket.o
                0x00005a0e                _Z4sendhPKhj
 .text._Z4recvhPhi
                0x00005a9e       0x82 src/libraries/Ethernet2/src/utility/socket.o
                0x00005a9e                _Z4recvhPhi
 .text._Z4peekhPh
                0x00005b20       0x1a src/libraries/Ethernet2/src/utility/socket.o
                0x00005b20                _Z4peekhPh
 .text._Z5flushh
                0x00005b3a        0x2 src/libraries/Ethernet2/src/utility/socket.o
                0x00005b3a                _Z5flushh
 .text._Z10bufferDatahjPKhj
                0x00005b3c       0x56 src/libraries/Ethernet2/src/utility/socket.o
                0x00005b3c                _Z10bufferDatahjPKhj
 .text._Z8startUDPhPhj
                0x00005b92       0x46 src/libraries/Ethernet2/src/utility/socket.o
                0x00005b92                _Z8startUDPhPhj
 .text._Z7sendUDPh
                0x00005bd8       0x38 src/libraries/Ethernet2/src/utility/socket.o
                0x00005bd8                _Z7sendUDPh
 .text._ZN8SPIClass16beginTransactionE11SPISettings
                0x00005c10       0x34 src/libraries/Ethernet2/src/utility/w5500.o
                0x00005c10                _ZN8SPIClass16beginTransactionE11SPISettings
 .text._ZN8SPIClass8transferEh
                0x00005c44        0xe src/libraries/Ethernet2/src/utility/w5500.o
                0x00005c44                _ZN8SPIClass8transferEh
 .text._ZN8SPIClass14endTransactionEv
                0x00005c52       0x22 src/libraries/Ethernet2/src/utility/w5500.o
                0x00005c52                _ZN8SPIClass14endTransactionEv
 .text._ZN10W5500Class5setSSEv
                0x00005c74        0x4 src/libraries/Ethernet2/src/utility/w5500.o
                0x00005c74                _ZN10W5500Class5setSSEv
 .text._ZN10W5500Class7resetSSEv
                0x00005c78        0x4 src/libraries/Ethernet2/src/utility/w5500.o
                0x00005c78                _ZN10W5500Class7resetSSEv
 .text._ZN10W5500Class5writeEjhh
                0x00005c7c       0x3c src/libraries/Ethernet2/src/utility/w5500.o
                0x00005c7c                _ZN10W5500Class5writeEjhh
 .text._ZN10W5500Class5writeEjhPKhj
                0x00005cb8       0x58 src/libraries/Ethernet2/src/utility/w5500.o
                0x00005cb8                _ZN10W5500Class5writeEjhPKhj
 .text._ZN10W5500Class4readEjh
                0x00005d10       0x38 src/libraries/Ethernet2/src/utility/w5500.o
                0x00005d10                _ZN10W5500Class4readEjh
 .text._ZN10W5500Class4initEh
                0x00005d48       0x58 src/libraries/Ethernet2/src/utility/w5500.o
                0x00005d48                _ZN10W5500Class4initEh
 .text._ZN10W5500Class12readSnTX_FSREh
                0x00005da0       0x2e src/libraries/Ethernet2/src/utility/w5500.o
                0x00005da0                _ZN10W5500Class12readSnTX_FSREh
 .text._ZN10W5500Class13getTXFreeSizeEh
                0x00005dce       0x34 src/libraries/Ethernet2/src/utility/w5500.o
                0x00005dce                _ZN10W5500Class13getTXFreeSizeEh
 .text._ZN10W5500Class12readSnRX_RSREh
                0x00005e02       0x2e src/libraries/Ethernet2/src/utility/w5500.o
                0x00005e02                _ZN10W5500Class12readSnRX_RSREh
 .text._ZN10W5500Class17getRXReceivedSizeEh
                0x00005e30       0x34 src/libraries/Ethernet2/src/utility/w5500.o
                0x00005e30                _ZN10W5500Class17getRXReceivedSizeEh
 .text._ZN10W5500Class27send_data_processing_offsetEhjPKhj
                0x00005e64       0x74 src/libraries/Ethernet2/src/utility/w5500.o
                0x00005e64                _ZN10W5500Class27send_data_processing_offsetEhjPKhj
 .text._ZN10W5500Class20send_data_processingEhPKhj
                0x00005ed8       0x14 src/libraries/Ethernet2/src/utility/w5500.o
                0x00005ed8                _ZN10W5500Class20send_data_processingEhPKhj
 .text._ZN10W5500Class4readEjhPhj
                0x00005eec       0x5a src/libraries/Ethernet2/src/utility/w5500.o
                0x00005eec                _ZN10W5500Class4readEjhPhj
 .text._ZN10W5500Class9read_dataEhjPVhj
                0x00005f46       0x30 src/libraries/Ethernet2/src/utility/w5500.o
                0x00005f46                _ZN10W5500Class9read_dataEhjPVhj
 .text._ZN10W5500Class20recv_data_processingEhPhjh
                0x00005f76       0x9a src/libraries/Ethernet2/src/utility/w5500.o
                0x00005f76                _ZN10W5500Class20recv_data_processingEhPhjh
 .text._ZN10W5500Class9execCmdSnEh7SockCMD
                0x00006010       0x1c src/libraries/Ethernet2/src/utility/w5500.o
                0x00006010                _ZN10W5500Class9execCmdSnEh7SockCMD
 .text.startup._GLOBAL__sub_I_w5500
                0x0000602c        0xe src/libraries/Ethernet2/src/utility/w5500.o
 .text._ZN5I2CIOC2Ev
                0x0000603a        0xe src/libraries/LiquidCrystal/src/I2CIO.o
                0x0000603a                _ZN5I2CIOC2Ev
                0x0000603a                _ZN5I2CIOC1Ev
 .text._ZN5I2CIO8portModeEh
                0x00006048       0x16 src/libraries/LiquidCrystal/src/I2CIO.o
                0x00006048                _ZN5I2CIO8portModeEh
 .text._ZN5I2CIO11isAvailableEh
                0x0000605e       0x16 src/libraries/LiquidCrystal/src/I2CIO.o
                0x0000605e                _ZN5I2CIO11isAvailableEh
 .text._ZN5I2CIO5beginEh
                0x00006074       0x2c src/libraries/LiquidCrystal/src/I2CIO.o
                0x00006074                _ZN5I2CIO5beginEh
 .text._ZN5I2CIO5writeEh
                0x000060a0       0x48 src/libraries/LiquidCrystal/src/I2CIO.o
                0x000060a0                _ZN5I2CIO5writeEh
 .text._ZN3LCD15setBacklightPinEh13t_backlighPol
                0x000060e8        0x2 src/libraries/LiquidCrystal/src/LCD.o
                0x000060e8                _ZN3LCD15setBacklightPinEh13t_backlighPol
 .text._ZN3LCD12setBacklightEh
                0x000060ea        0x2 src/libraries/LiquidCrystal/src/LCD.o
                0x000060ea                _ZN3LCD12setBacklightEh
 .text._ZN3LCD5writeEh
                0x000060ec       0x16 src/libraries/LiquidCrystal/src/LCD.o
                0x000060ec                _ZN3LCD5writeEh
 .text._ZN3LCDC2Ev
                0x00006102       0x10 src/libraries/LiquidCrystal/src/LCD.o
                0x00006102                _ZN3LCDC1Ev
                0x00006102                _ZN3LCDC2Ev
 .text._ZN3LCD9backlightEv
                0x00006112       0x10 src/libraries/LiquidCrystal/src/LCD.o
                0x00006112                _ZN3LCD9backlightEv
 .text._ZN3LCD11noBacklightEv
                0x00006122       0x10 src/libraries/LiquidCrystal/src/LCD.o
                0x00006122                _ZN3LCD11noBacklightEv
 .text._ZN3LCD7commandEh
                0x00006132       0x10 src/libraries/LiquidCrystal/src/LCD.o
                0x00006132                _ZN3LCD7commandEh
 .text._ZN3LCD5clearEv
                0x00006142        0xc src/libraries/LiquidCrystal/src/LCD.o
                0x00006142                _ZN3LCD5clearEv
 .text._ZN3LCD9setCursorEhh
                0x0000614e       0x84 src/libraries/LiquidCrystal/src/LCD.o
                0x0000614e                _ZN3LCD9setCursorEhh
 .text._ZN3LCD9noDisplayEv
                0x000061d2        0xc src/libraries/LiquidCrystal/src/LCD.o
                0x000061d2                _ZN3LCD9noDisplayEv
 .text._ZN3LCD7displayEv
                0x000061de        0xe src/libraries/LiquidCrystal/src/LCD.o
                0x000061de                _ZN3LCD7displayEv
 .text._ZN3LCD5beginEhhh
                0x000061ec       0xf2 src/libraries/LiquidCrystal/src/LCD.o
                0x000061ec                _ZN3LCD5beginEhhh
 .text._ZN3LCD10createCharEhPh
                0x000062de       0x5e src/libraries/LiquidCrystal/src/LCD.o
                0x000062de                _ZN3LCD10createCharEhPh
 .text._ZN17LiquidCrystal_I2C15setBacklightPinEh13t_backlighPol
                0x0000633c       0x26 src/libraries/LiquidCrystal/src/LiquidCrystal_I2C.o
                0x0000633c                _ZN17LiquidCrystal_I2C15setBacklightPinEh13t_backlighPol
 .text._ZN17LiquidCrystal_I2C12setBacklightEh
                0x00006362       0x2c src/libraries/LiquidCrystal/src/LiquidCrystal_I2C.o
                0x00006362                _ZN17LiquidCrystal_I2C12setBacklightEh
 .text._ZN17LiquidCrystal_I2C4initEv
                0x0000638e       0x3e src/libraries/LiquidCrystal/src/LiquidCrystal_I2C.o
                0x0000638e                _ZN17LiquidCrystal_I2C4initEv
 .text._ZN17LiquidCrystal_I2C6configEhhhhhhhh
                0x000063cc       0x80 src/libraries/LiquidCrystal/src/LiquidCrystal_I2C.o
                0x000063cc                _ZN17LiquidCrystal_I2C6configEhhhhhhhh
 .text._ZN17LiquidCrystal_I2CC2Ehhhhhhhhh13t_backlighPol
                0x0000644c       0x6c src/libraries/LiquidCrystal/src/LiquidCrystal_I2C.o
                0x0000644c                _ZN17LiquidCrystal_I2CC1Ehhhhhhhhh13t_backlighPol
                0x0000644c                _ZN17LiquidCrystal_I2CC2Ehhhhhhhhh13t_backlighPol
 .text._ZN17LiquidCrystal_I2C11pulseEnableEh
                0x000064b8       0x36 src/libraries/LiquidCrystal/src/LiquidCrystal_I2C.o
                0x000064b8                _ZN17LiquidCrystal_I2C11pulseEnableEh
 .text._ZN17LiquidCrystal_I2C10write4bitsEhh
                0x000064ee       0x30 src/libraries/LiquidCrystal/src/LiquidCrystal_I2C.o
                0x000064ee                _ZN17LiquidCrystal_I2C10write4bitsEhh
 .text._ZN17LiquidCrystal_I2C4sendEhh
                0x0000651e       0x3a src/libraries/LiquidCrystal/src/LiquidCrystal_I2C.o
                0x0000651e                _ZN17LiquidCrystal_I2C4sendEhh
 .text._ZN17LiquidCrystal_I2C5beginEhhh
                0x00006558       0x28 src/libraries/LiquidCrystal/src/LiquidCrystal_I2C.o
                0x00006558                _ZN17LiquidCrystal_I2C5beginEhhh
 .text._ZN8SPIClass5beginEv
                0x00006580       0x6c src/libraries/SPI/src/SPI.o
                0x00006580                _ZN8SPIClass5beginEv
 .text.twi_init
                0x000065ec       0x3c src/libraries/Wire/src/utility/twi.o
                0x000065ec                twi_init
 .text.twi_disable
                0x00006628       0x1a src/libraries/Wire/src/utility/twi.o
                0x00006628                twi_disable
 .text.twi_setFrequency
                0x00006642       0x28 src/libraries/Wire/src/utility/twi.o
                0x00006642                twi_setFrequency
 .text.twi_readFrom
                0x0000666a       0x90 src/libraries/Wire/src/utility/twi.o
                0x0000666a                twi_readFrom
 .text.twi_writeTo
                0x000066fa       0xac src/libraries/Wire/src/utility/twi.o
                0x000066fa                twi_writeTo
 .text.twi_transmit
                0x000067a6       0x50 src/libraries/Wire/src/utility/twi.o
                0x000067a6                twi_transmit
 .text.twi_attachSlaveRxEvent
                0x000067f6        0xa src/libraries/Wire/src/utility/twi.o
                0x000067f6                twi_attachSlaveRxEvent
 .text.twi_attachSlaveTxEvent
                0x00006800        0xa src/libraries/Wire/src/utility/twi.o
                0x00006800                twi_attachSlaveTxEvent
 .text.twi_stop
                0x0000680a       0x14 src/libraries/Wire/src/utility/twi.o
                0x0000680a                twi_stop
 .text.twi_releaseBus
                0x0000681e        0xc src/libraries/Wire/src/utility/twi.o
                0x0000681e                twi_releaseBus
 .text.__vector_26
                0x0000682a      0x25c src/libraries/Wire/src/utility/twi.o
                0x0000682a                __vector_26
 .text._ZN7TwoWire9availableEv
                0x00006a86       0x10 src/libraries/Wire/src/Wire.o
                0x00006a86                _ZN7TwoWire9availableEv
 .text._ZN7TwoWire4readEv
                0x00006a96       0x28 src/libraries/Wire/src/Wire.o
                0x00006a96                _ZN7TwoWire4readEv
 .text._ZN7TwoWire4peekEv
                0x00006abe       0x1e src/libraries/Wire/src/Wire.o
                0x00006abe                _ZN7TwoWire4peekEv
 .text._ZN7TwoWire5flushEv
                0x00006adc        0x2 src/libraries/Wire/src/Wire.o
                0x00006adc                _ZN7TwoWire5flushEv
 .text._ZN7TwoWire16onReceiveServiceEPhi
                0x00006ade       0x54 src/libraries/Wire/src/Wire.o
                0x00006ade                _ZN7TwoWire16onReceiveServiceEPhi
 .text._ZN7TwoWire16onRequestServiceEv
                0x00006b32       0x18 src/libraries/Wire/src/Wire.o
                0x00006b32                _ZN7TwoWire16onRequestServiceEv
 .text._ZN7TwoWire5writeEPKhj
                0x00006b4a       0x58 src/libraries/Wire/src/Wire.o
                0x00006b4a                _ZN7TwoWire5writeEPKhj
 .text._ZN7TwoWire5writeEh
                0x00006ba2       0x5c src/libraries/Wire/src/Wire.o
                0x00006ba2                _ZN7TwoWire5writeEh
 .text._ZN7TwoWireC2Ev
                0x00006bfe       0x20 src/libraries/Wire/src/Wire.o
                0x00006bfe                _ZN7TwoWireC1Ev
                0x00006bfe                _ZN7TwoWireC2Ev
 .text._ZN7TwoWire5beginEv
                0x00006c1e       0x1e src/libraries/Wire/src/Wire.o
                0x00006c1e                _ZN7TwoWire5beginEv
 .text._ZN7TwoWire3endEv
                0x00006c3c        0x2 src/libraries/Wire/src/Wire.o
                0x00006c3c                _ZN7TwoWire3endEv
 .text._ZN7TwoWire8setClockEm
                0x00006c3e        0x6 src/libraries/Wire/src/Wire.o
                0x00006c3e                _ZN7TwoWire8setClockEm
 .text._ZN7TwoWire17beginTransmissionEh
                0x00006c44       0x14 src/libraries/Wire/src/Wire.o
                0x00006c44                _ZN7TwoWire17beginTransmissionEh
 .text._ZN7TwoWire17beginTransmissionEi
                0x00006c58        0x2 src/libraries/Wire/src/Wire.o
                0x00006c58                _ZN7TwoWire17beginTransmissionEi
 .text._ZN7TwoWire15endTransmissionEh
                0x00006c5a       0x24 src/libraries/Wire/src/Wire.o
                0x00006c5a                _ZN7TwoWire15endTransmissionEh
 .text._ZN7TwoWire11requestFromEhhmhh
                0x00006c7e       0xa2 src/libraries/Wire/src/Wire.o
                0x00006c7e                _ZN7TwoWire11requestFromEhhmhh
 .text._ZN7TwoWire11requestFromEhhh
                0x00006d20       0x1e src/libraries/Wire/src/Wire.o
                0x00006d20                _ZN7TwoWire11requestFromEhhh
 .text._ZN7TwoWire11requestFromEhh
                0x00006d3e        0x4 src/libraries/Wire/src/Wire.o
                0x00006d3e                _ZN7TwoWire11requestFromEhh
 .text._ZN7TwoWire11requestFromEii
                0x00006d42        0x4 src/libraries/Wire/src/Wire.o
                0x00006d42                _ZN7TwoWire11requestFromEii
 .text._ZN7TwoWire15endTransmissionEv
                0x00006d46        0x4 src/libraries/Wire/src/Wire.o
                0x00006d46                _ZN7TwoWire15endTransmissionEv
 .text.startup._GLOBAL__sub_I__ZN7TwoWire8rxBufferE
                0x00006d4a        0x6 src/libraries/Wire/src/Wire.o
 .text.avr-libc.fplib
                0x00006d50        0x8 c:/program files (x86)/atmel/studio/7.0/toolchain/avr8/avr8-gnu-toolchain/bin/../lib/gcc/avr/5.4.0/../../../../avr/lib/avr51\libm.a(cmpsf2.o)
                0x00006d50                __nesf2
                0x00006d50                __eqsf2
                0x00006d50                __cmpsf2
                0x00006d50                __ltsf2
                0x00006d50                __lesf2
 .text.avr-libc.fplib
                0x00006d58        0x4 c:/program files (x86)/atmel/studio/7.0/toolchain/avr8/avr8-gnu-toolchain/bin/../lib/gcc/avr/5.4.0/../../../../avr/lib/avr51\libm.a(divsf3.o)
                0x00006d58                __divsf3
 .text.avr-libc.fplib
                0x00006d5c       0xcc c:/program files (x86)/atmel/studio/7.0/toolchain/avr8/avr8-gnu-toolchain/bin/../lib/gcc/avr/5.4.0/../../../../avr/lib/avr51\libm.a(divsf3x.o)
                0x00006d72                __divsf3x
                0x00006d76                __divsf3_pse
 .text.avr-libc.fplib
                0x00006e28       0x7a c:/program files (x86)/atmel/studio/7.0/toolchain/avr8/avr8-gnu-toolchain/bin/../lib/gcc/avr/5.4.0/../../../../avr/lib/avr51\libm.a(floatsisf.o)
                0x00006e28                __floatunsisf
                0x00006e2c                __floatsisf
 .text.avr-libc.fplib
                0x00006ea2       0x48 c:/program files (x86)/atmel/studio/7.0/toolchain/avr8/avr8-gnu-toolchain/bin/../lib/gcc/avr/5.4.0/../../../../avr/lib/avr51\libm.a(fp_cmp.o)
                0x00006ea2                __fp_cmp
 .text.avr-libc.fplib
                0x00006eea        0xc c:/program files (x86)/atmel/studio/7.0/toolchain/avr8/avr8-gnu-toolchain/bin/../lib/gcc/avr/5.4.0/../../../../avr/lib/avr51\libm.a(fp_inf.o)
                0x00006eea                __fp_inf
 .text.avr-libc.fplib
                0x00006ef6        0x6 c:/program files (x86)/atmel/studio/7.0/toolchain/avr8/avr8-gnu-toolchain/bin/../lib/gcc/avr/5.4.0/../../../../avr/lib/avr51\libm.a(fp_nan.o)
                0x00006ef6                __fp_nan
 .text.avr-libc.fplib
                0x00006efc        0xe c:/program files (x86)/atmel/studio/7.0/toolchain/avr8/avr8-gnu-toolchain/bin/../lib/gcc/avr/5.4.0/../../../../avr/lib/avr51\libm.a(fp_pscA.o)
                0x00006efc                __fp_pscA
 .text.avr-libc.fplib
                0x00006f0a        0xe c:/program files (x86)/atmel/studio/7.0/toolchain/avr8/avr8-gnu-toolchain/bin/../lib/gcc/avr/5.4.0/../../../../avr/lib/avr51\libm.a(fp_pscB.o)
                0x00006f0a                __fp_pscB
 .text.avr-libc.fplib
                0x00006f18       0x22 c:/program files (x86)/atmel/studio/7.0/toolchain/avr8/avr8-gnu-toolchain/bin/../lib/gcc/avr/5.4.0/../../../../avr/lib/avr51\libm.a(fp_round.o)
                0x00006f18                __fp_round
 .text.avr-libc.fplib
                0x00006f3a       0x44 c:/program files (x86)/atmel/studio/7.0/toolchain/avr8/avr8-gnu-toolchain/bin/../lib/gcc/avr/5.4.0/../../../../avr/lib/avr51\libm.a(fp_split3.o)
                0x00006f3a                __fp_split3
                0x00006f4a                __fp_splitA
 .text.avr-libc.fplib
                0x00006f7e        0xe c:/program files (x86)/atmel/studio/7.0/toolchain/avr8/avr8-gnu-toolchain/bin/../lib/gcc/avr/5.4.0/../../../../avr/lib/avr51\libm.a(fp_zero.o)
                0x00006f7e                __fp_zero
                0x00006f80                __fp_szero
 .text.__cxa_pure_virtual
                0x00006f8c        0x4 C:\Users\utente\Desktop\CCEC\NOVARA\fw\fwCCEC\TuinoDemo\ArduinoCore\Debug\libArduinoCore.a(abi.o)
                0x00006f8c                __cxa_pure_virtual
 .text.__vector_18
                0x00006f90       0x64 C:\Users\utente\Desktop\CCEC\NOVARA\fw\fwCCEC\TuinoDemo\ArduinoCore\Debug\libArduinoCore.a(HardwareSerial0.o)
                0x00006f90                __vector_18
 .text.__vector_19
                0x00006ff4       0x4a C:\Users\utente\Desktop\CCEC\NOVARA\fw\fwCCEC\TuinoDemo\ArduinoCore\Debug\libArduinoCore.a(HardwareSerial0.o)
                0x00006ff4                __vector_19
 .text._Z17Serial0_availablev
                0x0000703e       0x12 C:\Users\utente\Desktop\CCEC\NOVARA\fw\fwCCEC\TuinoDemo\ArduinoCore\Debug\libArduinoCore.a(HardwareSerial0.o)
                0x0000703e                _Z17Serial0_availablev
 .text.startup._GLOBAL__sub_I___vector_18
                0x00007050       0x5a C:\Users\utente\Desktop\CCEC\NOVARA\fw\fwCCEC\TuinoDemo\ArduinoCore\Debug\libArduinoCore.a(HardwareSerial0.o)
 .text._ZNK9IPAddress7printToER5Print
                0x000070aa       0x7e C:\Users\utente\Desktop\CCEC\NOVARA\fw\fwCCEC\TuinoDemo\ArduinoCore\Debug\libArduinoCore.a(IPAddress.o)
                0x000070aa                _ZNK9IPAddress7printToER5Print
 .text._ZN9IPAddressC2Ev
                0x00007128       0x14 C:\Users\utente\Desktop\CCEC\NOVARA\fw\fwCCEC\TuinoDemo\ArduinoCore\Debug\libArduinoCore.a(IPAddress.o)
                0x00007128                _ZN9IPAddressC1Ev
                0x00007128                _ZN9IPAddressC2Ev
 .text._ZN9IPAddressC2Ehhhh
                0x0000713c       0x18 C:\Users\utente\Desktop\CCEC\NOVARA\fw\fwCCEC\TuinoDemo\ArduinoCore\Debug\libArduinoCore.a(IPAddress.o)
                0x0000713c                _ZN9IPAddressC2Ehhhh
                0x0000713c                _ZN9IPAddressC1Ehhhh
 .text._ZN9IPAddressaSEPKh
                0x00007154       0x12 C:\Users\utente\Desktop\CCEC\NOVARA\fw\fwCCEC\TuinoDemo\ArduinoCore\Debug\libArduinoCore.a(IPAddress.o)
                0x00007154                _ZN9IPAddressaSEPKh
 .text.initVariant
                0x00007166        0x2 C:\Users\utente\Desktop\CCEC\NOVARA\fw\fwCCEC\TuinoDemo\ArduinoCore\Debug\libArduinoCore.a(main.o)
                0x00007166                initVariant
 .text.startup.main
                0x00007168       0x18 C:\Users\utente\Desktop\CCEC\NOVARA\fw\fwCCEC\TuinoDemo\ArduinoCore\Debug\libArduinoCore.a(main.o)
                0x00007168                main
 .text._ZN5Print5writeEPKhj
                0x00007180       0x54 C:\Users\utente\Desktop\CCEC\NOVARA\fw\fwCCEC\TuinoDemo\ArduinoCore\Debug\libArduinoCore.a(Print.o)
                0x00007180                _ZN5Print5writeEPKhj
 .text._ZN5Print5writeEPKc
                0x000071d4       0x2a C:\Users\utente\Desktop\CCEC\NOVARA\fw\fwCCEC\TuinoDemo\ArduinoCore\Debug\libArduinoCore.a(Print.o)
                0x000071d4                _ZN5Print5writeEPKc
 .text._ZN5Print5printEPK19__FlashStringHelper
                0x000071fe       0x48 C:\Users\utente\Desktop\CCEC\NOVARA\fw\fwCCEC\TuinoDemo\ArduinoCore\Debug\libArduinoCore.a(Print.o)
                0x000071fe                _ZN5Print5printEPK19__FlashStringHelper
 .text._ZN5Print5printERK6String
                0x00007246       0x1c C:\Users\utente\Desktop\CCEC\NOVARA\fw\fwCCEC\TuinoDemo\ArduinoCore\Debug\libArduinoCore.a(Print.o)
                0x00007246                _ZN5Print5printERK6String
 .text._ZN5Print5printEPKc
                0x00007262        0x2 C:\Users\utente\Desktop\CCEC\NOVARA\fw\fwCCEC\TuinoDemo\ArduinoCore\Debug\libArduinoCore.a(Print.o)
                0x00007262                _ZN5Print5printEPKc
 .text._ZN5Print5printEc
                0x00007264        0xe C:\Users\utente\Desktop\CCEC\NOVARA\fw\fwCCEC\TuinoDemo\ArduinoCore\Debug\libArduinoCore.a(Print.o)
                0x00007264                _ZN5Print5printEc
 .text._ZN5Print7printlnEv
                0x00007272        0x6 C:\Users\utente\Desktop\CCEC\NOVARA\fw\fwCCEC\TuinoDemo\ArduinoCore\Debug\libArduinoCore.a(Print.o)
                0x00007272                _ZN5Print7printlnEv
 .text._ZN5Print7printlnEPK19__FlashStringHelper
                0x00007278       0x20 C:\Users\utente\Desktop\CCEC\NOVARA\fw\fwCCEC\TuinoDemo\ArduinoCore\Debug\libArduinoCore.a(Print.o)
                0x00007278                _ZN5Print7printlnEPK19__FlashStringHelper
 .text._ZN5Print7printlnERK6String
                0x00007298       0x20 C:\Users\utente\Desktop\CCEC\NOVARA\fw\fwCCEC\TuinoDemo\ArduinoCore\Debug\libArduinoCore.a(Print.o)
                0x00007298                _ZN5Print7printlnERK6String
 .text._ZN5Print7printlnEPKc
                0x000072b8       0x20 C:\Users\utente\Desktop\CCEC\NOVARA\fw\fwCCEC\TuinoDemo\ArduinoCore\Debug\libArduinoCore.a(Print.o)
                0x000072b8                _ZN5Print7printlnEPKc
 .text._ZN5Print11printNumberEmh
                0x000072d8       0x8e C:\Users\utente\Desktop\CCEC\NOVARA\fw\fwCCEC\TuinoDemo\ArduinoCore\Debug\libArduinoCore.a(Print.o)
                0x000072d8                _ZN5Print11printNumberEmh
 .text._ZN5Print5printEmi
                0x00007366       0x18 C:\Users\utente\Desktop\CCEC\NOVARA\fw\fwCCEC\TuinoDemo\ArduinoCore\Debug\libArduinoCore.a(Print.o)
                0x00007366                _ZN5Print5printEmi
 .text._ZN5Print5printEhi
                0x0000737e        0xc C:\Users\utente\Desktop\CCEC\NOVARA\fw\fwCCEC\TuinoDemo\ArduinoCore\Debug\libArduinoCore.a(Print.o)
                0x0000737e                _ZN5Print5printEhi
 .text._ZN5Print5printEji
                0x0000738a        0xa C:\Users\utente\Desktop\CCEC\NOVARA\fw\fwCCEC\TuinoDemo\ArduinoCore\Debug\libArduinoCore.a(Print.o)
                0x0000738a                _ZN5Print5printEji
 .text._ZN5Print7printlnEmi
                0x00007394       0x20 C:\Users\utente\Desktop\CCEC\NOVARA\fw\fwCCEC\TuinoDemo\ArduinoCore\Debug\libArduinoCore.a(Print.o)
                0x00007394                _ZN5Print7printlnEmi
 .text.__vector_16
                0x000073b4       0x94 C:\Users\utente\Desktop\CCEC\NOVARA\fw\fwCCEC\TuinoDemo\ArduinoCore\Debug\libArduinoCore.a(wiring.o)
                0x000073b4                __vector_16
 .text.millis   0x00007448       0x18 C:\Users\utente\Desktop\CCEC\NOVARA\fw\fwCCEC\TuinoDemo\ArduinoCore\Debug\libArduinoCore.a(wiring.o)
                0x00007448                millis
 .text.micros   0x00007460       0x4a C:\Users\utente\Desktop\CCEC\NOVARA\fw\fwCCEC\TuinoDemo\ArduinoCore\Debug\libArduinoCore.a(wiring.o)
                0x00007460                micros
 .text.delay    0x000074aa       0x72 C:\Users\utente\Desktop\CCEC\NOVARA\fw\fwCCEC\TuinoDemo\ArduinoCore\Debug\libArduinoCore.a(wiring.o)
                0x000074aa                delay
 .text.delayMicroseconds
                0x0000751c       0x16 C:\Users\utente\Desktop\CCEC\NOVARA\fw\fwCCEC\TuinoDemo\ArduinoCore\Debug\libArduinoCore.a(wiring.o)
                0x0000751c                delayMicroseconds
 .text.init     0x00007532       0x76 C:\Users\utente\Desktop\CCEC\NOVARA\fw\fwCCEC\TuinoDemo\ArduinoCore\Debug\libArduinoCore.a(wiring.o)
                0x00007532                init
 .text.turnOffPWM
                0x000075a8       0x52 C:\Users\utente\Desktop\CCEC\NOVARA\fw\fwCCEC\TuinoDemo\ArduinoCore\Debug\libArduinoCore.a(wiring_digital.o)
 .text.pinMode  0x000075fa       0x78 C:\Users\utente\Desktop\CCEC\NOVARA\fw\fwCCEC\TuinoDemo\ArduinoCore\Debug\libArduinoCore.a(wiring_digital.o)
                0x000075fa                pinMode
 .text.digitalWrite
                0x00007672       0x5c C:\Users\utente\Desktop\CCEC\NOVARA\fw\fwCCEC\TuinoDemo\ArduinoCore\Debug\libArduinoCore.a(wiring_digital.o)
                0x00007672                digitalWrite
 .text.digitalRead
                0x000076ce       0x50 C:\Users\utente\Desktop\CCEC\NOVARA\fw\fwCCEC\TuinoDemo\ArduinoCore\Debug\libArduinoCore.a(wiring_digital.o)
                0x000076ce                digitalRead
 .text._ZNK6String14StringIfHelperEv
                0x0000771e        0x2 C:\Users\utente\Desktop\CCEC\NOVARA\fw\fwCCEC\TuinoDemo\ArduinoCore\Debug\libArduinoCore.a(WString.o)
                0x0000771e                _ZNK6String14StringIfHelperEv
 .text._ZN6StringD2Ev
                0x00007720        0x8 C:\Users\utente\Desktop\CCEC\NOVARA\fw\fwCCEC\TuinoDemo\ArduinoCore\Debug\libArduinoCore.a(WString.o)
                0x00007720                _ZN6StringD2Ev
                0x00007720                _ZN6StringD1Ev
 .text._ZN6String10invalidateEv
                0x00007728       0x22 C:\Users\utente\Desktop\CCEC\NOVARA\fw\fwCCEC\TuinoDemo\ArduinoCore\Debug\libArduinoCore.a(WString.o)
                0x00007728                _ZN6String10invalidateEv
 .text._ZN6String12changeBufferEj
                0x0000774a       0x32 C:\Users\utente\Desktop\CCEC\NOVARA\fw\fwCCEC\TuinoDemo\ArduinoCore\Debug\libArduinoCore.a(WString.o)
                0x0000774a                _ZN6String12changeBufferEj
 .text._ZN6String7reserveEj
                0x0000777c       0x36 C:\Users\utente\Desktop\CCEC\NOVARA\fw\fwCCEC\TuinoDemo\ArduinoCore\Debug\libArduinoCore.a(WString.o)
                0x0000777c                _ZN6String7reserveEj
 .text._ZN6String4copyEPKcj
                0x000077b2       0x3c C:\Users\utente\Desktop\CCEC\NOVARA\fw\fwCCEC\TuinoDemo\ArduinoCore\Debug\libArduinoCore.a(WString.o)
                0x000077b2                _ZN6String4copyEPKcj
 .text._ZN6StringC2EPKc
                0x000077ee       0x28 C:\Users\utente\Desktop\CCEC\NOVARA\fw\fwCCEC\TuinoDemo\ArduinoCore\Debug\libArduinoCore.a(WString.o)
                0x000077ee                _ZN6StringC2EPKc
                0x000077ee                _ZN6StringC1EPKc
 .text._ZN6String4moveERS_
                0x00007816       0x76 C:\Users\utente\Desktop\CCEC\NOVARA\fw\fwCCEC\TuinoDemo\ArduinoCore\Debug\libArduinoCore.a(WString.o)
                0x00007816                _ZN6String4moveERS_
 .text._ZN6StringC2EOS_
                0x0000788c       0x10 C:\Users\utente\Desktop\CCEC\NOVARA\fw\fwCCEC\TuinoDemo\ArduinoCore\Debug\libArduinoCore.a(WString.o)
                0x0000788c                _ZN6StringC1EOS_
                0x0000788c                _ZN6StringC2EOS_
 .text._ZN6StringaSERKS_
                0x0000789c       0x2a C:\Users\utente\Desktop\CCEC\NOVARA\fw\fwCCEC\TuinoDemo\ArduinoCore\Debug\libArduinoCore.a(WString.o)
                0x0000789c                _ZN6StringaSERKS_
 .text._ZN6StringC2ERKS_
                0x000078c6       0x10 C:\Users\utente\Desktop\CCEC\NOVARA\fw\fwCCEC\TuinoDemo\ArduinoCore\Debug\libArduinoCore.a(WString.o)
                0x000078c6                _ZN6StringC2ERKS_
                0x000078c6                _ZN6StringC1ERKS_
 .text._ZN6StringaSEOS_
                0x000078d6       0x16 C:\Users\utente\Desktop\CCEC\NOVARA\fw\fwCCEC\TuinoDemo\ArduinoCore\Debug\libArduinoCore.a(WString.o)
                0x000078d6                _ZN6StringaSEOS_
 .text._ZN6StringaSEPKc
                0x000078ec       0x2a C:\Users\utente\Desktop\CCEC\NOVARA\fw\fwCCEC\TuinoDemo\ArduinoCore\Debug\libArduinoCore.a(WString.o)
                0x000078ec                _ZN6StringaSEPKc
 .text._ZN6StringC2Ec
                0x00007916       0x2e C:\Users\utente\Desktop\CCEC\NOVARA\fw\fwCCEC\TuinoDemo\ArduinoCore\Debug\libArduinoCore.a(WString.o)
                0x00007916                _ZN6StringC1Ec
                0x00007916                _ZN6StringC2Ec
 .text._ZN6StringC2Ehh
                0x00007944       0x56 C:\Users\utente\Desktop\CCEC\NOVARA\fw\fwCCEC\TuinoDemo\ArduinoCore\Debug\libArduinoCore.a(WString.o)
                0x00007944                _ZN6StringC2Ehh
                0x00007944                _ZN6StringC1Ehh
 .text._ZN6StringC2Eih
                0x0000799a       0x54 C:\Users\utente\Desktop\CCEC\NOVARA\fw\fwCCEC\TuinoDemo\ArduinoCore\Debug\libArduinoCore.a(WString.o)
                0x0000799a                _ZN6StringC2Eih
                0x0000799a                _ZN6StringC1Eih
 .text._ZN6StringC2Ejh
                0x000079ee       0x54 C:\Users\utente\Desktop\CCEC\NOVARA\fw\fwCCEC\TuinoDemo\ArduinoCore\Debug\libArduinoCore.a(WString.o)
                0x000079ee                _ZN6StringC1Ejh
                0x000079ee                _ZN6StringC2Ejh
 .text._ZN6StringC2Emh
                0x00007a42       0x56 C:\Users\utente\Desktop\CCEC\NOVARA\fw\fwCCEC\TuinoDemo\ArduinoCore\Debug\libArduinoCore.a(WString.o)
                0x00007a42                _ZN6StringC1Emh
                0x00007a42                _ZN6StringC2Emh
 .text._ZN6StringC2Edh
                0x00007a98       0x5c C:\Users\utente\Desktop\CCEC\NOVARA\fw\fwCCEC\TuinoDemo\ArduinoCore\Debug\libArduinoCore.a(WString.o)
                0x00007a98                _ZN6StringC1Edh
                0x00007a98                _ZN6StringC2Edh
 .text._ZN6String6concatEPKcj
                0x00007af4       0x58 C:\Users\utente\Desktop\CCEC\NOVARA\fw\fwCCEC\TuinoDemo\ArduinoCore\Debug\libArduinoCore.a(WString.o)
                0x00007af4                _ZN6String6concatEPKcj
 .text._ZN6String6concatERKS_
                0x00007b4c        0xc C:\Users\utente\Desktop\CCEC\NOVARA\fw\fwCCEC\TuinoDemo\ArduinoCore\Debug\libArduinoCore.a(WString.o)
                0x00007b4c                _ZN6String6concatERKS_
 .text._ZN6String6concatEPKc
                0x00007b58       0x1c C:\Users\utente\Desktop\CCEC\NOVARA\fw\fwCCEC\TuinoDemo\ArduinoCore\Debug\libArduinoCore.a(WString.o)
                0x00007b58                _ZN6String6concatEPKc
 .text._ZN6String6concatEc
                0x00007b74       0x24 C:\Users\utente\Desktop\CCEC\NOVARA\fw\fwCCEC\TuinoDemo\ArduinoCore\Debug\libArduinoCore.a(WString.o)
                0x00007b74                _ZN6String6concatEc
 .text._ZplRK15StringSumHelperRK6String
                0x00007b98       0x22 C:\Users\utente\Desktop\CCEC\NOVARA\fw\fwCCEC\TuinoDemo\ArduinoCore\Debug\libArduinoCore.a(WString.o)
                0x00007b98                _ZplRK15StringSumHelperRK6String
 .text._ZplRK15StringSumHelperPKc
                0x00007bba       0x2e C:\Users\utente\Desktop\CCEC\NOVARA\fw\fwCCEC\TuinoDemo\ArduinoCore\Debug\libArduinoCore.a(WString.o)
                0x00007bba                _ZplRK15StringSumHelperPKc
 .text._ZplRK15StringSumHelperc
                0x00007be8       0x18 C:\Users\utente\Desktop\CCEC\NOVARA\fw\fwCCEC\TuinoDemo\ArduinoCore\Debug\libArduinoCore.a(WString.o)
                0x00007be8                _ZplRK15StringSumHelperc
 .text._ZNK6String6equalsEPKc
                0x00007c00       0x3c C:\Users\utente\Desktop\CCEC\NOVARA\fw\fwCCEC\TuinoDemo\ArduinoCore\Debug\libArduinoCore.a(WString.o)
                0x00007c00                _ZNK6String6equalsEPKc
 .text._ZNK6String8getBytesEPhjj
                0x00007c3c       0x5c C:\Users\utente\Desktop\CCEC\NOVARA\fw\fwCCEC\TuinoDemo\ArduinoCore\Debug\libArduinoCore.a(WString.o)
                0x00007c3c                _ZNK6String8getBytesEPhjj
 .text._ZNK6String9substringEjj
                0x00007c98       0x86 C:\Users\utente\Desktop\CCEC\NOVARA\fw\fwCCEC\TuinoDemo\ArduinoCore\Debug\libArduinoCore.a(WString.o)
                0x00007c98                _ZNK6String9substringEjj
 .text._ZN6String4trimEv
                0x00007d1e       0xb2 C:\Users\utente\Desktop\CCEC\NOVARA\fw\fwCCEC\TuinoDemo\ArduinoCore\Debug\libArduinoCore.a(WString.o)
                0x00007d1e                _ZN6String4trimEv
 .text._ZNK6String5toIntEv
                0x00007dd0       0x14 C:\Users\utente\Desktop\CCEC\NOVARA\fw\fwCCEC\TuinoDemo\ArduinoCore\Debug\libArduinoCore.a(WString.o)
                0x00007dd0                _ZNK6String5toIntEv
 .text._ZN14HardwareSerial9availableEv
                0x00007de4       0x18 C:\Users\utente\Desktop\CCEC\NOVARA\fw\fwCCEC\TuinoDemo\ArduinoCore\Debug\libArduinoCore.a(HardwareSerial.o)
                0x00007de4                _ZN14HardwareSerial9availableEv
 .text._ZN14HardwareSerial4peekEv
                0x00007dfc       0x1c C:\Users\utente\Desktop\CCEC\NOVARA\fw\fwCCEC\TuinoDemo\ArduinoCore\Debug\libArduinoCore.a(HardwareSerial.o)
                0x00007dfc                _ZN14HardwareSerial4peekEv
 .text._ZN14HardwareSerial4readEv
                0x00007e18       0x28 C:\Users\utente\Desktop\CCEC\NOVARA\fw\fwCCEC\TuinoDemo\ArduinoCore\Debug\libArduinoCore.a(HardwareSerial.o)
                0x00007e18                _ZN14HardwareSerial4readEv
 .text._ZN14HardwareSerial17availableForWriteEv
                0x00007e40       0x1e C:\Users\utente\Desktop\CCEC\NOVARA\fw\fwCCEC\TuinoDemo\ArduinoCore\Debug\libArduinoCore.a(HardwareSerial.o)
                0x00007e40                _ZN14HardwareSerial17availableForWriteEv
 .text._Z14serialEventRunv
                0x00007e5e       0x1a C:\Users\utente\Desktop\CCEC\NOVARA\fw\fwCCEC\TuinoDemo\ArduinoCore\Debug\libArduinoCore.a(HardwareSerial.o)
                0x00007e5e                _Z14serialEventRunv
 .text._ZN14HardwareSerial17_tx_udr_empty_irqEv
                0x00007e78       0x44 C:\Users\utente\Desktop\CCEC\NOVARA\fw\fwCCEC\TuinoDemo\ArduinoCore\Debug\libArduinoCore.a(HardwareSerial.o)
                0x00007e78                _ZN14HardwareSerial17_tx_udr_empty_irqEv
 .text._ZN14HardwareSerial5writeEh
                0x00007ebc       0x98 C:\Users\utente\Desktop\CCEC\NOVARA\fw\fwCCEC\TuinoDemo\ArduinoCore\Debug\libArduinoCore.a(HardwareSerial.o)
                0x00007ebc                _ZN14HardwareSerial5writeEh
 .text._ZN14HardwareSerial5flushEv
                0x00007f54       0x42 C:\Users\utente\Desktop\CCEC\NOVARA\fw\fwCCEC\TuinoDemo\ArduinoCore\Debug\libArduinoCore.a(HardwareSerial.o)
                0x00007f54                _ZN14HardwareSerial5flushEv
 .text.__empty  0x00007f96        0x2 C:\Users\utente\Desktop\CCEC\NOVARA\fw\fwCCEC\TuinoDemo\ArduinoCore\Debug\libArduinoCore.a(hooks.o)
                0x00007f96                yield
 .text.libgcc.div
                0x00007f98       0x18 c:/program files (x86)/atmel/studio/7.0/toolchain/avr8/avr8-gnu-toolchain/bin/../lib/gcc/avr/5.4.0/avr51\libgcc.a(_udivmodqi4.o)
                0x00007f98                __udivmodqi4
 .text.libgcc.div
                0x00007fb0       0x28 c:/program files (x86)/atmel/studio/7.0/toolchain/avr8/avr8-gnu-toolchain/bin/../lib/gcc/avr/5.4.0/avr51\libgcc.a(_udivmodhi4.o)
                0x00007fb0                __udivmodhi4
 .text.libgcc.div
                0x00007fd8       0x44 c:/program files (x86)/atmel/studio/7.0/toolchain/avr8/avr8-gnu-toolchain/bin/../lib/gcc/avr/5.4.0/avr51\libgcc.a(_udivmodsi4.o)
                0x00007fd8                __udivmodsi4
 .text.libgcc   0x0000801c       0x12 c:/program files (x86)/atmel/studio/7.0/toolchain/avr8/avr8-gnu-toolchain/bin/../lib/gcc/avr/5.4.0/avr51\libgcc.a(_tablejump2.o)
                0x0000801c                __tablejump2__
 .text.libgcc.mul
                0x0000802e       0x1e c:/program files (x86)/atmel/studio/7.0/toolchain/avr8/avr8-gnu-toolchain/bin/../lib/gcc/avr/5.4.0/avr51\libgcc.a(_umulhisi3.o)
                0x0000802e                __umulhisi3
 .text.libgcc.mul
                0x0000804c       0x14 c:/program files (x86)/atmel/studio/7.0/toolchain/avr8/avr8-gnu-toolchain/bin/../lib/gcc/avr/5.4.0/avr51\libgcc.a(_muluhisi3.o)
                0x0000804c                __muluhisi3
 .text.avr-libc
                0x00008060       0x3e c:/program files (x86)/atmel/studio/7.0/toolchain/avr8/avr8-gnu-toolchain/bin/../lib/gcc/avr/5.4.0/../../../../avr/lib/avr51\libc.a(dtostrf.o)
                0x00008060                dtostrf
 .text.avr-libc
                0x0000809e      0x242 c:/program files (x86)/atmel/studio/7.0/toolchain/avr8/avr8-gnu-toolchain/bin/../lib/gcc/avr/5.4.0/../../../../avr/lib/avr51\libc.a(malloc.o)
                0x0000809e                malloc
                0x000081ce                free
 .text.avr-libc
                0x000082e0      0x1c0 c:/program files (x86)/atmel/studio/7.0/toolchain/avr8/avr8-gnu-toolchain/bin/../lib/gcc/avr/5.4.0/../../../../avr/lib/avr51\libc.a(realloc.o)
                0x000082e0                realloc
 .text.avr-libc
                0x000084a0        0x8 c:/program files (x86)/atmel/studio/7.0/toolchain/avr8/avr8-gnu-toolchain/bin/../lib/gcc/avr/5.4.0/../../../../avr/lib/avr51\libc.a(abort.o)
                0x000084a0                abort
 .text.avr-libc
                0x000084a8       0x4c c:/program files (x86)/atmel/studio/7.0/toolchain/avr8/avr8-gnu-toolchain/bin/../lib/gcc/avr/5.4.0/../../../../avr/lib/avr51\libc.a(atol.o)
                0x000084a8                atol
 .text.avr-libc
                0x000084f4       0x10 c:/program files (x86)/atmel/studio/7.0/toolchain/avr8/avr8-gnu-toolchain/bin/../lib/gcc/avr/5.4.0/../../../../avr/lib/avr51\libc.a(isspace.o)
                0x000084f4                isspace
 .text.avr-libc
                0x00008504       0x12 c:/program files (x86)/atmel/studio/7.0/toolchain/avr8/avr8-gnu-toolchain/bin/../lib/gcc/avr/5.4.0/../../../../avr/lib/avr51\libc.a(memcpy_P.o)
                0x00008504                memcpy_P
 .text.avr-libc
                0x00008516       0x12 c:/program files (x86)/atmel/studio/7.0/toolchain/avr8/avr8-gnu-toolchain/bin/../lib/gcc/avr/5.4.0/../../../../avr/lib/avr51\libc.a(memcpy.o)
                0x00008516                memcpy
 .text.avr-libc
                0x00008528       0x12 c:/program files (x86)/atmel/studio/7.0/toolchain/avr8/avr8-gnu-toolchain/bin/../lib/gcc/avr/5.4.0/../../../../avr/lib/avr51\libc.a(strcmp.o)
                0x00008528                strcmp
 .text.avr-libc
                0x0000853a        0xe c:/program files (x86)/atmel/studio/7.0/toolchain/avr8/avr8-gnu-toolchain/bin/../lib/gcc/avr/5.4.0/../../../../avr/lib/avr51\libc.a(strcpy.o)
                0x0000853a                strcpy
 .text.avr-libc
                0x00008548       0x1c c:/program files (x86)/atmel/studio/7.0/toolchain/avr8/avr8-gnu-toolchain/bin/../lib/gcc/avr/5.4.0/../../../../avr/lib/avr51\libc.a(strncmp.o)
                0x00008548                strncmp
 .text.avr-libc
                0x00008564       0x1e c:/program files (x86)/atmel/studio/7.0/toolchain/avr8/avr8-gnu-toolchain/bin/../lib/gcc/avr/5.4.0/../../../../avr/lib/avr51\libc.a(strncpy.o)
                0x00008564                strncpy
 .text.avr-libc
                0x00008582       0x14 c:/program files (x86)/atmel/studio/7.0/toolchain/avr8/avr8-gnu-toolchain/bin/../lib/gcc/avr/5.4.0/../../../../avr/lib/avr51\libc.a(itoa.o)
                0x00008582                __itoa
                0x00008582                itoa
 .text.avr-libc
                0x00008596       0x14 c:/program files (x86)/atmel/studio/7.0/toolchain/avr8/avr8-gnu-toolchain/bin/../lib/gcc/avr/5.4.0/../../../../avr/lib/avr51\libc.a(itoa_ncheck.o)
                0x00008596                __itoa_ncheck
 .text.avr-libc
                0x000085aa       0x2a c:/program files (x86)/atmel/studio/7.0/toolchain/avr8/avr8-gnu-toolchain/bin/../lib/gcc/avr/5.4.0/../../../../avr/lib/avr51\libc.a(mulsi10.o)
                0x000085aa                __mulsi_const_10
 .text.avr-libc
                0x000085d4       0x14 c:/program files (x86)/atmel/studio/7.0/toolchain/avr8/avr8-gnu-toolchain/bin/../lib/gcc/avr/5.4.0/../../../../avr/lib/avr51\libc.a(ultoa.o)
                0x000085d4                ultoa
                0x000085d4                __ultoa
 .text.avr-libc
                0x000085e8       0x42 c:/program files (x86)/atmel/studio/7.0/toolchain/avr8/avr8-gnu-toolchain/bin/../lib/gcc/avr/5.4.0/../../../../avr/lib/avr51\libc.a(ultoa_ncheck.o)
                0x000085e8                __ultoa_ncheck
                0x000085ea                __ultoa_common
 .text.avr-libc
                0x0000862a       0x14 c:/program files (x86)/atmel/studio/7.0/toolchain/avr8/avr8-gnu-toolchain/bin/../lib/gcc/avr/5.4.0/../../../../avr/lib/avr51\libc.a(utoa.o)
                0x0000862a                __utoa
                0x0000862a                utoa
 .text.avr-libc
                0x0000863e       0x32 c:/program files (x86)/atmel/studio/7.0/toolchain/avr8/avr8-gnu-toolchain/bin/../lib/gcc/avr/5.4.0/../../../../avr/lib/avr51\libc.a(utoa_ncheck.o)
                0x0000863e                __utoa_ncheck
                0x00008640                __utoa_common
 .text.avr-libc
                0x00008670      0x2ec c:/program files (x86)/atmel/studio/7.0/toolchain/avr8/avr8-gnu-toolchain/bin/../lib/gcc/avr/5.4.0/../../../../avr/lib/avr51\libc.a(dtoa_prf.o)
                0x00008670                dtoa_prf
 .text.avr-libc
                0x0000895c      0x1b0 c:/program files (x86)/atmel/studio/7.0/toolchain/avr8/avr8-gnu-toolchain/bin/../lib/gcc/avr/5.4.0/../../../../avr/lib/avr51\libc.a(ftoa_engine.o)
                0x0000895c                __ftoa_engine
 .text.avr-libc
                0x00008b0c        0x6 c:/program files (x86)/atmel/studio/7.0/toolchain/avr8/avr8-gnu-toolchain/bin/../lib/gcc/avr/5.4.0/../../../../avr/lib/avr51\libc.a(cty_isfalse.o)
                0x00008b0c                __ctype_isfalse
                0x00008b10                __ctype_istrue
 .text.avr-libc
                0x00008b12       0x20 c:/program files (x86)/atmel/studio/7.0/toolchain/avr8/avr8-gnu-toolchain/bin/../lib/gcc/avr/5.4.0/../../../../avr/lib/avr51\libc.a(strrev.o)
                0x00008b12                strrev
 .text.avr-libc
                0x00008b32       0x10 C:/Program Files (x86)/Atmel/Studio/7.0/Packs/atmel/ATmega_DFP/1.2.209/gcc/dev/atmega1284p/avr51\libatmega1284p.a(eerd_byte.o)
                0x00008b32                eeprom_read_byte
 .text.avr-libc
                0x00008b42       0x1c C:/Program Files (x86)/Atmel/Studio/7.0/Packs/atmel/ATmega_DFP/1.2.209/gcc/dev/atmega1284p/avr51\libatmega1284p.a(eewr_byte.o)
                0x00008b42                eeprom_write_byte
                0x00008b44                eeprom_write_r18
                0x00008b5e                . = ALIGN (0x2)
 *(.fini9)
 .fini9         0x00008b5e        0x0 c:/program files (x86)/atmel/studio/7.0/toolchain/avr8/avr8-gnu-toolchain/bin/../lib/gcc/avr/5.4.0/avr51\libgcc.a(_exit.o)
                0x00008b5e                _exit
                0x00008b5e                exit
 *(.fini9)
 *(.fini8)
 *(.fini8)
 *(.fini7)
 *(.fini7)
 *(.fini6)
 .fini6         0x00008b5e       0x14 c:/program files (x86)/atmel/studio/7.0/toolchain/avr8/avr8-gnu-toolchain/bin/../lib/gcc/avr/5.4.0/avr51\libgcc.a(_dtors.o)
                0x00008b5e                __do_global_dtors
 *(.fini6)
 *(.fini5)
 *(.fini5)
 *(.fini4)
 *(.fini4)
 *(.fini3)
 *(.fini3)
 *(.fini2)
 *(.fini2)
 *(.fini1)
 *(.fini1)
 *(.fini0)
 .fini0         0x00008b72        0x4 c:/program files (x86)/atmel/studio/7.0/toolchain/avr8/avr8-gnu-toolchain/bin/../lib/gcc/avr/5.4.0/avr51\libgcc.a(_exit.o)
 *(.fini0)
                0x00008b76                _etext = .

.data           0x00800100      0x980 load address 0x00008b76
                0x00800100                PROVIDE (__data_start, .)
 *(.data)
 .data          0x00800100        0x6 c:/program files (x86)/atmel/studio/7.0/toolchain/avr8/avr8-gnu-toolchain/bin/../lib/gcc/avr/5.4.0/../../../../avr/lib/avr51\libc.a(malloc.o)
                0x00800100                __malloc_heap_end
                0x00800102                __malloc_heap_start
                0x00800104                __malloc_margin
 *(.data*)
 .data.MappaKeys
                0x00800106       0x10 Sketch.o
                0x00800106                MappaKeys
 .data.TmaxInviodati
                0x00800116        0x4 Sketch.o
                0x00800116                TmaxInviodati
 .data.TmaxErogazione
                0x0080011a        0x4 Sketch.o
                0x0080011a                TmaxErogazione
 .data.TsgancioPistola
                0x0080011e        0x4 Sketch.o
                0x0080011e                TsgancioPistola
 .data.TselDistributore
                0x00800122        0x4 Sketch.o
                0x00800122                TselDistributore
 .data.TinputKM
                0x00800126        0x4 Sketch.o
                0x00800126                TinputKM
 .data.TinputTarga
                0x0080012a        0x4 Sketch.o
                0x0080012a                TinputTarga
 .data.mac      0x0080012e        0x6 Sketch.o
                0x0080012e                mac
 .data.serverREST
                0x00800134       0x12 Sketch.o
                0x00800134                serverREST
 .data.CodSede  0x00800146        0x7 Sketch.o
                0x00800146                CodSede
 .data.MaxErogabile
                0x0080014d        0x2 Sketch.o
                0x0080014d                MaxErogabile
 .data.ImpulsiLitro
                0x0080014f        0x2 Sketch.o
                0x0080014f                ImpulsiLitro
 .data.HTTP_len_response
                0x00800151        0x2 Sketch.o
                0x00800151                HTTP_len_response
 .data.Clessidra
                0x00800153        0x8 Sketch.o
                0x00800153                Clessidra
 .data.pn532response_firmwarevers
                0x0080015b        0x6 src/libraries/NFC-PN532/NFC_PN532.o
                0x0080015b                pn532response_firmwarevers
 .data.pn532ack
                0x00800161        0x6 src/libraries/NFC-PN532/NFC_PN532.o
                0x00800161                pn532ack
 .data._ZN14EthernetClient8_srcportE
                0x00800167        0x2 src/libraries/Ethernet2/src/EthernetClient.o
                0x00800167                _ZN14EthernetClient8_srcportE
 *(.gnu.linkonce.d*)
 *(.rodata)
 .rodata        0x00800169       0x78 Sketch.o
 .rodata        0x008001e1        0x8 src/libraries/LiquidCrystal/src/LCD.o
 *(.rodata*)
 .rodata.str1.1
                0x008001e9      0x7d6 Sketch.o
                                0x80c (size before relaxing)
 .rodata.._11   0x008009bf       0x10 Sketch.o
 .rodata.str1.1
                0x008009cf        0x9 src/libraries/NFC-PN532/NFC_PN532.o
                                  0xc (size before relaxing)
 .rodata._ZTV14EthernetClient
                0x008009d8       0x22 src/libraries/Ethernet2/src/EthernetClient.o
                0x008009d8                _ZTV14EthernetClient
 .rodata._ZTV11EthernetUDP
                0x008009fa       0x28 src/libraries/Ethernet2/src/EthernetUdp2.o
                0x008009fa                _ZTV11EthernetUDP
 .rodata._ZTV3LCD
                0x00800a22       0x14 src/libraries/LiquidCrystal/src/LCD.o
                0x00800a22                _ZTV3LCD
 .rodata._ZTV17LiquidCrystal_I2C
                0x00800a36       0x14 src/libraries/LiquidCrystal/src/LiquidCrystal_I2C.o
                0x00800a36                _ZTV17LiquidCrystal_I2C
 .rodata._ZTV7TwoWire
                0x00800a4a       0x12 src/libraries/Wire/src/Wire.o
                0x00800a4a                _ZTV7TwoWire
 .rodata._ZTV9IPAddress
                0x00800a5c        0x6 C:\Users\utente\Desktop\CCEC\NOVARA\fw\fwCCEC\TuinoDemo\ArduinoCore\Debug\libArduinoCore.a(IPAddress.o)
                0x00800a5c                _ZTV9IPAddress
 .rodata.str1.1
                0x00800a62        0xc C:\Users\utente\Desktop\CCEC\NOVARA\fw\fwCCEC\TuinoDemo\ArduinoCore\Debug\libArduinoCore.a(Print.o)
                                  0xf (size before relaxing)
 .rodata.str1.1
                0x00800a6e        0x1 C:\Users\utente\Desktop\CCEC\NOVARA\fw\fwCCEC\TuinoDemo\ArduinoCore\Debug\libArduinoCore.a(WString.o)
 .rodata._ZTV14HardwareSerial
                0x00800a6e       0x12 C:\Users\utente\Desktop\CCEC\NOVARA\fw\fwCCEC\TuinoDemo\ArduinoCore\Debug\libArduinoCore.a(HardwareSerial.o)
                0x00800a6e                _ZTV14HardwareSerial
 *(.gnu.linkonce.r*)
                0x00800a80                . = ALIGN (0x2)
                0x00800a80                _edata = .
                0x00800a80                PROVIDE (__data_end, .)

.bss            0x00800a80      0x348
                0x00800a80                PROVIDE (__bss_start, .)
 *(.bss)
 *(.bss*)
 .bss.gpio      0x00800a80        0x3 Sketch.o
                0x00800a80                gpio
 .bss.KM        0x00800a83        0x6 Sketch.o
                0x00800a83                KM
 .bss.TARGA     0x00800a89        0x6 Sketch.o
                0x00800a89                TARGA
 .bss.nowTimer  0x00800a8f        0x6 Sketch.o
                0x00800a8f                nowTimer
 .bss.Timer     0x00800a95        0x4 Sketch.o
                0x00800a95                Timer
 .bss.UltimoPassaggioStato
                0x00800a99        0x4 Sketch.o
                0x00800a99                UltimoPassaggioStato
 .bss.secs      0x00800a9d        0x4 Sketch.o
                0x00800a9d                secs
 .bss.DS3231M   0x00800aa1        0xc Sketch.o
                0x00800aa1                DS3231M
 .bss.clientATE
                0x00800aad        0xd Sketch.o
                0x00800aad                clientATE
 .bss.clientLOCAL
                0x00800aba        0xd Sketch.o
                0x00800aba                clientLOCAL
 .bss.subnet    0x00800ac7        0x6 Sketch.o
                0x00800ac7                subnet
 .bss.gateway   0x00800acd        0x6 Sketch.o
                0x00800acd                gateway
 .bss.myDns     0x00800ad3        0x6 Sketch.o
                0x00800ad3                myDns
 .bss.ipCCEC    0x00800ad9        0x6 Sketch.o
                0x00800ad9                ipCCEC
 .bss.righeDisplay
                0x00800adf       0x18 Sketch.o
                0x00800adf                righeDisplay
 .bss.Messaggio
                0x00800af7        0x6 Sketch.o
                0x00800af7                Messaggio
 .bss.Risposta  0x00800afd        0x6 Sketch.o
                0x00800afd                Risposta
 .bss.RaccoltaDati
                0x00800b03       0x24 Sketch.o
                0x00800b03                RaccoltaDati
 .bss.RispostaHTTP
                0x00800b27        0x6 Sketch.o
                0x00800b27                RispostaHTTP
 .bss.distr_selezionato
                0x00800b2d        0x1 Sketch.o
                0x00800b2d                distr_selezionato
 .bss.impulsi   0x00800b2e        0x2 Sketch.o
                0x00800b2e                impulsi
 .bss.stato_procedura
                0x00800b30        0x2 Sketch.o
                0x00800b30                stato_procedura
 .bss.Connected
                0x00800b32        0x2 Sketch.o
                0x00800b32                Connected
 .bss.strURLAPI
                0x00800b34        0x6 Sketch.o
                0x00800b34                strURLAPI
 .bss.StatoAttuale
                0x00800b3a        0x6 Sketch.o
                0x00800b3a                StatoAttuale
 .bss.nfc       0x00800b40       0x17 Sketch.o
                0x00800b40                nfc
 .bss.lcd       0x00800b57       0x18 Sketch.o
                0x00800b57                lcd
 .bss.alreadyTimbrata
                0x00800b6f        0x1 Sketch.o
                0x00800b6f                alreadyTimbrata
 .bss.uidMezzo  0x00800b70        0x7 Sketch.o
                0x00800b70                uidMezzo
 .bss.uidLength
                0x00800b77        0x1 Sketch.o
                0x00800b77                uidLength
 .bss.success   0x00800b78        0x1 Sketch.o
                0x00800b78                success
 .bss.mezzo     0x00800b79       0x12 Sketch.o
                0x00800b79                mezzo
 .bss.intConsecutiveNonPresses
                0x00800b8b        0x2 Sketch.o
                0x00800b8b                intConsecutiveNonPresses
 .bss.intConsecutivePresses
                0x00800b8d        0x2 Sketch.o
                0x00800b8d                intConsecutivePresses
 .bss.Parametri
                0x00800b8f       0x38 Sketch.o
                0x00800b8f                Parametri
 .bss.ParametriCCEC
                0x00800bc7        0x2 Sketch.o
                0x00800bc7                ParametriCCEC
 .bss._ZL11INADDR_NONE
                0x00800bc9        0x6 Sketch.o
 .bss.pn532_packetbuffer
                0x00800bcf       0x40 src/libraries/NFC-PN532/NFC_PN532.o
                0x00800bcf                pn532_packetbuffer
 .bss._ZL11INADDR_NONE
                0x00800c0f        0x6 src/libraries/Ethernet2/src/Dhcp.o
 .bss._ZL11INADDR_NONE
                0x00800c15        0x6 src/libraries/Ethernet2/src/Dns.o
 .bss.Ethernet  0x00800c1b        0xd src/libraries/Ethernet2/src/Ethernet2.o
                0x00800c1b                Ethernet
 .bss._ZN13EthernetClass12_server_portE
                0x00800c28       0x10 src/libraries/Ethernet2/src/Ethernet2.o
                0x00800c28                _ZN13EthernetClass12_server_portE
 .bss._ZL11INADDR_NONE
                0x00800c38        0x6 src/libraries/Ethernet2/src/Ethernet2.o
 .bss._ZL11INADDR_NONE
                0x00800c3e        0x6 src/libraries/Ethernet2/src/EthernetClient.o
 .bss._ZL11INADDR_NONE
                0x00800c44        0x6 src/libraries/Ethernet2/src/EthernetServer.o
 .bss._ZL11INADDR_NONE
                0x00800c4a        0x6 src/libraries/Ethernet2/src/EthernetUdp2.o
 .bss._ZL10local_port
                0x00800c50        0x2 src/libraries/Ethernet2/src/utility/socket.o
 .bss.SPI_CS    0x00800c52        0x1 src/libraries/Ethernet2/src/utility/w5500.o
                0x00800c52                SPI_CS
 .bss.wiznet_SPI_settings
                0x00800c53        0x2 src/libraries/Ethernet2/src/utility/w5500.o
                0x00800c53                wiznet_SPI_settings
 .bss.w5500     0x00800c55        0x1 src/libraries/Ethernet2/src/utility/w5500.o
                0x00800c55                w5500
 .bss._ZN8SPIClass13interruptSaveE
                0x00800c56        0x1 src/libraries/SPI/src/SPI.o
                0x00800c56                _ZN8SPIClass13interruptSaveE
 .bss._ZN8SPIClass13interruptMaskE
                0x00800c57        0x1 src/libraries/SPI/src/SPI.o
                0x00800c57                _ZN8SPIClass13interruptMaskE
 .bss._ZN8SPIClass13interruptModeE
                0x00800c58        0x1 src/libraries/SPI/src/SPI.o
                0x00800c58                _ZN8SPIClass13interruptModeE
 .bss._ZN8SPIClass11initializedE
                0x00800c59        0x1 src/libraries/SPI/src/SPI.o
                0x00800c59                _ZN8SPIClass11initializedE
 .bss.twi_error
                0x00800c5a        0x1 src/libraries/Wire/src/utility/twi.o
 .bss.twi_rxBufferIndex
                0x00800c5b        0x1 src/libraries/Wire/src/utility/twi.o
 .bss.twi_rxBuffer
                0x00800c5c       0x20 src/libraries/Wire/src/utility/twi.o
 .bss.twi_txBufferLength
                0x00800c7c        0x1 src/libraries/Wire/src/utility/twi.o
 .bss.twi_txBufferIndex
                0x00800c7d        0x1 src/libraries/Wire/src/utility/twi.o
 .bss.twi_txBuffer
                0x00800c7e       0x20 src/libraries/Wire/src/utility/twi.o
 .bss.twi_masterBufferLength
                0x00800c9e        0x1 src/libraries/Wire/src/utility/twi.o
 .bss.twi_masterBufferIndex
                0x00800c9f        0x1 src/libraries/Wire/src/utility/twi.o
 .bss.twi_masterBuffer