Archive member included to satisfy reference by file (symbol)

c:/program files (x86)/atmel/studio/7.0/toolchain/avr8/avr8-gnu-toolchain/bin/../lib/gcc/avr/5.4.0/../../../../avr/lib/avr51\libm.a(cmpsf2.o)
                              src/libraries/SPIMemory/src/SPIFlash.o (__nesf2)
c:/program files (x86)/atmel/studio/7.0/toolchain/avr8/avr8-gnu-toolchain/bin/../lib/gcc/avr/5.4.0/../../../../avr/lib/avr51\libm.a(divsf3.o)
                              Sketch.o (__divsf3)
c:/program files (x86)/atmel/studio/7.0/toolchain/avr8/avr8-gnu-toolchain/bin/../lib/gcc/avr/5.4.0/../../../../avr/lib/avr51\libm.a(divsf3x.o)
                              c:/program files (x86)/atmel/studio/7.0/toolchain/avr8/avr8-gnu-toolchain/bin/../lib/gcc/avr/5.4.0/../../../../avr/lib/avr51\libm.a(divsf3.o) (__divsf3x)
c:/program files (x86)/atmel/studio/7.0/toolchain/avr8/avr8-gnu-toolchain/bin/../lib/gcc/avr/5.4.0/../../../../avr/lib/avr51\libm.a(floatsisf.o)
                              Sketch.o (__floatsisf)
c:/program files (x86)/atmel/studio/7.0/toolchain/avr8/avr8-gnu-toolchain/bin/../lib/gcc/avr/5.4.0/../../../../avr/lib/avr51\libm.a(fp_cmp.o)
                              c:/program files (x86)/atmel/studio/7.0/toolchain/avr8/avr8-gnu-toolchain/bin/../lib/gcc/avr/5.4.0/../../../../avr/lib/avr51\libm.a(cmpsf2.o) (__fp_cmp)
c:/program files (x86)/atmel/studio/7.0/toolchain/avr8/avr8-gnu-toolchain/bin/../lib/gcc/avr/5.4.0/../../../../avr/lib/avr51\libm.a(fp_inf.o)
                              c:/program files (x86)/atmel/studio/7.0/toolchain/avr8/avr8-gnu-toolchain/bin/../lib/gcc/avr/5.4.0/../../../../avr/lib/avr51\libm.a(divsf3x.o) (__fp_inf)
c:/program files (x86)/atmel/studio/7.0/toolchain/avr8/avr8-gnu-toolchain/bin/../lib/gcc/avr/5.4.0/../../../../avr/lib/avr51\libm.a(fp_nan.o)
                              c:/program files (x86)/atmel/studio/7.0/toolchain/avr8/avr8-gnu-toolchain/bin/../lib/gcc/avr/5.4.0/../../../../avr/lib/avr51\libm.a(divsf3x.o) (__fp_nan)
c:/program files (x86)/atmel/studio/7.0/toolchain/avr8/avr8-gnu-toolchain/bin/../lib/gcc/avr/5.4.0/../../../../avr/lib/avr51\libm.a(fp_pscA.o)
                              c:/program files (x86)/atmel/studio/7.0/toolchain/avr8/avr8-gnu-toolchain/bin/../lib/gcc/avr/5.4.0/../../../../avr/lib/avr51\libm.a(divsf3x.o) (__fp_pscA)
c:/program files (x86)/atmel/studio/7.0/toolchain/avr8/avr8-gnu-toolchain/bin/../lib/gcc/avr/5.4.0/../../../../avr/lib/avr51\libm.a(fp_pscB.o)
                              c:/program files (x86)/atmel/studio/7.0/toolchain/avr8/avr8-gnu-toolchain/bin/../lib/gcc/avr/5.4.0/../../../../avr/lib/avr51\libm.a(divsf3x.o) (__fp_pscB)
c:/program files (x86)/atmel/studio/7.0/toolchain/avr8/avr8-gnu-toolchain/bin/../lib/gcc/avr/5.4.0/../../../../avr/lib/avr51\libm.a(fp_round.o)
                              c:/program files (x86)/atmel/studio/7.0/toolchain/avr8/avr8-gnu-toolchain/bin/../lib/gcc/avr/5.4.0/../../../../avr/lib/avr51\libm.a(divsf3.o) (__fp_round)
c:/program files (x86)/atmel/studio/7.0/toolchain/avr8/avr8-gnu-toolchain/bin/../lib/gcc/avr/5.4.0/../../../../avr/lib/avr51\libm.a(fp_split3.o)
                              c:/program files (x86)/atmel/studio/7.0/toolchain/avr8/avr8-gnu-toolchain/bin/../lib/gcc/avr/5.4.0/../../../../avr/lib/avr51\libm.a(divsf3x.o) (__fp_split3)
c:/program files (x86)/atmel/studio/7.0/toolchain/avr8/avr8-gnu-toolchain/bin/../lib/gcc/avr/5.4.0/../../../../avr/lib/avr51\libm.a(fp_zero.o)
                              c:/program files (x86)/atmel/studio/7.0/toolchain/avr8/avr8-gnu-toolchain/bin/../lib/gcc/avr/5.4.0/../../../../avr/lib/avr51\libm.a(divsf3x.o) (__fp_szero)
C:\Users\ADMINI~1\DOCUME~1\PROGET~1\FUELCO~1\Firmware\repo\CCEC\TUINOD~1\ARDUIN~1\Debug\libArduinoCore.a(abi.o)
                              src/libraries/LiquidCrystal/src/LCD.o (__cxa_pure_virtual)
C:\Users\ADMINI~1\DOCUME~1\PROGET~1\FUELCO~1\Firmware\repo\CCEC\TUINOD~1\ARDUIN~1\Debug\libArduinoCore.a(HardwareSerial0.o)
                              Sketch.o (Serial)
C:\Users\ADMINI~1\DOCUME~1\PROGET~1\FUELCO~1\Firmware\repo\CCEC\TUINOD~1\ARDUIN~1\Debug\libArduinoCore.a(IPAddress.o)
                              Sketch.o (_ZTV9IPAddress)
C:\Users\ADMINI~1\DOCUME~1\PROGET~1\FUELCO~1\Firmware\repo\CCEC\TUINOD~1\ARDUIN~1\Debug\libArduinoCore.a(main.o)
                              C:/Program Files (x86)/Atmel/Studio/7.0/Packs/atmel/ATmega_DFP/1.2.209/gcc/dev/atmega1284p/avr51/crtatmega1284p.o (main)
C:\Users\ADMINI~1\DOCUME~1\PROGET~1\FUELCO~1\Firmware\repo\CCEC\TUINOD~1\ARDUIN~1\Debug\libArduinoCore.a(new.o)
                              src/libraries/Ethernet2/src/Ethernet2.o (_Znwj)
C:\Users\ADMINI~1\DOCUME~1\PROGET~1\FUELCO~1\Firmware\repo\CCEC\TUINOD~1\ARDUIN~1\Debug\libArduinoCore.a(Print.o)
                              src/libraries/LiquidCrystal/src/LCD.o (_ZN5Print5writeEPKhj)
C:\Users\ADMINI~1\DOCUME~1\PROGET~1\FUELCO~1\Firmware\repo\CCEC\TUINOD~1\ARDUIN~1\Debug\libArduinoCore.a(wiring.o)
[...]
Memory Configuration

Name             Origin             Length             Attributes
text             0x00000000         0x00020000         xr
data             0x00800100         0x0000ff00         rw !x
eeprom           0x00810000         0x00010000         rw !x
fuse             0x00820000         0x00000003         rw !x
lock             0x00830000         0x00000400         rw !x
signature        0x00840000         0x00000400         rw !x
user_signatures  0x00850000         0x00000400         rw !x
*default*        0x00000000         0xffffffff

Linker script and memory map

Address of section .data set to 0x800100
LOAD C:/Program Files (x86)/Atmel/Studio/7.0/Packs/atmel/ATmega_DFP/1.2.209/gcc/dev/atmega1284p/avr51/crtatmega1284p.o
LOAD Sketch.o
LOAD src/libraries/Adafruit-PN532/Adafruit_PN532.o
LOAD src/libraries/DS3231M/src/DS3231M.o
LOAD src/libraries/Ethernet2/src/Dhcp.o
LOAD src/libraries/Ethernet2/src/Dns.o
LOAD src/libraries/Ethernet2/src/Ethernet2.o
LOAD src/libraries/Ethernet2/src/EthernetClient.o
LOAD src/libraries/Ethernet2/src/EthernetServer.o
LOAD src/libraries/Ethernet2/src/EthernetUdp2.o
LOAD src/libraries/Ethernet2/src/Twitter.o
LOAD src/libraries/Ethernet2/src/utility/socket.o
LOAD src/libraries/Ethernet2/src/utility/w5500.o
LOAD src/libraries/Keypad/src/i2ckeypad.o
LOAD src/libraries/Keypad/src/Key.o
LOAD src/libraries/Keypad/src/Keypad.o
LOAD src/libraries/Keypad/src/Keypad_I2C.o
LOAD src/libraries/LiquidCrystal/src/I2CIO.o
LOAD src/libraries/LiquidCrystal/src/LCD.o
LOAD src/libraries/LiquidCrystal/src/LiquidCrystal.o
LOAD src/libraries/LiquidCrystal/src/LiquidCrystal_I2C.o
LOAD src/libraries/SPIMemory/src/diagnostics.o
LOAD src/libraries/SPIMemory/src/DMASAM.o
LOAD src/libraries/SPIMemory/src/SPIFlash.o
LOAD src/libraries/SPIMemory/src/SPIFlashIO.o
LOAD src/libraries/SPIMemory/src/SPIFlashSFDP.o
LOAD src/libraries/SPIMemory/src/SPIFram.o
LOAD src/libraries/SPIMemory/src/SPIFramIO.o
LOAD src/libraries/SPIMemory/src/SPIMemory.o
LOAD src/libraries/SPI/src/SPI.o
LOAD src/libraries/Wire/src/utility/twi.o
LOAD src/libraries/Wire/src/Wire.o
START GROUP
LOAD c:/program files (x86)/atmel/studio/7.0/toolchain/avr8/avr8-gnu-toolchain/bin/../lib/gcc/avr/5.4.0/../../../../avr/lib/avr51\libm.a
LOAD C:\Users\ADMINI~1\DOCUME~1\PROGET~1\FUELCO~1\Firmware\repo\CCEC\TUINOD~1\ARDUIN~1\Debug\libArduinoCore.a
END GROUP
LOAD c:/program files (x86)/atmel/studio/7.0/toolchain/avr8/avr8-gnu-toolchain/bin/../lib/gcc/avr/5.4.0/avr51\libgcc.a
LOAD c:/program files (x86)/atmel/studio/7.0/toolchain/avr8/avr8-gnu-toolchain/bin/../lib/gcc/avr/5.4.0/../../../../avr/lib/avr51\libm.a
START GROUP
LOAD c:/program files (x86)/atmel/studio/7.0/toolchain/avr8/avr8-gnu-toolchain/bin/../lib/gcc/avr/5.4.0/avr51\libgcc.a
LOAD c:/program files (x86)/atmel/studio/7.0/toolchain/avr8/avr8-gnu-toolchain/bin/../lib/gcc/avr/5.4.0/../../../../avr/lib/avr51\libm.a
LOAD c:/program files (x86)/atmel/studio/7.0/toolchain/avr8/avr8-gnu-toolchain/bin/../lib/gcc/avr/5.4.0/../../../../avr/lib/avr51\libc.a
LOAD C:/Program Files (x86)/Atmel/Studio/7.0/Packs/atmel/ATmega_DFP/1.2.209/gcc/dev/atmega1284p/avr51\libatmega1284p.a
END GROUP
                0x00020000                __TEXT_REGION_LENGTH__ = DEFINED (__TEXT_REGION_LENGTH__)?__TEXT_REGION_LENGTH__:0x20000
                0x0000ff00                __DATA_REGION_LENGTH__ = DEFINED (__DATA_REGION_LENGTH__)?__DATA_REGION_LENGTH__:0xff00
                0x00010000                __EEPROM_REGION_LENGTH__ = DEFINED (__EEPROM_REGION_LENGTH__)?__EEPROM_REGION_LENGTH__:0x10000
                [0x00000003]                __FUSE_REGION_LENGTH__ = DEFINED (__FUSE_REGION_LENGTH__)?__FUSE_REGION_LENGTH__:0x400
                0x00000400                __LOCK_REGION_LENGTH__ = DEFINED (__LOCK_REGION_LENGTH__)?__LOCK_REGION_LENGTH__:0x400
                0x00000400                __SIGNATURE_REGION_LENGTH__ = DEFINED (__SIGNATURE_REGION_LENGTH__)?__SIGNATURE_REGION_LENGTH__:0x400
                0x00000400                __USER_SIGNATURE_REGION_LENGTH__ = DEFINED (__USER_SIGNATURE_REGION_LENGTH__)?__USER_SIGNATURE_REGION_LENGTH__:0x400

.hash
 *(.hash)

.dynsym
 *(.dynsym)

.dynstr
 *(.dynstr)

.gnu.version
 *(.gnu.version)

.gnu.version_d
 *(.gnu.version_d)

.gnu.version_r
 *(.gnu.version_r)

.rel.init
 *(.rel.init)

.rela.init
 *(.rela.init)

.rel.text
 *(.rel.text)
 *(.rel.text.*)
 *(.rel.gnu.linkonce.t*)

.rela.text
 *(.rela.text)
 *(.rela.text.*)
 *(.rela.gnu.linkonce.t*)

.rel.fini
 *(.rel.fini)

.rela.fini
 *(.rela.fini)

.rel.rodata
 *(.rel.rodata)
 *(.rel.rodata.*)
 *(.rel.gnu.linkonce.r*)

.rela.rodata
 *(.rela.rodata)
 *(.rela.rodata.*)
 *(.rela.gnu.linkonce.r*)

.rel.data
 *(.rel.data)
 *(.rel.data.*)
 *(.rel.gnu.linkonce.d*)

.rela.data
 *(.rela.data)
 *(.rela.data.*)
 *(.rela.gnu.linkonce.d*)

.rel.ctors
 *(.rel.ctors)

.rela.ctors
 *(.rela.ctors)

.rel.dtors
 *(.rel.dtors)

.rela.dtors
 *(.rela.dtors)

.rel.got
 *(.rel.got)

.rela.got
 *(.rela.got)

.rel.bss
 *(.rel.bss)

.rela.bss
 *(.rela.bss)

.rel.plt
 *(.rel.plt)

.rela.plt
 *(.rela.plt)

.text           0x00000000     0x8e04
 *(.vectors)
 .vectors       0x00000000       0x8c C:/Program Files (x86)/Atmel/Studio/7.0/Packs/atmel/ATmega_DFP/1.2.209/gcc/dev/atmega1284p/avr51/crtatmega1284p.o
                0x00000000                __vector_default
                0x00000000                __vectors
 *(.vectors)
 *(.progmem.gcc*)
 .progmem.gcc_sw_table.loop
                0x0000008c       0x16 Sketch.o
 .progmem.gcc_sw_table._ZN8DateTimeC2EPK19__FlashStringHelperS2_
                0x000000a2       0x26 src/libraries/DS3231M/src/DS3231M.o
                0x000000c8                . = ALIGN (0x2)
                0x000000c8                __trampolines_start = .
 *(.trampolines)
 .trampolines   0x000000c8        0x0 linker stubs
 *(.trampolines*)
                0x000000c8                __trampolines_end = .
 *libprintf_flt.a:*(.progmem.data)
 *libc.a:*(.progmem.data)
 .progmem.data  0x000000c8       0xfa c:/program files (x86)/atmel/studio/7.0/toolchain/avr8/avr8-gnu-toolchain/bin/../lib/gcc/avr/5.4.0/../../../../avr/lib/avr51\libc.a(ftoa_engine.o)
 *(.progmem*)
 .progmem.data._ZZ5setupE3__c_0
                0x000001c2       0x15 Sketch.o
 .progmem.data._ZZ5setupE3__c
                0x000001d7       0x2f Sketch.o
 .progmem.data._ZZN13DS3231M_Class6adjustEvE3__c
                0x00000206        0xc src/libraries/DS3231M/src/DS3231M.o
 .progmem.data._ZZN13DS3231M_Class6adjustEvE3__c_0
                0x00000212        0x9 src/libraries/DS3231M/src/DS3231M.o
 .progmem.data._ZL11daysInMonth
                0x0000021b        0xc src/libraries/DS3231M/src/DS3231M.o
 .progmem.data._ZZN11Diagnostics15_printErrorCodeEvE3__c_0
                0x00000227        0x2 src/libraries/SPIMemory/src/diagnostics.o
 .progmem.data._ZZN11Diagnostics15_printErrorCodeEvE3__c
                0x00000229        0xf src/libraries/SPIMemory/src/diagnostics.o
 .progmem.data.digital_pin_to_timer_PGM
                0x00000238       0x20 C:\Users\ADMINI~1\DOCUME~1\PROGET~1\FUELCO~1\Firmware\repo\CCEC\TUINOD~1\ARDUIN~1\Debug\libArduinoCore.a(wiring_digital.o)
                0x00000238                digital_pin_to_timer_PGM
 .progmem.data.digital_pin_to_bit_mask_PGM
                0x00000258       0x20 C:\Users\ADMINI~1\DOCUME~1\PROGET~1\FUELCO~1\Firmware\repo\CCEC\TUINOD~1\ARDUIN~1\Debug\libArduinoCore.a(wiring_digital.o)
                0x00000258                digital_pin_to_bit_mask_PGM
 .progmem.data.digital_pin_to_port_PGM
                0x00000278       0x20 C:\Users\ADMINI~1\DOCUME~1\PROGET~1\FUELCO~1\Firmware\repo\CCEC\TUINOD~1\ARDUIN~1\Debug\libArduinoCore.a(wiring_digital.o)
                0x00000278                digital_pin_to_port_PGM
 .progmem.data.port_to_input_PGM
                0x00000298        0xa C:\Users\ADMINI~1\DOCUME~1\PROGET~1\FUELCO~1\Firmware\repo\CCEC\TUINOD~1\ARDUIN~1\Debug\libArduinoCore.a(wiring_digital.o)
                0x00000298                port_to_input_PGM
 .progmem.data.port_to_output_PGM
                0x000002a2        0xa C:\Users\ADMINI~1\DOCUME~1\PROGET~1\FUELCO~1\Firmware\repo\CCEC\TUINOD~1\ARDUIN~1\Debug\libArduinoCore.a(wiring_digital.o)
                0x000002a2                port_to_output_PGM
 .progmem.data.port_to_mode_PGM
                0x000002ac        0xa C:\Users\ADMINI~1\DOCUME~1\PROGET~1\FUELCO~1\Firmware\repo\CCEC\TUINOD~1\ARDUIN~1\Debug\libArduinoCore.a(wiring_digital.o)
                0x000002ac                port_to_mode_PGM
                0x000002b6                . = ALIGN (0x2)
 *(.jumptables)
 *(.jumptables*)
 *(.lowtext)
 *(.lowtext*)
                0x000002b6                __ctors_start = .
 *(.ctors)
 .ctors         0x000002b6        0x2 Sketch.o
 .ctors         0x000002b8        0x2 src/libraries/Ethernet2/src/Dhcp.o
 .ctors         0x000002ba        0x2 src/libraries/Ethernet2/src/Dns.o
 .ctors         0x000002bc        0x2 src/libraries/Ethernet2/src/Ethernet2.o
 .ctors         0x000002be        0x2 src/libraries/Ethernet2/src/EthernetClient.o
 .ctors         0x000002c0        0x2 src/libraries/Ethernet2/src/EthernetServer.o
 .ctors         0x000002c2        0x2 src/libraries/Ethernet2/src/EthernetUdp2.o
 .ctors         0x000002c4        0x2 src/libraries/Ethernet2/src/Twitter.o
 .ctors         0x000002c6        0x2 src/libraries/Ethernet2/src/utility/w5500.o
 .ctors         0x000002c8        0x2 src/libraries/Wire/src/Wire.o
 .ctors         0x000002ca        0x2 C:\Users\ADMINI~1\DOCUME~1\PROGET~1\FUELCO~1\Firmware\repo\CCEC\TUINOD~1\ARDUIN~1\Debug\libArduinoCore.a(HardwareSerial0.o)
                0x000002cc                __ctors_end = .
                0x000002cc                __dtors_start = .
 *(.dtors)
 .dtors         0x000002cc        0x2 Sketch.o
                0x000002ce                __dtors_end = .
 SORT(*)(.ctors)
 SORT(*)(.dtors)
 *(.init0)
 .init0         0x000002ce        0x0 C:/Program Files (x86)/Atmel/Studio/7.0/Packs/atmel/ATmega_DFP/1.2.209/gcc/dev/atmega1284p/avr51/crtatmega1284p.o
                0x000002ce                __init
 *(.init0)
 *(.init1)
 *(.init1)
 *(.init2)
 .init2         0x000002ce        0xc C:/Program Files (x86)/Atmel/Studio/7.0/Packs/atmel/ATmega_DFP/1.2.209/gcc/dev/atmega1284p/avr51/crtatmega1284p.o
 *(.init2)
 *(.init3)
 *(.init3)
 *(.init4)
 .init4         0x000002da       0x1a c:/program files (x86)/atmel/studio/7.0/toolchain/avr8/avr8-gnu-toolchain/bin/../lib/gcc/avr/5.4.0/avr51\libgcc.a(_copy_data.o)
                0x000002da                __do_copy_data
 .init4         0x000002f4       0x10 c:/program files (x86)/atmel/studio/7.0/toolchain/avr8/avr8-gnu-toolchain/bin/../lib/gcc/avr/5.4.0/avr51\libgcc.a(_clear_bss.o)
                0x000002f4                __do_clear_bss
 *(.init4)
 *(.init5)
 *(.init5)
 *(.init6)
 .init6         0x00000304       0x16 c:/program files (x86)/atmel/studio/7.0/toolchain/avr8/avr8-gnu-toolchain/bin/../lib/gcc/avr/5.4.0/avr51\libgcc.a(_ctors.o)
                0x00000304                __do_global_ctors
 *(.init6)
 *(.init7)
 *(.init7)
 *(.init8)
 *(.init8)
 *(.init9)
 .init9         0x0000031a        0x8 C:/Program Files (x86)/Atmel/Studio/7.0/Packs/atmel/ATmega_DFP/1.2.209/gcc/dev/atmega1284p/avr51/crtatmega1284p.o
 *(.init9)
 *(.text)
 .text          0x00000322        0x2 C:/Program Files (x86)/Atmel/Studio/7.0/Packs/atmel/ATmega_DFP/1.2.209/gcc/dev/atmega1284p/avr51/crtatmega1284p.o
                0x00000322                __vector_22
                0x00000322                __vector_28
                0x00000322                __vector_1
                0x00000322                __vector_32
                0x00000322                __vector_34
                0x00000322                __vector_24
                0x00000322                __vector_12
                0x00000322                __bad_interrupt
                0x00000322                __vector_6
                0x00000322                __vector_31
                0x00000322                __vector_3
                0x00000322                __vector_23
                0x00000322                __vector_30
                0x00000322                __vector_25
                0x00000322                __vector_11
                0x00000322                __vector_13
                0x00000322                __vector_17
                0x00000322                __vector_27
                0x00000322                __vector_5
                0x00000322                __vector_33
                0x00000322                __vector_9
                0x00000322                __vector_2
                0x00000322                __vector_21
                0x00000322                __vector_15
                0x00000322                __vector_29
                0x00000322                __vector_8
                0x00000322                __vector_14
                0x00000322                __vector_10
                0x00000322                __vector_20
                0x00000324                . = ALIGN (0x2)
 *(.text.*)
 .text._ZL11disable_ETHv
                0x00000324        0x4 Sketch.o
 .text._ZN7TwoWire5writeEi
                0x00000328        0xe Sketch.o
                0x00000328                _ZN7TwoWire5writeEi
 .text._Z14initIOExpanderv
                0x00000336       0xb6 Sketch.o
                0x00000336                _Z14initIOExpanderv
 .text._Z9printLinev
                0x000003ec       0x26 Sketch.o
                0x000003ec                _Z9printLinev
 .text._Z8printTabh
                0x00000412       0x22 Sketch.o
                0x00000412                _Z8printTabh
 .text._Z4passb
                0x00000434       0x30 Sketch.o
                0x00000434                _Z4passb
 .text._Z13printUniqueIDv
                0x00000464      0x11e Sketch.o
                0x00000464                _Z13printUniqueIDv
 .text._Z16FlasheraseSectorm
                0x00000582       0x7a Sketch.o
                0x00000582                _Z16FlasheraseSectorm
 .text._ZN10erogazioniC2Ev
                0x000005fc       0x32 Sketch.o
                0x000005fc                _ZN10erogazioniC2Ev
                0x000005fc                _ZN10erogazioniC1Ev
 .text._Z14FlashpowerDownv
                0x0000062e       0x68 Sketch.o
                0x0000062e                _Z14FlashpowerDownv
 .text._Z12FlashpowerUpv
                0x00000696       0x50 Sketch.o
                0x00000696                _Z12FlashpowerUpv
 .text._Z13eraseChipTestv
                0x000006e6       0x58 Sketch.o
                0x000006e6                _Z13eraseChipTestv
 .text._Z5getIDv
                0x0000073e      0x1b2 Sketch.o
                0x0000073e                _Z5getIDv
 .text._Z11my_delay_msi
                0x000008f0       0x18 Sketch.o
                0x000008f0                _Z11my_delay_msi
 .text._Z6Buzzerhm
                0x00000908       0x52 Sketch.o
                0x00000908                _Z6Buzzerhm
 .text._Z10leggiRighev
                0x0000095a       0x34 Sketch.o
                0x0000095a                _Z10leggiRighev
 .text._Z12leggiColonnev
                0x0000098e       0x34 Sketch.o
                0x0000098e                _Z12leggiColonnev
 .text._Z17leggi_IP_REGISTERv
                0x000009c2       0x2a Sketch.o
                0x000009c2                _Z17leggi_IP_REGISTERv
 .text._Z17leggi_OP_REGISTERv
                0x000009ec       0x2a Sketch.o
                0x000009ec                _Z17leggi_OP_REGISTERv
 .text._Z10displayLCDP6Stringii
                0x00000a16      0x140 Sketch.o
                0x00000a16                _Z10displayLCDP6Stringii
 .text._Z11avanzaStatom
                0x00000b56       0x3c Sketch.o
                0x00000b56                _Z11avanzaStatom
 .text._Z14leggiTAG_Mezzob
                0x00000b92      0x1c6 Sketch.o
                0x00000b92                _Z14leggiTAG_Mezzob
 .text._Z14GetCodeRfidATev
                0x00000d58       0xcc Sketch.o
                0x00000d58                _Z14GetCodeRfidATev
 .text._Z15abilitaPulsantiv
                0x00000e24       0x14 Sketch.o
                0x00000e24                _Z15abilitaPulsantiv
 .text._Z22abilitaContattiPistolav
                0x00000e38        0x6 Sketch.o
                0x00000e38                _Z22abilitaContattiPistolav
 .text._Z13abilitaPulserc
                0x00000e3e       0x1c Sketch.o
                0x00000e3e                _Z13abilitaPulserc
 .text._Z14impulsiToLitrii
                0x00000e5a       0x56 Sketch.o
                0x00000e5a                _Z14impulsiToLitrii
 .text._Z18Rele_Abilitazione1ii
                0x00000eb0       0x76 Sketch.o
                0x00000eb0                _Z18Rele_Abilitazione1ii
 .text._Z18Rele_Abilitazione2ii
                0x00000f26       0x88 Sketch.o
                0x00000f26                _Z18Rele_Abilitazione2ii
 .text._Z12Control_WIFIi
                0x00000fae       0x26 Sketch.o
                0x00000fae                _Z12Control_WIFIi
 .text._Z32CompletoRifornimentoPerInvioDatii
                0x00000fd4       0x42 Sketch.o
                0x00000fd4                _Z32CompletoRifornimentoPerInvioDatii
 .text.__vector_4
                0x00001016       0x48 Sketch.o
                0x00001016                __vector_4
 .text.__vector_7
                0x0000105e      0x162 Sketch.o
                0x0000105e                __vector_7
 .text._ZN8SPIFlash6_writeI10erogazioniEEbmRKT_mbh
                0x000011c0      0x2ee Sketch.o
                0x000011c0                _ZN8SPIFlash6_writeI10erogazioniEEbmRKT_mbh
 .text._Z15erogazioniSaverm6String
                0x000014ae      0x1ea Sketch.o
                0x000014ae                _Z15erogazioniSaverm6String
 .text.startup._GLOBAL__sub_I_intConsecutivePresses
                0x00001698      0x1e4 Sketch.o
 .text.exit._GLOBAL__sub_D_intConsecutivePresses
                0x0000187c       0xa4 Sketch.o
 .text._Z19InizializzaEthernetv
                0x00001920      0x12c Sketch.o
                0x00001920                _Z19InizializzaEthernetv
 .text.setup    0x00001a4c      0x48c Sketch.o
                0x00001a4c                setup
 .text._Z23getTastoPremuto_x_targav
                0x00001ed8      0x424 Sketch.o
                0x00001ed8                _Z23getTastoPremuto_x_targav
 .text._Z6Azzerav
                0x000022fc      0x130 Sketch.o
                0x000022fc                _Z6Azzerav
 .text._Z17InviaRifornimentoiiPci6String
                0x0000242c      0x104 Sketch.o
                0x0000242c                _Z17InviaRifornimentoiiPci6String
 .text.loop     0x00002530      0x9c4 Sketch.o
                0x00002530                loop
 .text._ZN8SPIClass16beginTransactionE11SPISettings
                0x00002ef4       0x34 src/libraries/Adafruit-PN532/Adafruit_PN532.o
                0x00002ef4                _ZN8SPIClass16beginTransactionE11SPISettings
 .text._ZN8SPIClass14endTransactionEv
                0x00002f28       0x22 src/libraries/Adafruit-PN532/Adafruit_PN532.o
                0x00002f28                _ZN8SPIClass14endTransactionEv
 .text._ZN14Adafruit_PN532C2Ehh
                0x00002f4a       0x2a src/libraries/Adafruit-PN532/Adafruit_PN532.o
                0x00002f4a                _ZN14Adafruit_PN532C2Ehh
                0x00002f4a                _ZN14Adafruit_PN532C1Ehh
 .text._ZN14Adafruit_PN53210GetHexCodeEPKhm
                0x00002f74      0x110 src/libraries/Adafruit-PN532/Adafruit_PN532.o
                0x00002f74                _ZN14Adafruit_PN53210GetHexCodeEPKhm
 .text._ZN14Adafruit_PN5329spi_writeEh
                0x00003084       0x7e src/libraries/Adafruit-PN532/Adafruit_PN532.o
                0x00003084                _ZN14Adafruit_PN5329spi_writeEh
 .text._ZN14Adafruit_PN5328spi_readEv
                0x00003102       0x82 src/libraries/Adafruit-PN532/Adafruit_PN532.o
                0x00003102                _ZN14Adafruit_PN5328spi_readEv
 .text._ZN14Adafruit_PN5327isreadyEv
                0x00003184       0x66 src/libraries/Adafruit-PN532/Adafruit_PN532.o
                0x00003184                _ZN14Adafruit_PN5327isreadyEv
 .text._ZN14Adafruit_PN5329waitreadyEj
                0x000031ea       0x5c src/libraries/Adafruit-PN532/Adafruit_PN532.o
                0x000031ea                _ZN14Adafruit_PN5329waitreadyEj
 .text._ZN14Adafruit_PN5328readdataEPhh
                0x00003246       0xe2 src/libraries/Adafruit-PN532/Adafruit_PN532.o
                0x00003246                _ZN14Adafruit_PN5328readdataEPhh
 .text._ZN14Adafruit_PN5327readackEv
                0x00003328       0x44 src/libraries/Adafruit-PN532/Adafruit_PN532.o
                0x00003328                _ZN14Adafruit_PN5327readackEv
 .text._ZL8i2c_sendh
                0x0000336c        0xa src/libraries/Adafruit-PN532/Adafruit_PN532.o
 .text._ZN14Adafruit_PN53212writecommandEPhh
                0x00003376      0x16c src/libraries/Adafruit-PN532/Adafruit_PN532.o
                0x00003376                _ZN14Adafruit_PN53212writecommandEPhh
 .text._ZN14Adafruit_PN53219sendCommandCheckAckEPhhj
                0x000034e2       0x42 src/libraries/Adafruit-PN532/Adafruit_PN532.o
                0x000034e2                _ZN14Adafruit_PN53219sendCommandCheckAckEPhhj
 .text._ZN14Adafruit_PN5325beginEv
                0x00003524       0x9a src/libraries/Adafruit-PN532/Adafruit_PN532.o
                0x00003524                _ZN14Adafruit_PN5325beginEv
 .text._ZN14Adafruit_PN53218getFirmwareVersionEv
                0x000035be       0x90 src/libraries/Adafruit-PN532/Adafruit_PN532.o
                0x000035be                _ZN14Adafruit_PN53218getFirmwareVersionEv
 .text._ZN14Adafruit_PN5329SAMConfigEv
                0x0000364e       0x5c src/libraries/Adafruit-PN532/Adafruit_PN532.o
                0x0000364e                _ZN14Adafruit_PN5329SAMConfigEv
 .text._ZN14Adafruit_PN53227setPassiveActivationRetriesEh
                0x000036aa       0x20 src/libraries/Adafruit-PN532/Adafruit_PN532.o
                0x000036aa                _ZN14Adafruit_PN53227setPassiveActivationRetriesEh
 .text._ZN14Adafruit_PN53219readPassiveTargetIDEhPhS0_j
                0x000036ca       0xa8 src/libraries/Adafruit-PN532/Adafruit_PN532.o
                0x000036ca                _ZN14Adafruit_PN53219readPassiveTargetIDEhPhS0_j
 .text._ZN14Adafruit_PN53231mifareclassic_AuthenticateBlockEPhhmhS0_
                0x00003772       0xc0 src/libraries/Adafruit-PN532/Adafruit_PN532.o
                0x00003772                _ZN14Adafruit_PN53231mifareclassic_AuthenticateBlockEPhhmhS0_
 .text._ZN14Adafruit_PN53227mifareclassic_ReadDataBlockEhPh
                0x00003832       0x66 src/libraries/Adafruit-PN532/Adafruit_PN532.o
                0x00003832                _ZN14Adafruit_PN53227mifareclassic_ReadDataBlockEhPh
 .text._ZN14Adafruit_PN53228mifareclassic_WriteDataBlockEhPh
                0x00003898       0x60 src/libraries/Adafruit-PN532/Adafruit_PN532.o
                0x00003898                _ZN14Adafruit_PN53228mifareclassic_WriteDataBlockEhPh
 .text._ZL9date2daysjhh
                0x000038f8       0x64 src/libraries/DS3231M/src/DS3231M.o
 .text._ZL6conv2dPKc
                0x0000395c       0x1a src/libraries/DS3231M/src/DS3231M.o
 .text._ZN8DateTimeC2Em
                0x00003976       0xf2 src/libraries/DS3231M/src/DS3231M.o
                0x00003976                _ZN8DateTimeC2Em
                0x00003976                _ZN8DateTimeC1Em
 .text._ZN8DateTimeC2EPK19__FlashStringHelperS2_
                0x00003a68       0xea src/libraries/DS3231M/src/DS3231M.o
                0x00003a68                _ZN8DateTimeC2EPK19__FlashStringHelperS2_
                0x00003a68                _ZN8DateTimeC1EPK19__FlashStringHelperS2_
 .text._ZNK8DateTime12dayOfTheWeekEv
                0x00003b52       0x18 src/libraries/DS3231M/src/DS3231M.o
                0x00003b52                _ZNK8DateTime12dayOfTheWeekEv
 .text._ZNK8DateTime8unixtimeEv
                0x00003b6a       0x7a src/libraries/DS3231M/src/DS3231M.o
                0x00003b6a                _ZNK8DateTime8unixtimeEv
 .text._ZNK8DateTime11secondstimeEv
                0x00003be4       0x6a src/libraries/DS3231M/src/DS3231M.o
                0x00003be4                _ZNK8DateTime11secondstimeEv
 .text._ZN13DS3231M_ClassC2Ev
                0x00003c4e        0xe src/libraries/DS3231M/src/DS3231M.o
                0x00003c4e                _ZN13DS3231M_ClassC2Ev
                0x00003c4e                _ZN13DS3231M_ClassC1Ev
 .text._ZN13DS3231M_ClassD2Ev
                0x00003c5c        0x2 src/libraries/DS3231M/src/DS3231M.o
                0x00003c5c                _ZN13DS3231M_ClassD2Ev
                0x00003c5c                _ZN13DS3231M_ClassD1Ev
 .text._ZN13DS3231M_Class9writeByteEhh
                0x00003c5e       0x40 src/libraries/DS3231M/src/DS3231M.o
                0x00003c5e                _ZN13DS3231M_Class9writeByteEhh
 .text._ZN13DS3231M_Class8readByteEh
                0x00003c9e       0x44 src/libraries/DS3231M/src/DS3231M.o
                0x00003c9e                _ZN13DS3231M_Class8readByteEh
 .text._ZN13DS3231M_Class5beginEm
                0x00003ce2       0x60 src/libraries/DS3231M/src/DS3231M.o
                0x00003ce2                _ZN13DS3231M_Class5beginEm
 .text._ZN13DS3231M_Class3nowEv
                0x00003d42      0x140 src/libraries/DS3231M/src/DS3231M.o
                0x00003d42                _ZN13DS3231M_Class3nowEv
 .text._ZN13DS3231M_Class6adjustERK8DateTime
                0x00003e82      0x11c src/libraries/DS3231M/src/DS3231M.o
                0x00003e82                _ZN13DS3231M_Class6adjustERK8DateTime
 .text._ZN13DS3231M_Class6adjustEv
                0x00003f9e       0x42 src/libraries/DS3231M/src/DS3231M.o
                0x00003f9e                _ZN13DS3231M_Class6adjustEv
 .text.startup._GLOBAL__sub_I__ZN9DhcpClass13beginWithDHCPEPhmm
                0x00003fe0       0x16 src/libraries/Ethernet2/src/Dhcp.o
 .text._ZN9DNSClient5beginERK9IPAddress
                0x00003ff6       0x1a src/libraries/Ethernet2/src/Dns.o
                0x00003ff6                _ZN9DNSClient5beginERK9IPAddress
 .text._ZN9DNSClient9inet_atonEPKcR9IPAddress
                0x00004010       0x80 src/libraries/Ethernet2/src/Dns.o
                0x00004010                _ZN9DNSClient9inet_atonEPKcR9IPAddress
 .text.startup._GLOBAL__sub_I__ZN9DNSClient5beginERK9IPAddress
                0x00004090       0x16 src/libraries/Ethernet2/src/Dns.o
 .text._ZN9DNSClient12BuildRequestEPKc
                0x000040a6      0x142 src/libraries/Ethernet2/src/Dns.o
                0x000040a6                _ZN9DNSClient12BuildRequestEPKc
 .text._ZN9DNSClient15ProcessResponseEjR9IPAddress
                0x000041e8      0x2c2 src/libraries/Ethernet2/src/Dns.o
                0x000041e8                _ZN9DNSClient15ProcessResponseEjR9IPAddress
 .text._ZN9DNSClient13getHostByNameEPKcR9IPAddress
                0x000044aa      0x112 src/libraries/Ethernet2/src/Dns.o
                0x000044aa                _ZN9DNSClient13getHostByNameEPKcR9IPAddress
 .text._ZN10W5500Class8writeGAREPh
                0x000045bc        0xe src/libraries/Ethernet2/src/Ethernet2.o
                0x000045bc                _ZN10W5500Class8writeGAREPh
 .text._ZN10W5500Class9writeSUBREPh
                0x000045ca        0xe src/libraries/Ethernet2/src/Ethernet2.o
                0x000045ca                _ZN10W5500Class9writeSUBREPh
 .text._ZN10W5500Class9writeSHAREPh
                0x000045d8        0xe src/libraries/Ethernet2/src/Ethernet2.o
                0x000045d8                _ZN10W5500Class9writeSHAREPh
 .text._ZN10W5500Class9writeSIPREPh
                0x000045e6        0xe src/libraries/Ethernet2/src/Ethernet2.o
                0x000045e6                _ZN10W5500Class9writeSIPREPh
 .text._ZN13EthernetClass5beginEPh9IPAddressS1_S1_S1_
                0x000045f4       0x6c src/libraries/Ethernet2/src/Ethernet2.o
                0x000045f4                _ZN13EthernetClass5beginEPh9IPAddressS1_S1_S1_
 .text._ZN13EthernetClass11dnsServerIPEv
                0x00004660       0x20 src/libraries/Ethernet2/src/Ethernet2.o
                0x00004660                _ZN13EthernetClass11dnsServerIPEv
 .text.startup._GLOBAL__sub_I__ZN13EthernetClass6_stateE
                0x00004680       0x2a src/libraries/Ethernet2/src/Ethernet2.o
 .text._ZN5Print17availableForWriteEv
                0x000046aa        0x6 src/libraries/Ethernet2/src/EthernetClient.o
                0x000046aa                _ZN5Print17availableForWriteEv
 .text._ZN5Print5flushEv
                0x000046b0        0x2 src/libraries/Ethernet2/src/EthernetClient.o
                0x000046b0                _ZN5Print5flushEv
 .text._ZN14EthernetClientneERKS_
                0x000046b2       0x14 src/libraries/Ethernet2/src/EthernetClient.o
                0x000046b2                _ZN14EthernetClientneERKS_
 .text._ZN14EthernetClient5writeEh
                0x000046c6       0x2c src/libraries/Ethernet2/src/EthernetClient.o
                0x000046c6                _ZN14EthernetClient5writeEh
 .text._ZN14EthernetClientcvbEv
                0x000046f2       0x10 src/libraries/Ethernet2/src/EthernetClient.o
                0x000046f2                _ZN14EthernetClientcvbEv
 .text._ZN14EthernetClienteqERKS_
                0x00004702       0x16 src/libraries/Ethernet2/src/EthernetClient.o
                0x00004702                _ZN14EthernetClienteqERKS_
 .text._ZN14EthernetClient7connectEPKcj
                0x00004718       0xb4 src/libraries/Ethernet2/src/EthernetClient.o
                0x00004718                _ZN14EthernetClient7connectEPKcj
 .text._ZN14EthernetClient5writeEPKhj
                0x000047cc       0x3a src/libraries/Ethernet2/src/EthernetClient.o
                0x000047cc                _ZN14EthernetClient5writeEPKhj
 .text._ZN14EthernetClient9availableEv
                0x00004806       0x14 src/libraries/Ethernet2/src/EthernetClient.o
                0x00004806                _ZN14EthernetClient9availableEv
 .text._ZN14EthernetClient4readEv
                0x0000481a       0x32 src/libraries/Ethernet2/src/EthernetClient.o
                0x0000481a                _ZN14EthernetClient4readEv
 .text._ZN14EthernetClient4readEPhj
                0x0000484c        0x6 src/libraries/Ethernet2/src/EthernetClient.o
                0x0000484c                _ZN14EthernetClient4readEPhj
 .text._ZN14EthernetClient4peekEv
                0x00004852       0x44 src/libraries/Ethernet2/src/EthernetClient.o
                0x00004852                _ZN14EthernetClient4peekEv
 .text._ZN14EthernetClient5flushEv
                0x00004896        0x6 src/libraries/Ethernet2/src/EthernetClient.o
                0x00004896                _ZN14EthernetClient5flushEv
 .text._ZN14EthernetClientC2Ev
                0x0000489c       0x24 src/libraries/Ethernet2/src/EthernetClient.o
                0x0000489c                _ZN14EthernetClientC2Ev
                0x0000489c                _ZN14EthernetClientC1Ev
 .text._ZN14EthernetClientC2Eh
                0x000048c0       0x22 src/libraries/Ethernet2/src/EthernetClient.o
                0x000048c0                _ZN14EthernetClientC1Eh
                0x000048c0                _ZN14EthernetClientC2Eh
 .text._ZN14EthernetClient6statusEv
                0x000048e2       0x1a src/libraries/Ethernet2/src/EthernetClient.o
                0x000048e2                _ZN14EthernetClient6statusEv
 .text._ZN14EthernetClient9connectedEv
                0x000048fc       0x46 src/libraries/Ethernet2/src/EthernetClient.o
                0x000048fc                _ZN14EthernetClient9connectedEv
 .text._ZN14EthernetClient4stopEv
                0x00004942       0x7c src/libraries/Ethernet2/src/EthernetClient.o
                0x00004942                _ZN14EthernetClient4stopEv
 .text._ZN14EthernetClient7connectE9IPAddressj
                0x000049be       0xba src/libraries/Ethernet2/src/EthernetClient.o
                0x000049be                _ZN14EthernetClient7connectE9IPAddressj
 .text.startup._GLOBAL__sub_I__ZN14EthernetClient8_srcportE
                0x00004a78       0x16 src/libraries/Ethernet2/src/EthernetClient.o
 .text._ZN14EthernetServer5writeEh
                0x00004a8e       0x2c src/libraries/Ethernet2/src/EthernetServer.o
                0x00004a8e                _ZN14EthernetServer5writeEh
 .text._ZN14EthernetServer5beginEv
                0x00004aba       0x80 src/libraries/Ethernet2/src/EthernetServer.o
                0x00004aba                _ZN14EthernetServer5beginEv
 .text._ZN14EthernetServerC2Ej
                0x00004b3a       0x14 src/libraries/Ethernet2/src/EthernetServer.o
                0x00004b3a                _ZN14EthernetServerC1Ej
                0x00004b3a                _ZN14EthernetServerC2Ej
 .text._ZN14EthernetServer6acceptEv
                0x00004b4e       0xb8 src/libraries/Ethernet2/src/EthernetServer.o
                0x00004b4e                _ZN14EthernetServer6acceptEv
 .text._ZN14EthernetServer5writeEPKhj
                0x00004c06       0xa8 src/libraries/Ethernet2/src/EthernetServer.o
                0x00004c06                _ZN14EthernetServer5writeEPKhj
 .text.startup._GLOBAL__sub_I__ZN14EthernetServerC2Ej
                0x00004cae       0x16 src/libraries/Ethernet2/src/EthernetServer.o
 .text._ZN3UDP14beginMulticastE9IPAddressj
                0x00004cc4        0x4 src/libraries/Ethernet2/src/EthernetUdp2.o
                0x00004cc4                _ZN3UDP14beginMulticastE9IPAddressj
 .text._ZN11EthernetUDP4readEPcj
                0x00004cc8        0xe src/libraries/Ethernet2/src/EthernetUdp2.o
                0x00004cc8                _ZN11EthernetUDP4readEPcj
 .text._ZN11EthernetUDP8remoteIPEv
                0x00004cd6       0x20 src/libraries/Ethernet2/src/EthernetUdp2.o
                0x00004cd6                _ZN11EthernetUDP8remoteIPEv
 .text._ZN11EthernetUDP10remotePortEv
                0x00004cf6        0x8 src/libraries/Ethernet2/src/EthernetUdp2.o
                0x00004cf6                _ZN11EthernetUDP10remotePortEv
 .text._ZN11EthernetUDP9availableEv
                0x00004cfe        0x8 src/libraries/Ethernet2/src/EthernetUdp2.o
                0x00004cfe                _ZN11EthernetUDP9availableEv
 .text._ZN11EthernetUDP5writeEh
                0x00004d06       0x2c src/libraries/Ethernet2/src/EthernetUdp2.o
                0x00004d06                _ZN11EthernetUDP5writeEh
 .text._ZN11EthernetUDP5flushEv
                0x00004d32       0x24 src/libraries/Ethernet2/src/EthernetUdp2.o
                0x00004d32                _ZN11EthernetUDP5flushEv
 .text._ZN11EthernetUDP4stopEv
                0x00004d56       0x28 src/libraries/Ethernet2/src/EthernetUdp2.o
                0x00004d56                _ZN11EthernetUDP4stopEv
 .text._ZN11EthernetUDP11beginPacketE9IPAddressj
                0x00004d7e        0xe src/libraries/Ethernet2/src/EthernetUdp2.o
                0x00004d7e                _ZN11EthernetUDP11beginPacketE9IPAddressj
 .text._ZN11EthernetUDP9endPacketEv
                0x00004d8c        0x6 src/libraries/Ethernet2/src/EthernetUdp2.o
                0x00004d8c                _ZN11EthernetUDP9endPacketEv
 .text._ZN11EthernetUDP5writeEPKhj
                0x00004d92       0x26 src/libraries/Ethernet2/src/EthernetUdp2.o
                0x00004d92                _ZN11EthernetUDP5writeEPKhj
 .text._ZN11EthernetUDP4readEv
                0x00004db8       0x50 src/libraries/Ethernet2/src/EthernetUdp2.o
                0x00004db8                _ZN11EthernetUDP4readEv
 .text._ZN11EthernetUDP4readEPhj
                0x00004e08       0x3c src/libraries/Ethernet2/src/EthernetUdp2.o
                0x00004e08                _ZN11EthernetUDP4readEPhj
 .text._ZN11EthernetUDP4peekEv
                0x00004e44       0x30 src/libraries/Ethernet2/src/EthernetUdp2.o
                0x00004e44                _ZN11EthernetUDP4peekEv
 .text._ZN11EthernetUDP5beginEj
                0x00004e74       0x62 src/libraries/Ethernet2/src/EthernetUdp2.o
                0x00004e74                _ZN11EthernetUDP5beginEj
 .text._ZN11EthernetUDP11parsePacketEv
                0x00004ed6       0x9e src/libraries/Ethernet2/src/EthernetUdp2.o
                0x00004ed6                _ZN11EthernetUDP11parsePacketEv
 .text._ZN11EthernetUDPC2Ev
                0x00004f74       0x2a src/libraries/Ethernet2/src/EthernetUdp2.o
                0x00004f74                _ZN11EthernetUDPC1Ev
                0x00004f74                _ZN11EthernetUDPC2Ev
 .text._ZN11EthernetUDP11beginPacketEPKcj
                0x00004f9e       0xb4 src/libraries/Ethernet2/src/EthernetUdp2.o
                0x00004f9e                _ZN11EthernetUDP11beginPacketEPKcj
 .text.startup._GLOBAL__sub_I__ZN11EthernetUDPC2Ev
                0x00005052       0x16 src/libraries/Ethernet2/src/EthernetUdp2.o
 .text.startup._GLOBAL__sub_I__ZN7TwitterC2EPKc
                0x00005068       0x16 src/libraries/Ethernet2/src/Twitter.o
 .text._ZN10W5500Class11writeSnDIPREhPh
                0x0000507e       0x16 src/libraries/Ethernet2/src/utility/socket.o
                0x0000507e                _ZN10W5500Class11writeSnDIPREhPh
 .text._ZN10W5500Class6readSnEhj
                0x00005094       0x10 src/libraries/Ethernet2/src/utility/socket.o
                0x00005094                _ZN10W5500Class6readSnEhj
 .text._ZN10W5500Class8readSnIREh
                0x000050a4        0x6 src/libraries/Ethernet2/src/utility/socket.o
                0x000050a4                _ZN10W5500Class8readSnIREh
 .text._ZN10W5500Class7writeSnEhjh
                0x000050aa       0x10 src/libraries/Ethernet2/src/utility/socket.o
                0x000050aa                _ZN10W5500Class7writeSnEhjh
 .text._ZN10W5500Class11writeSnPORTEhj
                0x000050ba       0x1e src/libraries/Ethernet2/src/utility/socket.o
                0x000050ba                _ZN10W5500Class11writeSnPORTEhj
 .text._ZN10W5500Class9writeSnIREhh
                0x000050d8        0x8 src/libraries/Ethernet2/src/utility/socket.o
                0x000050d8                _ZN10W5500Class9writeSnIREhh
 .text._ZN10W5500Class12writeSnDPORTEhj
                0x000050e0       0x1e src/libraries/Ethernet2/src/utility/socket.o
                0x000050e0                _ZN10W5500Class12writeSnDPORTEhj
 .text._Z5closeh
                0x000050fe       0x16 src/libraries/Ethernet2/src/utility/socket.o
                0x000050fe                _Z5closeh
 .text._Z6sockethhjh
                0x00005114       0x66 src/libraries/Ethernet2/src/utility/socket.o
                0x00005114                _Z6sockethhjh
 .text._Z6listenh
                0x0000517a       0x22 src/libraries/Ethernet2/src/utility/socket.o
                0x0000517a                _Z6listenh
 .text._Z7connecthPhj
                0x0000519c       0x66 src/libraries/Ethernet2/src/utility/socket.o
                0x0000519c                _Z7connecthPhj
 .text._Z10disconnecth
                0x00005202        0xa src/libraries/Ethernet2/src/utility/socket.o
                0x00005202                _Z10disconnecth
 .text._Z4sendhPKhj
                0x0000520c       0x90 src/libraries/Ethernet2/src/utility/socket.o
                0x0000520c                _Z4sendhPKhj
 .text._Z4recvhPhi
                0x0000529c       0x82 src/libraries/Ethernet2/src/utility/socket.o
                0x0000529c                _Z4recvhPhi
 .text._Z4peekhPh
                0x0000531e       0x1a src/libraries/Ethernet2/src/utility/socket.o
                0x0000531e                _Z4peekhPh
 .text._Z5flushh
                0x00005338        0x2 src/libraries/Ethernet2/src/utility/socket.o
                0x00005338                _Z5flushh
 .text._Z10bufferDatahjPKhj
                0x0000533a       0x56 src/libraries/Ethernet2/src/utility/socket.o
                0x0000533a                _Z10bufferDatahjPKhj
 .text._Z8startUDPhPhj
                0x00005390       0x46 src/libraries/Ethernet2/src/utility/socket.o
                0x00005390                _Z8startUDPhPhj
 .text._Z7sendUDPh
                0x000053d6       0x38 src/libraries/Ethernet2/src/utility/socket.o
                0x000053d6                _Z7sendUDPh
 .text._ZN8SPIClass8transferEh
                0x0000540e        0xe src/libraries/Ethernet2/src/utility/w5500.o
                0x0000540e                _ZN8SPIClass8transferEh
 .text._ZN10W5500Class5setSSEv
                0x0000541c        0x4 src/libraries/Ethernet2/src/utility/w5500.o
                0x0000541c                _ZN10W5500Class5setSSEv
 .text._ZN10W5500Class7resetSSEv
                0x00005420        0x4 src/libraries/Ethernet2/src/utility/w5500.o
                0x00005420                _ZN10W5500Class7resetSSEv
 .text._ZN10W5500Class5writeEjhh
                0x00005424       0x40 src/libraries/Ethernet2/src/utility/w5500.o
                0x00005424                _ZN10W5500Class5writeEjhh
 .text._ZN10W5500Class5writeEjhPKhj
                0x00005464       0x5c src/libraries/Ethernet2/src/utility/w5500.o
                0x00005464                _ZN10W5500Class5writeEjhPKhj
 .text._ZN10W5500Class4readEjh
                0x000054c0       0x3c src/libraries/Ethernet2/src/utility/w5500.o
                0x000054c0                _ZN10W5500Class4readEjh
 .text._ZN10W5500Class4initEh
                0x000054fc       0x5a src/libraries/Ethernet2/src/utility/w5500.o
                0x000054fc                _ZN10W5500Class4initEh
 .text._ZN10W5500Class12readSnTX_FSREh
                0x00005556       0x2e src/libraries/Ethernet2/src/utility/w5500.o
                0x00005556                _ZN10W5500Class12readSnTX_FSREh
 .text._ZN10W5500Class13getTXFreeSizeEh
                0x00005584       0x34 src/libraries/Ethernet2/src/utility/w5500.o
                0x00005584                _ZN10W5500Class13getTXFreeSizeEh
 .text._ZN10W5500Class12readSnRX_RSREh
                0x000055b8       0x2e src/libraries/Ethernet2/src/utility/w5500.o
                0x000055b8                _ZN10W5500Class12readSnRX_RSREh
 .text._ZN10W5500Class17getRXReceivedSizeEh
                0x000055e6       0x34 src/libraries/Ethernet2/src/utility/w5500.o
                0x000055e6                _ZN10W5500Class17getRXReceivedSizeEh
 .text._ZN10W5500Class27send_data_processing_offsetEhjPKhj
                0x0000561a       0x74 src/libraries/Ethernet2/src/utility/w5500.o
                0x0000561a                _ZN10W5500Class27send_data_processing_offsetEhjPKhj
 .text._ZN10W5500Class20send_data_processingEhPKhj
                0x0000568e       0x14 src/libraries/Ethernet2/src/utility/w5500.o
                0x0000568e                _ZN10W5500Class20send_data_processingEhPKhj
 .text._ZN10W5500Class4readEjhPhj
                0x000056a2       0x5e src/libraries/Ethernet2/src/utility/w5500.o
                0x000056a2                _ZN10W5500Class4readEjhPhj
 .text._ZN10W5500Class9read_dataEhjPVhj
                0x00005700       0x30 src/libraries/Ethernet2/src/utility/w5500.o
                0x00005700                _ZN10W5500Class9read_dataEhjPVhj
 .text._ZN10W5500Class20recv_data_processingEhPhjh
                0x00005730       0x9a src/libraries/Ethernet2/src/utility/w5500.o
                0x00005730                _ZN10W5500Class20recv_data_processingEhPhjh
 .text._ZN10W5500Class9execCmdSnEh7SockCMD
                0x000057ca       0x1c src/libraries/Ethernet2/src/utility/w5500.o
                0x000057ca                _ZN10W5500Class9execCmdSnEh7SockCMD
 .text.startup._GLOBAL__sub_I_w5500
                0x000057e6        0xe src/libraries/Ethernet2/src/utility/w5500.o
 .text._ZN5I2CIOC2Ev
                0x000057f4        0xe src/libraries/LiquidCrystal/src/I2CIO.o
                0x000057f4                _ZN5I2CIOC2Ev
                0x000057f4                _ZN5I2CIOC1Ev
 .text._ZN5I2CIO8portModeEh
                0x00005802       0x16 src/libraries/LiquidCrystal/src/I2CIO.o
                0x00005802                _ZN5I2CIO8portModeEh
 .text._ZN5I2CIO11isAvailableEh
                0x00005818       0x1a src/libraries/LiquidCrystal/src/I2CIO.o
                0x00005818                _ZN5I2CIO11isAvailableEh
 .text._ZN5I2CIO5beginEh
                0x00005832       0x30 src/libraries/LiquidCrystal/src/I2CIO.o
                0x00005832                _ZN5I2CIO5beginEh
 .text._ZN5I2CIO5writeEh
                0x00005862       0x4e src/libraries/LiquidCrystal/src/I2CIO.o
                0x00005862                _ZN5I2CIO5writeEh
 .text._ZN3LCD15setBacklightPinEh13t_backlighPol
                0x000058b0        0x2 src/libraries/LiquidCrystal/src/LCD.o
                0x000058b0                _ZN3LCD15setBacklightPinEh13t_backlighPol
 .text._ZN3LCD12setBacklightEh
                0x000058b2        0x2 src/libraries/LiquidCrystal/src/LCD.o
                0x000058b2                _ZN3LCD12setBacklightEh
 .text._ZN3LCD5writeEh
                0x000058b4       0x16 src/libraries/LiquidCrystal/src/LCD.o
                0x000058b4                _ZN3LCD5writeEh
 .text._ZN3LCDC2Ev
                0x000058ca       0x10 src/libraries/LiquidCrystal/src/LCD.o
                0x000058ca                _ZN3LCDC1Ev
                0x000058ca                _ZN3LCDC2Ev
 .text._ZN3LCD9backlightEv
                0x000058da       0x10 src/libraries/LiquidCrystal/src/LCD.o
                0x000058da                _ZN3LCD9backlightEv
 .text._ZN3LCD11noBacklightEv
                0x000058ea       0x10 src/libraries/LiquidCrystal/src/LCD.o
                0x000058ea                _ZN3LCD11noBacklightEv
 .text._ZN3LCD7commandEh
                0x000058fa       0x10 src/libraries/LiquidCrystal/src/LCD.o
                0x000058fa                _ZN3LCD7commandEh
 .text._ZN3LCD5clearEv
                0x0000590a        0xc src/libraries/LiquidCrystal/src/LCD.o
                0x0000590a                _ZN3LCD5clearEv
 .text._ZN3LCD9setCursorEhh
                0x00005916       0x84 src/libraries/LiquidCrystal/src/LCD.o
                0x00005916                _ZN3LCD9setCursorEhh
 .text._ZN3LCD9noDisplayEv
                0x0000599a        0xc src/libraries/LiquidCrystal/src/LCD.o
                0x0000599a                _ZN3LCD9noDisplayEv
 .text._ZN3LCD7displayEv
                0x000059a6        0xe src/libraries/LiquidCrystal/src/LCD.o
                0x000059a6                _ZN3LCD7displayEv
 .text._ZN3LCD5beginEhhh
                0x000059b4       0xf2 src/libraries/LiquidCrystal/src/LCD.o
                0x000059b4                _ZN3LCD5beginEhhh
 .text._ZN3LCD10createCharEhPh
                0x00005aa6       0x5e src/libraries/LiquidCrystal/src/LCD.o
                0x00005aa6                _ZN3LCD10createCharEhPh
 .text._ZN17LiquidCrystal_I2C15setBacklightPinEh13t_backlighPol
                0x00005b04       0x26 src/libraries/LiquidCrystal/src/LiquidCrystal_I2C.o
                0x00005b04                _ZN17LiquidCrystal_I2C15setBacklightPinEh13t_backlighPol
 .text._ZN17LiquidCrystal_I2C12setBacklightEh
                0x00005b2a       0x2c src/libraries/LiquidCrystal/src/LiquidCrystal_I2C.o
                0x00005b2a                _ZN17LiquidCrystal_I2C12setBacklightEh
 .text._ZN17LiquidCrystal_I2C4initEv
                0x00005b56       0x3e src/libraries/LiquidCrystal/src/LiquidCrystal_I2C.o
                0x00005b56                _ZN17LiquidCrystal_I2C4initEv
 .text._ZN17LiquidCrystal_I2C6configEhhhhhhhh
                0x00005b94       0x80 src/libraries/LiquidCrystal/src/LiquidCrystal_I2C.o
                0x00005b94                _ZN17LiquidCrystal_I2C6configEhhhhhhhh
 .text._ZN17LiquidCrystal_I2CC2Ehhhhhhhhh13t_backlighPol
                0x00005c14       0x6c src/libraries/LiquidCrystal/src/LiquidCrystal_I2C.o
                0x00005c14                _ZN17LiquidCrystal_I2CC1Ehhhhhhhhh13t_backlighPol
                0x00005c14                _ZN17LiquidCrystal_I2CC2Ehhhhhhhhh13t_backlighPol
 .text._ZN17LiquidCrystal_I2C11pulseEnableEh
                0x00005c80       0x36 src/libraries/LiquidCrystal/src/LiquidCrystal_I2C.o
                0x00005c80                _ZN17LiquidCrystal_I2C11pulseEnableEh
 .text._ZN17LiquidCrystal_I2C10write4bitsEhh
                0x00005cb6       0x30 src/libraries/LiquidCrystal/src/LiquidCrystal_I2C.o
                0x00005cb6                _ZN17LiquidCrystal_I2C10write4bitsEhh
 .text._ZN17LiquidCrystal_I2C4sendEhh
                0x00005ce6       0x3a src/libraries/LiquidCrystal/src/LiquidCrystal_I2C.o
                0x00005ce6                _ZN17LiquidCrystal_I2C4sendEhh
 .text._ZN17LiquidCrystal_I2C5beginEhhh
                0x00005d20       0x28 src/libraries/LiquidCrystal/src/LiquidCrystal_I2C.o
                0x00005d20                _ZN17LiquidCrystal_I2C5beginEhhh
 .text._ZN11Diagnostics15_printErrorCodeEv
                0x00005d48       0x36 src/libraries/SPIMemory/src/diagnostics.o
                0x00005d48                _ZN11Diagnostics15_printErrorCodeEv
 .text._ZN11Diagnostics12troubleshootEhb
                0x00005d7e        0xa src/libraries/SPIMemory/src/diagnostics.o
                0x00005d7e                _ZN11Diagnostics12troubleshootEhb
 .text._ZN8SPIFlashC2Eh
                0x00005d88       0xbc src/libraries/SPIMemory/src/SPIFlash.o
                0x00005d88                _ZN8SPIFlashC1Eh
                0x00005d88                _ZN8SPIFlashC2Eh
 .text._ZN8SPIFlash5beginEm
                0x00005e44       0x50 src/libraries/SPIMemory/src/SPIFlash.o
                0x00005e44                _ZN8SPIFlash5beginEm
 .text._ZN8SPIFlash5errorEb
                0x00005e94       0x12 src/libraries/SPIMemory/src/SPIFlash.o
                0x00005e94                _ZN8SPIFlash5errorEb
 .text._ZN8SPIFlash11getCapacityEv
                0x00005ea6        0xc src/libraries/SPIMemory/src/SPIFlash.o
                0x00005ea6                _ZN8SPIFlash11getCapacityEv
 .text._ZN8SPIFlash10getMaxPageEv
                0x00005eb2       0x22 src/libraries/SPIMemory/src/SPIFlash.o
                0x00005eb2                _ZN8SPIFlash10getMaxPageEv
 .text._ZN8SPIFlash10getJEDECIDEv
                0x00005ed4       0x24 src/libraries/SPIMemory/src/SPIFlash.o
                0x00005ed4                _ZN8SPIFlash10getJEDECIDEv
 .text._ZN8SPIFlash11getUniqueIDEv
                0x00005ef8       0xea src/libraries/SPIMemory/src/SPIFlash.o
                0x00005ef8                _ZN8SPIFlash11getUniqueIDEv
 .text._ZN8SPIFlash11eraseSectorEm
                0x00005fe2       0x68 src/libraries/SPIMemory/src/SPIFlash.o
                0x00005fe2                _ZN8SPIFlash11eraseSectorEm
 .text._ZN8SPIFlash9eraseChipEv
                0x0000604a       0x54 src/libraries/SPIMemory/src/SPIFlash.o
                0x0000604a                _ZN8SPIFlash9eraseChipEv
 .text._ZN8SPIFlash9powerDownEv
                0x0000609e       0x54 src/libraries/SPIMemory/src/SPIFlash.o
                0x0000609e                _ZN8SPIFlash9powerDownEv
 .text._ZN8SPIFlash7powerUpEv
                0x000060f2       0x32 src/libraries/SPIMemory/src/SPIFlash.o
                0x000060f2                _ZN8SPIFlash7powerUpEv
 .text._ZN8SPIFlash13_addressCheckEmm
                0x00006124       0xaa src/libraries/SPIMemory/src/SPIFlashIO.o
                0x00006124                _ZN8SPIFlash13_addressCheckEmm
 .text._ZN8SPIFlash16_transferAddressEv
                0x000061ce       0x3a src/libraries/SPIMemory/src/SPIFlashIO.o
                0x000061ce                _ZN8SPIFlash16_transferAddressEv
 .text._ZN8SPIFlash12_startSPIBusEv
                0x00006208       0x46 src/libraries/SPIMemory/src/SPIFlashIO.o
                0x00006208                _ZN8SPIFlash12_startSPIBusEv
 .text._ZN8SPIFlash9_beginSPIEh
                0x0000624e       0x66 src/libraries/SPIMemory/src/SPIFlashIO.o
                0x0000624e                _ZN8SPIFlash9_beginSPIEh
 .text._ZN8SPIFlash15_notPrevWrittenEmm
                0x000062b4       0x6a src/libraries/SPIMemory/src/SPIFlashIO.o
                0x000062b4                _ZN8SPIFlash15_notPrevWrittenEmm
 .text._ZN8SPIFlash9_nextByteEch
                0x0000631e        0x4 src/libraries/SPIMemory/src/SPIFlashIO.o
                0x0000631e                _ZN8SPIFlash9_nextByteEch
 .text._ZN8SPIFlash7_endSPIEv
                0x00006322       0x30 src/libraries/SPIMemory/src/SPIFlashIO.o
                0x00006322                _ZN8SPIFlash7_endSPIEv
 .text._ZN8SPIFlash10_readStat1Ev
                0x00006352       0x1a src/libraries/SPIMemory/src/SPIFlashIO.o
                0x00006352                _ZN8SPIFlash10_readStat1Ev
 .text._ZN8SPIFlash18_isChipPoweredDownEv
                0x0000636c       0x1a src/libraries/SPIMemory/src/SPIFlashIO.o
                0x0000636c                _ZN8SPIFlash18_isChipPoweredDownEv
 .text._ZN8SPIFlash8_notBusyEm
                0x00006386       0x8e src/libraries/SPIMemory/src/SPIFlashIO.o
                0x00006386                _ZN8SPIFlash8_notBusyEm
 .text._ZN8SPIFlash12_writeEnableEb
                0x00006414       0x36 src/libraries/SPIMemory/src/SPIFlashIO.o
                0x00006414                _ZN8SPIFlash12_writeEnableEb
 .text._ZN8SPIFlash5_prepEhmm
                0x0000644a       0xc4 src/libraries/SPIMemory/src/SPIFlashIO.o
                0x0000644a                _ZN8SPIFlash5_prepEhmm
 .text._ZN8SPIFlash13_writeDisableEv
                0x0000650e        0xa src/libraries/SPIMemory/src/SPIFlashIO.o
                0x0000650e                _ZN8SPIFlash13_writeDisableEv
 .text._ZN8SPIFlash11_getJedecIdEv
                0x00006518       0x54 src/libraries/SPIMemory/src/SPIFlashIO.o
                0x00006518                _ZN8SPIFlash11_getJedecIdEv
 .text._ZN8SPIFlash26_disableGlobalBlockProtectEv
                0x0000656c       0x78 src/libraries/SPIMemory/src/SPIFlashIO.o
                0x0000656c                _ZN8SPIFlash26_disableGlobalBlockProtectEv
 .text._ZN8SPIFlash7_chipIDEm
                0x000065e4      0x1ae src/libraries/SPIMemory/src/SPIFlashIO.o
                0x000065e4                _ZN8SPIFlash7_chipIDEm
 .text._ZN8SPIFlash13_troubleshootEhb
                0x00006792        0x6 src/libraries/SPIMemory/src/SPIFlashIO.o
                0x00006792                _ZN8SPIFlash13_troubleshootEhb
 .text._ZN8SPIClass5beginEv
                0x00006798       0x6c src/libraries/SPI/src/SPI.o
                0x00006798                _ZN8SPIClass5beginEv
 .text.twi_init
                0x00006804       0x3c src/libraries/Wire/src/utility/twi.o
                0x00006804                twi_init
 .text.twi_disable
                0x00006840       0x1a src/libraries/Wire/src/utility/twi.o
                0x00006840                twi_disable
 .text.twi_setFrequency
                0x0000685a       0x28 src/libraries/Wire/src/utility/twi.o
                0x0000685a                twi_setFrequency
 .text.twi_readFrom
                0x00006882       0x90 src/libraries/Wire/src/utility/twi.o
                0x00006882                twi_readFrom
 .text.twi_writeTo
                0x00006912       0xac src/libraries/Wire/src/utility/twi.o
                0x00006912                twi_writeTo
 .text.twi_transmit
                0x000069be       0x50 src/libraries/Wire/src/utility/twi.o
                0x000069be                twi_transmit
 .text.twi_attachSlaveRxEvent
                0x00006a0e        0xa src/libraries/Wire/src/utility/twi.o
                0x00006a0e                twi_attachSlaveRxEvent
 .text.twi_attachSlaveTxEvent
                0x00006a18        0xa src/libraries/Wire/src/utility/twi.o
                0x00006a18                twi_attachSlaveTxEvent
 .text.twi_stop
                0x00006a22       0x14 src/libraries/Wire/src/utility/twi.o
                0x00006a22                twi_stop
 .text.twi_releaseBus
                0x00006a36        0xc src/libraries/Wire/src/utility/twi.o
                0x00006a36                twi_releaseBus
 .text.__vector_26
                0x00006a42      0x25c src/libraries/Wire/src/utility/twi.o
                0x00006a42                __vector_26
 .text._ZN7TwoWire9availableEv
                0x00006c9e       0x10 src/libraries/Wire/src/Wire.o
                0x00006c9e                _ZN7TwoWire9availableEv
 .text._ZN7TwoWire4readEv
                0x00006cae       0x28 src/libraries/Wire/src/Wire.o
                0x00006cae                _ZN7TwoWire4readEv
 .text._ZN7TwoWire4peekEv
                0x00006cd6       0x1e src/libraries/Wire/src/Wire.o
                0x00006cd6                _ZN7TwoWire4peekEv
 .text._ZN7TwoWire5flushEv
                0x00006cf4        0x2 src/libraries/Wire/src/Wire.o
                0x00006cf4                _ZN7TwoWire5flushEv
 .text._ZN7TwoWire16onReceiveServiceEPhi
                0x00006cf6       0x54 src/libraries/Wire/src/Wire.o
                0x00006cf6                _ZN7TwoWire16onReceiveServiceEPhi
 .text._ZN7TwoWire16onRequestServiceEv
                0x00006d4a       0x18 src/libraries/Wire/src/Wire.o
                0x00006d4a                _ZN7TwoWire16onRequestServiceEv
 .text._ZN7TwoWire5writeEPKhj
                0x00006d62       0x58 src/libraries/Wire/src/Wire.o
                0x00006d62                _ZN7TwoWire5writeEPKhj
 .text._ZN7TwoWire5writeEh
                0x00006dba       0x5c src/libraries/Wire/src/Wire.o
                0x00006dba                _ZN7TwoWire5writeEh
 .text._ZN7TwoWireC2Ev
                0x00006e16       0x20 src/libraries/Wire/src/Wire.o
                0x00006e16                _ZN7TwoWireC1Ev
                0x00006e16                _ZN7TwoWireC2Ev
 .text._ZN7TwoWire5beginEv
                0x00006e36       0x1e src/libraries/Wire/src/Wire.o
                0x00006e36                _ZN7TwoWire5beginEv
 .text._ZN7TwoWire3endEv
                0x00006e54        0x2 src/libraries/Wire/src/Wire.o
                0x00006e54                _ZN7TwoWire3endEv
 .text._ZN7TwoWire8setClockEm
                0x00006e56        0x6 src/libraries/Wire/src/Wire.o
                0x00006e56                _ZN7TwoWire8setClockEm
 .text._ZN7TwoWire17beginTransmissionEh
                0x00006e5c       0x14 src/libraries/Wire/src/Wire.o
                0x00006e5c                _ZN7TwoWire17beginTransmissionEh
 .text._ZN7TwoWire17beginTransmissionEi
                0x00006e70        0x2 src/libraries/Wire/src/Wire.o
                0x00006e70                _ZN7TwoWire17beginTransmissionEi
 .text._ZN7TwoWire15endTransmissionEh
                0x00006e72       0x24 src/libraries/Wire/src/Wire.o
                0x00006e72                _ZN7TwoWire15endTransmissionEh
 .text._ZN7TwoWire11requestFromEhhmhh
                0x00006e96       0xa2 src/libraries/Wire/src/Wire.o
                0x00006e96                _ZN7TwoWire11requestFromEhhmhh
 .text._ZN7TwoWire11requestFromEhhh
                0x00006f38       0x1e src/libraries/Wire/src/Wire.o
                0x00006f38                _ZN7TwoWire11requestFromEhhh
 .text._ZN7TwoWire11requestFromEhh
                0x00006f56        0x4 src/libraries/Wire/src/Wire.o
                0x00006f56                _ZN7TwoWire11requestFromEhh
 .text._ZN7TwoWire11requestFromEii
                0x00006f5a        0x4 src/libraries/Wire/src/Wire.o
                0x00006f5a                _ZN7TwoWire11requestFromEii
 .text._ZN7TwoWire15endTransmissionEv
                0x00006f5e        0x4 src/libraries/Wire/src/Wire.o
                0x00006f5e                _ZN7TwoWire15endTransmissionEv
 .text.startup._GLOBAL__sub_I__ZN7TwoWire8rxBufferE
                0x00006f62        0x6 src/libraries/Wire/src/Wire.o
 .text.avr-libc.fplib
                0x00006f68        0x8 c:/program files (x86)/atmel/studio/7.0/toolchain/avr8/avr8-gnu-toolchain/bin/../lib/gcc/avr/5.4.0/../../../../avr/lib/avr51\libm.a(cmpsf2.o)
                0x00006f68                __nesf2
                0x00006f68                __eqsf2
                0x00006f68                __cmpsf2
                0x00006f68                __ltsf2
                0x00006f68                __lesf2
 .text.avr-libc.fplib
                0x00006f70        0x4 c:/program files (x86)/atmel/studio/7.0/toolchain/avr8/avr8-gnu-toolchain/bin/../lib/gcc/avr/5.4.0/../../../../avr/lib/avr51\libm.a(divsf3.o)
                0x00006f70                __divsf3
 .text.avr-libc.fplib
                0x00006f74       0xcc c:/program files (x86)/atmel/studio/7.0/toolchain/avr8/avr8-gnu-toolchain/bin/../lib/gcc/avr/5.4.0/../../../../avr/lib/avr51\libm.a(divsf3x.o)
                0x00006f8a                __divsf3x
                0x00006f8e                __divsf3_pse
 .text.avr-libc.fplib
                0x00007040       0x7a c:/program files (x86)/atmel/studio/7.0/toolchain/avr8/avr8-gnu-toolchain/bin/../lib/gcc/avr/5.4.0/../../../../avr/lib/avr51\libm.a(floatsisf.o)
                0x00007040                __floatunsisf
                0x00007044                __floatsisf
 .text.avr-libc.fplib
                0x000070ba       0x48 c:/program files (x86)/atmel/studio/7.0/toolchain/avr8/avr8-gnu-toolchain/bin/../lib/gcc/avr/5.4.0/../../../../avr/lib/avr51\libm.a(fp_cmp.o)
                0x000070ba                __fp_cmp
 .text.avr-libc.fplib
                0x00007102        0xc c:/program files (x86)/atmel/studio/7.0/toolchain/avr8/avr8-gnu-toolchain/bin/../lib/gcc/avr/5.4.0/../../../../avr/lib/avr51\libm.a(fp_inf.o)
                0x00007102                __fp_inf
 .text.avr-libc.fplib
                0x0000710e        0x6 c:/program files (x86)/atmel/studio/7.0/toolchain/avr8/avr8-gnu-toolchain/bin/../lib/gcc/avr/5.4.0/../../../../avr/lib/avr51\libm.a(fp_nan.o)
                0x0000710e                __fp_nan
 .text.avr-libc.fplib
                0x00007114        0xe c:/program files (x86)/atmel/studio/7.0/toolchain/avr8/avr8-gnu-toolchain/bin/../lib/gcc/avr/5.4.0/../../../../avr/lib/avr51\libm.a(fp_pscA.o)
                0x00007114                __fp_pscA
 .text.avr-libc.fplib
                0x00007122        0xe c:/program files (x86)/atmel/studio/7.0/toolchain/avr8/avr8-gnu-toolchain/bin/../lib/gcc/avr/5.4.0/../../../../avr/lib/avr51\libm.a(fp_pscB.o)
                0x00007122                __fp_pscB
 .text.avr-libc.fplib
                0x00007130       0x22 c:/program files (x86)/atmel/studio/7.0/toolchain/avr8/avr8-gnu-toolchain/bin/../lib/gcc/avr/5.4.0/../../../../avr/lib/avr51\libm.a(fp_round.o)
                0x00007130                __fp_round
 .text.avr-libc.fplib
                0x00007152       0x44 c:/program files (x86)/atmel/studio/7.0/toolchain/avr8/avr8-gnu-toolchain/bin/../lib/gcc/avr/5.4.0/../../../../avr/lib/avr51\libm.a(fp_split3.o)
                0x00007152                __fp_split3
                0x00007162                __fp_splitA
 .text.avr-libc.fplib
                0x00007196        0xe c:/program files (x86)/atmel/studio/7.0/toolchain/avr8/avr8-gnu-toolchain/bin/../lib/gcc/avr/5.4.0/../../../../avr/lib/avr51\libm.a(fp_zero.o)
                0x00007196                __fp_zero
                0x00007198                __fp_szero
 .text.__cxa_pure_virtual
                0x000071a4        0x4 C:\Users\ADMINI~1\DOCUME~1\PROGET~1\FUELCO~1\Firmware\repo\CCEC\TUINOD~1\ARDUIN~1\Debug\libArduinoCore.a(abi.o)
                0x000071a4                __cxa_pure_virtual
 .text.__vector_18
                0x000071a8       0x64 C:\Users\ADMINI~1\DOCUME~1\PROGET~1\FUELCO~1\Firmware\repo\CCEC\TUINOD~1\ARDUIN~1\Debug\libArduinoCore.a(HardwareSerial0.o)
                0x000071a8                __vector_18
 .text.__vector_19
                0x0000720c       0x4a C:\Users\ADMINI~1\DOCUME~1\PROGET~1\FUELCO~1\Firmware\repo\CCEC\TUINOD~1\ARDUIN~1\Debug\libArduinoCore.a(HardwareSerial0.o)
                0x0000720c                __vector_19
 .text._Z17Serial0_availablev
                0x00007256       0x12 C:\Users\ADMINI~1\DOCUME~1\PROGET~1\FUELCO~1\Firmware\repo\CCEC\TUINOD~1\ARDUIN~1\Debug\libArduinoCore.a(HardwareSerial0.o)
                0x00007256                _Z17Serial0_availablev
 .text.startup._GLOBAL__sub_I___vector_18
                0x00007268       0x5a C:\Users\ADMINI~1\DOCUME~1\PROGET~1\FUELCO~1\Firmware\repo\CCEC\TUINOD~1\ARDUIN~1\Debug\libArduinoCore.a(HardwareSerial0.o)
 .text._ZNK9IPAddress7printToER5Print
                0x000072c2       0x7e C:\Users\ADMINI~1\DOCUME~1\PROGET~1\FUELCO~1\Firmware\repo\CCEC\TUINOD~1\ARDUIN~1\Debug\libArduinoCore.a(IPAddress.o)
                0x000072c2                _ZNK9IPAddress7printToER5Print
 .text._ZN9IPAddressC2Ev
                0x00007340       0x14 C:\Users\ADMINI~1\DOCUME~1\PROGET~1\FUELCO~1\Firmware\repo\CCEC\TUINOD~1\ARDUIN~1\Debug\libArduinoCore.a(IPAddress.o)
                0x00007340                _ZN9IPAddressC1Ev
                0x00007340                _ZN9IPAddressC2Ev
 .text._ZN9IPAddressC2Ehhhh
                0x00007354       0x18 C:\Users\ADMINI~1\DOCUME~1\PROGET~1\FUELCO~1\Firmware\repo\CCEC\TUINOD~1\ARDUIN~1\Debug\libArduinoCore.a(IPAddress.o)
                0x00007354                _ZN9IPAddressC2Ehhhh
                0x00007354                _ZN9IPAddressC1Ehhhh
 .text._ZN9IPAddressC2EPKh
                0x0000736c       0x18 C:\Users\ADMINI~1\DOCUME~1\PROGET~1\FUELCO~1\Firmware\repo\CCEC\TUINOD~1\ARDUIN~1\Debug\libArduinoCore.a(IPAddress.o)
                0x0000736c                _ZN9IPAddressC2EPKh
                0x0000736c                _ZN9IPAddressC1EPKh
 .text._ZN9IPAddressaSEPKh
                0x00007384       0x12 C:\Users\ADMINI~1\DOCUME~1\PROGET~1\FUELCO~1\Firmware\repo\CCEC\TUINOD~1\ARDUIN~1\Debug\libArduinoCore.a(IPAddress.o)
                0x00007384                _ZN9IPAddressaSEPKh
 .text.initVariant
                0x00007396        0x2 C:\Users\ADMINI~1\DOCUME~1\PROGET~1\FUELCO~1\Firmware\repo\CCEC\TUINOD~1\ARDUIN~1\Debug\libArduinoCore.a(main.o)
                0x00007396                initVariant
 .text.startup.main
                0x00007398       0x18 C:\Users\ADMINI~1\DOCUME~1\PROGET~1\FUELCO~1\Firmware\repo\CCEC\TUINOD~1\ARDUIN~1\Debug\libArduinoCore.a(main.o)
                0x00007398                main
 .text._ZN5Print5writeEPKhj
                0x000073b0       0x54 C:\Users\ADMINI~1\DOCUME~1\PROGET~1\FUELCO~1\Firmware\repo\CCEC\TUINOD~1\ARDUIN~1\Debug\libArduinoCore.a(Print.o)
                0x000073b0                _ZN5Print5writeEPKhj
 .text._ZN5Print5writeEPKc
                0x00007404       0x2a C:\Users\ADMINI~1\DOCUME~1\PROGET~1\FUELCO~1\Firmware\repo\CCEC\TUINOD~1\ARDUIN~1\Debug\libArduinoCore.a(Print.o)
                0x00007404                _ZN5Print5writeEPKc
 .text._ZN5Print5printEPK19__FlashStringHelper
                0x0000742e       0x48 C:\Users\ADMINI~1\DOCUME~1\PROGET~1\FUELCO~1\Firmware\repo\CCEC\TUINOD~1\ARDUIN~1\Debug\libArduinoCore.a(Print.o)
                0x0000742e                _ZN5Print5printEPK19__FlashStringHelper
 .text._ZN5Print5printERK6String
                0x00007476       0x1c C:\Users\ADMINI~1\DOCUME~1\PROGET~1\FUELCO~1\Firmware\repo\CCEC\TUINOD~1\ARDUIN~1\Debug\libArduinoCore.a(Print.o)
                0x00007476                _ZN5Print5printERK6String
 .text._ZN5Print5printEPKc
                0x00007492        0x2 C:\Users\ADMINI~1\DOCUME~1\PROGET~1\FUELCO~1\Firmware\repo\CCEC\TUINOD~1\ARDUIN~1\Debug\libArduinoCore.a(Print.o)
                0x00007492                _ZN5Print5printEPKc
 .text._ZN5Print5printEc
                0x00007494        0xe C:\Users\ADMINI~1\DOCUME~1\PROGET~1\FUELCO~1\Firmware\repo\CCEC\TUINOD~1\ARDUIN~1\Debug\libArduinoCore.a(Print.o)
                0x00007494                _ZN5Print5printEc
 .text._ZN5Print7printlnEv
                0x000074a2        0x6 C:\Users\ADMINI~1\DOCUME~1\PROGET~1\FUELCO~1\Firmware\repo\CCEC\TUINOD~1\ARDUIN~1\Debug\libArduinoCore.a(Print.o)
                0x000074a2                _ZN5Print7printlnEv
 .text._ZN5Print7printlnEPK19__FlashStringHelper
                0x000074a8       0x20 C:\Users\ADMINI~1\DOCUME~1\PROGET~1\FUELCO~1\Firmware\repo\CCEC\TUINOD~1\ARDUIN~1\Debug\libArduinoCore.a(Print.o)
                0x000074a8                _ZN5Print7printlnEPK19__FlashStringHelper
 .text._ZN5Print7printlnERK6String
                0x000074c8       0x20 C:\Users\ADMINI~1\DOCUME~1\PROGET~1\FUELCO~1\Firmware\repo\CCEC\TUINOD~1\ARDUIN~1\Debug\libArduinoCore.a(Print.o)
                0x000074c8                _ZN5Print7printlnERK6String
 .text._ZN5Print7printlnEPKc
                0x000074e8       0x20 C:\Users\ADMINI~1\DOCUME~1\PROGET~1\FUELCO~1\Firmware\repo\CCEC\TUINOD~1\ARDUIN~1\Debug\libArduinoCore.a(Print.o)
                0x000074e8                _ZN5Print7printlnEPKc
 .text._ZN5Print11printNumberEmh
                0x00007508       0x8e C:\Users\ADMINI~1\DOCUME~1\PROGET~1\FUELCO~1\Firmware\repo\CCEC\TUINOD~1\ARDUIN~1\Debug\libArduinoCore.a(Print.o)
                0x00007508                _ZN5Print11printNumberEmh
 .text._ZN5Print5printEmi
                0x00007596       0x18 C:\Users\ADMINI~1\DOCUME~1\PROGET~1\FUELCO~1\Firmware\repo\CCEC\TUINOD~1\ARDUIN~1\Debug\libArduinoCore.a(Print.o)
                0x00007596                _ZN5Print5printEmi
 .text._ZN5Print5printEhi
                0x000075ae        0xc C:\Users\ADMINI~1\DOCUME~1\PROGET~1\FUELCO~1\Firmware\repo\CCEC\TUINOD~1\ARDUIN~1\Debug\libArduinoCore.a(Print.o)
                0x000075ae                _ZN5Print5printEhi
 .text._ZN5Print7printlnEhi
                0x000075ba       0x20 C:\Users\ADMINI~1\DOCUME~1\PROGET~1\FUELCO~1\Firmware\repo\CCEC\TUINOD~1\ARDUIN~1\Debug\libArduinoCore.a(Print.o)
                0x000075ba                _ZN5Print7printlnEhi
 .text._ZN5Print7printlnEmi
                0x000075da       0x20 C:\Users\ADMINI~1\DOCUME~1\PROGET~1\FUELCO~1\Firmware\repo\CCEC\TUINOD~1\ARDUIN~1\Debug\libArduinoCore.a(Print.o)
                0x000075da                _ZN5Print7printlnEmi
 .text.__vector_16
                0x000075fa       0x94 C:\Users\ADMINI~1\DOCUME~1\PROGET~1\FUELCO~1\Firmware\repo\CCEC\TUINOD~1\ARDUIN~1\Debug\libArduinoCore.a(wiring.o)
                0x000075fa                __vector_16
 .text.millis   0x0000768e       0x18 C:\Users\ADMINI~1\DOCUME~1\PROGET~1\FUELCO~1\Firmware\repo\CCEC\TUINOD~1\ARDUIN~1\Debug\libArduinoCore.a(wiring.o)
                0x0000768e                millis
 .text.micros   0x000076a6       0x4a C:\Users\ADMINI~1\DOCUME~1\PROGET~1\FUELCO~1\Firmware\repo\CCEC\TUINOD~1\ARDUIN~1\Debug\libArduinoCore.a(wiring.o)
                0x000076a6                micros
 .text.delay    0x000076f0       0x72 C:\Users\ADMINI~1\DOCUME~1\PROGET~1\FUELCO~1\Firmware\repo\CCEC\TUINOD~1\ARDUIN~1\Debug\libArduinoCore.a(wiring.o)
                0x000076f0                delay
 .text.delayMicroseconds
                0x00007762       0x16 C:\Users\ADMINI~1\DOCUME~1\PROGET~1\FUELCO~1\Firmware\repo\CCEC\TUINOD~1\ARDUIN~1\Debug\libArduinoCore.a(wiring.o)
                0x00007762                delayMicroseconds
 .text.init     0x00007778       0x76 C:\Users\ADMINI~1\DOCUME~1\PROGET~1\FUELCO~1\Firmware\repo\CCEC\TUINOD~1\ARDUIN~1\Debug\libArduinoCore.a(wiring.o)
                0x00007778                init
 .text.turnOffPWM
                0x000077ee       0x52 C:\Users\ADMINI~1\DOCUME~1\PROGET~1\FUELCO~1\Firmware\repo\CCEC\TUINOD~1\ARDUIN~1\Debug\libArduinoCore.a(wiring_digital.o)
 .text.pinMode  0x00007840       0x78 C:\Users\ADMINI~1\DOCUME~1\PROGET~1\FUELCO~1\Firmware\repo\CCEC\TUINOD~1\ARDUIN~1\Debug\libArduinoCore.a(wiring_digital.o)
                0x00007840                pinMode
 .text.digitalWrite
                0x000078b8       0x5c C:\Users\ADMINI~1\DOCUME~1\PROGET~1\FUELCO~1\Firmware\repo\CCEC\TUINOD~1\ARDUIN~1\Debug\libArduinoCore.a(wiring_digital.o)
                0x000078b8                digitalWrite
 .text.digitalRead
                0x00007914       0x50 C:\Users\ADMINI~1\DOCUME~1\PROGET~1\FUELCO~1\Firmware\repo\CCEC\TUINOD~1\ARDUIN~1\Debug\libArduinoCore.a(wiring_digital.o)
                0x00007914                digitalRead
 .text._ZNK6String14StringIfHelperEv
                0x00007964        0x2 C:\Users\ADMINI~1\DOCUME~1\PROGET~1\FUELCO~1\Firmware\repo\CCEC\TUINOD~1\ARDUIN~1\Debug\libArduinoCore.a(WString.o)
                0x00007964                _ZNK6String14StringIfHelperEv
 .text._ZN6StringD2Ev
                0x00007966        0x8 C:\Users\ADMINI~1\DOCUME~1\PROGET~1\FUELCO~1\Firmware\repo\CCEC\TUINOD~1\ARDUIN~1\Debug\libArduinoCore.a(WString.o)
                0x00007966                _ZN6StringD2Ev
                0x00007966                _ZN6StringD1Ev
 .text._ZN6String10invalidateEv
                0x0000796e       0x22 C:\Users\ADMINI~1\DOCUME~1\PROGET~1\FUELCO~1\Firmware\repo\CCEC\TUINOD~1\ARDUIN~1\Debug\libArduinoCore.a(WString.o)
                0x0000796e                _ZN6String10invalidateEv
 .text._ZN6String12changeBufferEj
                0x00007990       0x32 C:\Users\ADMINI~1\DOCUME~1\PROGET~1\FUELCO~1\Firmware\repo\CCEC\TUINOD~1\ARDUIN~1\Debug\libArduinoCore.a(WString.o)
                0x00007990                _ZN6String12changeBufferEj
 .text._ZN6String7reserveEj
                0x000079c2       0x36 C:\Users\ADMINI~1\DOCUME~1\PROGET~1\FUELCO~1\Firmware\repo\CCEC\TUINOD~1\ARDUIN~1\Debug\libArduinoCore.a(WString.o)
                0x000079c2                _ZN6String7reserveEj
 .text._ZN6String4copyEPKcj
                0x000079f8       0x3c C:\Users\ADMINI~1\DOCUME~1\PROGET~1\FUELCO~1\Firmware\repo\CCEC\TUINOD~1\ARDUIN~1\Debug\libArduinoCore.a(WString.o)
                0x000079f8                _ZN6String4copyEPKcj
 .text._ZN6StringC2EPKc
                0x00007a34       0x28 C:\Users\ADMINI~1\DOCUME~1\PROGET~1\FUELCO~1\Firmware\repo\CCEC\TUINOD~1\ARDUIN~1\Debug\libArduinoCore.a(WString.o)
                0x00007a34                _ZN6StringC2EPKc
                0x00007a34                _ZN6StringC1EPKc
 .text._ZN6String4moveERS_
                0x00007a5c       0x76 C:\Users\ADMINI~1\DOCUME~1\PROGET~1\FUELCO~1\Firmware\repo\CCEC\TUINOD~1\ARDUIN~1\Debug\libArduinoCore.a(WString.o)
                0x00007a5c                _ZN6String4moveERS_
 .text._ZN6StringC2EOS_
                0x00007ad2       0x10 C:\Users\ADMINI~1\DOCUME~1\PROGET~1\FUELCO~1\Firmware\repo\CCEC\TUINOD~1\ARDUIN~1\Debug\libArduinoCore.a(WString.o)
                0x00007ad2                _ZN6StringC1EOS_
                0x00007ad2                _ZN6StringC2EOS_
 .text._ZN6StringaSERKS_
                0x00007ae2       0x2a C:\Users\ADMINI~1\DOCUME~1\PROGET~1\FUELCO~1\Firmware\repo\CCEC\TUINOD~1\ARDUIN~1\Debug\libArduinoCore.a(WString.o)
                0x00007ae2                _ZN6StringaSERKS_
 .text._ZN6StringC2ERKS_
                0x00007b0c       0x10 C:\Users\ADMINI~1\DOCUME~1\PROGET~1\FUELCO~1\Firmware\repo\CCEC\TUINOD~1\ARDUIN~1\Debug\libArduinoCore.a(WString.o)
                0x00007b0c                _ZN6StringC2ERKS_
                0x00007b0c                _ZN6StringC1ERKS_
 .text._ZN6StringaSEOS_
                0x00007b1c       0x16 C:\Users\ADMINI~1\DOCUME~1\PROGET~1\FUELCO~1\Firmware\repo\CCEC\TUINOD~1\ARDUIN~1\Debug\libArduinoCore.a(WString.o)
                0x00007b1c                _ZN6StringaSEOS_
 .text._ZN6StringaSEPKc
                0x00007b32       0x2a C:\Users\ADMINI~1\DOCUME~1\PROGET~1\FUELCO~1\Firmware\repo\CCEC\TUINOD~1\ARDUIN~1\Debug\libArduinoCore.a(WString.o)
                0x00007b32                _ZN6StringaSEPKc
 .text._ZN6StringC2Ehh
                0x00007b5c       0x56 C:\Users\ADMINI~1\DOCUME~1\PROGET~1\FUELCO~1\Firmware\repo\CCEC\TUINOD~1\ARDUIN~1\Debug\libArduinoCore.a(WString.o)
                0x00007b5c                _ZN6StringC2Ehh
                0x00007b5c                _ZN6StringC1Ehh
 .text._ZN6StringC2Emh
                0x00007bb2       0x56 C:\Users\ADMINI~1\DOCUME~1\PROGET~1\FUELCO~1\Firmware\repo\CCEC\TUINOD~1\ARDUIN~1\Debug\libArduinoCore.a(WString.o)
                0x00007bb2                _ZN6StringC1Emh
                0x00007bb2                _ZN6StringC2Emh
 .text._ZN6StringC2Edh
                0x00007c08       0x5c C:\Users\ADMINI~1\DOCUME~1\PROGET~1\FUELCO~1\Firmware\repo\CCEC\TUINOD~1\ARDUIN~1\Debug\libArduinoCore.a(WString.o)
                0x00007c08                _ZN6StringC1Edh
                0x00007c08                _ZN6StringC2Edh
 .text._ZN6String6concatEPKcj
                0x00007c64       0x58 C:\Users\ADMINI~1\DOCUME~1\PROGET~1\FUELCO~1\Firmware\repo\CCEC\TUINOD~1\ARDUIN~1\Debug\libArduinoCore.a(WString.o)
                0x00007c64                _ZN6String6concatEPKcj
 .text._ZN6String6concatERKS_
                0x00007cbc        0xc C:\Users\ADMINI~1\DOCUME~1\PROGET~1\FUELCO~1\Firmware\repo\CCEC\TUINOD~1\ARDUIN~1\Debug\libArduinoCore.a(WString.o)
                0x00007cbc                _ZN6String6concatERKS_
 .text._ZN6String6concatEPKc
                0x00007cc8       0x1c C:\Users\ADMINI~1\DOCUME~1\PROGET~1\FUELCO~1\Firmware\repo\CCEC\TUINOD~1\ARDUIN~1\Debug\libArduinoCore.a(WString.o)
                0x00007cc8                _ZN6String6concatEPKc
 .text._ZplRK15StringSumHelperRK6String
                0x00007ce4       0x22 C:\Users\ADMINI~1\DOCUME~1\PROGET~1\FUELCO~1\Firmware\repo\CCEC\TUINOD~1\ARDUIN~1\Debug\libArduinoCore.a(WString.o)
                0x00007ce4                _ZplRK15StringSumHelperRK6String
 .text._ZplRK15StringSumHelperPKc
                0x00007d06       0x2e C:\Users\ADMINI~1\DOCUME~1\PROGET~1\FUELCO~1\Firmware\repo\CCEC\TUINOD~1\ARDUIN~1\Debug\libArduinoCore.a(WString.o)
                0x00007d06                _ZplRK15StringSumHelperPKc
 .text._ZNK6String6equalsEPKc
                0x00007d34       0x3c C:\Users\ADMINI~1\DOCUME~1\PROGET~1\FUELCO~1\Firmware\repo\CCEC\TUINOD~1\ARDUIN~1\Debug\libArduinoCore.a(WString.o)
                0x00007d34                _ZNK6String6equalsEPKc
 .text._ZNK6String8getBytesEPhjj
                0x00007d70       0x5c C:\Users\ADMINI~1\DOCUME~1\PROGET~1\FUELCO~1\Firmware\repo\CCEC\TUINOD~1\ARDUIN~1\Debug\libArduinoCore.a(WString.o)
                0x00007d70                _ZNK6String8getBytesEPhjj
 .text._ZNK6String9substringEjj
                0x00007dcc       0x86 C:\Users\ADMINI~1\DOCUME~1\PROGET~1\FUELCO~1\Firmware\repo\CCEC\TUINOD~1\ARDUIN~1\Debug\libArduinoCore.a(WString.o)
                0x00007dcc                _ZNK6String9substringEjj
 .text._ZN6String4trimEv
                0x00007e52       0xb2 C:\Users\ADMINI~1\DOCUME~1\PROGET~1\FUELCO~1\Firmware\repo\CCEC\TUINOD~1\ARDUIN~1\Debug\libArduinoCore.a(WString.o)
                0x00007e52                _ZN6String4trimEv
 .text._ZN14HardwareSerial9availableEv
                0x00007f04       0x18 C:\Users\ADMINI~1\DOCUME~1\PROGET~1\FUELCO~1\Firmware\repo\CCEC\TUINOD~1\ARDUIN~1\Debug\libArduinoCore.a(HardwareSerial.o)
                0x00007f04                _ZN14HardwareSerial9availableEv
 .text._ZN14HardwareSerial4peekEv
                0x00007f1c       0x1c C:\Users\ADMINI~1\DOCUME~1\PROGET~1\FUELCO~1\Firmware\repo\CCEC\TUINOD~1\ARDUIN~1\Debug\libArduinoCore.a(HardwareSerial.o)
                0x00007f1c                _ZN14HardwareSerial4peekEv
 .text._ZN14HardwareSerial4readEv
                0x00007f38       0x28 C:\Users\ADMINI~1\DOCUME~1\PROGET~1\FUELCO~1\Firmware\repo\CCEC\TUINOD~1\ARDUIN~1\Debug\libArduinoCore.a(HardwareSerial.o)
                0x00007f38                _ZN14HardwareSerial4readEv
 .text._ZN14HardwareSerial17availableForWriteEv
                0x00007f60       0x1e C:\Users\ADMINI~1\DOCUME~1\PROGET~1\FUELCO~1\Firmware\repo\CCEC\TUINOD~1\ARDUIN~1\Debug\libArduinoCore.a(HardwareSerial.o)
                0x00007f60                _ZN14HardwareSerial17availableForWriteEv
 .text._Z14serialEventRunv
                0x00007f7e       0x1a C:\Users\ADMINI~1\DOCUME~1\PROGET~1\FUELCO~1\Firmware\repo\CCEC\TUINOD~1\ARDUIN~1\Debug\libArduinoCore.a(HardwareSerial.o)
                0x00007f7e                _Z14serialEventRunv
 .text._ZN14HardwareSerial17_tx_udr_empty_irqEv
                0x00007f98       0x44 C:\Users\ADMINI~1\DOCUME~1\PROGET~1\FUELCO~1\Firmware\repo\CCEC\TUINOD~1\ARDUIN~1\Debug\libArduinoCore.a(HardwareSerial.o)
                0x00007f98                _ZN14HardwareSerial17_tx_udr_empty_irqEv
 .text._ZN14HardwareSerial5writeEh
                0x00007fdc       0x98 C:\Users\ADMINI~1\DOCUME~1\PROGET~1\FUELCO~1\Firmware\repo\CCEC\TUINOD~1\ARDUIN~1\Debug\libArduinoCore.a(HardwareSerial.o)
                0x00007fdc                _ZN14HardwareSerial5writeEh
 .text._ZN14HardwareSerial5flushEv
                0x00008074       0x42 C:\Users\ADMINI~1\DOCUME~1\PROGET~1\FUELCO~1\Firmware\repo\CCEC\TUINOD~1\ARDUIN~1\Debug\libArduinoCore.a(HardwareSerial.o)
                0x00008074                _ZN14HardwareSerial5flushEv
 .text.__empty  0x000080b6        0x2 C:\Users\ADMINI~1\DOCUME~1\PROGET~1\FUELCO~1\Firmware\repo\CCEC\TUINOD~1\ARDUIN~1\Debug\libArduinoCore.a(hooks.o)
                0x000080b6                yield
 .text.libgcc.div
                0x000080b8       0x18 c:/program files (x86)/atmel/studio/7.0/toolchain/avr8/avr8-gnu-toolchain/bin/../lib/gcc/avr/5.4.0/avr51\libgcc.a(_udivmodqi4.o)
                0x000080b8                __udivmodqi4
 .text.libgcc.div
                0x000080d0       0x28 c:/program files (x86)/atmel/studio/7.0/toolchain/avr8/avr8-gnu-toolchain/bin/../lib/gcc/avr/5.4.0/avr51\libgcc.a(_udivmodhi4.o)
                0x000080d0                __udivmodhi4
 .text.libgcc.div
                0x000080f8       0x44 c:/program files (x86)/atmel/studio/7.0/toolchain/avr8/avr8-gnu-toolchain/bin/../lib/gcc/avr/5.4.0/avr51\libgcc.a(_udivmodsi4.o)
                0x000080f8                __udivmodsi4
 .text.libgcc   0x0000813c       0x12 c:/program files (x86)/atmel/studio/7.0/toolchain/avr8/avr8-gnu-toolchain/bin/../lib/gcc/avr/5.4.0/avr51\libgcc.a(_tablejump2.o)
                0x0000813c                __tablejump2__
 .text.libgcc.mul
                0x0000814e       0x1e c:/program files (x86)/atmel/studio/7.0/toolchain/avr8/avr8-gnu-toolchain/bin/../lib/gcc/avr/5.4.0/avr51\libgcc.a(_umulhisi3.o)
                0x0000814e                __umulhisi3
 .text.libgcc.mul
                0x0000816c       0x14 c:/program files (x86)/atmel/studio/7.0/toolchain/avr8/avr8-gnu-toolchain/bin/../lib/gcc/avr/5.4.0/avr51\libgcc.a(_muluhisi3.o)
                0x0000816c                __muluhisi3
 .text.libgcc.div
                0x00008180       0x56 c:/program files (x86)/atmel/studio/7.0/toolchain/avr8/avr8-gnu-toolchain/bin/../lib/gcc/avr/5.4.0/avr51\libgcc.a(_divdi3.o)
                0x00008180                __moddi3
                0x00008184                __divdi3
                0x00008186                __divdi3_moddi3
 .text.libgcc.div
                0x000081d6       0x1a c:/program files (x86)/atmel/studio/7.0/toolchain/avr8/avr8-gnu-toolchain/bin/../lib/gcc/avr/5.4.0/avr51\libgcc.a(_udivdi3.o)
                0x000081d6                __umoddi3
                0x000081da                __udivdi3
                0x000081dc                __udivdi3_umoddi3
 .text.libgcc.div
                0x000081f0       0xa2 c:/program files (x86)/atmel/studio/7.0/toolchain/avr8/avr8-gnu-toolchain/bin/../lib/gcc/avr/5.4.0/avr51\libgcc.a(_udivmod64.o)
                0x000081f0                __udivmod64
 .text.libgcc   0x00008292       0x20 c:/program files (x86)/atmel/studio/7.0/toolchain/avr8/avr8-gnu-toolchain/bin/../lib/gcc/avr/5.4.0/avr51\libgcc.a(_negdi2.o)
                0x00008292                __negdi2
 .text.libgcc.prologue
                0x000082b2       0x38 c:/program files (x86)/atmel/studio/7.0/toolchain/avr8/avr8-gnu-toolchain/bin/../lib/gcc/avr/5.4.0/avr51\libgcc.a(_prologue.o)
                0x000082b2                __prologue_saves__
 .text.libgcc.prologue
                0x000082ea       0x36 c:/program files (x86)/atmel/studio/7.0/toolchain/avr8/avr8-gnu-toolchain/bin/../lib/gcc/avr/5.4.0/avr51\libgcc.a(_epilogue.o)
                0x000082ea                __epilogue_restores__
 .text.libgcc.builtins
                0x00008320       0x32 c:/program files (x86)/atmel/studio/7.0/toolchain/avr8/avr8-gnu-toolchain/bin/../lib/gcc/avr/5.4.0/avr51\libgcc.a(_ashldi3.o)
                0x00008320                __ashldi3
 .text.libgcc.builtins
                0x00008352       0x3c c:/program files (x86)/atmel/studio/7.0/toolchain/avr8/avr8-gnu-toolchain/bin/../lib/gcc/avr/5.4.0/avr51\libgcc.a(_ashrdi3.o)
                0x00008352                __ashrdi3
                0x00008356                __lshrdi3
 .text.libgcc   0x0000838e       0x12 c:/program files (x86)/atmel/studio/7.0/toolchain/avr8/avr8-gnu-toolchain/bin/../lib/gcc/avr/5.4.0/avr51\libgcc.a(_adddi3.o)
                0x0000838e                __adddi3
 .text.libgcc   0x000083a0       0x18 c:/program files (x86)/atmel/studio/7.0/toolchain/avr8/avr8-gnu-toolchain/bin/../lib/gcc/avr/5.4.0/avr51\libgcc.a(_cmpdi2_s8.o)
                0x000083a0                __cmpdi2_s8
 .text.avr-libc
                0x000083b8       0x3e c:/program files (x86)/atmel/studio/7.0/toolchain/avr8/avr8-gnu-toolchain/bin/../lib/gcc/avr/5.4.0/../../../../avr/lib/avr51\libc.a(dtostrf.o)
                0x000083b8                dtostrf
 .text.avr-libc
                0x000083f6      0x242 c:/program files (x86)/atmel/studio/7.0/toolchain/avr8/avr8-gnu-toolchain/bin/../lib/gcc/avr/5.4.0/../../../../avr/lib/avr51\libc.a(malloc.o)
                0x000083f6                malloc
                0x00008526                free
 .text.avr-libc
                0x00008638      0x1c0 c:/program files (x86)/atmel/studio/7.0/toolchain/avr8/avr8-gnu-toolchain/bin/../lib/gcc/avr/5.4.0/../../../../avr/lib/avr51\libc.a(realloc.o)
                0x00008638                realloc
 .text.avr-libc
                0x000087f8        0x8 c:/program files (x86)/atmel/studio/7.0/toolchain/avr8/avr8-gnu-toolchain/bin/../lib/gcc/avr/5.4.0/../../../../avr/lib/avr51\libc.a(abort.o)
                0x000087f8                abort
 .text.avr-libc
                0x00008800       0x10 c:/program files (x86)/atmel/studio/7.0/toolchain/avr8/avr8-gnu-toolchain/bin/../lib/gcc/avr/5.4.0/../../../../avr/lib/avr51\libc.a(isspace.o)
                0x00008800                isspace
 .text.avr-libc
                0x00008810       0x12 c:/program files (x86)/atmel/studio/7.0/toolchain/avr8/avr8-gnu-toolchain/bin/../lib/gcc/avr/5.4.0/../../../../avr/lib/avr51\libc.a(memcpy_P.o)
                0x00008810                memcpy_P
 .text.avr-libc
                0x00008822       0x12 c:/program files (x86)/atmel/studio/7.0/toolchain/avr8/avr8-gnu-toolchain/bin/../lib/gcc/avr/5.4.0/../../../../avr/lib/avr51\libc.a(memcpy.o)
                0x00008822                memcpy
 .text.avr-libc
                0x00008834       0x12 c:/program files (x86)/atmel/studio/7.0/toolchain/avr8/avr8-gnu-toolchain/bin/../lib/gcc/avr/5.4.0/../../../../avr/lib/avr51\libc.a(strcmp.o)
                0x00008834                strcmp
 .text.avr-libc
                0x00008846        0xe c:/program files (x86)/atmel/studio/7.0/toolchain/avr8/avr8-gnu-toolchain/bin/../lib/gcc/avr/5.4.0/../../../../avr/lib/avr51\libc.a(strcpy.o)
                0x00008846                strcpy
 .text.avr-libc
                0x00008854       0x1c c:/program files (x86)/atmel/studio/7.0/toolchain/avr8/avr8-gnu-toolchain/bin/../lib/gcc/avr/5.4.0/../../../../avr/lib/avr51\libc.a(strncmp.o)
                0x00008854                strncmp
 .text.avr-libc
                0x00008870       0x1e c:/program files (x86)/atmel/studio/7.0/toolchain/avr8/avr8-gnu-toolchain/bin/../lib/gcc/avr/5.4.0/../../../../avr/lib/avr51\libc.a(strncpy.o)
                0x00008870                strncpy
 .text.avr-libc
                0x0000888e       0x14 c:/program files (x86)/atmel/studio/7.0/toolchain/avr8/avr8-gnu-toolchain/bin/../lib/gcc/avr/5.4.0/../../../../avr/lib/avr51\libc.a(ultoa.o)
                0x0000888e                ultoa
                0x0000888e                __ultoa
 .text.avr-libc
                0x000088a2       0x42 c:/program files (x86)/atmel/studio/7.0/toolchain/avr8/avr8-gnu-toolchain/bin/../lib/gcc/avr/5.4.0/../../../../avr/lib/avr51\libc.a(ultoa_ncheck.o)
                0x000088a2                __ultoa_ncheck
                0x000088a4                __ultoa_common
 .text.avr-libc
                0x000088e4       0x14 c:/program files (x86)/atmel/studio/7.0/toolchain/avr8/avr8-gnu-toolchain/bin/../lib/gcc/avr/5.4.0/../../../../avr/lib/avr51\libc.a(utoa.o)
                0x000088e4                __utoa
                0x000088e4                utoa
 .text.avr-libc
                0x000088f8       0x32 c:/program files (x86)/atmel/studio/7.0/toolchain/avr8/avr8-gnu-toolchain/bin/../lib/gcc/avr/5.4.0/../../../../avr/lib/avr51\libc.a(utoa_ncheck.o)
                0x000088f8                __utoa_ncheck
                0x000088fa                __utoa_common
 .text.avr-libc
                0x0000892a      0x2ec c:/program files (x86)/atmel/studio/7.0/toolchain/avr8/avr8-gnu-toolchain/bin/../lib/gcc/avr/5.4.0/../../../../avr/lib/avr51\libc.a(dtoa_prf.o)
                0x0000892a                dtoa_prf
 .text.avr-libc
                0x00008c16      0x1b0 c:/program files (x86)/atmel/studio/7.0/toolchain/avr8/avr8-gnu-toolchain/bin/../lib/gcc/avr/5.4.0/../../../../avr/lib/avr51\libc.a(ftoa_engine.o)
                0x00008c16                __ftoa_engine
 .text.avr-libc
                0x00008dc6        0x6 c:/program files (x86)/atmel/studio/7.0/toolchain/avr8/avr8-gnu-toolchain/bin/../lib/gcc/avr/5.4.0/../../../../avr/lib/avr51\libc.a(cty_isfalse.o)
                0x00008dc6                __ctype_isfalse
                0x00008dca                __ctype_istrue
 .text.avr-libc
                0x00008dcc       0x20 c:/program files (x86)/atmel/studio/7.0/toolchain/avr8/avr8-gnu-toolchain/bin/../lib/gcc/avr/5.4.0/../../../../avr/lib/avr51\libc.a(strrev.o)
                0x00008dcc                strrev
                0x00008dec                . = ALIGN (0x2)
 *(.fini9)
 .fini9         0x00008dec        0x0 c:/program files (x86)/atmel/studio/7.0/toolchain/avr8/avr8-gnu-toolchain/bin/../lib/gcc/avr/5.4.0/avr51\libgcc.a(_exit.o)
                0x00008dec                _exit
                0x00008dec                exit
 *(.fini9)
 *(.fini8)
 *(.fini8)
 *(.fini7)
 *(.fini7)
 *(.fini6)
 .fini6         0x00008dec       0x14 c:/program files (x86)/atmel/studio/7.0/toolchain/avr8/avr8-gnu-toolchain/bin/../lib/gcc/avr/5.4.0/avr51\libgcc.a(_dtors.o)
                0x00008dec                __do_global_dtors
 *(.fini6)
 *(.fini5)
 *(.fini5)
 *(.fini4)
 *(.fini4)
 *(.fini3)
 *(.fini3)
 *(.fini2)
 *(.fini2)
 *(.fini1)
 *(.fini1)
 *(.fini0)
 .fini0         0x00008e00        0x4 c:/program files (x86)/atmel/studio/7.0/toolchain/avr8/avr8-gnu-toolchain/bin/../lib/gcc/avr/5.4.0/avr51\libgcc.a(_exit.o)
 *(.fini0)
                0x00008e04                _etext = .

.data           0x00800100      0x900 load address 0x00008e04
                0x00800100                PROVIDE (__data_start, .)
 *(.data)
 .data          0x00800100        0x6 c:/program files (x86)/atmel/studio/7.0/toolchain/avr8/avr8-gnu-toolchain/bin/../lib/gcc/avr/5.4.0/../../../../avr/lib/avr51\libc.a(malloc.o)
                0x00800100                __malloc_heap_end
                0x00800102                __malloc_heap_start
                0x00800104                __malloc_margin
 *(.data*)
 .data.addr_erog
                0x00800106        0x4 Sketch.o
                0x00800106                addr_erog
 .data.MappaKeys
                0x0080010a       0x10 Sketch.o
                0x0080010a                MappaKeys
 .data.TmaxSalvataggio
                0x0080011a        0x4 Sketch.o
                0x0080011a                TmaxSalvataggio
 .data.TselDistributore
                0x0080011e        0x4 Sketch.o
                0x0080011e                TselDistributore
 .data.TinputTarga
                0x00800122        0x4 Sketch.o
                0x00800122                TinputTarga
 .data.mac      0x00800126        0x6 Sketch.o
                0x00800126                mac
 .data.ip       0x0080012c        0x4 Sketch.o
                0x0080012c                ip
 .data.ImpulsiLitro
                0x00800130        0x2 Sketch.o
                0x00800130                ImpulsiLitro
 .data.Clessidra
                0x00800132        0x8 Sketch.o
                0x00800132                Clessidra
 .data.pn532response_firmwarevers
                0x0080013a        0x6 src/libraries/Adafruit-PN532/Adafruit_PN532.o
                0x0080013a                pn532response_firmwarevers
 .data.pn532ack
                0x00800140        0x6 src/libraries/Adafruit-PN532/Adafruit_PN532.o
                0x00800140                pn532ack
 .data._ZN14EthernetClient8_srcportE
                0x00800146        0x2 src/libraries/Ethernet2/src/EthernetClient.o
                0x00800146                _ZN14EthernetClient8_srcportE
 *(.gnu.linkonce.d*)
 *(.rodata)
 .rodata        0x00800148        0x6 Sketch.o
 .rodata        0x0080014e        0x8 src/libraries/LiquidCrystal/src/LCD.o
 .rodata        0x00800156       0x66 src/libraries/SPIMemory/src/SPIFlash.o
 *(.rodata*)
 .rodata.str1.1
                0x008001bc      0x774 Sketch.o
                                0x77d (size before relaxing)
 .rodata.._11   0x00800930       0x10 Sketch.o
 .rodata.str1.1
                0x00800940        0x9 src/libraries/Adafruit-PN532/Adafruit_PN532.o
                                  0xc (size before relaxing)
 .rodata._ZTV14EthernetClient
                0x00800949       0x22 src/libraries/Ethernet2/src/EthernetClient.o
                0x00800949                _ZTV14EthernetClient
 .rodata._ZTV14EthernetServer
                0x0080096b        0xe src/libraries/Ethernet2/src/EthernetServer.o
                0x0080096b                _ZTV14EthernetServer
 .rodata._ZTV11EthernetUDP
                0x00800979       0x28 src/libraries/Ethernet2/src/EthernetUdp2.o
                0x00800979                _ZTV11EthernetUDP
 .rodata._ZTV3LCD
                0x008009a1       0x14 src/libraries/LiquidCrystal/src/LCD.o
                0x008009a1                _ZTV3LCD
 .rodata._ZTV17LiquidCrystal_I2C
                0x008009b5       0x14 src/libraries/LiquidCrystal/src/LiquidCrystal_I2C.o
                0x008009b5                _ZTV17LiquidCrystal_I2C
 .rodata._ZTV7TwoWire
                0x008009c9       0x12 src/libraries/Wire/src/Wire.o
                0x008009c9                _ZTV7TwoWire
 .rodata._ZTV9IPAddress