Archive member included to satisfy reference by file (symbol)

c:/program files (x86)/atmel/studio/7.0/toolchain/avr8/avr8-gnu-toolchain/bin/../lib/gcc/avr/5.4.0/../../../../avr/lib/avr51\libm.a(cmpsf2.o)
                              Sketch.o (__ltsf2)
c:/program files (x86)/atmel/studio/7.0/toolchain/avr8/avr8-gnu-toolchain/bin/../lib/gcc/avr/5.4.0/../../../../avr/lib/avr51\libm.a(divsf3.o)
                              Sketch.o (__divsf3)
c:/program files (x86)/atmel/studio/7.0/toolchain/avr8/avr8-gnu-toolchain/bin/../lib/gcc/avr/5.4.0/../../../../avr/lib/avr51\libm.a(divsf3x.o)
                              c:/program files (x86)/atmel/studio/7.0/toolchain/avr8/avr8-gnu-toolchain/bin/../lib/gcc/avr/5.4.0/../../../../avr/lib/avr51\libm.a(divsf3.o) (__divsf3x)
c:/program files (x86)/atmel/studio/7.0/toolchain/avr8/avr8-gnu-toolchain/bin/../lib/gcc/avr/5.4.0/../../../../avr/lib/avr51\libm.a(floatsisf.o)
                              Sketch.o (__floatsisf)
c:/program files (x86)/atmel/studio/7.0/toolchain/avr8/avr8-gnu-toolchain/bin/../lib/gcc/avr/5.4.0/../../../../avr/lib/avr51\libm.a(fp_cmp.o)
                              c:/program files (x86)/atmel/studio/7.0/toolchain/avr8/avr8-gnu-toolchain/bin/../lib/gcc/avr/5.4.0/../../../../avr/lib/avr51\libm.a(cmpsf2.o) (__fp_cmp)
c:/program files (x86)/atmel/studio/7.0/toolchain/avr8/avr8-gnu-toolchain/bin/../lib/gcc/avr/5.4.0/../../../../avr/lib/avr51\libm.a(fp_inf.o)
                              c:/program files (x86)/atmel/studio/7.0/toolchain/avr8/avr8-gnu-toolchain/bin/../lib/gcc/avr/5.4.0/../../../../avr/lib/avr51\libm.a(divsf3x.o) (__fp_inf)
c:/program files (x86)/atmel/studio/7.0/toolchain/avr8/avr8-gnu-toolchain/bin/../lib/gcc/avr/5.4.0/../../../../avr/lib/avr51\libm.a(fp_nan.o)
                              c:/program files (x86)/atmel/studio/7.0/toolchain/avr8/avr8-gnu-toolchain/bin/../lib/gcc/avr/5.4.0/../../../../avr/lib/avr51\libm.a(divsf3x.o) (__fp_nan)
c:/program files (x86)/atmel/studio/7.0/toolchain/avr8/avr8-gnu-toolchain/bin/../lib/gcc/avr/5.4.0/../../../../avr/lib/avr51\libm.a(fp_pscA.o)
                              c:/program files (x86)/atmel/studio/7.0/toolchain/avr8/avr8-gnu-toolchain/bin/../lib/gcc/avr/5.4.0/../../../../avr/lib/avr51\libm.a(divsf3x.o) (__fp_pscA)
c:/program files (x86)/atmel/studio/7.0/toolchain/avr8/avr8-gnu-toolchain/bin/../lib/gcc/avr/5.4.0/../../../../avr/lib/avr51\libm.a(fp_pscB.o)
                              c:/program files (x86)/atmel/studio/7.0/toolchain/avr8/avr8-gnu-toolchain/bin/../lib/gcc/avr/5.4.0/../../../../avr/lib/avr51\libm.a(divsf3x.o) (__fp_pscB)
c:/program files (x86)/atmel/studio/7.0/toolchain/avr8/avr8-gnu-toolchain/bin/../lib/gcc/avr/5.4.0/../../../../avr/lib/avr51\libm.a(fp_round.o)
                              c:/program files (x86)/atmel/studio/7.0/toolchain/avr8/avr8-gnu-toolchain/bin/../lib/gcc/avr/5.4.0/../../../../avr/lib/avr51\libm.a(divsf3.o) (__fp_round)
c:/program files (x86)/atmel/studio/7.0/toolchain/avr8/avr8-gnu-toolchain/bin/../lib/gcc/avr/5.4.0/../../../../avr/lib/avr51\libm.a(fp_split3.o)
                              c:/program files (x86)/atmel/studio/7.0/toolchain/avr8/avr8-gnu-toolchain/bin/../lib/gcc/avr/5.4.0/../../../../avr/lib/avr51\libm.a(divsf3x.o) (__fp_split3)
c:/program files (x86)/atmel/studio/7.0/toolchain/avr8/avr8-gnu-toolchain/bin/../lib/gcc/avr/5.4.0/../../../../avr/lib/avr51\libm.a(fp_zero.o)
                              c:/program files (x86)/atmel/studio/7.0/toolchain/avr8/avr8-gnu-toolchain/bin/../lib/gcc/avr/5.4.0/../../../../avr/lib/avr51\libm.a(divsf3x.o) (__fp_szero)
C:\VVFCloud\ProgettiVVF\FuelControl\Firmware\repo\fwCCEC\TuinoDemo\ArduinoCore\Debug\libArduinoCore.a(abi.o)
                              src/libraries/LiquidCrystal/src/LCD.o (__cxa_pure_virtual)
C:\VVFCloud\ProgettiVVF\FuelControl\Firmware\repo\fwCCEC\TuinoDemo\ArduinoCore\Debug\libArduinoCore.a(HardwareSerial0.o)
                              Sketch.o (Serial)
C:\VVFCloud\ProgettiVVF\FuelControl\Firmware\repo\fwCCEC\TuinoDemo\ArduinoCore\Debug\libArduinoCore.a(IPAddress.o)
                              Sketch.o (_ZTV9IPAddress)
C:\VVFCloud\ProgettiVVF\FuelControl\Firmware\repo\fwCCEC\TuinoDemo\ArduinoCore\Debug\libArduinoCore.a(main.o)
                              C:/Program Files (x86)/Atmel/Studio/7.0/Packs/atmel/ATmega_DFP/1.2.209/gcc/dev/atmega1284p/avr51/crtatmega1284p.o (main)
C:\VVFCloud\ProgettiVVF\FuelControl\Firmware\repo\fwCCEC\TuinoDemo\ArduinoCore\Debug\libArduinoCore.a(new.o)
                              src/libraries/Ethernet2/src/Ethernet2.o (_Znwj)
C:\VVFCloud\ProgettiVVF\FuelControl\Firmware\repo\fwCCEC\TuinoDemo\ArduinoCore\Debug\libArduinoCore.a(Print.o)
                              src/libraries/LiquidCrystal/src/LCD.o (_ZN5Print5writeEPKhj)
C:\VVFCloud\ProgettiVVF\FuelControl\Firmware\repo\fwCCEC\TuinoDemo\ArduinoCore\Debug\libArduinoCore.a(wiring.o)
                              src/libraries/Ethernet2/src/Dhcp.o (millis)
[...]
Memory Configuration

Name             Origin             Length             Attributes
text             0x00000000         0x00020000         xr
data             0x00800100         0x0000ff00         rw !x
eeprom           0x00810000         0x00010000         rw !x
fuse             0x00820000         0x00000003         rw !x
lock             0x00830000         0x00000400         rw !x
signature        0x00840000         0x00000400         rw !x
user_signatures  0x00850000         0x00000400         rw !x
*default*        0x00000000         0xffffffff

Linker script and memory map

Address of section .data set to 0x800100
LOAD C:/Program Files (x86)/Atmel/Studio/7.0/Packs/atmel/ATmega_DFP/1.2.209/gcc/dev/atmega1284p/avr51/crtatmega1284p.o
LOAD Sketch.o
LOAD src/libraries/Keypad/src/PCA9534.o
LOAD src/libraries/NFC-PN532/NFC_PN532.o
LOAD src/libraries/DS3231M/src/DS3231M.o
LOAD src/libraries/Ethernet2/src/Dhcp.o
LOAD src/libraries/Ethernet2/src/Dns.o
LOAD src/libraries/Ethernet2/src/Ethernet2.o
LOAD src/libraries/Ethernet2/src/EthernetClient.o
LOAD src/libraries/Ethernet2/src/EthernetServer.o
LOAD src/libraries/Ethernet2/src/EthernetUdp2.o
LOAD src/libraries/Ethernet2/src/utility/socket.o
LOAD src/libraries/Ethernet2/src/utility/w5500.o
LOAD src/libraries/Keypad/src/Key.o
LOAD src/libraries/Keypad/src/Keypad.o
LOAD src/libraries/LiquidCrystal/src/I2CIO.o
LOAD src/libraries/LiquidCrystal/src/LCD.o
LOAD src/libraries/LiquidCrystal/src/LiquidCrystal.o
LOAD src/libraries/LiquidCrystal/src/LiquidCrystal_I2C.o
LOAD src/libraries/SPI/src/SPI.o
LOAD src/libraries/Wire/src/utility/twi.o
LOAD src/libraries/Wire/src/Wire.o
START GROUP
LOAD c:/program files (x86)/atmel/studio/7.0/toolchain/avr8/avr8-gnu-toolchain/bin/../lib/gcc/avr/5.4.0/../../../../avr/lib/avr51\libm.a
LOAD C:\VVFCloud\ProgettiVVF\FuelControl\Firmware\repo\fwCCEC\TuinoDemo\ArduinoCore\Debug\libArduinoCore.a
END GROUP
LOAD c:/program files (x86)/atmel/studio/7.0/toolchain/avr8/avr8-gnu-toolchain/bin/../lib/gcc/avr/5.4.0/avr51\libgcc.a
LOAD c:/program files (x86)/atmel/studio/7.0/toolchain/avr8/avr8-gnu-toolchain/bin/../lib/gcc/avr/5.4.0/../../../../avr/lib/avr51\libm.a
START GROUP
LOAD c:/program files (x86)/atmel/studio/7.0/toolchain/avr8/avr8-gnu-toolchain/bin/../lib/gcc/avr/5.4.0/avr51\libgcc.a
LOAD c:/program files (x86)/atmel/studio/7.0/toolchain/avr8/avr8-gnu-toolchain/bin/../lib/gcc/avr/5.4.0/../../../../avr/lib/avr51\libm.a
LOAD c:/program files (x86)/atmel/studio/7.0/toolchain/avr8/avr8-gnu-toolchain/bin/../lib/gcc/avr/5.4.0/../../../../avr/lib/avr51\libc.a
LOAD C:/Program Files (x86)/Atmel/Studio/7.0/Packs/atmel/ATmega_DFP/1.2.209/gcc/dev/atmega1284p/avr51\libatmega1284p.a
END GROUP
                0x00020000                __TEXT_REGION_LENGTH__ = DEFINED (__TEXT_REGION_LENGTH__)?__TEXT_REGION_LENGTH__:0x20000
                0x0000ff00                __DATA_REGION_LENGTH__ = DEFINED (__DATA_REGION_LENGTH__)?__DATA_REGION_LENGTH__:0xff00
                0x00010000                __EEPROM_REGION_LENGTH__ = DEFINED (__EEPROM_REGION_LENGTH__)?__EEPROM_REGION_LENGTH__:0x10000
                [0x00000003]                __FUSE_REGION_LENGTH__ = DEFINED (__FUSE_REGION_LENGTH__)?__FUSE_REGION_LENGTH__:0x400
                0x00000400                __LOCK_REGION_LENGTH__ = DEFINED (__LOCK_REGION_LENGTH__)?__LOCK_REGION_LENGTH__:0x400
                0x00000400                __SIGNATURE_REGION_LENGTH__ = DEFINED (__SIGNATURE_REGION_LENGTH__)?__SIGNATURE_REGION_LENGTH__:0x400
                0x00000400                __USER_SIGNATURE_REGION_LENGTH__ = DEFINED (__USER_SIGNATURE_REGION_LENGTH__)?__USER_SIGNATURE_REGION_LENGTH__:0x400

.hash
 *(.hash)

.dynsym
 *(.dynsym)

.dynstr
 *(.dynstr)

.gnu.version
 *(.gnu.version)

.gnu.version_d
 *(.gnu.version_d)

.gnu.version_r
 *(.gnu.version_r)

.rel.init
 *(.rel.init)

.rela.init
 *(.rela.init)

.rel.text
 *(.rel.text)
 *(.rel.text.*)
 *(.rel.gnu.linkonce.t*)

.rela.text
 *(.rela.text)
 *(.rela.text.*)
 *(.rela.gnu.linkonce.t*)

.rel.fini
 *(.rel.fini)

.rela.fini
 *(.rela.fini)

.rel.rodata
 *(.rel.rodata)
 *(.rel.rodata.*)
 *(.rel.gnu.linkonce.r*)

.rela.rodata
 *(.rela.rodata)
 *(.rela.rodata.*)
 *(.rela.gnu.linkonce.r*)

.rel.data
 *(.rel.data)
 *(.rel.data.*)
 *(.rel.gnu.linkonce.d*)

.rela.data
 *(.rela.data)
 *(.rela.data.*)
 *(.rela.gnu.linkonce.d*)

.rel.ctors
 *(.rel.ctors)

.rela.ctors
 *(.rela.ctors)

.rel.dtors
 *(.rel.dtors)

.rela.dtors
 *(.rela.dtors)

.rel.got
 *(.rel.got)

.rela.got
 *(.rela.got)

.rel.bss
 *(.rel.bss)

.rela.bss
 *(.rela.bss)

.rel.plt
 *(.rel.plt)

.rela.plt
 *(.rela.plt)

.text           0x00000000     0x750c
 *(.vectors)
 .vectors       0x00000000       0x8c C:/Program Files (x86)/Atmel/Studio/7.0/Packs/atmel/ATmega_DFP/1.2.209/gcc/dev/atmega1284p/avr51/crtatmega1284p.o
                0x00000000                __vector_default
                0x00000000                __vectors
 *(.vectors)
 *(.progmem.gcc*)
 .progmem.gcc_sw_table.loop
                0x0000008c       0x18 Sketch.o
 .progmem.gcc_sw_table._ZN8DateTimeC2EPK19__FlashStringHelperS2_
                0x000000a4       0x26 src/libraries/DS3231M/src/DS3231M.o
                0x000000ca                . = ALIGN (0x2)
                0x000000ca                __trampolines_start = .
 *(.trampolines)
 .trampolines   0x000000ca        0x0 linker stubs
 *(.trampolines*)
                0x000000ca                __trampolines_end = .
 *libprintf_flt.a:*(.progmem.data)
 *libc.a:*(.progmem.data)
 .progmem.data  0x000000ca       0xfa c:/program files (x86)/atmel/studio/7.0/toolchain/avr8/avr8-gnu-toolchain/bin/../lib/gcc/avr/5.4.0/../../../../avr/lib/avr51\libc.a(ftoa_engine.o)
 *(.progmem*)
 .progmem.data._ZZ5setupE3__c_0
                0x000001c4       0x1e Sketch.o
 .progmem.data._ZZ5setupE3__c
                0x000001e2       0x2f Sketch.o
 .progmem.data._ZZN13DS3231M_Class6adjustEvE3__c
                0x00000211        0xc src/libraries/DS3231M/src/DS3231M.o
 .progmem.data._ZZN13DS3231M_Class6adjustEvE3__c_0
                0x0000021d        0x9 src/libraries/DS3231M/src/DS3231M.o
 .progmem.data._ZL11daysInMonth
                0x00000226        0xc src/libraries/DS3231M/src/DS3231M.o
 .progmem.data.digital_pin_to_timer_PGM
                0x00000232       0x20 C:\VVFCloud\ProgettiVVF\FuelControl\Firmware\repo\fwCCEC\TuinoDemo\ArduinoCore\Debug\libArduinoCore.a(wiring_digital.o)
                0x00000232                digital_pin_to_timer_PGM
 .progmem.data.digital_pin_to_bit_mask_PGM
                0x00000252       0x20 C:\VVFCloud\ProgettiVVF\FuelControl\Firmware\repo\fwCCEC\TuinoDemo\ArduinoCore\Debug\libArduinoCore.a(wiring_digital.o)
                0x00000252                digital_pin_to_bit_mask_PGM
 .progmem.data.digital_pin_to_port_PGM
                0x00000272       0x20 C:\VVFCloud\ProgettiVVF\FuelControl\Firmware\repo\fwCCEC\TuinoDemo\ArduinoCore\Debug\libArduinoCore.a(wiring_digital.o)
                0x00000272                digital_pin_to_port_PGM
 .progmem.data.port_to_input_PGM
                0x00000292        0xa C:\VVFCloud\ProgettiVVF\FuelControl\Firmware\repo\fwCCEC\TuinoDemo\ArduinoCore\Debug\libArduinoCore.a(wiring_digital.o)
                0x00000292                port_to_input_PGM
 .progmem.data.port_to_output_PGM
                0x0000029c        0xa C:\VVFCloud\ProgettiVVF\FuelControl\Firmware\repo\fwCCEC\TuinoDemo\ArduinoCore\Debug\libArduinoCore.a(wiring_digital.o)
                0x0000029c                port_to_output_PGM
 .progmem.data.port_to_mode_PGM
                0x000002a6        0xa C:\VVFCloud\ProgettiVVF\FuelControl\Firmware\repo\fwCCEC\TuinoDemo\ArduinoCore\Debug\libArduinoCore.a(wiring_digital.o)
                0x000002a6                port_to_mode_PGM
                0x000002b0                . = ALIGN (0x2)
 *(.jumptables)
 *(.jumptables*)
 *(.lowtext)
 *(.lowtext*)
                0x000002b0                __ctors_start = .
 *(.ctors)
 .ctors         0x000002b0        0x2 Sketch.o
 .ctors         0x000002b2        0x2 src/libraries/Ethernet2/src/Dhcp.o
 .ctors         0x000002b4        0x2 src/libraries/Ethernet2/src/Dns.o
 .ctors         0x000002b6        0x2 src/libraries/Ethernet2/src/Ethernet2.o
 .ctors         0x000002b8        0x2 src/libraries/Ethernet2/src/EthernetClient.o
 .ctors         0x000002ba        0x2 src/libraries/Ethernet2/src/EthernetServer.o
 .ctors         0x000002bc        0x2 src/libraries/Ethernet2/src/EthernetUdp2.o
 .ctors         0x000002be        0x2 src/libraries/Ethernet2/src/utility/w5500.o
 .ctors         0x000002c0        0x2 src/libraries/Wire/src/Wire.o
 .ctors         0x000002c2        0x2 C:\VVFCloud\ProgettiVVF\FuelControl\Firmware\repo\fwCCEC\TuinoDemo\ArduinoCore\Debug\libArduinoCore.a(HardwareSerial0.o)
                0x000002c4                __ctors_end = .
                0x000002c4                __dtors_start = .
 *(.dtors)
 .dtors         0x000002c4        0x2 Sketch.o
                0x000002c6                __dtors_end = .
 SORT(*)(.ctors)
 SORT(*)(.dtors)
 *(.init0)
 .init0         0x000002c6        0x0 C:/Program Files (x86)/Atmel/Studio/7.0/Packs/atmel/ATmega_DFP/1.2.209/gcc/dev/atmega1284p/avr51/crtatmega1284p.o
                0x000002c6                __init
 *(.init0)
 *(.init1)
 *(.init1)
 *(.init2)
 .init2         0x000002c6        0xc C:/Program Files (x86)/Atmel/Studio/7.0/Packs/atmel/ATmega_DFP/1.2.209/gcc/dev/atmega1284p/avr51/crtatmega1284p.o
 *(.init2)
 *(.init3)
 *(.init3)
 *(.init4)
 .init4         0x000002d2       0x1a c:/program files (x86)/atmel/studio/7.0/toolchain/avr8/avr8-gnu-toolchain/bin/../lib/gcc/avr/5.4.0/avr51\libgcc.a(_copy_data.o)
                0x000002d2                __do_copy_data
 .init4         0x000002ec       0x10 c:/program files (x86)/atmel/studio/7.0/toolchain/avr8/avr8-gnu-toolchain/bin/../lib/gcc/avr/5.4.0/avr51\libgcc.a(_clear_bss.o)
                0x000002ec                __do_clear_bss
 *(.init4)
 *(.init5)
 *(.init5)
 *(.init6)
 .init6         0x000002fc       0x16 c:/program files (x86)/atmel/studio/7.0/toolchain/avr8/avr8-gnu-toolchain/bin/../lib/gcc/avr/5.4.0/avr51\libgcc.a(_ctors.o)
                0x000002fc                __do_global_ctors
 *(.init6)
 *(.init7)
 *(.init7)
 *(.init8)
 *(.init8)
 *(.init9)
 .init9         0x00000312        0x8 C:/Program Files (x86)/Atmel/Studio/7.0/Packs/atmel/ATmega_DFP/1.2.209/gcc/dev/atmega1284p/avr51/crtatmega1284p.o
 *(.init9)
 *(.text)
 .text          0x0000031a        0x2 C:/Program Files (x86)/Atmel/Studio/7.0/Packs/atmel/ATmega_DFP/1.2.209/gcc/dev/atmega1284p/avr51/crtatmega1284p.o
                0x0000031a                __vector_22
                0x0000031a                __vector_28
                0x0000031a                __vector_1
                0x0000031a                __vector_32
                0x0000031a                __vector_34
                0x0000031a                __vector_24
                0x0000031a                __vector_12
                0x0000031a                __bad_interrupt
                0x0000031a                __vector_6
                0x0000031a                __vector_31
                0x0000031a                __vector_3
                0x0000031a                __vector_23
                0x0000031a                __vector_30
                0x0000031a                __vector_25
                0x0000031a                __vector_11
                0x0000031a                __vector_13
                0x0000031a                __vector_17
                0x0000031a                __vector_27
                0x0000031a                __vector_5
                0x0000031a                __vector_33
                0x0000031a                __vector_9
                0x0000031a                __vector_2
                0x0000031a                __vector_21
                0x0000031a                __vector_15
                0x0000031a                __vector_29
                0x0000031a                __vector_8
                0x0000031a                __vector_14
                0x0000031a                __vector_10
                0x0000031a                __vector_20
                0x0000031c                . = ALIGN (0x2)
 *(.text.*)
 .text._ZN5Print17availableForWriteEv
                0x0000031c        0x6 Sketch.o
                0x0000031c                _ZN5Print17availableForWriteEv
 .text._ZN5Print5flushEv
                0x00000322        0x2 Sketch.o
                0x00000322                _ZN5Print5flushEv
 .text._ZL11disable_ETHv
                0x00000324        0x4 Sketch.o
 .text._Z19InizializzaEthernetv
                0x00000328       0xce Sketch.o
                0x00000328                _Z19InizializzaEthernetv
 .text._Z11my_delay_msi
                0x000003f6       0x18 Sketch.o
                0x000003f6                _Z11my_delay_msi
 .text._Z9printLinev
                0x0000040e       0x26 Sketch.o
                0x0000040e                _Z9printLinev
 .text._Z8printTabh
                0x00000434       0x22 Sketch.o
                0x00000434                _Z8printTabh
 .text._Z4passb
                0x00000456       0x30 Sketch.o
                0x00000456                _Z4passb
 .text._Z6Buzzerhm
                0x00000486       0x3c Sketch.o
                0x00000486                _Z6Buzzerhm
 .text._Z13getCharKeypadi
                0x000004c2      0x1cc Sketch.o
                0x000004c2                _Z13getCharKeypadi
 .text._Z10displayLCDP6Stringii
                0x0000068e      0x140 Sketch.o
                0x0000068e                _Z10displayLCDP6Stringii
 .text._Z11avanzaStatom
                0x000007ce       0x3c Sketch.o
                0x000007ce                _Z11avanzaStatom
 .text._Z14leggiTAG_Mezzob
                0x0000080a      0x1c6 Sketch.o
                0x0000080a                _Z14leggiTAG_Mezzob
 .text._Z14GetCodeRfidATev
                0x000009d0       0xcc Sketch.o
                0x000009d0                _Z14GetCodeRfidATev
 .text._Z19GetHTTPResponseCode6String
                0x00000a9c       0xae Sketch.o
                0x00000a9c                _Z19GetHTTPResponseCode6String
 .text._Z16GetAteValidationiPc14EthernetClient6String
                0x00000b4a      0x278 Sketch.o
                0x00000b4a                _Z16GetAteValidationiPc14EthernetClient6String
 .text._Z14PostErogazioneiPc14EthernetClient6String
                0x00000dc2      0x2c0 Sketch.o
                0x00000dc2                _Z14PostErogazioneiPc14EthernetClient6String
 .text._Z15abilitaPulsantiv
                0x00001082       0x14 Sketch.o
                0x00001082                _Z15abilitaPulsantiv
 .text._Z22abilitaContattiPistolav
                0x00001096        0x6 Sketch.o
                0x00001096                _Z22abilitaContattiPistolav
 .text._Z13abilitaPulserc
                0x0000109c       0x1c Sketch.o
                0x0000109c                _Z13abilitaPulserc
 .text._Z14impulsiToLitrii
                0x000010b8       0x56 Sketch.o
                0x000010b8                _Z14impulsiToLitrii
 .text._Z18Rele_Abilitazione1ii
                0x0000110e       0x76 Sketch.o
                0x0000110e                _Z18Rele_Abilitazione1ii
 .text._Z18Rele_Abilitazione2ii
                0x00001184       0x88 Sketch.o
                0x00001184                _Z18Rele_Abilitazione2ii
 .text._Z12Control_WIFIi
                0x0000120c       0x26 Sketch.o
                0x0000120c                _Z12Control_WIFIi
 .text._Z6Azzerav
                0x00001232      0x13c Sketch.o
                0x00001232                _Z6Azzerav
 .text.loop     0x0000136e      0xc3e Sketch.o
                0x0000136e                loop
 .text.__vector_4
                0x00001fac       0x48 Sketch.o
                0x00001fac                __vector_4
 .text.__vector_7
                0x00001ff4      0x180 Sketch.o
                0x00001ff4                __vector_7
 .text.startup._GLOBAL__sub_I_intConsecutivePresses
                0x00002174      0x1a2 Sketch.o
 .text.exit._GLOBAL__sub_D_intConsecutivePresses
                0x00002316       0x8a Sketch.o
 .text.setup    0x000023a0      0x38c Sketch.o
                0x000023a0                setup
 .text._ZN7PCA9534C2Ev
                0x0000272c        0xa src/libraries/Keypad/src/PCA9534.o
                0x0000272c                _ZN7PCA9534C2Ev
                0x0000272c                _ZN7PCA9534C1Ev
 .text._ZN7PCA95345beginEh
                0x00002736        0xc src/libraries/Keypad/src/PCA9534.o
                0x00002736                _ZN7PCA95345beginEh
 .text._ZN7PCA953413setporteIoExpEhhh
                0x00002742       0xa8 src/libraries/Keypad/src/PCA9534.o
                0x00002742                _ZN7PCA953413setporteIoExpEhhh
 .text._ZN7PCA953410setCONFREGEh
                0x000027ea       0x2e src/libraries/Keypad/src/PCA9534.o
                0x000027ea                _ZN7PCA953410setCONFREGEh
 .text._ZN7PCA953416Read_IP_REGISTEREv
                0x00002818       0x54 src/libraries/Keypad/src/PCA9534.o
                0x00002818                _ZN7PCA953416Read_IP_REGISTEREv
 .text._ZN9NFC_PN532C2Ehh
                0x0000286c       0x22 src/libraries/NFC-PN532/NFC_PN532.o
                0x0000286c                _ZN9NFC_PN532C1Ehh
                0x0000286c                _ZN9NFC_PN532C2Ehh
 .text._ZN9NFC_PN5325beginEv
                0x0000288e       0x4a src/libraries/NFC-PN532/NFC_PN532.o
                0x0000288e                _ZN9NFC_PN5325beginEv
 .text._ZN9NFC_PN53210GetHexCodeEPKhm
                0x000028d8      0x110 src/libraries/NFC-PN532/NFC_PN532.o
                0x000028d8                _ZN9NFC_PN53210GetHexCodeEPKhm
 .text._ZN9NFC_PN5327isreadyEv
                0x000029e8       0x12 src/libraries/NFC-PN532/NFC_PN532.o
                0x000029e8                _ZN9NFC_PN5327isreadyEv
 .text._ZN9NFC_PN5329waitreadyEj
                0x000029fa       0x5c src/libraries/NFC-PN532/NFC_PN532.o
                0x000029fa                _ZN9NFC_PN5329waitreadyEj
 .text._ZN9NFC_PN5328readdataEPhh
                0x00002a56       0x68 src/libraries/NFC-PN532/NFC_PN532.o
                0x00002a56                _ZN9NFC_PN5328readdataEPhh
 .text._ZN9NFC_PN5327readackEv
                0x00002abe       0x44 src/libraries/NFC-PN532/NFC_PN532.o
                0x00002abe                _ZN9NFC_PN5327readackEv
 .text._ZL8i2c_sendh
                0x00002b02        0xa src/libraries/NFC-PN532/NFC_PN532.o
 .text._ZN9NFC_PN53212writecommandEPhh
                0x00002b0c       0x92 src/libraries/NFC-PN532/NFC_PN532.o
                0x00002b0c                _ZN9NFC_PN53212writecommandEPhh
 .text._ZN9NFC_PN53219sendCommandCheckAckEPhhj
                0x00002b9e       0x30 src/libraries/NFC-PN532/NFC_PN532.o
                0x00002b9e                _ZN9NFC_PN53219sendCommandCheckAckEPhhj
 .text._ZN9NFC_PN53218getFirmwareVersionEv
                0x00002bce       0x90 src/libraries/NFC-PN532/NFC_PN532.o
                0x00002bce                _ZN9NFC_PN53218getFirmwareVersionEv
 .text._ZN9NFC_PN5329SAMConfigEv
                0x00002c5e       0x5c src/libraries/NFC-PN532/NFC_PN532.o
                0x00002c5e                _ZN9NFC_PN5329SAMConfigEv
 .text._ZN9NFC_PN53227setPassiveActivationRetriesEh
                0x00002cba       0x20 src/libraries/NFC-PN532/NFC_PN532.o
                0x00002cba                _ZN9NFC_PN53227setPassiveActivationRetriesEh
 .text._ZN9NFC_PN53219readPassiveTargetIDEhPhS0_j
                0x00002cda       0xa8 src/libraries/NFC-PN532/NFC_PN532.o
                0x00002cda                _ZN9NFC_PN53219readPassiveTargetIDEhPhS0_j
 .text._ZN9NFC_PN53231mifareclassic_AuthenticateBlockEPhhmhS0_
                0x00002d82       0xc0 src/libraries/NFC-PN532/NFC_PN532.o
                0x00002d82                _ZN9NFC_PN53231mifareclassic_AuthenticateBlockEPhhmhS0_
 .text._ZN9NFC_PN53227mifareclassic_ReadDataBlockEhPh
                0x00002e42       0x66 src/libraries/NFC-PN532/NFC_PN532.o
                0x00002e42                _ZN9NFC_PN53227mifareclassic_ReadDataBlockEhPh
 .text._ZN9NFC_PN53228mifareclassic_WriteDataBlockEhPh
                0x00002ea8       0x60 src/libraries/NFC-PN532/NFC_PN532.o
                0x00002ea8                _ZN9NFC_PN53228mifareclassic_WriteDataBlockEhPh
 .text._ZL9date2daysjhh
                0x00002f08       0x64 src/libraries/DS3231M/src/DS3231M.o
 .text._ZL6conv2dPKc
                0x00002f6c       0x1a src/libraries/DS3231M/src/DS3231M.o
 .text._ZN8DateTimeC2Em
                0x00002f86       0xf2 src/libraries/DS3231M/src/DS3231M.o
                0x00002f86                _ZN8DateTimeC2Em
                0x00002f86                _ZN8DateTimeC1Em
 .text._ZN8DateTimeC2EPK19__FlashStringHelperS2_
                0x00003078       0xea src/libraries/DS3231M/src/DS3231M.o
                0x00003078                _ZN8DateTimeC2EPK19__FlashStringHelperS2_
                0x00003078                _ZN8DateTimeC1EPK19__FlashStringHelperS2_
 .text._ZNK8DateTime12dayOfTheWeekEv
                0x00003162       0x18 src/libraries/DS3231M/src/DS3231M.o
                0x00003162                _ZNK8DateTime12dayOfTheWeekEv
 .text._ZNK8DateTime8unixtimeEv
                0x0000317a       0x7a src/libraries/DS3231M/src/DS3231M.o
                0x0000317a                _ZNK8DateTime8unixtimeEv
 .text._ZNK8DateTime11secondstimeEv
                0x000031f4       0x6a src/libraries/DS3231M/src/DS3231M.o
                0x000031f4                _ZNK8DateTime11secondstimeEv
 .text._ZN13DS3231M_ClassC2Ev
                0x0000325e        0xe src/libraries/DS3231M/src/DS3231M.o
                0x0000325e                _ZN13DS3231M_ClassC2Ev
                0x0000325e                _ZN13DS3231M_ClassC1Ev
 .text._ZN13DS3231M_ClassD2Ev
                0x0000326c        0x2 src/libraries/DS3231M/src/DS3231M.o
                0x0000326c                _ZN13DS3231M_ClassD2Ev
                0x0000326c                _ZN13DS3231M_ClassD1Ev
 .text._ZN13DS3231M_Class9writeByteEhh
                0x0000326e       0x40 src/libraries/DS3231M/src/DS3231M.o
                0x0000326e                _ZN13DS3231M_Class9writeByteEhh
 .text._ZN13DS3231M_Class8readByteEh
                0x000032ae       0x44 src/libraries/DS3231M/src/DS3231M.o
                0x000032ae                _ZN13DS3231M_Class8readByteEh
 .text._ZN13DS3231M_Class5beginEm
                0x000032f2       0x60 src/libraries/DS3231M/src/DS3231M.o
                0x000032f2                _ZN13DS3231M_Class5beginEm
 .text._ZN13DS3231M_Class3nowEv
                0x00003352      0x140 src/libraries/DS3231M/src/DS3231M.o
                0x00003352                _ZN13DS3231M_Class3nowEv
 .text._ZN13DS3231M_Class6adjustERK8DateTime
                0x00003492      0x11c src/libraries/DS3231M/src/DS3231M.o
                0x00003492                _ZN13DS3231M_Class6adjustERK8DateTime
 .text._ZN13DS3231M_Class6adjustEv
                0x000035ae       0x42 src/libraries/DS3231M/src/DS3231M.o
                0x000035ae                _ZN13DS3231M_Class6adjustEv
 .text.startup._GLOBAL__sub_I__ZN9DhcpClass13beginWithDHCPEPhmm
                0x000035f0       0x16 src/libraries/Ethernet2/src/Dhcp.o
 .text._ZN9DNSClient5beginERK9IPAddress
                0x00003606       0x1a src/libraries/Ethernet2/src/Dns.o
                0x00003606                _ZN9DNSClient5beginERK9IPAddress
 .text._ZN9DNSClient9inet_atonEPKcR9IPAddress
                0x00003620       0x80 src/libraries/Ethernet2/src/Dns.o
                0x00003620                _ZN9DNSClient9inet_atonEPKcR9IPAddress
 .text.startup._GLOBAL__sub_I__ZN9DNSClient5beginERK9IPAddress
                0x000036a0       0x16 src/libraries/Ethernet2/src/Dns.o
 .text._ZN9DNSClient12BuildRequestEPKc
                0x000036b6      0x142 src/libraries/Ethernet2/src/Dns.o
                0x000036b6                _ZN9DNSClient12BuildRequestEPKc
 .text._ZN9DNSClient15ProcessResponseEjR9IPAddress
                0x000037f8      0x2c2 src/libraries/Ethernet2/src/Dns.o
                0x000037f8                _ZN9DNSClient15ProcessResponseEjR9IPAddress
 .text._ZN9DNSClient13getHostByNameEPKcR9IPAddress
                0x00003aba      0x112 src/libraries/Ethernet2/src/Dns.o
                0x00003aba                _ZN9DNSClient13getHostByNameEPKcR9IPAddress
 .text._ZN10W5500Class8writeGAREPh
                0x00003bcc        0xe src/libraries/Ethernet2/src/Ethernet2.o
                0x00003bcc                _ZN10W5500Class8writeGAREPh
 .text._ZN10W5500Class9writeSUBREPh
                0x00003bda        0xe src/libraries/Ethernet2/src/Ethernet2.o
                0x00003bda                _ZN10W5500Class9writeSUBREPh
 .text._ZN10W5500Class9writeSHAREPh
                0x00003be8        0xe src/libraries/Ethernet2/src/Ethernet2.o
                0x00003be8                _ZN10W5500Class9writeSHAREPh
 .text._ZN10W5500Class9writeSIPREPh
                0x00003bf6        0xe src/libraries/Ethernet2/src/Ethernet2.o
                0x00003bf6                _ZN10W5500Class9writeSIPREPh
 .text._ZN13EthernetClass5beginEPh9IPAddressS1_S1_S1_
                0x00003c04       0x6c src/libraries/Ethernet2/src/Ethernet2.o
                0x00003c04                _ZN13EthernetClass5beginEPh9IPAddressS1_S1_S1_
 .text._ZN13EthernetClass11dnsServerIPEv
                0x00003c70       0x20 src/libraries/Ethernet2/src/Ethernet2.o
                0x00003c70                _ZN13EthernetClass11dnsServerIPEv
 .text.startup._GLOBAL__sub_I__ZN13EthernetClass6_stateE
                0x00003c90       0x2a src/libraries/Ethernet2/src/Ethernet2.o
 .text._ZN14EthernetClientneERKS_
                0x00003cba       0x14 src/libraries/Ethernet2/src/EthernetClient.o
                0x00003cba                _ZN14EthernetClientneERKS_
 .text._ZN14EthernetClient5writeEh
                0x00003cce       0x2c src/libraries/Ethernet2/src/EthernetClient.o
                0x00003cce                _ZN14EthernetClient5writeEh
 .text._ZN14EthernetClientcvbEv
                0x00003cfa       0x10 src/libraries/Ethernet2/src/EthernetClient.o
                0x00003cfa                _ZN14EthernetClientcvbEv
 .text._ZN14EthernetClienteqERKS_
                0x00003d0a       0x16 src/libraries/Ethernet2/src/EthernetClient.o
                0x00003d0a                _ZN14EthernetClienteqERKS_
 .text._ZN14EthernetClient7connectEPKcj
                0x00003d20       0xb4 src/libraries/Ethernet2/src/EthernetClient.o
                0x00003d20                _ZN14EthernetClient7connectEPKcj
 .text._ZN14EthernetClient5writeEPKhj
                0x00003dd4       0x3a src/libraries/Ethernet2/src/EthernetClient.o
                0x00003dd4                _ZN14EthernetClient5writeEPKhj
 .text._ZN14EthernetClient9availableEv
                0x00003e0e       0x14 src/libraries/Ethernet2/src/EthernetClient.o
                0x00003e0e                _ZN14EthernetClient9availableEv
 .text._ZN14EthernetClient4readEv
                0x00003e22       0x32 src/libraries/Ethernet2/src/EthernetClient.o
                0x00003e22                _ZN14EthernetClient4readEv
 .text._ZN14EthernetClient4readEPhj
                0x00003e54        0x6 src/libraries/Ethernet2/src/EthernetClient.o
                0x00003e54                _ZN14EthernetClient4readEPhj
 .text._ZN14EthernetClient4peekEv
                0x00003e5a       0x44 src/libraries/Ethernet2/src/EthernetClient.o
                0x00003e5a                _ZN14EthernetClient4peekEv
 .text._ZN14EthernetClient5flushEv
                0x00003e9e        0x6 src/libraries/Ethernet2/src/EthernetClient.o
                0x00003e9e                _ZN14EthernetClient5flushEv
 .text._ZN14EthernetClientC2Ev
                0x00003ea4       0x24 src/libraries/Ethernet2/src/EthernetClient.o
                0x00003ea4                _ZN14EthernetClientC2Ev
                0x00003ea4                _ZN14EthernetClientC1Ev
 .text._ZN14EthernetClient6statusEv
                0x00003ec8       0x1a src/libraries/Ethernet2/src/EthernetClient.o
                0x00003ec8                _ZN14EthernetClient6statusEv
 .text._ZN14EthernetClient9connectedEv
                0x00003ee2       0x46 src/libraries/Ethernet2/src/EthernetClient.o
                0x00003ee2                _ZN14EthernetClient9connectedEv
 .text._ZN14EthernetClient4stopEv
                0x00003f28       0x7c src/libraries/Ethernet2/src/EthernetClient.o
                0x00003f28                _ZN14EthernetClient4stopEv
 .text._ZN14EthernetClient7connectE9IPAddressj
                0x00003fa4       0xba src/libraries/Ethernet2/src/EthernetClient.o
                0x00003fa4                _ZN14EthernetClient7connectE9IPAddressj
 .text.startup._GLOBAL__sub_I__ZN14EthernetClient8_srcportE
                0x0000405e       0x16 src/libraries/Ethernet2/src/EthernetClient.o
 .text.startup._GLOBAL__sub_I__ZN14EthernetServerC2Ej
                0x00004074       0x16 src/libraries/Ethernet2/src/EthernetServer.o
 .text._ZN3UDP14beginMulticastE9IPAddressj
                0x0000408a        0x4 src/libraries/Ethernet2/src/EthernetUdp2.o
                0x0000408a                _ZN3UDP14beginMulticastE9IPAddressj
 .text._ZN11EthernetUDP4readEPcj
                0x0000408e        0xe src/libraries/Ethernet2/src/EthernetUdp2.o
                0x0000408e                _ZN11EthernetUDP4readEPcj
 .text._ZN11EthernetUDP8remoteIPEv
                0x0000409c       0x20 src/libraries/Ethernet2/src/EthernetUdp2.o
                0x0000409c                _ZN11EthernetUDP8remoteIPEv
 .text._ZN11EthernetUDP10remotePortEv
                0x000040bc        0x8 src/libraries/Ethernet2/src/EthernetUdp2.o
                0x000040bc                _ZN11EthernetUDP10remotePortEv
 .text._ZN11EthernetUDP9availableEv
                0x000040c4        0x8 src/libraries/Ethernet2/src/EthernetUdp2.o
                0x000040c4                _ZN11EthernetUDP9availableEv
 .text._ZN11EthernetUDP5writeEh
                0x000040cc       0x2c src/libraries/Ethernet2/src/EthernetUdp2.o
                0x000040cc                _ZN11EthernetUDP5writeEh
 .text._ZN11EthernetUDP5flushEv
                0x000040f8       0x24 src/libraries/Ethernet2/src/EthernetUdp2.o
                0x000040f8                _ZN11EthernetUDP5flushEv
 .text._ZN11EthernetUDP4stopEv
                0x0000411c       0x28 src/libraries/Ethernet2/src/EthernetUdp2.o
                0x0000411c                _ZN11EthernetUDP4stopEv
 .text._ZN11EthernetUDP11beginPacketE9IPAddressj
                0x00004144        0xe src/libraries/Ethernet2/src/EthernetUdp2.o
                0x00004144                _ZN11EthernetUDP11beginPacketE9IPAddressj
 .text._ZN11EthernetUDP9endPacketEv
                0x00004152        0x6 src/libraries/Ethernet2/src/EthernetUdp2.o
                0x00004152                _ZN11EthernetUDP9endPacketEv
 .text._ZN11EthernetUDP5writeEPKhj
                0x00004158       0x26 src/libraries/Ethernet2/src/EthernetUdp2.o
                0x00004158                _ZN11EthernetUDP5writeEPKhj
 .text._ZN11EthernetUDP4readEv
                0x0000417e       0x50 src/libraries/Ethernet2/src/EthernetUdp2.o
                0x0000417e                _ZN11EthernetUDP4readEv
 .text._ZN11EthernetUDP4readEPhj
                0x000041ce       0x3c src/libraries/Ethernet2/src/EthernetUdp2.o
                0x000041ce                _ZN11EthernetUDP4readEPhj
 .text._ZN11EthernetUDP4peekEv
                0x0000420a       0x30 src/libraries/Ethernet2/src/EthernetUdp2.o
                0x0000420a                _ZN11EthernetUDP4peekEv
 .text._ZN11EthernetUDP5beginEj
                0x0000423a       0x62 src/libraries/Ethernet2/src/EthernetUdp2.o
                0x0000423a                _ZN11EthernetUDP5beginEj
 .text._ZN11EthernetUDP11parsePacketEv
                0x0000429c       0x9e src/libraries/Ethernet2/src/EthernetUdp2.o
                0x0000429c                _ZN11EthernetUDP11parsePacketEv
 .text._ZN11EthernetUDPC2Ev
                0x0000433a       0x2a src/libraries/Ethernet2/src/EthernetUdp2.o
                0x0000433a                _ZN11EthernetUDPC1Ev
                0x0000433a                _ZN11EthernetUDPC2Ev
 .text._ZN11EthernetUDP11beginPacketEPKcj
                0x00004364       0xb4 src/libraries/Ethernet2/src/EthernetUdp2.o
                0x00004364                _ZN11EthernetUDP11beginPacketEPKcj
 .text.startup._GLOBAL__sub_I__ZN11EthernetUDPC2Ev
                0x00004418       0x16 src/libraries/Ethernet2/src/EthernetUdp2.o
 .text._ZN10W5500Class11writeSnDIPREhPh
                0x0000442e       0x16 src/libraries/Ethernet2/src/utility/socket.o
                0x0000442e                _ZN10W5500Class11writeSnDIPREhPh
 .text._ZN10W5500Class6readSnEhj
                0x00004444       0x10 src/libraries/Ethernet2/src/utility/socket.o
                0x00004444                _ZN10W5500Class6readSnEhj
 .text._ZN10W5500Class8readSnIREh
                0x00004454        0x6 src/libraries/Ethernet2/src/utility/socket.o
                0x00004454                _ZN10W5500Class8readSnIREh
 .text._ZN10W5500Class7writeSnEhjh
                0x0000445a       0x10 src/libraries/Ethernet2/src/utility/socket.o
                0x0000445a                _ZN10W5500Class7writeSnEhjh
 .text._ZN10W5500Class11writeSnPORTEhj
                0x0000446a       0x1e src/libraries/Ethernet2/src/utility/socket.o
                0x0000446a                _ZN10W5500Class11writeSnPORTEhj
 .text._ZN10W5500Class9writeSnIREhh
                0x00004488        0x8 src/libraries/Ethernet2/src/utility/socket.o
                0x00004488                _ZN10W5500Class9writeSnIREhh
 .text._ZN10W5500Class12writeSnDPORTEhj
                0x00004490       0x1e src/libraries/Ethernet2/src/utility/socket.o
                0x00004490                _ZN10W5500Class12writeSnDPORTEhj
 .text._Z5closeh
                0x000044ae       0x16 src/libraries/Ethernet2/src/utility/socket.o
                0x000044ae                _Z5closeh
 .text._Z6sockethhjh
                0x000044c4       0x66 src/libraries/Ethernet2/src/utility/socket.o
                0x000044c4                _Z6sockethhjh
 .text._Z7connecthPhj
                0x0000452a       0x66 src/libraries/Ethernet2/src/utility/socket.o
                0x0000452a                _Z7connecthPhj
 .text._Z10disconnecth
                0x00004590        0xa src/libraries/Ethernet2/src/utility/socket.o
                0x00004590                _Z10disconnecth
 .text._Z4sendhPKhj
                0x0000459a       0x90 src/libraries/Ethernet2/src/utility/socket.o
                0x0000459a                _Z4sendhPKhj
 .text._Z4recvhPhi
                0x0000462a       0x82 src/libraries/Ethernet2/src/utility/socket.o
                0x0000462a                _Z4recvhPhi
 .text._Z4peekhPh
                0x000046ac       0x1a src/libraries/Ethernet2/src/utility/socket.o
                0x000046ac                _Z4peekhPh
 .text._Z5flushh
                0x000046c6        0x2 src/libraries/Ethernet2/src/utility/socket.o
                0x000046c6                _Z5flushh
 .text._Z10bufferDatahjPKhj
                0x000046c8       0x56 src/libraries/Ethernet2/src/utility/socket.o
                0x000046c8                _Z10bufferDatahjPKhj
 .text._Z8startUDPhPhj
                0x0000471e       0x46 src/libraries/Ethernet2/src/utility/socket.o
                0x0000471e                _Z8startUDPhPhj
 .text._Z7sendUDPh
                0x00004764       0x38 src/libraries/Ethernet2/src/utility/socket.o
                0x00004764                _Z7sendUDPh
 .text._ZN8SPIClass16beginTransactionE11SPISettings
                0x0000479c       0x34 src/libraries/Ethernet2/src/utility/w5500.o
                0x0000479c                _ZN8SPIClass16beginTransactionE11SPISettings
 .text._ZN8SPIClass8transferEh
                0x000047d0        0xe src/libraries/Ethernet2/src/utility/w5500.o
                0x000047d0                _ZN8SPIClass8transferEh
 .text._ZN8SPIClass14endTransactionEv
                0x000047de       0x22 src/libraries/Ethernet2/src/utility/w5500.o
                0x000047de                _ZN8SPIClass14endTransactionEv
 .text._ZN10W5500Class5setSSEv
                0x00004800        0x4 src/libraries/Ethernet2/src/utility/w5500.o
                0x00004800                _ZN10W5500Class5setSSEv
 .text._ZN10W5500Class7resetSSEv
                0x00004804        0x4 src/libraries/Ethernet2/src/utility/w5500.o
                0x00004804                _ZN10W5500Class7resetSSEv
 .text._ZN10W5500Class5writeEjhh
                0x00004808       0x3c src/libraries/Ethernet2/src/utility/w5500.o
                0x00004808                _ZN10W5500Class5writeEjhh
 .text._ZN10W5500Class5writeEjhPKhj
                0x00004844       0x58 src/libraries/Ethernet2/src/utility/w5500.o
                0x00004844                _ZN10W5500Class5writeEjhPKhj
 .text._ZN10W5500Class4readEjh
                0x0000489c       0x38 src/libraries/Ethernet2/src/utility/w5500.o
                0x0000489c                _ZN10W5500Class4readEjh
 .text._ZN10W5500Class4initEh
                0x000048d4       0x58 src/libraries/Ethernet2/src/utility/w5500.o
                0x000048d4                _ZN10W5500Class4initEh
 .text._ZN10W5500Class12readSnTX_FSREh
                0x0000492c       0x2e src/libraries/Ethernet2/src/utility/w5500.o
                0x0000492c                _ZN10W5500Class12readSnTX_FSREh
 .text._ZN10W5500Class13getTXFreeSizeEh
                0x0000495a       0x34 src/libraries/Ethernet2/src/utility/w5500.o
                0x0000495a                _ZN10W5500Class13getTXFreeSizeEh
 .text._ZN10W5500Class12readSnRX_RSREh
                0x0000498e       0x2e src/libraries/Ethernet2/src/utility/w5500.o
                0x0000498e                _ZN10W5500Class12readSnRX_RSREh
 .text._ZN10W5500Class17getRXReceivedSizeEh
                0x000049bc       0x34 src/libraries/Ethernet2/src/utility/w5500.o
                0x000049bc                _ZN10W5500Class17getRXReceivedSizeEh
 .text._ZN10W5500Class27send_data_processing_offsetEhjPKhj
                0x000049f0       0x74 src/libraries/Ethernet2/src/utility/w5500.o
                0x000049f0                _ZN10W5500Class27send_data_processing_offsetEhjPKhj
 .text._ZN10W5500Class20send_data_processingEhPKhj
                0x00004a64       0x14 src/libraries/Ethernet2/src/utility/w5500.o
                0x00004a64                _ZN10W5500Class20send_data_processingEhPKhj
 .text._ZN10W5500Class4readEjhPhj
                0x00004a78       0x5a src/libraries/Ethernet2/src/utility/w5500.o
                0x00004a78                _ZN10W5500Class4readEjhPhj
 .text._ZN10W5500Class9read_dataEhjPVhj
                0x00004ad2       0x30 src/libraries/Ethernet2/src/utility/w5500.o
                0x00004ad2                _ZN10W5500Class9read_dataEhjPVhj
 .text._ZN10W5500Class20recv_data_processingEhPhjh
                0x00004b02       0x9a src/libraries/Ethernet2/src/utility/w5500.o
                0x00004b02                _ZN10W5500Class20recv_data_processingEhPhjh
 .text._ZN10W5500Class9execCmdSnEh7SockCMD
                0x00004b9c       0x1c src/libraries/Ethernet2/src/utility/w5500.o
                0x00004b9c                _ZN10W5500Class9execCmdSnEh7SockCMD
 .text.startup._GLOBAL__sub_I_w5500
                0x00004bb8        0xe src/libraries/Ethernet2/src/utility/w5500.o
 .text._ZN5I2CIOC2Ev
                0x00004bc6        0xe src/libraries/LiquidCrystal/src/I2CIO.o
                0x00004bc6                _ZN5I2CIOC2Ev
                0x00004bc6                _ZN5I2CIOC1Ev
 .text._ZN5I2CIO8portModeEh
                0x00004bd4       0x16 src/libraries/LiquidCrystal/src/I2CIO.o
                0x00004bd4                _ZN5I2CIO8portModeEh
 .text._ZN5I2CIO11isAvailableEh
                0x00004bea       0x16 src/libraries/LiquidCrystal/src/I2CIO.o
                0x00004bea                _ZN5I2CIO11isAvailableEh
 .text._ZN5I2CIO5beginEh
                0x00004c00       0x2c src/libraries/LiquidCrystal/src/I2CIO.o
                0x00004c00                _ZN5I2CIO5beginEh
 .text._ZN5I2CIO5writeEh
                0x00004c2c       0x48 src/libraries/LiquidCrystal/src/I2CIO.o
                0x00004c2c                _ZN5I2CIO5writeEh
 .text._ZN3LCD15setBacklightPinEh13t_backlighPol
                0x00004c74        0x2 src/libraries/LiquidCrystal/src/LCD.o
                0x00004c74                _ZN3LCD15setBacklightPinEh13t_backlighPol
 .text._ZN3LCD12setBacklightEh
                0x00004c76        0x2 src/libraries/LiquidCrystal/src/LCD.o
                0x00004c76                _ZN3LCD12setBacklightEh
 .text._ZN3LCD5writeEh
                0x00004c78       0x16 src/libraries/LiquidCrystal/src/LCD.o
                0x00004c78                _ZN3LCD5writeEh
 .text._ZN3LCDC2Ev
                0x00004c8e       0x10 src/libraries/LiquidCrystal/src/LCD.o
                0x00004c8e                _ZN3LCDC1Ev
                0x00004c8e                _ZN3LCDC2Ev
 .text._ZN3LCD9backlightEv
                0x00004c9e       0x10 src/libraries/LiquidCrystal/src/LCD.o
                0x00004c9e                _ZN3LCD9backlightEv
 .text._ZN3LCD11noBacklightEv
                0x00004cae       0x10 src/libraries/LiquidCrystal/src/LCD.o
                0x00004cae                _ZN3LCD11noBacklightEv
 .text._ZN3LCD7commandEh
                0x00004cbe       0x10 src/libraries/LiquidCrystal/src/LCD.o
                0x00004cbe                _ZN3LCD7commandEh
 .text._ZN3LCD5clearEv
                0x00004cce        0xc src/libraries/LiquidCrystal/src/LCD.o
                0x00004cce                _ZN3LCD5clearEv
 .text._ZN3LCD9setCursorEhh
                0x00004cda       0x84 src/libraries/LiquidCrystal/src/LCD.o
                0x00004cda                _ZN3LCD9setCursorEhh
 .text._ZN3LCD9noDisplayEv
                0x00004d5e        0xc src/libraries/LiquidCrystal/src/LCD.o
                0x00004d5e                _ZN3LCD9noDisplayEv
 .text._ZN3LCD7displayEv
                0x00004d6a        0xe src/libraries/LiquidCrystal/src/LCD.o
                0x00004d6a                _ZN3LCD7displayEv
 .text._ZN3LCD5beginEhhh
                0x00004d78       0xf2 src/libraries/LiquidCrystal/src/LCD.o
                0x00004d78                _ZN3LCD5beginEhhh
 .text._ZN3LCD10createCharEhPh
                0x00004e6a       0x5e src/libraries/LiquidCrystal/src/LCD.o
                0x00004e6a                _ZN3LCD10createCharEhPh
 .text._ZN17LiquidCrystal_I2C15setBacklightPinEh13t_backlighPol
                0x00004ec8       0x26 src/libraries/LiquidCrystal/src/LiquidCrystal_I2C.o
                0x00004ec8                _ZN17LiquidCrystal_I2C15setBacklightPinEh13t_backlighPol
 .text._ZN17LiquidCrystal_I2C12setBacklightEh
                0x00004eee       0x2c src/libraries/LiquidCrystal/src/LiquidCrystal_I2C.o
                0x00004eee                _ZN17LiquidCrystal_I2C12setBacklightEh
 .text._ZN17LiquidCrystal_I2C4initEv
                0x00004f1a       0x3e src/libraries/LiquidCrystal/src/LiquidCrystal_I2C.o
                0x00004f1a                _ZN17LiquidCrystal_I2C4initEv
 .text._ZN17LiquidCrystal_I2C6configEhhhhhhhh
                0x00004f58       0x80 src/libraries/LiquidCrystal/src/LiquidCrystal_I2C.o
                0x00004f58                _ZN17LiquidCrystal_I2C6configEhhhhhhhh
 .text._ZN17LiquidCrystal_I2CC2Ehhhhhhhhh13t_backlighPol
                0x00004fd8       0x6c src/libraries/LiquidCrystal/src/LiquidCrystal_I2C.o
                0x00004fd8                _ZN17LiquidCrystal_I2CC1Ehhhhhhhhh13t_backlighPol
                0x00004fd8                _ZN17LiquidCrystal_I2CC2Ehhhhhhhhh13t_backlighPol
 .text._ZN17LiquidCrystal_I2C11pulseEnableEh
                0x00005044       0x36 src/libraries/LiquidCrystal/src/LiquidCrystal_I2C.o
                0x00005044                _ZN17LiquidCrystal_I2C11pulseEnableEh
 .text._ZN17LiquidCrystal_I2C10write4bitsEhh
                0x0000507a       0x30 src/libraries/LiquidCrystal/src/LiquidCrystal_I2C.o
                0x0000507a                _ZN17LiquidCrystal_I2C10write4bitsEhh
 .text._ZN17LiquidCrystal_I2C4sendEhh
                0x000050aa       0x3a src/libraries/LiquidCrystal/src/LiquidCrystal_I2C.o
                0x000050aa                _ZN17LiquidCrystal_I2C4sendEhh
 .text._ZN17LiquidCrystal_I2C5beginEhhh
                0x000050e4       0x28 src/libraries/LiquidCrystal/src/LiquidCrystal_I2C.o
                0x000050e4                _ZN17LiquidCrystal_I2C5beginEhhh
 .text._ZN8SPIClass5beginEv
                0x0000510c       0x6c src/libraries/SPI/src/SPI.o
                0x0000510c                _ZN8SPIClass5beginEv
 .text.twi_init
                0x00005178       0x3c src/libraries/Wire/src/utility/twi.o
                0x00005178                twi_init
 .text.twi_disable
                0x000051b4       0x1a src/libraries/Wire/src/utility/twi.o
                0x000051b4                twi_disable
 .text.twi_setFrequency
                0x000051ce       0x28 src/libraries/Wire/src/utility/twi.o
                0x000051ce                twi_setFrequency
 .text.twi_readFrom
                0x000051f6       0x90 src/libraries/Wire/src/utility/twi.o
                0x000051f6                twi_readFrom
 .text.twi_writeTo
                0x00005286       0xac src/libraries/Wire/src/utility/twi.o
                0x00005286                twi_writeTo
 .text.twi_transmit
                0x00005332       0x50 src/libraries/Wire/src/utility/twi.o
                0x00005332                twi_transmit
 .text.twi_attachSlaveRxEvent
                0x00005382        0xa src/libraries/Wire/src/utility/twi.o
                0x00005382                twi_attachSlaveRxEvent
 .text.twi_attachSlaveTxEvent
                0x0000538c        0xa src/libraries/Wire/src/utility/twi.o
                0x0000538c                twi_attachSlaveTxEvent
 .text.twi_stop
                0x00005396       0x14 src/libraries/Wire/src/utility/twi.o
                0x00005396                twi_stop
 .text.twi_releaseBus
                0x000053aa        0xc src/libraries/Wire/src/utility/twi.o
                0x000053aa                twi_releaseBus
 .text.__vector_26
                0x000053b6      0x25c src/libraries/Wire/src/utility/twi.o
                0x000053b6                __vector_26
 .text._ZN7TwoWire9availableEv
                0x00005612       0x10 src/libraries/Wire/src/Wire.o
                0x00005612                _ZN7TwoWire9availableEv
 .text._ZN7TwoWire4readEv
                0x00005622       0x28 src/libraries/Wire/src/Wire.o
                0x00005622                _ZN7TwoWire4readEv
 .text._ZN7TwoWire4peekEv
                0x0000564a       0x1e src/libraries/Wire/src/Wire.o
                0x0000564a                _ZN7TwoWire4peekEv
 .text._ZN7TwoWire5flushEv
                0x00005668        0x2 src/libraries/Wire/src/Wire.o
                0x00005668                _ZN7TwoWire5flushEv
 .text._ZN7TwoWire16onReceiveServiceEPhi
                0x0000566a       0x54 src/libraries/Wire/src/Wire.o
                0x0000566a                _ZN7TwoWire16onReceiveServiceEPhi
 .text._ZN7TwoWire16onRequestServiceEv
                0x000056be       0x18 src/libraries/Wire/src/Wire.o
                0x000056be                _ZN7TwoWire16onRequestServiceEv
 .text._ZN7TwoWire5writeEPKhj
                0x000056d6       0x58 src/libraries/Wire/src/Wire.o
                0x000056d6                _ZN7TwoWire5writeEPKhj
 .text._ZN7TwoWire5writeEh
                0x0000572e       0x5c src/libraries/Wire/src/Wire.o
                0x0000572e                _ZN7TwoWire5writeEh
 .text._ZN7TwoWireC2Ev
                0x0000578a       0x20 src/libraries/Wire/src/Wire.o
                0x0000578a                _ZN7TwoWireC1Ev
                0x0000578a                _ZN7TwoWireC2Ev
 .text._ZN7TwoWire5beginEv
                0x000057aa       0x1e src/libraries/Wire/src/Wire.o
                0x000057aa                _ZN7TwoWire5beginEv
 .text._ZN7TwoWire3endEv
                0x000057c8        0x2 src/libraries/Wire/src/Wire.o
                0x000057c8                _ZN7TwoWire3endEv
 .text._ZN7TwoWire8setClockEm
                0x000057ca        0x6 src/libraries/Wire/src/Wire.o
                0x000057ca                _ZN7TwoWire8setClockEm
 .text._ZN7TwoWire17beginTransmissionEh
                0x000057d0       0x14 src/libraries/Wire/src/Wire.o
                0x000057d0                _ZN7TwoWire17beginTransmissionEh
 .text._ZN7TwoWire17beginTransmissionEi
                0x000057e4        0x2 src/libraries/Wire/src/Wire.o
                0x000057e4                _ZN7TwoWire17beginTransmissionEi
 .text._ZN7TwoWire15endTransmissionEh
                0x000057e6       0x24 src/libraries/Wire/src/Wire.o
                0x000057e6                _ZN7TwoWire15endTransmissionEh
 .text._ZN7TwoWire11requestFromEhhmhh
                0x0000580a       0xa2 src/libraries/Wire/src/Wire.o
                0x0000580a                _ZN7TwoWire11requestFromEhhmhh
 .text._ZN7TwoWire11requestFromEhhh
                0x000058ac       0x1e src/libraries/Wire/src/Wire.o
                0x000058ac                _ZN7TwoWire11requestFromEhhh
 .text._ZN7TwoWire11requestFromEhh
                0x000058ca        0x4 src/libraries/Wire/src/Wire.o
                0x000058ca                _ZN7TwoWire11requestFromEhh
 .text._ZN7TwoWire11requestFromEii
                0x000058ce        0x4 src/libraries/Wire/src/Wire.o
                0x000058ce                _ZN7TwoWire11requestFromEii
 .text._ZN7TwoWire15endTransmissionEv
                0x000058d2        0x4 src/libraries/Wire/src/Wire.o
                0x000058d2                _ZN7TwoWire15endTransmissionEv
 .text.startup._GLOBAL__sub_I__ZN7TwoWire8rxBufferE
                0x000058d6        0x6 src/libraries/Wire/src/Wire.o
 .text.avr-libc.fplib
                0x000058dc        0x8 c:/program files (x86)/atmel/studio/7.0/toolchain/avr8/avr8-gnu-toolchain/bin/../lib/gcc/avr/5.4.0/../../../../avr/lib/avr51\libm.a(cmpsf2.o)
                0x000058dc                __nesf2
                0x000058dc                __eqsf2
                0x000058dc                __cmpsf2
                0x000058dc                __ltsf2
                0x000058dc                __lesf2
 .text.avr-libc.fplib
                0x000058e4        0x4 c:/program files (x86)/atmel/studio/7.0/toolchain/avr8/avr8-gnu-toolchain/bin/../lib/gcc/avr/5.4.0/../../../../avr/lib/avr51\libm.a(divsf3.o)
                0x000058e4                __divsf3
 .text.avr-libc.fplib
                0x000058e8       0xcc c:/program files (x86)/atmel/studio/7.0/toolchain/avr8/avr8-gnu-toolchain/bin/../lib/gcc/avr/5.4.0/../../../../avr/lib/avr51\libm.a(divsf3x.o)
                0x000058fe                __divsf3x
                0x00005902                __divsf3_pse
 .text.avr-libc.fplib
                0x000059b4       0x7a c:/program files (x86)/atmel/studio/7.0/toolchain/avr8/avr8-gnu-toolchain/bin/../lib/gcc/avr/5.4.0/../../../../avr/lib/avr51\libm.a(floatsisf.o)
                0x000059b4                __floatunsisf
                0x000059b8                __floatsisf
 .text.avr-libc.fplib
                0x00005a2e       0x48 c:/program files (x86)/atmel/studio/7.0/toolchain/avr8/avr8-gnu-toolchain/bin/../lib/gcc/avr/5.4.0/../../../../avr/lib/avr51\libm.a(fp_cmp.o)
                0x00005a2e                __fp_cmp
 .text.avr-libc.fplib
                0x00005a76        0xc c:/program files (x86)/atmel/studio/7.0/toolchain/avr8/avr8-gnu-toolchain/bin/../lib/gcc/avr/5.4.0/../../../../avr/lib/avr51\libm.a(fp_inf.o)
                0x00005a76                __fp_inf
 .text.avr-libc.fplib
                0x00005a82        0x6 c:/program files (x86)/atmel/studio/7.0/toolchain/avr8/avr8-gnu-toolchain/bin/../lib/gcc/avr/5.4.0/../../../../avr/lib/avr51\libm.a(fp_nan.o)
                0x00005a82                __fp_nan
 .text.avr-libc.fplib
                0x00005a88        0xe c:/program files (x86)/atmel/studio/7.0/toolchain/avr8/avr8-gnu-toolchain/bin/../lib/gcc/avr/5.4.0/../../../../avr/lib/avr51\libm.a(fp_pscA.o)
                0x00005a88                __fp_pscA
 .text.avr-libc.fplib
                0x00005a96        0xe c:/program files (x86)/atmel/studio/7.0/toolchain/avr8/avr8-gnu-toolchain/bin/../lib/gcc/avr/5.4.0/../../../../avr/lib/avr51\libm.a(fp_pscB.o)
                0x00005a96                __fp_pscB
 .text.avr-libc.fplib
                0x00005aa4       0x22 c:/program files (x86)/atmel/studio/7.0/toolchain/avr8/avr8-gnu-toolchain/bin/../lib/gcc/avr/5.4.0/../../../../avr/lib/avr51\libm.a(fp_round.o)
                0x00005aa4                __fp_round
 .text.avr-libc.fplib
                0x00005ac6       0x44 c:/program files (x86)/atmel/studio/7.0/toolchain/avr8/avr8-gnu-toolchain/bin/../lib/gcc/avr/5.4.0/../../../../avr/lib/avr51\libm.a(fp_split3.o)
                0x00005ac6                __fp_split3
                0x00005ad6                __fp_splitA
 .text.avr-libc.fplib
                0x00005b0a        0xe c:/program files (x86)/atmel/studio/7.0/toolchain/avr8/avr8-gnu-toolchain/bin/../lib/gcc/avr/5.4.0/../../../../avr/lib/avr51\libm.a(fp_zero.o)
                0x00005b0a                __fp_zero
                0x00005b0c                __fp_szero
 .text.__cxa_pure_virtual
                0x00005b18        0x4 C:\VVFCloud\ProgettiVVF\FuelControl\Firmware\repo\fwCCEC\TuinoDemo\ArduinoCore\Debug\libArduinoCore.a(abi.o)
                0x00005b18                __cxa_pure_virtual
 .text.__vector_18
                0x00005b1c       0x64 C:\VVFCloud\ProgettiVVF\FuelControl\Firmware\repo\fwCCEC\TuinoDemo\ArduinoCore\Debug\libArduinoCore.a(HardwareSerial0.o)
                0x00005b1c                __vector_18
 .text.__vector_19
                0x00005b80       0x4a C:\VVFCloud\ProgettiVVF\FuelControl\Firmware\repo\fwCCEC\TuinoDemo\ArduinoCore\Debug\libArduinoCore.a(HardwareSerial0.o)
                0x00005b80                __vector_19
 .text._Z17Serial0_availablev
                0x00005bca       0x12 C:\VVFCloud\ProgettiVVF\FuelControl\Firmware\repo\fwCCEC\TuinoDemo\ArduinoCore\Debug\libArduinoCore.a(HardwareSerial0.o)
                0x00005bca                _Z17Serial0_availablev
 .text.startup._GLOBAL__sub_I___vector_18
                0x00005bdc       0x5a C:\VVFCloud\ProgettiVVF\FuelControl\Firmware\repo\fwCCEC\TuinoDemo\ArduinoCore\Debug\libArduinoCore.a(HardwareSerial0.o)
 .text._ZNK9IPAddress7printToER5Print
                0x00005c36       0x7e C:\VVFCloud\ProgettiVVF\FuelControl\Firmware\repo\fwCCEC\TuinoDemo\ArduinoCore\Debug\libArduinoCore.a(IPAddress.o)
                0x00005c36                _ZNK9IPAddress7printToER5Print
 .text._ZN9IPAddressC2Ev
                0x00005cb4       0x14 C:\VVFCloud\ProgettiVVF\FuelControl\Firmware\repo\fwCCEC\TuinoDemo\ArduinoCore\Debug\libArduinoCore.a(IPAddress.o)
                0x00005cb4                _ZN9IPAddressC1Ev
                0x00005cb4                _ZN9IPAddressC2Ev
 .text._ZN9IPAddressC2Ehhhh
                0x00005cc8       0x18 C:\VVFCloud\ProgettiVVF\FuelControl\Firmware\repo\fwCCEC\TuinoDemo\ArduinoCore\Debug\libArduinoCore.a(IPAddress.o)
                0x00005cc8                _ZN9IPAddressC2Ehhhh
                0x00005cc8                _ZN9IPAddressC1Ehhhh
 .text._ZN9IPAddressaSEPKh
                0x00005ce0       0x12 C:\VVFCloud\ProgettiVVF\FuelControl\Firmware\repo\fwCCEC\TuinoDemo\ArduinoCore\Debug\libArduinoCore.a(IPAddress.o)
                0x00005ce0                _ZN9IPAddressaSEPKh
 .text.initVariant
                0x00005cf2        0x2 C:\VVFCloud\ProgettiVVF\FuelControl\Firmware\repo\fwCCEC\TuinoDemo\ArduinoCore\Debug\libArduinoCore.a(main.o)
                0x00005cf2                initVariant
 .text.startup.main
                0x00005cf4       0x18 C:\VVFCloud\ProgettiVVF\FuelControl\Firmware\repo\fwCCEC\TuinoDemo\ArduinoCore\Debug\libArduinoCore.a(main.o)
                0x00005cf4                main
 .text._ZN5Print5writeEPKhj
                0x00005d0c       0x54 C:\VVFCloud\ProgettiVVF\FuelControl\Firmware\repo\fwCCEC\TuinoDemo\ArduinoCore\Debug\libArduinoCore.a(Print.o)
                0x00005d0c                _ZN5Print5writeEPKhj
 .text._ZN5Print5writeEPKc
                0x00005d60       0x2a C:\VVFCloud\ProgettiVVF\FuelControl\Firmware\repo\fwCCEC\TuinoDemo\ArduinoCore\Debug\libArduinoCore.a(Print.o)
                0x00005d60                _ZN5Print5writeEPKc
 .text._ZN5Print5printEPK19__FlashStringHelper
                0x00005d8a       0x48 C:\VVFCloud\ProgettiVVF\FuelControl\Firmware\repo\fwCCEC\TuinoDemo\ArduinoCore\Debug\libArduinoCore.a(Print.o)
                0x00005d8a                _ZN5Print5printEPK19__FlashStringHelper
 .text._ZN5Print5printERK6String
                0x00005dd2       0x1c C:\VVFCloud\ProgettiVVF\FuelControl\Firmware\repo\fwCCEC\TuinoDemo\ArduinoCore\Debug\libArduinoCore.a(Print.o)
                0x00005dd2                _ZN5Print5printERK6String
 .text._ZN5Print5printEPKc
                0x00005dee        0x2 C:\VVFCloud\ProgettiVVF\FuelControl\Firmware\repo\fwCCEC\TuinoDemo\ArduinoCore\Debug\libArduinoCore.a(Print.o)
                0x00005dee                _ZN5Print5printEPKc
 .text._ZN5Print5printEc
                0x00005df0        0xe C:\VVFCloud\ProgettiVVF\FuelControl\Firmware\repo\fwCCEC\TuinoDemo\ArduinoCore\Debug\libArduinoCore.a(Print.o)
                0x00005df0                _ZN5Print5printEc
 .text._ZN5Print7printlnEv
                0x00005dfe        0x6 C:\VVFCloud\ProgettiVVF\FuelControl\Firmware\repo\fwCCEC\TuinoDemo\ArduinoCore\Debug\libArduinoCore.a(Print.o)
                0x00005dfe                _ZN5Print7printlnEv
 .text._ZN5Print7printlnEPK19__FlashStringHelper
                0x00005e04       0x20 C:\VVFCloud\ProgettiVVF\FuelControl\Firmware\repo\fwCCEC\TuinoDemo\ArduinoCore\Debug\libArduinoCore.a(Print.o)
                0x00005e04                _ZN5Print7printlnEPK19__FlashStringHelper
 .text._ZN5Print7printlnERK6String
                0x00005e24       0x20 C:\VVFCloud\ProgettiVVF\FuelControl\Firmware\repo\fwCCEC\TuinoDemo\ArduinoCore\Debug\libArduinoCore.a(Print.o)
                0x00005e24                _ZN5Print7printlnERK6String
 .text._ZN5Print7printlnEPKc
                0x00005e44       0x20 C:\VVFCloud\ProgettiVVF\FuelControl\Firmware\repo\fwCCEC\TuinoDemo\ArduinoCore\Debug\libArduinoCore.a(Print.o)
                0x00005e44                _ZN5Print7printlnEPKc
 .text._ZN5Print11printNumberEmh
                0x00005e64       0x8e C:\VVFCloud\ProgettiVVF\FuelControl\Firmware\repo\fwCCEC\TuinoDemo\ArduinoCore\Debug\libArduinoCore.a(Print.o)
                0x00005e64                _ZN5Print11printNumberEmh
 .text._ZN5Print5printEmi
                0x00005ef2       0x18 C:\VVFCloud\ProgettiVVF\FuelControl\Firmware\repo\fwCCEC\TuinoDemo\ArduinoCore\Debug\libArduinoCore.a(Print.o)
                0x00005ef2                _ZN5Print5printEmi
 .text._ZN5Print5printEhi
                0x00005f0a        0xc C:\VVFCloud\ProgettiVVF\FuelControl\Firmware\repo\fwCCEC\TuinoDemo\ArduinoCore\Debug\libArduinoCore.a(Print.o)
                0x00005f0a                _ZN5Print5printEhi
 .text._ZN5Print7printlnEmi
                0x00005f16       0x20 C:\VVFCloud\ProgettiVVF\FuelControl\Firmware\repo\fwCCEC\TuinoDemo\ArduinoCore\Debug\libArduinoCore.a(Print.o)
                0x00005f16                _ZN5Print7printlnEmi
 .text.__vector_16
                0x00005f36       0x94 C:\VVFCloud\ProgettiVVF\FuelControl\Firmware\repo\fwCCEC\TuinoDemo\ArduinoCore\Debug\libArduinoCore.a(wiring.o)
                0x00005f36                __vector_16
 .text.millis   0x00005fca       0x18 C:\VVFCloud\ProgettiVVF\FuelControl\Firmware\repo\fwCCEC\TuinoDemo\ArduinoCore\Debug\libArduinoCore.a(wiring.o)
                0x00005fca                millis
 .text.micros   0x00005fe2       0x4a C:\VVFCloud\ProgettiVVF\FuelControl\Firmware\repo\fwCCEC\TuinoDemo\ArduinoCore\Debug\libArduinoCore.a(wiring.o)
                0x00005fe2                micros
 .text.delay    0x0000602c       0x72 C:\VVFCloud\ProgettiVVF\FuelControl\Firmware\repo\fwCCEC\TuinoDemo\ArduinoCore\Debug\libArduinoCore.a(wiring.o)
                0x0000602c                delay
 .text.delayMicroseconds
                0x0000609e       0x16 C:\VVFCloud\ProgettiVVF\FuelControl\Firmware\repo\fwCCEC\TuinoDemo\ArduinoCore\Debug\libArduinoCore.a(wiring.o)
                0x0000609e                delayMicroseconds
 .text.init     0x000060b4       0x76 C:\VVFCloud\ProgettiVVF\FuelControl\Firmware\repo\fwCCEC\TuinoDemo\ArduinoCore\Debug\libArduinoCore.a(wiring.o)
                0x000060b4                init
 .text.turnOffPWM
                0x0000612a       0x52 C:\VVFCloud\ProgettiVVF\FuelControl\Firmware\repo\fwCCEC\TuinoDemo\ArduinoCore\Debug\libArduinoCore.a(wiring_digital.o)
 .text.pinMode  0x0000617c       0x78 C:\VVFCloud\ProgettiVVF\FuelControl\Firmware\repo\fwCCEC\TuinoDemo\ArduinoCore\Debug\libArduinoCore.a(wiring_digital.o)
                0x0000617c                pinMode
 .text.digitalWrite
                0x000061f4       0x5c C:\VVFCloud\ProgettiVVF\FuelControl\Firmware\repo\fwCCEC\TuinoDemo\ArduinoCore\Debug\libArduinoCore.a(wiring_digital.o)
                0x000061f4                digitalWrite
 .text.digitalRead
                0x00006250       0x50 C:\VVFCloud\ProgettiVVF\FuelControl\Firmware\repo\fwCCEC\TuinoDemo\ArduinoCore\Debug\libArduinoCore.a(wiring_digital.o)
                0x00006250                digitalRead
 .text._ZNK6String14StringIfHelperEv
                0x000062a0        0x2 C:\VVFCloud\ProgettiVVF\FuelControl\Firmware\repo\fwCCEC\TuinoDemo\ArduinoCore\Debug\libArduinoCore.a(WString.o)
                0x000062a0                _ZNK6String14StringIfHelperEv
 .text._ZN6StringD2Ev
                0x000062a2        0x8 C:\VVFCloud\ProgettiVVF\FuelControl\Firmware\repo\fwCCEC\TuinoDemo\ArduinoCore\Debug\libArduinoCore.a(WString.o)
                0x000062a2                _ZN6StringD2Ev
                0x000062a2                _ZN6StringD1Ev
 .text._ZN6String10invalidateEv
                0x000062aa       0x22 C:\VVFCloud\ProgettiVVF\FuelControl\Firmware\repo\fwCCEC\TuinoDemo\ArduinoCore\Debug\libArduinoCore.a(WString.o)
                0x000062aa                _ZN6String10invalidateEv
 .text._ZN6String12changeBufferEj
                0x000062cc       0x32 C:\VVFCloud\ProgettiVVF\FuelControl\Firmware\repo\fwCCEC\TuinoDemo\ArduinoCore\Debug\libArduinoCore.a(WString.o)
                0x000062cc                _ZN6String12changeBufferEj
 .text._ZN6String7reserveEj
                0x000062fe       0x36 C:\VVFCloud\ProgettiVVF\FuelControl\Firmware\repo\fwCCEC\TuinoDemo\ArduinoCore\Debug\libArduinoCore.a(WString.o)
                0x000062fe                _ZN6String7reserveEj
 .text._ZN6String4copyEPKcj
                0x00006334       0x3c C:\VVFCloud\ProgettiVVF\FuelControl\Firmware\repo\fwCCEC\TuinoDemo\ArduinoCore\Debug\libArduinoCore.a(WString.o)
                0x00006334                _ZN6String4copyEPKcj
 .text._ZN6StringC2EPKc
                0x00006370       0x28 C:\VVFCloud\ProgettiVVF\FuelControl\Firmware\repo\fwCCEC\TuinoDemo\ArduinoCore\Debug\libArduinoCore.a(WString.o)
                0x00006370                _ZN6StringC2EPKc
                0x00006370                _ZN6StringC1EPKc
 .text._ZN6String4moveERS_
                0x00006398       0x76 C:\VVFCloud\ProgettiVVF\FuelControl\Firmware\repo\fwCCEC\TuinoDemo\ArduinoCore\Debug\libArduinoCore.a(WString.o)
                0x00006398                _ZN6String4moveERS_
 .text._ZN6StringC2EOS_
                0x0000640e       0x10 C:\VVFCloud\ProgettiVVF\FuelControl\Firmware\repo\fwCCEC\TuinoDemo\ArduinoCore\Debug\libArduinoCore.a(WString.o)
                0x0000640e                _ZN6StringC1EOS_
                0x0000640e                _ZN6StringC2EOS_
 .text._ZN6StringaSERKS_
                0x0000641e       0x2a C:\VVFCloud\ProgettiVVF\FuelControl\Firmware\repo\fwCCEC\TuinoDemo\ArduinoCore\Debug\libArduinoCore.a(WString.o)
                0x0000641e                _ZN6StringaSERKS_
 .text._ZN6StringC2ERKS_
                0x00006448       0x10 C:\VVFCloud\ProgettiVVF\FuelControl\Firmware\repo\fwCCEC\TuinoDemo\ArduinoCore\Debug\libArduinoCore.a(WString.o)
                0x00006448                _ZN6StringC2ERKS_
                0x00006448                _ZN6StringC1ERKS_
 .text._ZN6StringaSEOS_
                0x00006458       0x16 C:\VVFCloud\ProgettiVVF\FuelControl\Firmware\repo\fwCCEC\TuinoDemo\ArduinoCore\Debug\libArduinoCore.a(WString.o)
                0x00006458                _ZN6StringaSEOS_
 .text._ZN6StringaSEPKc
                0x0000646e       0x2a C:\VVFCloud\ProgettiVVF\FuelControl\Firmware\repo\fwCCEC\TuinoDemo\ArduinoCore\Debug\libArduinoCore.a(WString.o)
                0x0000646e                _ZN6StringaSEPKc
 .text._ZN6StringC2Ec
                0x00006498       0x2e C:\VVFCloud\ProgettiVVF\FuelControl\Firmware\repo\fwCCEC\TuinoDemo\ArduinoCore\Debug\libArduinoCore.a(WString.o)
                0x00006498                _ZN6StringC1Ec
                0x00006498                _ZN6StringC2Ec
 .text._ZN6StringC2Ehh
                0x000064c6       0x56 C:\VVFCloud\ProgettiVVF\FuelControl\Firmware\repo\fwCCEC\TuinoDemo\ArduinoCore\Debug\libArduinoCore.a(WString.o)
                0x000064c6                _ZN6StringC2Ehh
                0x000064c6                _ZN6StringC1Ehh
 .text._ZN6StringC2Emh
                0x0000651c       0x56 C:\VVFCloud\ProgettiVVF\FuelControl\Firmware\repo\fwCCEC\TuinoDemo\ArduinoCore\Debug\libArduinoCore.a(WString.o)
                0x0000651c                _ZN6StringC1Emh
                0x0000651c                _ZN6StringC2Emh
 .text._ZN6StringC2Edh
                0x00006572       0x5c C:\VVFCloud\ProgettiVVF\FuelControl\Firmware\repo\fwCCEC\TuinoDemo\ArduinoCore\Debug\libArduinoCore.a(WString.o)
                0x00006572                _ZN6StringC1Edh
                0x00006572                _ZN6StringC2Edh
 .text._ZN6String6concatEPKcj
                0x000065ce       0x58 C:\VVFCloud\ProgettiVVF\FuelControl\Firmware\repo\fwCCEC\TuinoDemo\ArduinoCore\Debug\libArduinoCore.a(WString.o)
                0x000065ce                _ZN6String6concatEPKcj
 .text._ZN6String6concatERKS_
                0x00006626        0xc C:\VVFCloud\ProgettiVVF\FuelControl\Firmware\repo\fwCCEC\TuinoDemo\ArduinoCore\Debug\libArduinoCore.a(WString.o)
                0x00006626                _ZN6String6concatERKS_
 .text._ZN6String6concatEPKc
                0x00006632       0x1c C:\VVFCloud\ProgettiVVF\FuelControl\Firmware\repo\fwCCEC\TuinoDemo\ArduinoCore\Debug\libArduinoCore.a(WString.o)
                0x00006632                _ZN6String6concatEPKc
 .text._ZN6String6concatEc
                0x0000664e       0x24 C:\VVFCloud\ProgettiVVF\FuelControl\Firmware\repo\fwCCEC\TuinoDemo\ArduinoCore\Debug\libArduinoCore.a(WString.o)
                0x0000664e                _ZN6String6concatEc
 .text._ZplRK15StringSumHelperRK6String
                0x00006672       0x22 C:\VVFCloud\ProgettiVVF\FuelControl\Firmware\repo\fwCCEC\TuinoDemo\ArduinoCore\Debug\libArduinoCore.a(WString.o)
                0x00006672                _ZplRK15StringSumHelperRK6String
 .text._ZplRK15StringSumHelperPKc
                0x00006694       0x2e C:\VVFCloud\ProgettiVVF\FuelControl\Firmware\repo\fwCCEC\TuinoDemo\ArduinoCore\Debug\libArduinoCore.a(WString.o)
                0x00006694                _ZplRK15StringSumHelperPKc
 .text._ZplRK15StringSumHelperc
                0x000066c2       0x18 C:\VVFCloud\ProgettiVVF\FuelControl\Firmware\repo\fwCCEC\TuinoDemo\ArduinoCore\Debug\libArduinoCore.a(WString.o)
                0x000066c2                _ZplRK15StringSumHelperc
 .text._ZNK6String6equalsEPKc
                0x000066da       0x3c C:\VVFCloud\ProgettiVVF\FuelControl\Firmware\repo\fwCCEC\TuinoDemo\ArduinoCore\Debug\libArduinoCore.a(WString.o)
                0x000066da                _ZNK6String6equalsEPKc
 .text._ZNK6String9substringEjj
                0x00006716       0x86 C:\VVFCloud\ProgettiVVF\FuelControl\Firmware\repo\fwCCEC\TuinoDemo\ArduinoCore\Debug\libArduinoCore.a(WString.o)
                0x00006716                _ZNK6String9substringEjj
 .text._ZN6String4trimEv
                0x0000679c       0xb2 C:\VVFCloud\ProgettiVVF\FuelControl\Firmware\repo\fwCCEC\TuinoDemo\ArduinoCore\Debug\libArduinoCore.a(WString.o)
                0x0000679c                _ZN6String4trimEv
 .text._ZN14HardwareSerial9availableEv
                0x0000684e       0x18 C:\VVFCloud\ProgettiVVF\FuelControl\Firmware\repo\fwCCEC\TuinoDemo\ArduinoCore\Debug\libArduinoCore.a(HardwareSerial.o)
                0x0000684e                _ZN14HardwareSerial9availableEv
 .text._ZN14HardwareSerial4peekEv
                0x00006866       0x1c C:\VVFCloud\ProgettiVVF\FuelControl\Firmware\repo\fwCCEC\TuinoDemo\ArduinoCore\Debug\libArduinoCore.a(HardwareSerial.o)
                0x00006866                _ZN14HardwareSerial4peekEv
 .text._ZN14HardwareSerial4readEv
                0x00006882       0x28 C:\VVFCloud\ProgettiVVF\FuelControl\Firmware\repo\fwCCEC\TuinoDemo\ArduinoCore\Debug\libArduinoCore.a(HardwareSerial.o)
                0x00006882                _ZN14HardwareSerial4readEv
 .text._ZN14HardwareSerial17availableForWriteEv
                0x000068aa       0x1e C:\VVFCloud\ProgettiVVF\FuelControl\Firmware\repo\fwCCEC\TuinoDemo\ArduinoCore\Debug\libArduinoCore.a(HardwareSerial.o)
                0x000068aa                _ZN14HardwareSerial17availableForWriteEv
 .text._Z14serialEventRunv
                0x000068c8       0x1a C:\VVFCloud\ProgettiVVF\FuelControl\Firmware\repo\fwCCEC\TuinoDemo\ArduinoCore\Debug\libArduinoCore.a(HardwareSerial.o)
                0x000068c8                _Z14serialEventRunv
 .text._ZN14HardwareSerial17_tx_udr_empty_irqEv
                0x000068e2       0x44 C:\VVFCloud\ProgettiVVF\FuelControl\Firmware\repo\fwCCEC\TuinoDemo\ArduinoCore\Debug\libArduinoCore.a(HardwareSerial.o)
                0x000068e2                _ZN14HardwareSerial17_tx_udr_empty_irqEv
 .text._ZN14HardwareSerial5writeEh
                0x00006926       0x98 C:\VVFCloud\ProgettiVVF\FuelControl\Firmware\repo\fwCCEC\TuinoDemo\ArduinoCore\Debug\libArduinoCore.a(HardwareSerial.o)
                0x00006926                _ZN14HardwareSerial5writeEh
 .text._ZN14HardwareSerial5flushEv
                0x000069be       0x42 C:\VVFCloud\ProgettiVVF\FuelControl\Firmware\repo\fwCCEC\TuinoDemo\ArduinoCore\Debug\libArduinoCore.a(HardwareSerial.o)
                0x000069be                _ZN14HardwareSerial5flushEv
 .text.__empty  0x00006a00        0x2 C:\VVFCloud\ProgettiVVF\FuelControl\Firmware\repo\fwCCEC\TuinoDemo\ArduinoCore\Debug\libArduinoCore.a(hooks.o)
                0x00006a00                yield
 .text.libgcc.div
                0x00006a02       0x18 c:/program files (x86)/atmel/studio/7.0/toolchain/avr8/avr8-gnu-toolchain/bin/../lib/gcc/avr/5.4.0/avr51\libgcc.a(_udivmodqi4.o)
                0x00006a02                __udivmodqi4
 .text.libgcc.div
                0x00006a1a       0x28 c:/program files (x86)/atmel/studio/7.0/toolchain/avr8/avr8-gnu-toolchain/bin/../lib/gcc/avr/5.4.0/avr51\libgcc.a(_udivmodhi4.o)
                0x00006a1a                __udivmodhi4
 .text.libgcc.div
                0x00006a42       0x44 c:/program files (x86)/atmel/studio/7.0/toolchain/avr8/avr8-gnu-toolchain/bin/../lib/gcc/avr/5.4.0/avr51\libgcc.a(_udivmodsi4.o)
                0x00006a42                __udivmodsi4
 .text.libgcc   0x00006a86       0x12 c:/program files (x86)/atmel/studio/7.0/toolchain/avr8/avr8-gnu-toolchain/bin/../lib/gcc/avr/5.4.0/avr51\libgcc.a(_tablejump2.o)
                0x00006a86                __tablejump2__
 .text.libgcc.mul
                0x00006a98       0x1e c:/program files (x86)/atmel/studio/7.0/toolchain/avr8/avr8-gnu-toolchain/bin/../lib/gcc/avr/5.4.0/avr51\libgcc.a(_umulhisi3.o)
                0x00006a98                __umulhisi3
 .text.libgcc.mul
                0x00006ab6       0x14 c:/program files (x86)/atmel/studio/7.0/toolchain/avr8/avr8-gnu-toolchain/bin/../lib/gcc/avr/5.4.0/avr51\libgcc.a(_muluhisi3.o)
                0x00006ab6                __muluhisi3
 .text.avr-libc
                0x00006aca       0x3e c:/program files (x86)/atmel/studio/7.0/toolchain/avr8/avr8-gnu-toolchain/bin/../lib/gcc/avr/5.4.0/../../../../avr/lib/avr51\libc.a(dtostrf.o)
                0x00006aca                dtostrf
 .text.avr-libc
                0x00006b08      0x242 c:/program files (x86)/atmel/studio/7.0/toolchain/avr8/avr8-gnu-toolchain/bin/../lib/gcc/avr/5.4.0/../../../../avr/lib/avr51\libc.a(malloc.o)
                0x00006b08                malloc
                0x00006c38                free
 .text.avr-libc
                0x00006d4a      0x1c0 c:/program files (x86)/atmel/studio/7.0/toolchain/avr8/avr8-gnu-toolchain/bin/../lib/gcc/avr/5.4.0/../../../../avr/lib/avr51\libc.a(realloc.o)
                0x00006d4a                realloc
 .text.avr-libc
                0x00006f0a        0x8 c:/program files (x86)/atmel/studio/7.0/toolchain/avr8/avr8-gnu-toolchain/bin/../lib/gcc/avr/5.4.0/../../../../avr/lib/avr51\libc.a(abort.o)
                0x00006f0a                abort
 .text.avr-libc
                0x00006f12       0x10 c:/program files (x86)/atmel/studio/7.0/toolchain/avr8/avr8-gnu-toolchain/bin/../lib/gcc/avr/5.4.0/../../../../avr/lib/avr51\libc.a(isspace.o)
                0x00006f12                isspace
 .text.avr-libc
                0x00006f22       0x12 c:/program files (x86)/atmel/studio/7.0/toolchain/avr8/avr8-gnu-toolchain/bin/../lib/gcc/avr/5.4.0/../../../../avr/lib/avr51\libc.a(memcpy_P.o)
                0x00006f22                memcpy_P
 .text.avr-libc
                0x00006f34       0x12 c:/program files (x86)/atmel/studio/7.0/toolchain/avr8/avr8-gnu-toolchain/bin/../lib/gcc/avr/5.4.0/../../../../avr/lib/avr51\libc.a(memcpy.o)
                0x00006f34                memcpy
 .text.avr-libc
                0x00006f46       0x12 c:/program files (x86)/atmel/studio/7.0/toolchain/avr8/avr8-gnu-toolchain/bin/../lib/gcc/avr/5.4.0/../../../../avr/lib/avr51\libc.a(strcmp.o)
                0x00006f46                strcmp
 .text.avr-libc
                0x00006f58        0xe c:/program files (x86)/atmel/studio/7.0/toolchain/avr8/avr8-gnu-toolchain/bin/../lib/gcc/avr/5.4.0/../../../../avr/lib/avr51\libc.a(strcpy.o)
                0x00006f58                strcpy
 .text.avr-libc
                0x00006f66       0x1c c:/program files (x86)/atmel/studio/7.0/toolchain/avr8/avr8-gnu-toolchain/bin/../lib/gcc/avr/5.4.0/../../../../avr/lib/avr51\libc.a(strncmp.o)
                0x00006f66                strncmp
 .text.avr-libc
                0x00006f82       0x14 c:/program files (x86)/atmel/studio/7.0/toolchain/avr8/avr8-gnu-toolchain/bin/../lib/gcc/avr/5.4.0/../../../../avr/lib/avr51\libc.a(itoa_ncheck.o)
                0x00006f82                __itoa_ncheck
 .text.avr-libc
                0x00006f96       0x14 c:/program files (x86)/atmel/studio/7.0/toolchain/avr8/avr8-gnu-toolchain/bin/../lib/gcc/avr/5.4.0/../../../../avr/lib/avr51\libc.a(ultoa.o)
                0x00006f96                ultoa
                0x00006f96                __ultoa
 .text.avr-libc
                0x00006faa       0x42 c:/program files (x86)/atmel/studio/7.0/toolchain/avr8/avr8-gnu-toolchain/bin/../lib/gcc/avr/5.4.0/../../../../avr/lib/avr51\libc.a(ultoa_ncheck.o)
                0x00006faa                __ultoa_ncheck
                0x00006fac                __ultoa_common
 .text.avr-libc
                0x00006fec       0x14 c:/program files (x86)/atmel/studio/7.0/toolchain/avr8/avr8-gnu-toolchain/bin/../lib/gcc/avr/5.4.0/../../../../avr/lib/avr51\libc.a(utoa.o)
                0x00006fec                __utoa
                0x00006fec                utoa
 .text.avr-libc
                0x00007000       0x32 c:/program files (x86)/atmel/studio/7.0/toolchain/avr8/avr8-gnu-toolchain/bin/../lib/gcc/avr/5.4.0/../../../../avr/lib/avr51\libc.a(utoa_ncheck.o)
                0x00007000                __utoa_ncheck
                0x00007002                __utoa_common
 .text.avr-libc
                0x00007032      0x2ec c:/program files (x86)/atmel/studio/7.0/toolchain/avr8/avr8-gnu-toolchain/bin/../lib/gcc/avr/5.4.0/../../../../avr/lib/avr51\libc.a(dtoa_prf.o)
                0x00007032                dtoa_prf
 .text.avr-libc
                0x0000731e      0x1b0 c:/program files (x86)/atmel/studio/7.0/toolchain/avr8/avr8-gnu-toolchain/bin/../lib/gcc/avr/5.4.0/../../../../avr/lib/avr51\libc.a(ftoa_engine.o)
                0x0000731e                __ftoa_engine
 .text.avr-libc
                0x000074ce        0x6 c:/program files (x86)/atmel/studio/7.0/toolchain/avr8/avr8-gnu-toolchain/bin/../lib/gcc/avr/5.4.0/../../../../avr/lib/avr51\libc.a(cty_isfalse.o)
                0x000074ce                __ctype_isfalse
                0x000074d2                __ctype_istrue
 .text.avr-libc
                0x000074d4       0x20 c:/program files (x86)/atmel/studio/7.0/toolchain/avr8/avr8-gnu-toolchain/bin/../lib/gcc/avr/5.4.0/../../../../avr/lib/avr51\libc.a(strrev.o)
                0x000074d4                strrev
                0x000074f4                . = ALIGN (0x2)
 *(.fini9)
 .fini9         0x000074f4        0x0 c:/program files (x86)/atmel/studio/7.0/toolchain/avr8/avr8-gnu-toolchain/bin/../lib/gcc/avr/5.4.0/avr51\libgcc.a(_exit.o)
                0x000074f4                _exit
                0x000074f4                exit
 *(.fini9)
 *(.fini8)
 *(.fini8)
 *(.fini7)
 *(.fini7)
 *(.fini6)
 .fini6         0x000074f4       0x14 c:/program files (x86)/atmel/studio/7.0/toolchain/avr8/avr8-gnu-toolchain/bin/../lib/gcc/avr/5.4.0/avr51\libgcc.a(_dtors.o)
                0x000074f4                __do_global_dtors
 *(.fini6)
 *(.fini5)
 *(.fini5)
 *(.fini4)
 *(.fini4)
 *(.fini3)
 *(.fini3)
 *(.fini2)
 *(.fini2)
 *(.fini1)
 *(.fini1)
 *(.fini0)
 .fini0         0x00007508        0x4 c:/program files (x86)/atmel/studio/7.0/toolchain/avr8/avr8-gnu-toolchain/bin/../lib/gcc/avr/5.4.0/avr51\libgcc.a(_exit.o)
 *(.fini0)
                0x0000750c                _etext = .

.data           0x00800100      0x79e load address 0x0000750c
                0x00800100                PROVIDE (__data_start, .)
 *(.data)
 .data          0x00800100        0x6 c:/program files (x86)/atmel/studio/7.0/toolchain/avr8/avr8-gnu-toolchain/bin/../lib/gcc/avr/5.4.0/../../../../avr/lib/avr51\libc.a(malloc.o)
                0x00800100                __malloc_heap_end
                0x00800102                __malloc_heap_start
                0x00800104                __malloc_margin
 *(.data*)
 .data.MappaKeys
                0x00800106       0x10 Sketch.o
                0x00800106                MappaKeys
 .data.TmaxSalvataggio
                0x00800116        0x4 Sketch.o
                0x00800116                TmaxSalvataggio
 .data.TmaxInviodati
                0x0080011a        0x4 Sketch.o
                0x0080011a                TmaxInviodati
 .data.TselDistributore
                0x0080011e        0x4 Sketch.o
                0x0080011e                TselDistributore
 .data.TinputTarga
                0x00800122        0x4 Sketch.o
                0x00800122                TinputTarga
 .data.mac      0x00800126        0x6 Sketch.o
                0x00800126                mac
 .data.serverREST
                0x0080012c       0x17 Sketch.o
                0x0080012c                serverREST
 .data.serverATE
                0x00800143       0x16 Sketch.o
                0x00800143                serverATE
 .data.ImpulsiLitro
                0x00800159        0x2 Sketch.o
                0x00800159                ImpulsiLitro
 .data.HTTP_len_response
                0x0080015b        0x2 Sketch.o
                0x0080015b                HTTP_len_response
 .data.Clessidra
                0x0080015d        0x8 Sketch.o
                0x0080015d                Clessidra
 .data.pn532response_firmwarevers
                0x00800165        0x6 src/libraries/NFC-PN532/NFC_PN532.o
                0x00800165                pn532response_firmwarevers
 .data.pn532ack
                0x0080016b        0x6 src/libraries/NFC-PN532/NFC_PN532.o
                0x0080016b                pn532ack
 .data._ZN14EthernetClient8_srcportE
                0x00800171        0x2 src/libraries/Ethernet2/src/EthernetClient.o
                0x00800171                _ZN14EthernetClient8_srcportE
 *(.gnu.linkonce.d*)
 *(.rodata)
 .rodata        0x00800173        0x6 Sketch.o
 .rodata        0x00800179        0x8 src/libraries/LiquidCrystal/src/LCD.o
 *(.rodata*)
 .rodata.str1.1
                0x00800181      0x65c Sketch.o
                                0x660 (size before relaxing)
 .rodata.._11   0x008007dd       0x10 Sketch.o
 .rodata.str1.1
                0x008007ed        0x9 src/libraries/NFC-PN532/NFC_PN532.o
                                  0xc (size before relaxing)
 .rodata._ZTV14EthernetClient
                0x008007f6       0x22 src/libraries/Ethernet2/src/EthernetClient.o
                0x008007f6                _ZTV14EthernetClient
 .rodata._ZTV11EthernetUDP
                0x00800818       0x28 src/libraries/Ethernet2/src/EthernetUdp2.o
                0x00800818                _ZTV11EthernetUDP
 .rodata._ZTV3LCD
                0x00800840       0x14 src/libraries/LiquidCrystal/src/LCD.o
                0x00800840                _ZTV3LCD
 .rodata._ZTV17LiquidCrystal_I2C
                0x00800854       0x14 src/libraries/LiquidCrystal/src/LiquidCrystal_I2C.o
                0x00800854                _ZTV17LiquidCrystal_I2C
 .rodata._ZTV7TwoWire
                0x00800868       0x12 src/libraries/Wire/src/Wire.o
                0x00800868                _ZTV7TwoWire
 .rodata._ZTV9IPAddress
                0x0080087a        0x6 C:\VVFCloud\ProgettiVVF\FuelControl\Firmware\repo\fwCCEC\TuinoDemo\ArduinoCore\Debug\libArduinoCore.a(IPAddress.o)
                0x0080087a                _ZTV9IPAddress
 .rodata.str1.1
                0x00800880        0xc C:\VVFCloud\ProgettiVVF\FuelControl\Firmware\repo\fwCCEC\TuinoDemo\ArduinoCore\Debug\libArduinoCore.a(Print.o)
                                  0xf (size before relaxing)
 .rodata.str1.1
                0x0080088c        0x1 C:\VVFCloud\ProgettiVVF\FuelControl\Firmware\repo\fwCCEC\TuinoDemo\ArduinoCore\Debug\libArduinoCore.a(WString.o)
 .rodata._ZTV14HardwareSerial
                0x0080088c       0x12 C:\VVFCloud\ProgettiVVF\FuelControl\Firmware\repo\fwCCEC\TuinoDemo\ArduinoCore\Debug\libArduinoCore.a(HardwareSerial.o)
                0x0080088c                _ZTV14HardwareSerial
 *(.gnu.linkonce.r*)
                0x0080089e                . = ALIGN (0x2)
                0x0080089e                _edata = .
                0x0080089e                PROVIDE (__data_end, .)

.bss            0x0080089e      0x308
                0x0080089e                PROVIDE (__bss_start, .)
 *(.bss)
 *(.bss*)
 .bss.gpio      0x0080089e        0x3 Sketch.o
                0x0080089e                gpio
 .bss.TARGA     0x008008a1        0x6 Sketch.o
                0x008008a1                TARGA
 .bss.nowTimer  0x008008a7        0x6 Sketch.o
                0x008008a7                nowTimer
 .bss.Timer     0x008008ad        0x4 Sketch.o
                0x008008ad                Timer
 .bss.UltimoPassaggioStato
                0x008008b1        0x4 Sketch.o
                0x008008b1                UltimoPassaggioStato
 .bss.secs      0x008008b5        0x4 Sketch.o
                0x008008b5                secs
 .bss.DS3231M   0x008008b9        0xc Sketch.o
                0x008008b9                DS3231M
 .bss.clientATE
                0x008008c5        0xd Sketch.o
                0x008008c5                clientATE
 .bss.clientLOCAL
                0x008008d2        0xd Sketch.o
                0x008008d2                clientLOCAL
 .bss.subnet    0x008008df        0x6 Sketch.o
                0x008008df                subnet
 .bss.gateway   0x008008e5        0x6 Sketch.o
                0x008008e5                gateway
 .bss.myDns     0x008008eb        0x6 Sketch.o
                0x008008eb                myDns
 .bss.ipCCEC    0x008008f1        0x6 Sketch.o
                0x008008f1                ipCCEC
 .bss.righeDisplay
                0x008008f7       0x18 Sketch.o
                0x008008f7                righeDisplay
 .bss.Messaggio
                0x0080090f        0x6 Sketch.o
                0x0080090f                Messaggio
 .bss.Risposta  0x00800915        0x6 Sketch.o
                0x00800915                Risposta
 .bss.Carburante
                0x0080091b        0x6 Sketch.o
                0x0080091b                Carburante
 .bss.RaccoltaDati
                0x00800921       0x24 Sketch.o
                0x00800921                RaccoltaDati
 .bss.RispostaHTTP
                0x00800945        0x6 Sketch.o
                0x00800945                RispostaHTTP
 .bss.impulsi   0x0080094b        0x2 Sketch.o
                0x0080094b                impulsi
 .bss.stato_procedura
                0x0080094d        0x2 Sketch.o
                0x0080094d                stato_procedura
 .bss.Connected
                0x0080094f        0x2 Sketch.o
                0x0080094f                Connected
 .bss.strURLAPI
                0x00800951        0x6 Sketch.o
                0x00800951                strURLAPI
 .bss.StatoAttuale
                0x00800957        0x6 Sketch.o
                0x00800957                StatoAttuale
 .bss.nfc       0x0080095d       0x17 Sketch.o
                0x0080095d                nfc
 .bss.lcd       0x00800974       0x18 Sketch.o
                0x00800974                lcd
 .bss.alreadyTimbrata
                0x0080098c        0x1 Sketch.o
                0x0080098c                alreadyTimbrata
 .bss.uidMezzo  0x0080098d        0x7 Sketch.o
                0x0080098d                uidMezzo
 .bss.uidLength
                0x00800994        0x1 Sketch.o
                0x00800994                uidLength
 .bss.success   0x00800995        0x1 Sketch.o
                0x00800995                success
 .bss.mezzo     0x00800996        0xd Sketch.o
                0x00800996                mezzo
 .bss.intConsecutiveNonPresses
                0x008009a3        0x2 Sketch.o
                0x008009a3                intConsecutiveNonPresses
 .bss.intConsecutivePresses
                0x008009a5        0x2 Sketch.o
                0x008009a5                intConsecutivePresses
 .bss._ZL11INADDR_NONE
                0x008009a7        0x6 Sketch.o
 .bss.pn532_packetbuffer
                0x008009ad       0x40 src/libraries/NFC-PN532/NFC_PN532.o
                0x008009ad                pn532_packetbuffer
 .bss._ZL11INADDR_NONE
                0x008009ed        0x6 src/libraries/Ethernet2/src/Dhcp.o
 .bss._ZL11INADDR_NONE
                0x008009f3        0x6 src/libraries/Ethernet2/src/Dns.o
 .bss.Ethernet  0x008009f9        0xd src/libraries/Ethernet2/src/Ethernet2.o
                0x008009f9                Ethernet
 .bss._ZN13EthernetClass12_server_portE
                0x00800a06       0x10 src/libraries/Ethernet2/src/Ethernet2.o
                0x00800a06                _ZN13EthernetClass12_server_portE
 .bss._ZL11INADDR_NONE
                0x00800a16        0x6 src/libraries/Ethernet2/src/Ethernet2.o
 .bss._ZL11INADDR_NONE
                0x00800a1c        0x6 src/libraries/Ethernet2/src/EthernetClient.o
 .bss._ZL11INADDR_NONE
                0x00800a22        0x6 src/libraries/Ethernet2/src/EthernetServer.o
 .bss._ZL11INADDR_NONE
                0x00800a28        0x6 src/libraries/Ethernet2/src/EthernetUdp2.o
 .bss._ZL10local_port
                0x00800a2e        0x2 src/libraries/Ethernet2/src/utility/socket.o
 .bss.SPI_CS    0x00800a30        0x1 src/libraries/Ethernet2/src/utility/w5500.o
                0x00800a30                SPI_CS
 .bss.wiznet_SPI_settings
                0x00800a31        0x2 src/libraries/Ethernet2/src/utility/w5500.o
                0x00800a31                wiznet_SPI_settings
 .bss.w5500     0x00800a33        0x1 src/libraries/Ethernet2/src/utility/w5500.o
                0x00800a33                w5500
 .bss._ZN8SPIClass13interruptSaveE
                0x00800a34        0x1 src/libraries/SPI/src/SPI.o
                0x00800a34                _ZN8SPIClass13interruptSaveE
 .bss._ZN8SPIClass13interruptMaskE
                0x00800a35        0x1 src/libraries/SPI/src/SPI.o
                0x00800a35                _ZN8SPIClass13interruptMaskE
 .bss._ZN8SPIClass13interruptModeE
                0x00800a36        0x1 src/libraries/SPI/src/SPI.o
                0x00800a36                _ZN8SPIClass13interruptModeE
 .bss._ZN8SPIClass11initializedE
                0x00800a37        0x1 src/libraries/SPI/src/SPI.o
                0x00800a37                _ZN8SPIClass11initializedE
 .bss.twi_error
                0x00800a38        0x1 src/libraries/Wire/src/utility/twi.o
 .bss.twi_rxBufferIndex
                0x00800a39        0x1 src/libraries/Wire/src/utility/twi.o
 .bss.twi_rxBuffer
                0x00800a3a       0x20 src/libraries/Wire/src/utility/twi.o
 .bss.twi_txBufferLength
                0x00800a5a        0x1 src/libraries/Wire/src/utility/twi.o
 .bss.twi_txBufferIndex
                0x00800a5b        0x1 src/libraries/Wire/src/utility/twi.o
 .bss.twi_txBuffer
                0x00800a5c       0x20 src/libraries/Wire/src/utility/twi.o
 .bss.twi_masterBufferLength
                0x00800a7c        0x1 src/libraries/Wire/src/utility/twi.o
 .bss.twi_masterBufferIndex
                0x00800a7d        0x1 src/libraries/Wire/src/utility/twi.o
 .bss.twi_masterBuffer
                0x00800a7e       0x20 src/libraries/Wire/src/utility/twi.o
 .bss.twi_onSlaveReceive
                0x00800a9e        0x2 src/libraries/Wire/src/utility/twi.o
 .bss.twi_onSlaveTransmit
                0x00800aa0        0x2 src/libraries/Wire/src/utility/twi.o
 .bss.twi_inRepStart
                0x00800aa2        0x1 src/libraries/Wire/src/utility/twi.o
 .bss.twi_sendStop
                0x00800aa3        0x1 src/libraries/Wire/src/utility/twi.o
 .bss.twi_slarw
                0x00800aa4        0x1 src/libraries/Wire/src/utility/twi.o
 .bss.twi_state
                0x00800aa5        0x1 src/libraries/Wire/src/utility/twi.o
 .bss.Wire      0x00800aa6        0xc src/libraries/Wire/src/Wire.o
                0x00800aa6                Wire
 .bss._ZN7TwoWire14user_onReceiveE
                0x00800ab2        0x2 src/libraries/Wire/src/Wire.o
                0x00800ab2                _ZN7TwoWire14user_onReceiveE
 .bss._ZN7TwoWire14user_onRequestE
                0x00800ab4        0x2 src/libraries/Wire/src/Wire.o
                0x00800ab4                _ZN7TwoWire14user_onRequestE
 .bss._ZN7TwoWire12transmittingE
                0x00800ab6        0x1 src/libraries/Wire/src/Wire.o
                0x00800ab6                _ZN7TwoWire12transmittingE
 .bss._ZN7TwoWire14txBufferLengthE
                0x00800ab7        0x1 src/libraries/Wire/src/Wire.o
                0x00800ab7                _ZN7TwoWire14txBufferLengthE
 .bss._ZN7TwoWire13txBufferIndexE
                0x00800ab8        0x1 src/libraries/Wire/src/Wire.o
                0x00800ab8                _ZN7TwoWire13txBufferIndexE
 .bss._ZN7TwoWire8txBufferE
                0x00800ab9       0x20 src/libraries/Wire/src/Wire.o
                0x00800ab9                _ZN7TwoWire8txBufferE
 .bss._ZN7TwoWire9txAddressE
                0x00800ad9        0x1 src/libraries/Wire/src/Wire.o
                0x00800ad9                _ZN7TwoWire9txAddressE
 .bss._ZN7TwoWire14rxBufferLengthE
                0x00800ada        0x1 src/libraries/Wire/src/Wire.o
                0x00800ada                _ZN7TwoWire14rxBufferLengthE
 .bss._ZN7TwoWire13rxBufferIndexE
                0x00800adb        0x1 src/libraries/Wire/src/Wire.o
                0x00800adb                _ZN7TwoWire13rxBufferIndexE
 .bss._ZN7TwoWire8rxBufferE
                0x00800adc       0x20 src/libraries/Wire/src/Wire.o
                0x00800adc                _ZN7TwoWire8rxBufferE
 .bss.Serial    0x00800afc       0x9d C:\VVFCloud\ProgettiVVF\FuelControl\Firmware\repo\fwCCEC\TuinoDemo\ArduinoCore\Debug\libArduinoCore.a(HardwareSerial0.o)
                0x00800afc                Serial
 .bss.timer0_fract
                0x00800b99        0x1 C:\VVFCloud\ProgettiVVF\FuelControl\Firmware\repo\fwCCEC\TuinoDemo\ArduinoCore\Debug\libArduinoCore.a(wiring.o)
 .bss.timer0_millis
                0x00800b9a        0x4 C:\VVFCloud\ProgettiVVF\FuelControl\Firmware\repo\fwCCEC\TuinoDemo\ArduinoCore\Debug\libArduinoCore.a(wiring.o)
                0x00800b9a                timer0_millis
 .bss.timer0_overflow_count
                0x00800b9e        0x4 C:\VVFCloud\ProgettiVVF\FuelControl\Firmware\repo\fwCCEC\TuinoDemo\ArduinoCore\Debug\libArduinoCore.a(wiring.o)
                0x00800b9e                timer0_overflow_count
 *(COMMON)
 COMMON         0x00800ba2        0x4 c:/program files (x86)/atmel/studio/7.0/toolchain/avr8/avr8-gnu-toolchain/bin/../lib/gcc/avr/5.4.0/../../../../avr/lib/avr51\libc.a(malloc.o)
                0x00800ba2                __brkval
                0x00800ba4                __flp
                0x00800ba6                PROVIDE (__bss_end, .)
                0x0000750c                __data_load_start = LOADADDR (.data)
                0x00007caa                __data_load_end = (__data_load_start + SIZEOF (.data))

.noinit         0x00800ba6        0x0
                [!provide]                PROVIDE (__noinit_start, .)
 *(.noinit*)
                [!provide]                PROVIDE (__noinit_end, .)
                0x00800ba6                _end = .
                0x00800ba6                PROVIDE (__heap_start, .)

.eeprom         0x00810000        0x0
 *(.eeprom*)
                0x00810000                __eeprom_end = .

.fuse
 *(.fuse)
 *(.lfuse)
 *(.hfuse)
 *(.efuse)

.lock
 *(.lock*)

.signature
 *(.signature*)

.user_signatures
 *(.user_signatures*)

.stab
 *(.stab)

.stabstr
 *(.stabstr)

.stab.excl
 *(.stab.excl)

.stab.exclstr
 *(.stab.exclstr)

.stab.index
 *(.stab.index)

.stab.indexstr
 *(.stab.indexstr)

.comment        0x00000000       0x30
 *(.comment)
 .comment       0x00000000       0x30 Sketch.o