Archive member included to satisfy reference by file (symbol)

c:/program files (x86)/atmel/studio/7.0/toolchain/avr8/avr8-gnu-toolchain/bin/../lib/gcc/avr/5.4.0/../../../../avr/lib/avr51\libm.a(cmpsf2.o)
                              Sketch.o (__ltsf2)
c:/program files (x86)/atmel/studio/7.0/toolchain/avr8/avr8-gnu-toolchain/bin/../lib/gcc/avr/5.4.0/../../../../avr/lib/avr51\libm.a(divsf3.o)
                              Sketch.o (__divsf3)
c:/program files (x86)/atmel/studio/7.0/toolchain/avr8/avr8-gnu-toolchain/bin/../lib/gcc/avr/5.4.0/../../../../avr/lib/avr51\libm.a(divsf3x.o)
                              c:/program files (x86)/atmel/studio/7.0/toolchain/avr8/avr8-gnu-toolchain/bin/../lib/gcc/avr/5.4.0/../../../../avr/lib/avr51\libm.a(divsf3.o) (__divsf3x)
c:/program files (x86)/atmel/studio/7.0/toolchain/avr8/avr8-gnu-toolchain/bin/../lib/gcc/avr/5.4.0/../../../../avr/lib/avr51\libm.a(fixsfsi.o)
                              Sketch.o (__fixsfsi)
c:/program files (x86)/atmel/studio/7.0/toolchain/avr8/avr8-gnu-toolchain/bin/../lib/gcc/avr/5.4.0/../../../../avr/lib/avr51\libm.a(fixunssfsi.o)
                              c:/program files (x86)/atmel/studio/7.0/toolchain/avr8/avr8-gnu-toolchain/bin/../lib/gcc/avr/5.4.0/../../../../avr/lib/avr51\libm.a(fixsfsi.o) (__fixunssfsi)
c:/program files (x86)/atmel/studio/7.0/toolchain/avr8/avr8-gnu-toolchain/bin/../lib/gcc/avr/5.4.0/../../../../avr/lib/avr51\libm.a(floatsisf.o)
                              Sketch.o (__floatsisf)
c:/program files (x86)/atmel/studio/7.0/toolchain/avr8/avr8-gnu-toolchain/bin/../lib/gcc/avr/5.4.0/../../../../avr/lib/avr51\libm.a(fp_cmp.o)
                              c:/program files (x86)/atmel/studio/7.0/toolchain/avr8/avr8-gnu-toolchain/bin/../lib/gcc/avr/5.4.0/../../../../avr/lib/avr51\libm.a(cmpsf2.o) (__fp_cmp)
c:/program files (x86)/atmel/studio/7.0/toolchain/avr8/avr8-gnu-toolchain/bin/../lib/gcc/avr/5.4.0/../../../../avr/lib/avr51\libm.a(fp_inf.o)
                              c:/program files (x86)/atmel/studio/7.0/toolchain/avr8/avr8-gnu-toolchain/bin/../lib/gcc/avr/5.4.0/../../../../avr/lib/avr51\libm.a(divsf3x.o) (__fp_inf)
c:/program files (x86)/atmel/studio/7.0/toolchain/avr8/avr8-gnu-toolchain/bin/../lib/gcc/avr/5.4.0/../../../../avr/lib/avr51\libm.a(fp_nan.o)
                              c:/program files (x86)/atmel/studio/7.0/toolchain/avr8/avr8-gnu-toolchain/bin/../lib/gcc/avr/5.4.0/../../../../avr/lib/avr51\libm.a(divsf3x.o) (__fp_nan)
c:/program files (x86)/atmel/studio/7.0/toolchain/avr8/avr8-gnu-toolchain/bin/../lib/gcc/avr/5.4.0/../../../../avr/lib/avr51\libm.a(fp_pscA.o)
                              c:/program files (x86)/atmel/studio/7.0/toolchain/avr8/avr8-gnu-toolchain/bin/../lib/gcc/avr/5.4.0/../../../../avr/lib/avr51\libm.a(divsf3x.o) (__fp_pscA)
c:/program files (x86)/atmel/studio/7.0/toolchain/avr8/avr8-gnu-toolchain/bin/../lib/gcc/avr/5.4.0/../../../../avr/lib/avr51\libm.a(fp_pscB.o)
                              c:/program files (x86)/atmel/studio/7.0/toolchain/avr8/avr8-gnu-toolchain/bin/../lib/gcc/avr/5.4.0/../../../../avr/lib/avr51\libm.a(divsf3x.o) (__fp_pscB)
c:/program files (x86)/atmel/studio/7.0/toolchain/avr8/avr8-gnu-toolchain/bin/../lib/gcc/avr/5.4.0/../../../../avr/lib/avr51\libm.a(fp_round.o)
                              c:/program files (x86)/atmel/studio/7.0/toolchain/avr8/avr8-gnu-toolchain/bin/../lib/gcc/avr/5.4.0/../../../../avr/lib/avr51\libm.a(divsf3.o) (__fp_round)
c:/program files (x86)/atmel/studio/7.0/toolchain/avr8/avr8-gnu-toolchain/bin/../lib/gcc/avr/5.4.0/../../../../avr/lib/avr51\libm.a(fp_split3.o)
                              c:/program files (x86)/atmel/studio/7.0/toolchain/avr8/avr8-gnu-toolchain/bin/../lib/gcc/avr/5.4.0/../../../../avr/lib/avr51\libm.a(divsf3x.o) (__fp_split3)
c:/program files (x86)/atmel/studio/7.0/toolchain/avr8/avr8-gnu-toolchain/bin/../lib/gcc/avr/5.4.0/../../../../avr/lib/avr51\libm.a(fp_zero.o)
                              c:/program files (x86)/atmel/studio/7.0/toolchain/avr8/avr8-gnu-toolchain/bin/../lib/gcc/avr/5.4.0/../../../../avr/lib/avr51\libm.a(fixunssfsi.o) (__fp_zero)
C:\Users\utente\Desktop\CCEC\NOVARA\fw\fwCCEC\TuinoDemo\ArduinoCore\Debug\libArduinoCore.a(abi.o)
                              src/libraries/LiquidCrystal/src/LCD.o (__cxa_pure_virtual)
C:\Users\utente\Desktop\CCEC\NOVARA\fw\fwCCEC\TuinoDemo\ArduinoCore\Debug\libArduinoCore.a(HardwareSerial0.o)
                              Sketch.o (Serial)
C:\Users\utente\Desktop\CCEC\NOVARA\fw\fwCCEC\TuinoDemo\ArduinoCore\Debug\libArduinoCore.a(IPAddress.o)
                              Sketch.o (_ZTV9IPAddress)
C:\Users\utente\Desktop\CCEC\NOVARA\fw\fwCCEC\TuinoDemo\ArduinoCore\Debug\libArduinoCore.a(main.o)
                              C:/Program Files (x86)/Atmel/Studio/7.0/Packs/atmel/ATmega_DFP/1.2.209/gcc/dev/atmega1284p/avr51/crtatmega1284p.o (main)
C:\Users\utente\Desktop\CCEC\NOVARA\fw\fwCCEC\TuinoDemo\ArduinoCore\Debug\libArduinoCore.a(new.o)
[...]
Memory Configuration

Name             Origin             Length             Attributes
text             0x00000000         0x00020000         xr
data             0x00800100         0x0000ff00         rw !x
eeprom           0x00810000         0x00010000         rw !x
fuse             0x00820000         0x00000003         rw !x
lock             0x00830000         0x00000400         rw !x
signature        0x00840000         0x00000400         rw !x
user_signatures  0x00850000         0x00000400         rw !x
*default*        0x00000000         0xffffffff

Linker script and memory map

Address of section .data set to 0x800100
LOAD C:/Program Files (x86)/Atmel/Studio/7.0/Packs/atmel/ATmega_DFP/1.2.209/gcc/dev/atmega1284p/avr51/crtatmega1284p.o
LOAD Sketch.o
LOAD src/libraries/Keypad/src/PCA9534.o
LOAD src/libraries/NFC-PN532/NFC_PN532.o
LOAD src/libraries/DS3231M/src/DS3231M.o
LOAD src/libraries/Ethernet2/src/Dhcp.o
LOAD src/libraries/Ethernet2/src/Dns.o
LOAD src/libraries/Ethernet2/src/Ethernet2.o
LOAD src/libraries/Ethernet2/src/EthernetClient.o
LOAD src/libraries/Ethernet2/src/EthernetServer.o
LOAD src/libraries/Ethernet2/src/EthernetUdp2.o
LOAD src/libraries/Ethernet2/src/utility/socket.o
LOAD src/libraries/Ethernet2/src/utility/w5500.o
LOAD src/libraries/Keypad/src/Key.o
LOAD src/libraries/Keypad/src/Keypad.o
LOAD src/libraries/LiquidCrystal/src/I2CIO.o
LOAD src/libraries/LiquidCrystal/src/LCD.o
LOAD src/libraries/LiquidCrystal/src/LiquidCrystal.o
LOAD src/libraries/LiquidCrystal/src/LiquidCrystal_I2C.o
LOAD src/libraries/SPI/src/SPI.o
LOAD src/libraries/Wire/src/utility/twi.o
LOAD src/libraries/Wire/src/Wire.o
START GROUP
LOAD c:/program files (x86)/atmel/studio/7.0/toolchain/avr8/avr8-gnu-toolchain/bin/../lib/gcc/avr/5.4.0/../../../../avr/lib/avr51\libm.a
LOAD C:\Users\utente\Desktop\CCEC\NOVARA\fw\fwCCEC\TuinoDemo\ArduinoCore\Debug\libArduinoCore.a
END GROUP
LOAD c:/program files (x86)/atmel/studio/7.0/toolchain/avr8/avr8-gnu-toolchain/bin/../lib/gcc/avr/5.4.0/avr51\libgcc.a
LOAD c:/program files (x86)/atmel/studio/7.0/toolchain/avr8/avr8-gnu-toolchain/bin/../lib/gcc/avr/5.4.0/../../../../avr/lib/avr51\libm.a
START GROUP
LOAD c:/program files (x86)/atmel/studio/7.0/toolchain/avr8/avr8-gnu-toolchain/bin/../lib/gcc/avr/5.4.0/avr51\libgcc.a
LOAD c:/program files (x86)/atmel/studio/7.0/toolchain/avr8/avr8-gnu-toolchain/bin/../lib/gcc/avr/5.4.0/../../../../avr/lib/avr51\libm.a
LOAD c:/program files (x86)/atmel/studio/7.0/toolchain/avr8/avr8-gnu-toolchain/bin/../lib/gcc/avr/5.4.0/../../../../avr/lib/avr51\libc.a
LOAD C:/Program Files (x86)/Atmel/Studio/7.0/Packs/atmel/ATmega_DFP/1.2.209/gcc/dev/atmega1284p/avr51\libatmega1284p.a
END GROUP
                0x00000000                __TEXT_REGION_ORIGIN__ = DEFINED (__TEXT_REGION_ORIGIN__)?__TEXT_REGION_ORIGIN__:0x0
                0x00800100                __DATA_REGION_ORIGIN__ = DEFINED (__DATA_REGION_ORIGIN__)?__DATA_REGION_ORIGIN__:0x800100
                0x00020000                __TEXT_REGION_LENGTH__ = DEFINED (__TEXT_REGION_LENGTH__)?__TEXT_REGION_LENGTH__:0x20000
                0x0000ff00                __DATA_REGION_LENGTH__ = DEFINED (__DATA_REGION_LENGTH__)?__DATA_REGION_LENGTH__:0xff00
                0x00010000                __EEPROM_REGION_LENGTH__ = DEFINED (__EEPROM_REGION_LENGTH__)?__EEPROM_REGION_LENGTH__:0x10000
                [0x00000003]                __FUSE_REGION_LENGTH__ = DEFINED (__FUSE_REGION_LENGTH__)?__FUSE_REGION_LENGTH__:0x400
                0x00000400                __LOCK_REGION_LENGTH__ = DEFINED (__LOCK_REGION_LENGTH__)?__LOCK_REGION_LENGTH__:0x400
                0x00000400                __SIGNATURE_REGION_LENGTH__ = DEFINED (__SIGNATURE_REGION_LENGTH__)?__SIGNATURE_REGION_LENGTH__:0x400
                0x00000400                __USER_SIGNATURE_REGION_LENGTH__ = DEFINED (__USER_SIGNATURE_REGION_LENGTH__)?__USER_SIGNATURE_REGION_LENGTH__:0x400

.hash
 *(.hash)

.dynsym
 *(.dynsym)

.dynstr
 *(.dynstr)

.gnu.version
 *(.gnu.version)

.gnu.version_d
 *(.gnu.version_d)

.gnu.version_r
 *(.gnu.version_r)

.rel.init
 *(.rel.init)

.rela.init
 *(.rela.init)

.rel.text
 *(.rel.text)
 *(.rel.text.*)
 *(.rel.gnu.linkonce.t*)

.rela.text
 *(.rela.text)
 *(.rela.text.*)
 *(.rela.gnu.linkonce.t*)

.rel.fini
 *(.rel.fini)

.rela.fini
 *(.rela.fini)

.rel.rodata
 *(.rel.rodata)
 *(.rel.rodata.*)
 *(.rel.gnu.linkonce.r*)

.rela.rodata
 *(.rela.rodata)
 *(.rela.rodata.*)
 *(.rela.gnu.linkonce.r*)

.rel.data
 *(.rel.data)
 *(.rel.data.*)
 *(.rel.gnu.linkonce.d*)

.rela.data
 *(.rela.data)
 *(.rela.data.*)
 *(.rela.gnu.linkonce.d*)

.rel.ctors
 *(.rel.ctors)

.rela.ctors
 *(.rela.ctors)

.rel.dtors
 *(.rel.dtors)

.rela.dtors
 *(.rela.dtors)

.rel.got
 *(.rel.got)

.rela.got
 *(.rela.got)

.rel.bss
 *(.rel.bss)

.rela.bss
 *(.rela.bss)

.rel.plt
 *(.rel.plt)

.rela.plt
 *(.rela.plt)

.text           0x00000000     0x8b66
 *(.vectors)
 .vectors       0x00000000       0x8c C:/Program Files (x86)/Atmel/Studio/7.0/Packs/atmel/ATmega_DFP/1.2.209/gcc/dev/atmega1284p/avr51/crtatmega1284p.o
                0x00000000                __vector_default
                0x00000000                __vectors
 *(.vectors)
 *(.progmem.gcc*)
 .progmem.gcc_sw_table.loop
                0x0000008c       0x1a Sketch.o
 .progmem.gcc_sw_table._ZN8DateTimeC2EPK19__FlashStringHelperS2_
                0x000000a6       0x26 src/libraries/DS3231M/src/DS3231M.o
                0x000000cc                . = ALIGN (0x2)
                0x000000cc                __trampolines_start = .
 *(.trampolines)
 .trampolines   0x000000cc        0x0 linker stubs
 *(.trampolines*)
                0x000000cc                __trampolines_end = .
 *libprintf_flt.a:*(.progmem.data)
 *libc.a:*(.progmem.data)
 .progmem.data  0x000000cc       0xfa c:/program files (x86)/atmel/studio/7.0/toolchain/avr8/avr8-gnu-toolchain/bin/../lib/gcc/avr/5.4.0/../../../../avr/lib/avr51\libc.a(ftoa_engine.o)
 *(.progmem*)
 .progmem.data._ZZ5setupE3__c_0
                0x000001c6       0x1e Sketch.o
 .progmem.data._ZZ5setupE3__c
                0x000001e4       0x2f Sketch.o
 .progmem.data._ZZN13DS3231M_Class6adjustEvE3__c
                0x00000213        0xc src/libraries/DS3231M/src/DS3231M.o
 .progmem.data._ZZN13DS3231M_Class6adjustEvE3__c_0
                0x0000021f        0x9 src/libraries/DS3231M/src/DS3231M.o
 .progmem.data._ZL11daysInMonth
                0x00000228        0xc src/libraries/DS3231M/src/DS3231M.o
 .progmem.data.digital_pin_to_timer_PGM
                0x00000234       0x20 C:\Users\utente\Desktop\CCEC\NOVARA\fw\fwCCEC\TuinoDemo\ArduinoCore\Debug\libArduinoCore.a(wiring_digital.o)
                0x00000234                digital_pin_to_timer_PGM
 .progmem.data.digital_pin_to_bit_mask_PGM
                0x00000254       0x20 C:\Users\utente\Desktop\CCEC\NOVARA\fw\fwCCEC\TuinoDemo\ArduinoCore\Debug\libArduinoCore.a(wiring_digital.o)
                0x00000254                digital_pin_to_bit_mask_PGM
 .progmem.data.digital_pin_to_port_PGM
                0x00000274       0x20 C:\Users\utente\Desktop\CCEC\NOVARA\fw\fwCCEC\TuinoDemo\ArduinoCore\Debug\libArduinoCore.a(wiring_digital.o)
                0x00000274                digital_pin_to_port_PGM
 .progmem.data.port_to_input_PGM
                0x00000294        0xa C:\Users\utente\Desktop\CCEC\NOVARA\fw\fwCCEC\TuinoDemo\ArduinoCore\Debug\libArduinoCore.a(wiring_digital.o)
                0x00000294                port_to_input_PGM
 .progmem.data.port_to_output_PGM
                0x0000029e        0xa C:\Users\utente\Desktop\CCEC\NOVARA\fw\fwCCEC\TuinoDemo\ArduinoCore\Debug\libArduinoCore.a(wiring_digital.o)
                0x0000029e                port_to_output_PGM
 .progmem.data.port_to_mode_PGM
                0x000002a8        0xa C:\Users\utente\Desktop\CCEC\NOVARA\fw\fwCCEC\TuinoDemo\ArduinoCore\Debug\libArduinoCore.a(wiring_digital.o)
                0x000002a8                port_to_mode_PGM
                0x000002b2                . = ALIGN (0x2)
 *(.jumptables)
 *(.jumptables*)
 *(.lowtext)
 *(.lowtext*)
                0x000002b2                __ctors_start = .
 *(.ctors)
 .ctors         0x000002b2        0x2 Sketch.o
 .ctors         0x000002b4        0x2 src/libraries/Ethernet2/src/Dhcp.o
 .ctors         0x000002b6        0x2 src/libraries/Ethernet2/src/Dns.o
 .ctors         0x000002b8        0x2 src/libraries/Ethernet2/src/Ethernet2.o
 .ctors         0x000002ba        0x2 src/libraries/Ethernet2/src/EthernetClient.o
 .ctors         0x000002bc        0x2 src/libraries/Ethernet2/src/EthernetServer.o
 .ctors         0x000002be        0x2 src/libraries/Ethernet2/src/EthernetUdp2.o
 .ctors         0x000002c0        0x2 src/libraries/Ethernet2/src/utility/w5500.o
 .ctors         0x000002c2        0x2 src/libraries/Wire/src/Wire.o
 .ctors         0x000002c4        0x2 C:\Users\utente\Desktop\CCEC\NOVARA\fw\fwCCEC\TuinoDemo\ArduinoCore\Debug\libArduinoCore.a(HardwareSerial0.o)
                0x000002c6                __ctors_end = .
                0x000002c6                __dtors_start = .
 *(.dtors)
 .dtors         0x000002c6        0x2 Sketch.o
                0x000002c8                __dtors_end = .
 SORT(*)(.ctors)
 SORT(*)(.dtors)
 *(.init0)
 .init0         0x000002c8        0x0 C:/Program Files (x86)/Atmel/Studio/7.0/Packs/atmel/ATmega_DFP/1.2.209/gcc/dev/atmega1284p/avr51/crtatmega1284p.o
                0x000002c8                __init
 *(.init0)
 *(.init1)
 *(.init1)
 *(.init2)
 .init2         0x000002c8        0xc C:/Program Files (x86)/Atmel/Studio/7.0/Packs/atmel/ATmega_DFP/1.2.209/gcc/dev/atmega1284p/avr51/crtatmega1284p.o
 *(.init2)
 *(.init3)
 *(.init3)
 *(.init4)
 .init4         0x000002d4       0x1a c:/program files (x86)/atmel/studio/7.0/toolchain/avr8/avr8-gnu-toolchain/bin/../lib/gcc/avr/5.4.0/avr51\libgcc.a(_copy_data.o)
                0x000002d4                __do_copy_data
 .init4         0x000002ee       0x10 c:/program files (x86)/atmel/studio/7.0/toolchain/avr8/avr8-gnu-toolchain/bin/../lib/gcc/avr/5.4.0/avr51\libgcc.a(_clear_bss.o)
                0x000002ee                __do_clear_bss
 *(.init4)
 *(.init5)
 *(.init5)
 *(.init6)
 .init6         0x000002fe       0x16 c:/program files (x86)/atmel/studio/7.0/toolchain/avr8/avr8-gnu-toolchain/bin/../lib/gcc/avr/5.4.0/avr51\libgcc.a(_ctors.o)
                0x000002fe                __do_global_ctors
 *(.init6)
 *(.init7)
 *(.init7)
 *(.init8)
 *(.init8)
 *(.init9)
 .init9         0x00000314        0x8 C:/Program Files (x86)/Atmel/Studio/7.0/Packs/atmel/ATmega_DFP/1.2.209/gcc/dev/atmega1284p/avr51/crtatmega1284p.o
 *(.init9)
 *(.text)
 .text          0x0000031c        0x2 C:/Program Files (x86)/Atmel/Studio/7.0/Packs/atmel/ATmega_DFP/1.2.209/gcc/dev/atmega1284p/avr51/crtatmega1284p.o
                0x0000031c                __vector_22
                0x0000031c                __vector_28
                0x0000031c                __vector_1
                0x0000031c                __vector_32
                0x0000031c                __vector_34
                0x0000031c                __vector_24
                0x0000031c                __vector_12
                0x0000031c                __bad_interrupt
                0x0000031c                __vector_6
                0x0000031c                __vector_31
                0x0000031c                __vector_3
                0x0000031c                __vector_23
                0x0000031c                __vector_30
                0x0000031c                __vector_25
                0x0000031c                __vector_11
                0x0000031c                __vector_13
                0x0000031c                __vector_17
                0x0000031c                __vector_27
                0x0000031c                __vector_5
                0x0000031c                __vector_33
                0x0000031c                __vector_9
                0x0000031c                __vector_2
                0x0000031c                __vector_21
                0x0000031c                __vector_15
                0x0000031c                __vector_29
                0x0000031c                __vector_8
                0x0000031c                __vector_14
                0x0000031c                __vector_10
                0x0000031c                __vector_20
                0x0000031e                . = ALIGN (0x2)
 *(.text.*)
 .text._ZN5Print17availableForWriteEv
                0x0000031e        0x6 Sketch.o
                0x0000031e                _ZN5Print17availableForWriteEv
 .text._ZN5Print5flushEv
                0x00000324        0x2 Sketch.o
                0x00000324                _ZN5Print5flushEv
 .text._ZL10enable_ETHv
                0x00000326        0x4 Sketch.o
 .text._ZL11disable_ETHv
                0x0000032a        0x4 Sketch.o
 .text._Z19InizializzaEthernetv
                0x0000032e       0xce Sketch.o
                0x0000032e                _Z19InizializzaEthernetv
 .text._Z11my_delay_msi
                0x000003fc       0x18 Sketch.o
                0x000003fc                _Z11my_delay_msi
 .text._Z9printLinev
                0x00000414       0x26 Sketch.o
                0x00000414                _Z9printLinev
 .text._Z8printTabh
                0x0000043a       0x22 Sketch.o
                0x0000043a                _Z8printTabh
 .text._Z4passb
                0x0000045c       0x30 Sketch.o
                0x0000045c                _Z4passb
 .text._Z11clearEEPROMii
                0x0000048c       0x6e Sketch.o
                0x0000048c                _Z11clearEEPROMii
 .text._Z6Buzzerhm
                0x000004fa       0x3c Sketch.o
                0x000004fa                _Z6Buzzerhm
 .text._Z13getCharKeypadi
                0x00000536      0x1cc Sketch.o
                0x00000536                _Z13getCharKeypadi
 .text._Z10displayLCDP6Stringii
                0x00000702       0x6a Sketch.o
                0x00000702                _Z10displayLCDP6Stringii
 .text._Z11avanzaStatom
                0x0000076c       0x82 Sketch.o
                0x0000076c                _Z11avanzaStatom
 .text._Z16scrivi_TAG_MezzoPc
                0x000007ee      0x1d6 Sketch.o
                0x000007ee                _Z16scrivi_TAG_MezzoPc
 .text._Z14leggiTAG_Mezzob
                0x000009c4      0x1c6 Sketch.o
                0x000009c4                _Z14leggiTAG_Mezzob
 .text._Z14GetCodeRfidATev
                0x00000b8a       0xcc Sketch.o
                0x00000b8a                _Z14GetCodeRfidATev
 .text._Z19GetHTTPResponseCode6String
                0x00000c56       0xd6 Sketch.o
                0x00000c56                _Z19GetHTTPResponseCode6String
 .text._Z11GetAteCheckiPc14EthernetClient6String
                0x00000d2c      0x2b4 Sketch.o
                0x00000d2c                _Z11GetAteCheckiPc14EthernetClient6String
 .text._Z17PostErogazioneGACiPc14EthernetClient6String
                0x00000fe0      0x2fa Sketch.o
                0x00000fe0                _Z17PostErogazioneGACiPc14EthernetClient6String
 .text._Z15abilitaPulsantiv
                0x000012da       0x14 Sketch.o
                0x000012da                _Z15abilitaPulsantiv
 .text._Z22abilitaContattiPistolav
                0x000012ee        0x6 Sketch.o
                0x000012ee                _Z22abilitaContattiPistolav
 .text._Z13abilitaPulserc
                0x000012f4       0x1c Sketch.o
                0x000012f4                _Z13abilitaPulserc
 .text._Z14impulsiToLitrii
                0x00001310       0x56 Sketch.o
                0x00001310                _Z14impulsiToLitrii
 .text._Z18Rele_Abilitazione1ii
                0x00001366       0x76 Sketch.o
                0x00001366                _Z18Rele_Abilitazione1ii
 .text._Z18Rele_Abilitazione2ii
                0x000013dc       0x88 Sketch.o
                0x000013dc                _Z18Rele_Abilitazione2ii
 .text._Z12Control_WIFIi
                0x00001464       0x26 Sketch.o
                0x00001464                _Z12Control_WIFIi
 .text._Z6Azzerav
                0x0000148a      0x160 Sketch.o
                0x0000148a                _Z6Azzerav
 .text._Z10inputTargac
                0x000015ea      0x214 Sketch.o
                0x000015ea                _Z10inputTargac
 .text._Z7inputKMc
                0x000017fe      0x1a8 Sketch.o
                0x000017fe                _Z7inputKMc
 .text._Z25read_eeprom_string_struct20ParametriCCEC_struct
                0x000019a6      0x120 Sketch.o
                0x000019a6                _Z25read_eeprom_string_struct20ParametriCCEC_struct
 .text._Z18read_eeprom_stringii
                0x00001ac6      0x16a Sketch.o
                0x00001ac6                _Z18read_eeprom_stringii
 .text._Z19write_eeprom_string6Stringii
                0x00001c30      0x15a Sketch.o
                0x00001c30                _Z19write_eeprom_string6Stringii
 .text._ZN20ParametriCCEC_structC2ERKS_
                0x00001d8a       0x32 Sketch.o
                0x00001d8a                _ZN20ParametriCCEC_structC2ERKS_
                0x00001d8a                _ZN20ParametriCCEC_structC1ERKS_
 .text._ZN20ParametriCCEC_structD2Ev
                0x00001dbc       0x16 Sketch.o
                0x00001dbc                _ZN20ParametriCCEC_structD1Ev
                0x00001dbc                _ZN20ParametriCCEC_structD2Ev
 .text._ZN14EthernetClientC2ERKS_
                0x00001dd2       0x48 Sketch.o
                0x00001dd2                _ZN14EthernetClientC1ERKS_
                0x00001dd2                _ZN14EthernetClientC2ERKS_
 .text.loop     0x00001e1a     0x1414 Sketch.o
                0x00001e1a                loop
 .text.__vector_4
                0x0000322e       0xb8 Sketch.o
                0x0000322e                __vector_4
 .text.__vector_7
                0x000032e6       0xfe Sketch.o
                0x000032e6                __vector_7
 .text.startup._GLOBAL__sub_I_ParametriCCEC
                0x000033e4      0x23c Sketch.o
 .text.exit._GLOBAL__sub_D_ParametriCCEC
                0x00003620       0xb4 Sketch.o
 .text.setup    0x000036d4      0x450 Sketch.o
                0x000036d4                setup
 .text._ZN7PCA9534C2Ev
                0x00003b24        0xa src/libraries/Keypad/src/PCA9534.o
                0x00003b24                _ZN7PCA9534C2Ev
                0x00003b24                _ZN7PCA9534C1Ev
 .text._ZN7PCA95345beginEh
                0x00003b2e        0xc src/libraries/Keypad/src/PCA9534.o
                0x00003b2e                _ZN7PCA95345beginEh
 .text._ZN7PCA953413setporteIoExpEhhh
                0x00003b3a       0xa8 src/libraries/Keypad/src/PCA9534.o
                0x00003b3a                _ZN7PCA953413setporteIoExpEhhh
 .text._ZN7PCA953410setCONFREGEh
                0x00003be2       0x2e src/libraries/Keypad/src/PCA9534.o
                0x00003be2                _ZN7PCA953410setCONFREGEh
 .text._ZN7PCA953416Read_IP_REGISTEREv
                0x00003c10       0x54 src/libraries/Keypad/src/PCA9534.o
                0x00003c10                _ZN7PCA953416Read_IP_REGISTEREv
 .text._ZN9NFC_PN532C2Ehh
                0x00003c64       0x22 src/libraries/NFC-PN532/NFC_PN532.o
                0x00003c64                _ZN9NFC_PN532C1Ehh
                0x00003c64                _ZN9NFC_PN532C2Ehh
 .text._ZN9NFC_PN5325beginEv
                0x00003c86       0x42 src/libraries/NFC-PN532/NFC_PN532.o
                0x00003c86                _ZN9NFC_PN5325beginEv
 .text._ZN9NFC_PN53210GetHexCodeEPKhm
                0x00003cc8      0x110 src/libraries/NFC-PN532/NFC_PN532.o
                0x00003cc8                _ZN9NFC_PN53210GetHexCodeEPKhm
 .text._ZN9NFC_PN5327isreadyEv
                0x00003dd8       0x12 src/libraries/NFC-PN532/NFC_PN532.o
                0x00003dd8                _ZN9NFC_PN5327isreadyEv
 .text._ZN9NFC_PN5329waitreadyEj
                0x00003dea       0x5c src/libraries/NFC-PN532/NFC_PN532.o
                0x00003dea                _ZN9NFC_PN5329waitreadyEj
 .text._ZN9NFC_PN5328readdataEPhh
                0x00003e46       0x68 src/libraries/NFC-PN532/NFC_PN532.o
                0x00003e46                _ZN9NFC_PN5328readdataEPhh
 .text._ZN9NFC_PN5327readackEv
                0x00003eae       0x44 src/libraries/NFC-PN532/NFC_PN532.o
                0x00003eae                _ZN9NFC_PN5327readackEv
 .text._ZL8i2c_sendh
                0x00003ef2        0xa src/libraries/NFC-PN532/NFC_PN532.o
 .text._ZN9NFC_PN53212writecommandEPhh
                0x00003efc       0x92 src/libraries/NFC-PN532/NFC_PN532.o
                0x00003efc                _ZN9NFC_PN53212writecommandEPhh
 .text._ZN9NFC_PN53219sendCommandCheckAckEPhhj
                0x00003f8e       0x42 src/libraries/NFC-PN532/NFC_PN532.o
                0x00003f8e                _ZN9NFC_PN53219sendCommandCheckAckEPhhj
 .text._ZN9NFC_PN53218getFirmwareVersionEv
                0x00003fd0       0x90 src/libraries/NFC-PN532/NFC_PN532.o
                0x00003fd0                _ZN9NFC_PN53218getFirmwareVersionEv
 .text._ZN9NFC_PN5329SAMConfigEv
                0x00004060       0x5c src/libraries/NFC-PN532/NFC_PN532.o
                0x00004060                _ZN9NFC_PN5329SAMConfigEv
 .text._ZN9NFC_PN53227setPassiveActivationRetriesEh
                0x000040bc       0x20 src/libraries/NFC-PN532/NFC_PN532.o
                0x000040bc                _ZN9NFC_PN53227setPassiveActivationRetriesEh
 .text._ZN9NFC_PN53219readPassiveTargetIDEhPhS0_j
                0x000040dc       0xa8 src/libraries/NFC-PN532/NFC_PN532.o
                0x000040dc                _ZN9NFC_PN53219readPassiveTargetIDEhPhS0_j
 .text._ZN9NFC_PN53231mifareclassic_AuthenticateBlockEPhhmhS0_
                0x00004184       0xc0 src/libraries/NFC-PN532/NFC_PN532.o
                0x00004184                _ZN9NFC_PN53231mifareclassic_AuthenticateBlockEPhhmhS0_
 .text._ZN9NFC_PN53227mifareclassic_ReadDataBlockEhPh
                0x00004244       0x66 src/libraries/NFC-PN532/NFC_PN532.o
                0x00004244                _ZN9NFC_PN53227mifareclassic_ReadDataBlockEhPh
 .text._ZN9NFC_PN53228mifareclassic_WriteDataBlockEhPh
                0x000042aa       0x60 src/libraries/NFC-PN532/NFC_PN532.o
                0x000042aa                _ZN9NFC_PN53228mifareclassic_WriteDataBlockEhPh
 .text._ZL9date2daysjhh
                0x0000430a       0x64 src/libraries/DS3231M/src/DS3231M.o
 .text._ZL6conv2dPKc
                0x0000436e       0x1a src/libraries/DS3231M/src/DS3231M.o
 .text._ZN8DateTimeC2Em
                0x00004388       0xf2 src/libraries/DS3231M/src/DS3231M.o
                0x00004388                _ZN8DateTimeC2Em
                0x00004388                _ZN8DateTimeC1Em
 .text._ZN8DateTimeC2EPK19__FlashStringHelperS2_
                0x0000447a       0xea src/libraries/DS3231M/src/DS3231M.o
                0x0000447a                _ZN8DateTimeC2EPK19__FlashStringHelperS2_
                0x0000447a                _ZN8DateTimeC1EPK19__FlashStringHelperS2_
 .text._ZNK8DateTime12dayOfTheWeekEv
                0x00004564       0x18 src/libraries/DS3231M/src/DS3231M.o
                0x00004564                _ZNK8DateTime12dayOfTheWeekEv
 .text._ZNK8DateTime8unixtimeEv
                0x0000457c       0x7a src/libraries/DS3231M/src/DS3231M.o
                0x0000457c                _ZNK8DateTime8unixtimeEv
 .text._ZNK8DateTime11secondstimeEv
                0x000045f6       0x6a src/libraries/DS3231M/src/DS3231M.o
                0x000045f6                _ZNK8DateTime11secondstimeEv
 .text._ZN13DS3231M_ClassC2Ev
                0x00004660        0xe src/libraries/DS3231M/src/DS3231M.o
                0x00004660                _ZN13DS3231M_ClassC2Ev
                0x00004660                _ZN13DS3231M_ClassC1Ev
 .text._ZN13DS3231M_ClassD2Ev
                0x0000466e        0x2 src/libraries/DS3231M/src/DS3231M.o
                0x0000466e                _ZN13DS3231M_ClassD2Ev
                0x0000466e                _ZN13DS3231M_ClassD1Ev
 .text._ZN13DS3231M_Class9writeByteEhh
                0x00004670       0x40 src/libraries/DS3231M/src/DS3231M.o
                0x00004670                _ZN13DS3231M_Class9writeByteEhh
 .text._ZN13DS3231M_Class8readByteEh
                0x000046b0       0x44 src/libraries/DS3231M/src/DS3231M.o
                0x000046b0                _ZN13DS3231M_Class8readByteEh
 .text._ZN13DS3231M_Class5beginEm
                0x000046f4       0x60 src/libraries/DS3231M/src/DS3231M.o
                0x000046f4                _ZN13DS3231M_Class5beginEm
 .text._ZN13DS3231M_Class3nowEv
                0x00004754      0x140 src/libraries/DS3231M/src/DS3231M.o
                0x00004754                _ZN13DS3231M_Class3nowEv
 .text._ZN13DS3231M_Class6adjustERK8DateTime
                0x00004894      0x11c src/libraries/DS3231M/src/DS3231M.o
                0x00004894                _ZN13DS3231M_Class6adjustERK8DateTime
 .text._ZN13DS3231M_Class6adjustEv
                0x000049b0       0x42 src/libraries/DS3231M/src/DS3231M.o
                0x000049b0                _ZN13DS3231M_Class6adjustEv
 .text.startup._GLOBAL__sub_I__ZN9DhcpClass13beginWithDHCPEPhmm
                0x000049f2       0x16 src/libraries/Ethernet2/src/Dhcp.o
 .text._ZN9DNSClient5beginERK9IPAddress
                0x00004a08       0x1a src/libraries/Ethernet2/src/Dns.o
                0x00004a08                _ZN9DNSClient5beginERK9IPAddress
 .text._ZN9DNSClient9inet_atonEPKcR9IPAddress
                0x00004a22       0x80 src/libraries/Ethernet2/src/Dns.o
                0x00004a22                _ZN9DNSClient9inet_atonEPKcR9IPAddress
 .text.startup._GLOBAL__sub_I__ZN9DNSClient5beginERK9IPAddress
                0x00004aa2       0x16 src/libraries/Ethernet2/src/Dns.o
 .text._ZN9DNSClient12BuildRequestEPKc
                0x00004ab8      0x142 src/libraries/Ethernet2/src/Dns.o
                0x00004ab8                _ZN9DNSClient12BuildRequestEPKc
 .text._ZN9DNSClient15ProcessResponseEjR9IPAddress
                0x00004bfa      0x2c2 src/libraries/Ethernet2/src/Dns.o
                0x00004bfa                _ZN9DNSClient15ProcessResponseEjR9IPAddress
 .text._ZN9DNSClient13getHostByNameEPKcR9IPAddress
                0x00004ebc      0x112 src/libraries/Ethernet2/src/Dns.o
                0x00004ebc                _ZN9DNSClient13getHostByNameEPKcR9IPAddress
 .text._ZN10W5500Class8writeGAREPh
                0x00004fce        0xe src/libraries/Ethernet2/src/Ethernet2.o
                0x00004fce                _ZN10W5500Class8writeGAREPh
 .text._ZN10W5500Class9writeSUBREPh
                0x00004fdc        0xe src/libraries/Ethernet2/src/Ethernet2.o
                0x00004fdc                _ZN10W5500Class9writeSUBREPh
 .text._ZN10W5500Class9writeSHAREPh
                0x00004fea        0xe src/libraries/Ethernet2/src/Ethernet2.o
                0x00004fea                _ZN10W5500Class9writeSHAREPh
 .text._ZN10W5500Class9writeSIPREPh
                0x00004ff8        0xe src/libraries/Ethernet2/src/Ethernet2.o
                0x00004ff8                _ZN10W5500Class9writeSIPREPh
 .text._ZN13EthernetClass5beginEPh9IPAddressS1_S1_S1_
                0x00005006       0x6c src/libraries/Ethernet2/src/Ethernet2.o
                0x00005006                _ZN13EthernetClass5beginEPh9IPAddressS1_S1_S1_
 .text._ZN13EthernetClass11dnsServerIPEv
                0x00005072       0x20 src/libraries/Ethernet2/src/Ethernet2.o
                0x00005072                _ZN13EthernetClass11dnsServerIPEv
 .text.startup._GLOBAL__sub_I__ZN13EthernetClass6_stateE
                0x00005092       0x2a src/libraries/Ethernet2/src/Ethernet2.o
 .text._ZN14EthernetClientneERKS_
                0x000050bc       0x14 src/libraries/Ethernet2/src/EthernetClient.o
                0x000050bc                _ZN14EthernetClientneERKS_
 .text._ZN14EthernetClient5writeEh
                0x000050d0       0x2c src/libraries/Ethernet2/src/EthernetClient.o
                0x000050d0                _ZN14EthernetClient5writeEh
 .text._ZN14EthernetClientcvbEv
                0x000050fc       0x10 src/libraries/Ethernet2/src/EthernetClient.o
                0x000050fc                _ZN14EthernetClientcvbEv
 .text._ZN14EthernetClienteqERKS_
                0x0000510c       0x16 src/libraries/Ethernet2/src/EthernetClient.o
                0x0000510c                _ZN14EthernetClienteqERKS_
 .text._ZN14EthernetClient7connectEPKcj
                0x00005122       0xb4 src/libraries/Ethernet2/src/EthernetClient.o
                0x00005122                _ZN14EthernetClient7connectEPKcj
 .text._ZN14EthernetClient5writeEPKhj
                0x000051d6       0x3a src/libraries/Ethernet2/src/EthernetClient.o
                0x000051d6                _ZN14EthernetClient5writeEPKhj
 .text._ZN14EthernetClient9availableEv
                0x00005210       0x14 src/libraries/Ethernet2/src/EthernetClient.o
                0x00005210                _ZN14EthernetClient9availableEv
 .text._ZN14EthernetClient4readEv
                0x00005224       0x32 src/libraries/Ethernet2/src/EthernetClient.o
                0x00005224                _ZN14EthernetClient4readEv
 .text._ZN14EthernetClient4readEPhj
                0x00005256        0x6 src/libraries/Ethernet2/src/EthernetClient.o
                0x00005256                _ZN14EthernetClient4readEPhj
 .text._ZN14EthernetClient4peekEv
                0x0000525c       0x44 src/libraries/Ethernet2/src/EthernetClient.o
                0x0000525c                _ZN14EthernetClient4peekEv
 .text._ZN14EthernetClient5flushEv
                0x000052a0        0x6 src/libraries/Ethernet2/src/EthernetClient.o
                0x000052a0                _ZN14EthernetClient5flushEv
 .text._ZN14EthernetClientC2Ev
                0x000052a6       0x24 src/libraries/Ethernet2/src/EthernetClient.o
                0x000052a6                _ZN14EthernetClientC2Ev
                0x000052a6                _ZN14EthernetClientC1Ev
 .text._ZN14EthernetClient6statusEv
                0x000052ca       0x1a src/libraries/Ethernet2/src/EthernetClient.o
                0x000052ca                _ZN14EthernetClient6statusEv
 .text._ZN14EthernetClient9connectedEv
                0x000052e4       0x46 src/libraries/Ethernet2/src/EthernetClient.o
                0x000052e4                _ZN14EthernetClient9connectedEv
 .text._ZN14EthernetClient4stopEv
                0x0000532a       0x7c src/libraries/Ethernet2/src/EthernetClient.o
                0x0000532a                _ZN14EthernetClient4stopEv
 .text._ZN14EthernetClient7connectE9IPAddressj
                0x000053a6       0xba src/libraries/Ethernet2/src/EthernetClient.o
                0x000053a6                _ZN14EthernetClient7connectE9IPAddressj
 .text.startup._GLOBAL__sub_I__ZN14EthernetClient8_srcportE
                0x00005460       0x16 src/libraries/Ethernet2/src/EthernetClient.o
 .text.startup._GLOBAL__sub_I__ZN14EthernetServerC2Ej
                0x00005476       0x16 src/libraries/Ethernet2/src/EthernetServer.o
 .text._ZN3UDP14beginMulticastE9IPAddressj
                0x0000548c        0x4 src/libraries/Ethernet2/src/EthernetUdp2.o
                0x0000548c                _ZN3UDP14beginMulticastE9IPAddressj
 .text._ZN11EthernetUDP4readEPcj
                0x00005490        0xe src/libraries/Ethernet2/src/EthernetUdp2.o
                0x00005490                _ZN11EthernetUDP4readEPcj
 .text._ZN11EthernetUDP8remoteIPEv
                0x0000549e       0x20 src/libraries/Ethernet2/src/EthernetUdp2.o
                0x0000549e                _ZN11EthernetUDP8remoteIPEv
 .text._ZN11EthernetUDP10remotePortEv
                0x000054be        0x8 src/libraries/Ethernet2/src/EthernetUdp2.o
                0x000054be                _ZN11EthernetUDP10remotePortEv
 .text._ZN11EthernetUDP9availableEv
                0x000054c6        0x8 src/libraries/Ethernet2/src/EthernetUdp2.o
                0x000054c6                _ZN11EthernetUDP9availableEv
 .text._ZN11EthernetUDP5writeEh
                0x000054ce       0x2c src/libraries/Ethernet2/src/EthernetUdp2.o
                0x000054ce                _ZN11EthernetUDP5writeEh
 .text._ZN11EthernetUDP5flushEv
                0x000054fa       0x24 src/libraries/Ethernet2/src/EthernetUdp2.o
                0x000054fa                _ZN11EthernetUDP5flushEv
 .text._ZN11EthernetUDP4stopEv
                0x0000551e       0x28 src/libraries/Ethernet2/src/EthernetUdp2.o
                0x0000551e                _ZN11EthernetUDP4stopEv
 .text._ZN11EthernetUDP11beginPacketE9IPAddressj
                0x00005546        0xe src/libraries/Ethernet2/src/EthernetUdp2.o
                0x00005546                _ZN11EthernetUDP11beginPacketE9IPAddressj
 .text._ZN11EthernetUDP9endPacketEv
                0x00005554        0x6 src/libraries/Ethernet2/src/EthernetUdp2.o
                0x00005554                _ZN11EthernetUDP9endPacketEv
 .text._ZN11EthernetUDP5writeEPKhj
                0x0000555a       0x26 src/libraries/Ethernet2/src/EthernetUdp2.o
                0x0000555a                _ZN11EthernetUDP5writeEPKhj
 .text._ZN11EthernetUDP4readEv
                0x00005580       0x50 src/libraries/Ethernet2/src/EthernetUdp2.o
                0x00005580                _ZN11EthernetUDP4readEv
 .text._ZN11EthernetUDP4readEPhj
                0x000055d0       0x3c src/libraries/Ethernet2/src/EthernetUdp2.o
                0x000055d0                _ZN11EthernetUDP4readEPhj
 .text._ZN11EthernetUDP4peekEv
                0x0000560c       0x30 src/libraries/Ethernet2/src/EthernetUdp2.o
                0x0000560c                _ZN11EthernetUDP4peekEv
 .text._ZN11EthernetUDP5beginEj
                0x0000563c       0x62 src/libraries/Ethernet2/src/EthernetUdp2.o
                0x0000563c                _ZN11EthernetUDP5beginEj
 .text._ZN11EthernetUDP11parsePacketEv
                0x0000569e       0x9e src/libraries/Ethernet2/src/EthernetUdp2.o
                0x0000569e                _ZN11EthernetUDP11parsePacketEv
 .text._ZN11EthernetUDPC2Ev
                0x0000573c       0x2a src/libraries/Ethernet2/src/EthernetUdp2.o
                0x0000573c                _ZN11EthernetUDPC1Ev
                0x0000573c                _ZN11EthernetUDPC2Ev
 .text._ZN11EthernetUDP11beginPacketEPKcj
                0x00005766       0xb4 src/libraries/Ethernet2/src/EthernetUdp2.o
                0x00005766                _ZN11EthernetUDP11beginPacketEPKcj
 .text.startup._GLOBAL__sub_I__ZN11EthernetUDPC2Ev
                0x0000581a       0x16 src/libraries/Ethernet2/src/EthernetUdp2.o
 .text._ZN10W5500Class11writeSnDIPREhPh
                0x00005830       0x16 src/libraries/Ethernet2/src/utility/socket.o
                0x00005830                _ZN10W5500Class11writeSnDIPREhPh
 .text._ZN10W5500Class6readSnEhj
                0x00005846       0x10 src/libraries/Ethernet2/src/utility/socket.o
                0x00005846                _ZN10W5500Class6readSnEhj
 .text._ZN10W5500Class8readSnIREh
                0x00005856        0x6 src/libraries/Ethernet2/src/utility/socket.o
                0x00005856                _ZN10W5500Class8readSnIREh
 .text._ZN10W5500Class7writeSnEhjh
                0x0000585c       0x10 src/libraries/Ethernet2/src/utility/socket.o
                0x0000585c                _ZN10W5500Class7writeSnEhjh
 .text._ZN10W5500Class11writeSnPORTEhj
                0x0000586c       0x1e src/libraries/Ethernet2/src/utility/socket.o
                0x0000586c                _ZN10W5500Class11writeSnPORTEhj
 .text._ZN10W5500Class9writeSnIREhh
                0x0000588a        0x8 src/libraries/Ethernet2/src/utility/socket.o
                0x0000588a                _ZN10W5500Class9writeSnIREhh
 .text._ZN10W5500Class12writeSnDPORTEhj
                0x00005892       0x1e src/libraries/Ethernet2/src/utility/socket.o
                0x00005892                _ZN10W5500Class12writeSnDPORTEhj
 .text._Z5closeh
                0x000058b0       0x16 src/libraries/Ethernet2/src/utility/socket.o
                0x000058b0                _Z5closeh
 .text._Z6sockethhjh
                0x000058c6       0x66 src/libraries/Ethernet2/src/utility/socket.o
                0x000058c6                _Z6sockethhjh
 .text._Z7connecthPhj
                0x0000592c       0x66 src/libraries/Ethernet2/src/utility/socket.o
                0x0000592c                _Z7connecthPhj
 .text._Z10disconnecth
                0x00005992        0xa src/libraries/Ethernet2/src/utility/socket.o
                0x00005992                _Z10disconnecth
 .text._Z4sendhPKhj
                0x0000599c       0x90 src/libraries/Ethernet2/src/utility/socket.o
                0x0000599c                _Z4sendhPKhj
 .text._Z4recvhPhi
                0x00005a2c       0x82 src/libraries/Ethernet2/src/utility/socket.o
                0x00005a2c                _Z4recvhPhi
 .text._Z4peekhPh
                0x00005aae       0x1a src/libraries/Ethernet2/src/utility/socket.o
                0x00005aae                _Z4peekhPh
 .text._Z5flushh
                0x00005ac8        0x2 src/libraries/Ethernet2/src/utility/socket.o
                0x00005ac8                _Z5flushh
 .text._Z10bufferDatahjPKhj
                0x00005aca       0x56 src/libraries/Ethernet2/src/utility/socket.o
                0x00005aca                _Z10bufferDatahjPKhj
 .text._Z8startUDPhPhj
                0x00005b20       0x46 src/libraries/Ethernet2/src/utility/socket.o
                0x00005b20                _Z8startUDPhPhj
 .text._Z7sendUDPh
                0x00005b66       0x38 src/libraries/Ethernet2/src/utility/socket.o
                0x00005b66                _Z7sendUDPh
 .text._ZN8SPIClass16beginTransactionE11SPISettings
                0x00005b9e       0x34 src/libraries/Ethernet2/src/utility/w5500.o
                0x00005b9e                _ZN8SPIClass16beginTransactionE11SPISettings
 .text._ZN8SPIClass8transferEh
                0x00005bd2        0xe src/libraries/Ethernet2/src/utility/w5500.o
                0x00005bd2                _ZN8SPIClass8transferEh
 .text._ZN8SPIClass14endTransactionEv
                0x00005be0       0x22 src/libraries/Ethernet2/src/utility/w5500.o
                0x00005be0                _ZN8SPIClass14endTransactionEv
 .text._ZN10W5500Class5setSSEv
                0x00005c02        0x4 src/libraries/Ethernet2/src/utility/w5500.o
                0x00005c02                _ZN10W5500Class5setSSEv
 .text._ZN10W5500Class7resetSSEv
                0x00005c06        0x4 src/libraries/Ethernet2/src/utility/w5500.o
                0x00005c06                _ZN10W5500Class7resetSSEv
 .text._ZN10W5500Class5writeEjhh
                0x00005c0a       0x3c src/libraries/Ethernet2/src/utility/w5500.o
                0x00005c0a                _ZN10W5500Class5writeEjhh
 .text._ZN10W5500Class5writeEjhPKhj
                0x00005c46       0x58 src/libraries/Ethernet2/src/utility/w5500.o
                0x00005c46                _ZN10W5500Class5writeEjhPKhj
 .text._ZN10W5500Class4readEjh
                0x00005c9e       0x38 src/libraries/Ethernet2/src/utility/w5500.o
                0x00005c9e                _ZN10W5500Class4readEjh
 .text._ZN10W5500Class4initEh
                0x00005cd6       0x58 src/libraries/Ethernet2/src/utility/w5500.o
                0x00005cd6                _ZN10W5500Class4initEh
 .text._ZN10W5500Class12readSnTX_FSREh
                0x00005d2e       0x2e src/libraries/Ethernet2/src/utility/w5500.o
                0x00005d2e                _ZN10W5500Class12readSnTX_FSREh
 .text._ZN10W5500Class13getTXFreeSizeEh
                0x00005d5c       0x34 src/libraries/Ethernet2/src/utility/w5500.o
                0x00005d5c                _ZN10W5500Class13getTXFreeSizeEh
 .text._ZN10W5500Class12readSnRX_RSREh
                0x00005d90       0x2e src/libraries/Ethernet2/src/utility/w5500.o
                0x00005d90                _ZN10W5500Class12readSnRX_RSREh
 .text._ZN10W5500Class17getRXReceivedSizeEh
                0x00005dbe       0x34 src/libraries/Ethernet2/src/utility/w5500.o
                0x00005dbe                _ZN10W5500Class17getRXReceivedSizeEh
 .text._ZN10W5500Class27send_data_processing_offsetEhjPKhj
                0x00005df2       0x74 src/libraries/Ethernet2/src/utility/w5500.o
                0x00005df2                _ZN10W5500Class27send_data_processing_offsetEhjPKhj
 .text._ZN10W5500Class20send_data_processingEhPKhj
                0x00005e66       0x14 src/libraries/Ethernet2/src/utility/w5500.o
                0x00005e66                _ZN10W5500Class20send_data_processingEhPKhj
 .text._ZN10W5500Class4readEjhPhj
                0x00005e7a       0x5a src/libraries/Ethernet2/src/utility/w5500.o
                0x00005e7a                _ZN10W5500Class4readEjhPhj
 .text._ZN10W5500Class9read_dataEhjPVhj
                0x00005ed4       0x30 src/libraries/Ethernet2/src/utility/w5500.o
                0x00005ed4                _ZN10W5500Class9read_dataEhjPVhj
 .text._ZN10W5500Class20recv_data_processingEhPhjh
                0x00005f04       0x9a src/libraries/Ethernet2/src/utility/w5500.o
                0x00005f04                _ZN10W5500Class20recv_data_processingEhPhjh
 .text._ZN10W5500Class9execCmdSnEh7SockCMD
                0x00005f9e       0x1c src/libraries/Ethernet2/src/utility/w5500.o
                0x00005f9e                _ZN10W5500Class9execCmdSnEh7SockCMD
 .text.startup._GLOBAL__sub_I_w5500
                0x00005fba        0xe src/libraries/Ethernet2/src/utility/w5500.o
 .text._ZN5I2CIOC2Ev
                0x00005fc8        0xe src/libraries/LiquidCrystal/src/I2CIO.o
                0x00005fc8                _ZN5I2CIOC2Ev
                0x00005fc8                _ZN5I2CIOC1Ev
 .text._ZN5I2CIO8portModeEh
                0x00005fd6       0x16 src/libraries/LiquidCrystal/src/I2CIO.o
                0x00005fd6                _ZN5I2CIO8portModeEh
 .text._ZN5I2CIO11isAvailableEh
                0x00005fec       0x16 src/libraries/LiquidCrystal/src/I2CIO.o
                0x00005fec                _ZN5I2CIO11isAvailableEh
 .text._ZN5I2CIO5beginEh
                0x00006002       0x2c src/libraries/LiquidCrystal/src/I2CIO.o
                0x00006002                _ZN5I2CIO5beginEh
 .text._ZN5I2CIO5writeEh
                0x0000602e       0x48 src/libraries/LiquidCrystal/src/I2CIO.o
                0x0000602e                _ZN5I2CIO5writeEh
 .text._ZN3LCD15setBacklightPinEh13t_backlighPol
                0x00006076        0x2 src/libraries/LiquidCrystal/src/LCD.o
                0x00006076                _ZN3LCD15setBacklightPinEh13t_backlighPol
 .text._ZN3LCD12setBacklightEh
                0x00006078        0x2 src/libraries/LiquidCrystal/src/LCD.o
                0x00006078                _ZN3LCD12setBacklightEh
 .text._ZN3LCD5writeEh
                0x0000607a       0x16 src/libraries/LiquidCrystal/src/LCD.o
                0x0000607a                _ZN3LCD5writeEh
 .text._ZN3LCDC2Ev
                0x00006090       0x10 src/libraries/LiquidCrystal/src/LCD.o
                0x00006090                _ZN3LCDC1Ev
                0x00006090                _ZN3LCDC2Ev
 .text._ZN3LCD9backlightEv
                0x000060a0       0x10 src/libraries/LiquidCrystal/src/LCD.o
                0x000060a0                _ZN3LCD9backlightEv
 .text._ZN3LCD11noBacklightEv
                0x000060b0       0x10 src/libraries/LiquidCrystal/src/LCD.o
                0x000060b0                _ZN3LCD11noBacklightEv
 .text._ZN3LCD7commandEh
                0x000060c0       0x10 src/libraries/LiquidCrystal/src/LCD.o
                0x000060c0                _ZN3LCD7commandEh
 .text._ZN3LCD5clearEv
                0x000060d0        0xc src/libraries/LiquidCrystal/src/LCD.o
                0x000060d0                _ZN3LCD5clearEv
 .text._ZN3LCD9setCursorEhh
                0x000060dc       0x84 src/libraries/LiquidCrystal/src/LCD.o
                0x000060dc                _ZN3LCD9setCursorEhh
 .text._ZN3LCD9noDisplayEv
                0x00006160        0xc src/libraries/LiquidCrystal/src/LCD.o
                0x00006160                _ZN3LCD9noDisplayEv
 .text._ZN3LCD7displayEv
                0x0000616c        0xe src/libraries/LiquidCrystal/src/LCD.o
                0x0000616c                _ZN3LCD7displayEv
 .text._ZN3LCD5beginEhhh
                0x0000617a       0xf2 src/libraries/LiquidCrystal/src/LCD.o
                0x0000617a                _ZN3LCD5beginEhhh
 .text._ZN3LCD10createCharEhPh
                0x0000626c       0x5e src/libraries/LiquidCrystal/src/LCD.o
                0x0000626c                _ZN3LCD10createCharEhPh
 .text._ZN17LiquidCrystal_I2C15setBacklightPinEh13t_backlighPol
                0x000062ca       0x26 src/libraries/LiquidCrystal/src/LiquidCrystal_I2C.o
                0x000062ca                _ZN17LiquidCrystal_I2C15setBacklightPinEh13t_backlighPol
 .text._ZN17LiquidCrystal_I2C12setBacklightEh
                0x000062f0       0x2c src/libraries/LiquidCrystal/src/LiquidCrystal_I2C.o
                0x000062f0                _ZN17LiquidCrystal_I2C12setBacklightEh
 .text._ZN17LiquidCrystal_I2C4initEv
                0x0000631c       0x3e src/libraries/LiquidCrystal/src/LiquidCrystal_I2C.o
                0x0000631c                _ZN17LiquidCrystal_I2C4initEv
 .text._ZN17LiquidCrystal_I2C6configEhhhhhhhh
                0x0000635a       0x80 src/libraries/LiquidCrystal/src/LiquidCrystal_I2C.o
                0x0000635a                _ZN17LiquidCrystal_I2C6configEhhhhhhhh
 .text._ZN17LiquidCrystal_I2CC2Ehhhhhhhhh13t_backlighPol
                0x000063da       0x6c src/libraries/LiquidCrystal/src/LiquidCrystal_I2C.o
                0x000063da                _ZN17LiquidCrystal_I2CC1Ehhhhhhhhh13t_backlighPol
                0x000063da                _ZN17LiquidCrystal_I2CC2Ehhhhhhhhh13t_backlighPol
 .text._ZN17LiquidCrystal_I2C11pulseEnableEh
                0x00006446       0x36 src/libraries/LiquidCrystal/src/LiquidCrystal_I2C.o
                0x00006446                _ZN17LiquidCrystal_I2C11pulseEnableEh
 .text._ZN17LiquidCrystal_I2C10write4bitsEhh
                0x0000647c       0x30 src/libraries/LiquidCrystal/src/LiquidCrystal_I2C.o
                0x0000647c                _ZN17LiquidCrystal_I2C10write4bitsEhh
 .text._ZN17LiquidCrystal_I2C4sendEhh
                0x000064ac       0x3a src/libraries/LiquidCrystal/src/LiquidCrystal_I2C.o
                0x000064ac                _ZN17LiquidCrystal_I2C4sendEhh
 .text._ZN17LiquidCrystal_I2C5beginEhhh
                0x000064e6       0x28 src/libraries/LiquidCrystal/src/LiquidCrystal_I2C.o
                0x000064e6                _ZN17LiquidCrystal_I2C5beginEhhh
 .text._ZN8SPIClass5beginEv
                0x0000650e       0x6c src/libraries/SPI/src/SPI.o
                0x0000650e                _ZN8SPIClass5beginEv
 .text.twi_init
                0x0000657a       0x3c src/libraries/Wire/src/utility/twi.o
                0x0000657a                twi_init
 .text.twi_disable
                0x000065b6       0x1a src/libraries/Wire/src/utility/twi.o
                0x000065b6                twi_disable
 .text.twi_setFrequency
                0x000065d0       0x28 src/libraries/Wire/src/utility/twi.o
                0x000065d0                twi_setFrequency
 .text.twi_readFrom
                0x000065f8       0x90 src/libraries/Wire/src/utility/twi.o
                0x000065f8                twi_readFrom
 .text.twi_writeTo
                0x00006688       0xac src/libraries/Wire/src/utility/twi.o
                0x00006688                twi_writeTo
 .text.twi_transmit
                0x00006734       0x50 src/libraries/Wire/src/utility/twi.o
                0x00006734                twi_transmit
 .text.twi_attachSlaveRxEvent
                0x00006784        0xa src/libraries/Wire/src/utility/twi.o
                0x00006784                twi_attachSlaveRxEvent
 .text.twi_attachSlaveTxEvent
                0x0000678e        0xa src/libraries/Wire/src/utility/twi.o
                0x0000678e                twi_attachSlaveTxEvent
 .text.twi_stop
                0x00006798       0x14 src/libraries/Wire/src/utility/twi.o
                0x00006798                twi_stop
 .text.twi_releaseBus
                0x000067ac        0xc src/libraries/Wire/src/utility/twi.o
                0x000067ac                twi_releaseBus
 .text.__vector_26
                0x000067b8      0x25c src/libraries/Wire/src/utility/twi.o
                0x000067b8                __vector_26
 .text._ZN7TwoWire9availableEv
                0x00006a14       0x10 src/libraries/Wire/src/Wire.o
                0x00006a14                _ZN7TwoWire9availableEv
 .text._ZN7TwoWire4readEv
                0x00006a24       0x28 src/libraries/Wire/src/Wire.o
                0x00006a24                _ZN7TwoWire4readEv
 .text._ZN7TwoWire4peekEv
                0x00006a4c       0x1e src/libraries/Wire/src/Wire.o
                0x00006a4c                _ZN7TwoWire4peekEv
 .text._ZN7TwoWire5flushEv
                0x00006a6a        0x2 src/libraries/Wire/src/Wire.o
                0x00006a6a                _ZN7TwoWire5flushEv
 .text._ZN7TwoWire16onReceiveServiceEPhi
                0x00006a6c       0x54 src/libraries/Wire/src/Wire.o
                0x00006a6c                _ZN7TwoWire16onReceiveServiceEPhi
 .text._ZN7TwoWire16onRequestServiceEv
                0x00006ac0       0x18 src/libraries/Wire/src/Wire.o
                0x00006ac0                _ZN7TwoWire16onRequestServiceEv
 .text._ZN7TwoWire5writeEPKhj
                0x00006ad8       0x58 src/libraries/Wire/src/Wire.o
                0x00006ad8                _ZN7TwoWire5writeEPKhj
 .text._ZN7TwoWire5writeEh
                0x00006b30       0x5c src/libraries/Wire/src/Wire.o
                0x00006b30                _ZN7TwoWire5writeEh
 .text._ZN7TwoWireC2Ev
                0x00006b8c       0x20 src/libraries/Wire/src/Wire.o
                0x00006b8c                _ZN7TwoWireC1Ev
                0x00006b8c                _ZN7TwoWireC2Ev
 .text._ZN7TwoWire5beginEv
                0x00006bac       0x1e src/libraries/Wire/src/Wire.o
                0x00006bac                _ZN7TwoWire5beginEv
 .text._ZN7TwoWire3endEv
                0x00006bca        0x2 src/libraries/Wire/src/Wire.o
                0x00006bca                _ZN7TwoWire3endEv
 .text._ZN7TwoWire8setClockEm
                0x00006bcc        0x6 src/libraries/Wire/src/Wire.o
                0x00006bcc                _ZN7TwoWire8setClockEm
 .text._ZN7TwoWire17beginTransmissionEh
                0x00006bd2       0x14 src/libraries/Wire/src/Wire.o
                0x00006bd2                _ZN7TwoWire17beginTransmissionEh
 .text._ZN7TwoWire17beginTransmissionEi
                0x00006be6        0x2 src/libraries/Wire/src/Wire.o
                0x00006be6                _ZN7TwoWire17beginTransmissionEi
 .text._ZN7TwoWire15endTransmissionEh
                0x00006be8       0x24 src/libraries/Wire/src/Wire.o
                0x00006be8                _ZN7TwoWire15endTransmissionEh
 .text._ZN7TwoWire11requestFromEhhmhh
                0x00006c0c       0xa2 src/libraries/Wire/src/Wire.o
                0x00006c0c                _ZN7TwoWire11requestFromEhhmhh
 .text._ZN7TwoWire11requestFromEhhh
                0x00006cae       0x1e src/libraries/Wire/src/Wire.o
                0x00006cae                _ZN7TwoWire11requestFromEhhh
 .text._ZN7TwoWire11requestFromEhh
                0x00006ccc        0x4 src/libraries/Wire/src/Wire.o
                0x00006ccc                _ZN7TwoWire11requestFromEhh
 .text._ZN7TwoWire11requestFromEii
                0x00006cd0        0x4 src/libraries/Wire/src/Wire.o
                0x00006cd0                _ZN7TwoWire11requestFromEii
 .text._ZN7TwoWire15endTransmissionEv
                0x00006cd4        0x4 src/libraries/Wire/src/Wire.o
                0x00006cd4                _ZN7TwoWire15endTransmissionEv
 .text.startup._GLOBAL__sub_I__ZN7TwoWire8rxBufferE
                0x00006cd8        0x6 src/libraries/Wire/src/Wire.o
 .text.avr-libc.fplib
                0x00006cde        0x8 c:/program files (x86)/atmel/studio/7.0/toolchain/avr8/avr8-gnu-toolchain/bin/../lib/gcc/avr/5.4.0/../../../../avr/lib/avr51\libm.a(cmpsf2.o)
                0x00006cde                __nesf2
                0x00006cde                __eqsf2
                0x00006cde                __cmpsf2
                0x00006cde                __ltsf2
                0x00006cde                __lesf2
 .text.avr-libc.fplib
                0x00006ce6        0x4 c:/program files (x86)/atmel/studio/7.0/toolchain/avr8/avr8-gnu-toolchain/bin/../lib/gcc/avr/5.4.0/../../../../avr/lib/avr51\libm.a(divsf3.o)
                0x00006ce6                __divsf3
 .text.avr-libc.fplib
                0x00006cea       0xcc c:/program files (x86)/atmel/studio/7.0/toolchain/avr8/avr8-gnu-toolchain/bin/../lib/gcc/avr/5.4.0/../../../../avr/lib/avr51\libm.a(divsf3x.o)
                0x00006d00                __divsf3x
                0x00006d04                __divsf3_pse
 .text.avr-libc.fplib
                0x00006db6        0xa c:/program files (x86)/atmel/studio/7.0/toolchain/avr8/avr8-gnu-toolchain/bin/../lib/gcc/avr/5.4.0/../../../../avr/lib/avr51\libm.a(fixsfsi.o)
                0x00006db6                __fixsfsi
 .text.avr-libc.fplib
                0x00006dc0       0x58 c:/program files (x86)/atmel/studio/7.0/toolchain/avr8/avr8-gnu-toolchain/bin/../lib/gcc/avr/5.4.0/../../../../avr/lib/avr51\libm.a(fixunssfsi.o)
                0x00006dc0                __fixunssfsi
 .text.avr-libc.fplib
                0x00006e18       0x7a c:/program files (x86)/atmel/studio/7.0/toolchain/avr8/avr8-gnu-toolchain/bin/../lib/gcc/avr/5.4.0/../../../../avr/lib/avr51\libm.a(floatsisf.o)
                0x00006e18                __floatunsisf
                0x00006e1c                __floatsisf
 .text.avr-libc.fplib
                0x00006e92       0x48 c:/program files (x86)/atmel/studio/7.0/toolchain/avr8/avr8-gnu-toolchain/bin/../lib/gcc/avr/5.4.0/../../../../avr/lib/avr51\libm.a(fp_cmp.o)
                0x00006e92                __fp_cmp
 .text.avr-libc.fplib
                0x00006eda        0xc c:/program files (x86)/atmel/studio/7.0/toolchain/avr8/avr8-gnu-toolchain/bin/../lib/gcc/avr/5.4.0/../../../../avr/lib/avr51\libm.a(fp_inf.o)
                0x00006eda                __fp_inf
 .text.avr-libc.fplib
                0x00006ee6        0x6 c:/program files (x86)/atmel/studio/7.0/toolchain/avr8/avr8-gnu-toolchain/bin/../lib/gcc/avr/5.4.0/../../../../avr/lib/avr51\libm.a(fp_nan.o)
                0x00006ee6                __fp_nan
 .text.avr-libc.fplib
                0x00006eec        0xe c:/program files (x86)/atmel/studio/7.0/toolchain/avr8/avr8-gnu-toolchain/bin/../lib/gcc/avr/5.4.0/../../../../avr/lib/avr51\libm.a(fp_pscA.o)
                0x00006eec                __fp_pscA
 .text.avr-libc.fplib
                0x00006efa        0xe c:/program files (x86)/atmel/studio/7.0/toolchain/avr8/avr8-gnu-toolchain/bin/../lib/gcc/avr/5.4.0/../../../../avr/lib/avr51\libm.a(fp_pscB.o)
                0x00006efa                __fp_pscB
 .text.avr-libc.fplib
                0x00006f08       0x22 c:/program files (x86)/atmel/studio/7.0/toolchain/avr8/avr8-gnu-toolchain/bin/../lib/gcc/avr/5.4.0/../../../../avr/lib/avr51\libm.a(fp_round.o)
                0x00006f08                __fp_round
 .text.avr-libc.fplib
                0x00006f2a       0x44 c:/program files (x86)/atmel/studio/7.0/toolchain/avr8/avr8-gnu-toolchain/bin/../lib/gcc/avr/5.4.0/../../../../avr/lib/avr51\libm.a(fp_split3.o)
                0x00006f2a                __fp_split3
                0x00006f3a                __fp_splitA
 .text.avr-libc.fplib
                0x00006f6e        0xe c:/program files (x86)/atmel/studio/7.0/toolchain/avr8/avr8-gnu-toolchain/bin/../lib/gcc/avr/5.4.0/../../../../avr/lib/avr51\libm.a(fp_zero.o)
                0x00006f6e                __fp_zero
                0x00006f70                __fp_szero
 .text.__cxa_pure_virtual
                0x00006f7c        0x4 C:\Users\utente\Desktop\CCEC\NOVARA\fw\fwCCEC\TuinoDemo\ArduinoCore\Debug\libArduinoCore.a(abi.o)
                0x00006f7c                __cxa_pure_virtual
 .text.__vector_18
                0x00006f80       0x64 C:\Users\utente\Desktop\CCEC\NOVARA\fw\fwCCEC\TuinoDemo\ArduinoCore\Debug\libArduinoCore.a(HardwareSerial0.o)
                0x00006f80                __vector_18
 .text.__vector_19
                0x00006fe4       0x4a C:\Users\utente\Desktop\CCEC\NOVARA\fw\fwCCEC\TuinoDemo\ArduinoCore\Debug\libArduinoCore.a(HardwareSerial0.o)
                0x00006fe4                __vector_19
 .text._Z17Serial0_availablev
                0x0000702e       0x12 C:\Users\utente\Desktop\CCEC\NOVARA\fw\fwCCEC\TuinoDemo\ArduinoCore\Debug\libArduinoCore.a(HardwareSerial0.o)
                0x0000702e                _Z17Serial0_availablev
 .text.startup._GLOBAL__sub_I___vector_18
                0x00007040       0x5a C:\Users\utente\Desktop\CCEC\NOVARA\fw\fwCCEC\TuinoDemo\ArduinoCore\Debug\libArduinoCore.a(HardwareSerial0.o)
 .text._ZNK9IPAddress7printToER5Print
                0x0000709a       0x7e C:\Users\utente\Desktop\CCEC\NOVARA\fw\fwCCEC\TuinoDemo\ArduinoCore\Debug\libArduinoCore.a(IPAddress.o)
                0x0000709a                _ZNK9IPAddress7printToER5Print
 .text._ZN9IPAddressC2Ev
                0x00007118       0x14 C:\Users\utente\Desktop\CCEC\NOVARA\fw\fwCCEC\TuinoDemo\ArduinoCore\Debug\libArduinoCore.a(IPAddress.o)
                0x00007118                _ZN9IPAddressC1Ev
                0x00007118                _ZN9IPAddressC2Ev
 .text._ZN9IPAddressC2Ehhhh
                0x0000712c       0x18 C:\Users\utente\Desktop\CCEC\NOVARA\fw\fwCCEC\TuinoDemo\ArduinoCore\Debug\libArduinoCore.a(IPAddress.o)
                0x0000712c                _ZN9IPAddressC2Ehhhh
                0x0000712c                _ZN9IPAddressC1Ehhhh
 .text._ZN9IPAddressaSEPKh
                0x00007144       0x12 C:\Users\utente\Desktop\CCEC\NOVARA\fw\fwCCEC\TuinoDemo\ArduinoCore\Debug\libArduinoCore.a(IPAddress.o)
                0x00007144                _ZN9IPAddressaSEPKh
 .text.initVariant
                0x00007156        0x2 C:\Users\utente\Desktop\CCEC\NOVARA\fw\fwCCEC\TuinoDemo\ArduinoCore\Debug\libArduinoCore.a(main.o)
                0x00007156                initVariant
 .text.startup.main
                0x00007158       0x18 C:\Users\utente\Desktop\CCEC\NOVARA\fw\fwCCEC\TuinoDemo\ArduinoCore\Debug\libArduinoCore.a(main.o)
                0x00007158                main
 .text._ZN5Print5writeEPKhj
                0x00007170       0x54 C:\Users\utente\Desktop\CCEC\NOVARA\fw\fwCCEC\TuinoDemo\ArduinoCore\Debug\libArduinoCore.a(Print.o)
                0x00007170                _ZN5Print5writeEPKhj
 .text._ZN5Print5writeEPKc
                0x000071c4       0x2a C:\Users\utente\Desktop\CCEC\NOVARA\fw\fwCCEC\TuinoDemo\ArduinoCore\Debug\libArduinoCore.a(Print.o)
                0x000071c4                _ZN5Print5writeEPKc
 .text._ZN5Print5printEPK19__FlashStringHelper
                0x000071ee       0x48 C:\Users\utente\Desktop\CCEC\NOVARA\fw\fwCCEC\TuinoDemo\ArduinoCore\Debug\libArduinoCore.a(Print.o)
                0x000071ee                _ZN5Print5printEPK19__FlashStringHelper
 .text._ZN5Print5printERK6String
                0x00007236       0x1c C:\Users\utente\Desktop\CCEC\NOVARA\fw\fwCCEC\TuinoDemo\ArduinoCore\Debug\libArduinoCore.a(Print.o)
                0x00007236                _ZN5Print5printERK6String
 .text._ZN5Print5printEPKc
                0x00007252        0x2 C:\Users\utente\Desktop\CCEC\NOVARA\fw\fwCCEC\TuinoDemo\ArduinoCore\Debug\libArduinoCore.a(Print.o)
                0x00007252                _ZN5Print5printEPKc
 .text._ZN5Print5printEc
                0x00007254        0xe C:\Users\utente\Desktop\CCEC\NOVARA\fw\fwCCEC\TuinoDemo\ArduinoCore\Debug\libArduinoCore.a(Print.o)
                0x00007254                _ZN5Print5printEc
 .text._ZN5Print7printlnEv
                0x00007262        0x6 C:\Users\utente\Desktop\CCEC\NOVARA\fw\fwCCEC\TuinoDemo\ArduinoCore\Debug\libArduinoCore.a(Print.o)
                0x00007262                _ZN5Print7printlnEv
 .text._ZN5Print7printlnEPK19__FlashStringHelper
                0x00007268       0x20 C:\Users\utente\Desktop\CCEC\NOVARA\fw\fwCCEC\TuinoDemo\ArduinoCore\Debug\libArduinoCore.a(Print.o)
                0x00007268                _ZN5Print7printlnEPK19__FlashStringHelper
 .text._ZN5Print7printlnERK6String
                0x00007288       0x20 C:\Users\utente\Desktop\CCEC\NOVARA\fw\fwCCEC\TuinoDemo\ArduinoCore\Debug\libArduinoCore.a(Print.o)
                0x00007288                _ZN5Print7printlnERK6String
 .text._ZN5Print7printlnEPKc
                0x000072a8       0x20 C:\Users\utente\Desktop\CCEC\NOVARA\fw\fwCCEC\TuinoDemo\ArduinoCore\Debug\libArduinoCore.a(Print.o)
                0x000072a8                _ZN5Print7printlnEPKc
 .text._ZN5Print11printNumberEmh
                0x000072c8       0x8e C:\Users\utente\Desktop\CCEC\NOVARA\fw\fwCCEC\TuinoDemo\ArduinoCore\Debug\libArduinoCore.a(Print.o)
                0x000072c8                _ZN5Print11printNumberEmh
 .text._ZN5Print5printEmi
                0x00007356       0x18 C:\Users\utente\Desktop\CCEC\NOVARA\fw\fwCCEC\TuinoDemo\ArduinoCore\Debug\libArduinoCore.a(Print.o)
                0x00007356                _ZN5Print5printEmi
 .text._ZN5Print5printEhi
                0x0000736e        0xc C:\Users\utente\Desktop\CCEC\NOVARA\fw\fwCCEC\TuinoDemo\ArduinoCore\Debug\libArduinoCore.a(Print.o)
                0x0000736e                _ZN5Print5printEhi
 .text._ZN5Print5printEji
                0x0000737a        0xa C:\Users\utente\Desktop\CCEC\NOVARA\fw\fwCCEC\TuinoDemo\ArduinoCore\Debug\libArduinoCore.a(Print.o)
                0x0000737a                _ZN5Print5printEji
 .text._ZN5Print7printlnEmi
                0x00007384       0x20 C:\Users\utente\Desktop\CCEC\NOVARA\fw\fwCCEC\TuinoDemo\ArduinoCore\Debug\libArduinoCore.a(Print.o)
                0x00007384                _ZN5Print7printlnEmi
 .text.__vector_16
                0x000073a4       0x94 C:\Users\utente\Desktop\CCEC\NOVARA\fw\fwCCEC\TuinoDemo\ArduinoCore\Debug\libArduinoCore.a(wiring.o)
                0x000073a4                __vector_16
 .text.millis   0x00007438       0x18 C:\Users\utente\Desktop\CCEC\NOVARA\fw\fwCCEC\TuinoDemo\ArduinoCore\Debug\libArduinoCore.a(wiring.o)
                0x00007438                millis
 .text.micros   0x00007450       0x4a C:\Users\utente\Desktop\CCEC\NOVARA\fw\fwCCEC\TuinoDemo\ArduinoCore\Debug\libArduinoCore.a(wiring.o)
                0x00007450                micros
 .text.delay    0x0000749a       0x72 C:\Users\utente\Desktop\CCEC\NOVARA\fw\fwCCEC\TuinoDemo\ArduinoCore\Debug\libArduinoCore.a(wiring.o)
                0x0000749a                delay
 .text.delayMicroseconds
                0x0000750c       0x16 C:\Users\utente\Desktop\CCEC\NOVARA\fw\fwCCEC\TuinoDemo\ArduinoCore\Debug\libArduinoCore.a(wiring.o)
                0x0000750c                delayMicroseconds
 .text.init     0x00007522       0x76 C:\Users\utente\Desktop\CCEC\NOVARA\fw\fwCCEC\TuinoDemo\ArduinoCore\Debug\libArduinoCore.a(wiring.o)
                0x00007522                init
 .text.turnOffPWM
                0x00007598       0x52 C:\Users\utente\Desktop\CCEC\NOVARA\fw\fwCCEC\TuinoDemo\ArduinoCore\Debug\libArduinoCore.a(wiring_digital.o)
 .text.pinMode  0x000075ea       0x78 C:\Users\utente\Desktop\CCEC\NOVARA\fw\fwCCEC\TuinoDemo\ArduinoCore\Debug\libArduinoCore.a(wiring_digital.o)
                0x000075ea                pinMode
 .text.digitalWrite
                0x00007662       0x5c C:\Users\utente\Desktop\CCEC\NOVARA\fw\fwCCEC\TuinoDemo\ArduinoCore\Debug\libArduinoCore.a(wiring_digital.o)
                0x00007662                digitalWrite
 .text.digitalRead
                0x000076be       0x50 C:\Users\utente\Desktop\CCEC\NOVARA\fw\fwCCEC\TuinoDemo\ArduinoCore\Debug\libArduinoCore.a(wiring_digital.o)
                0x000076be                digitalRead
 .text._ZNK6String14StringIfHelperEv
                0x0000770e        0x2 C:\Users\utente\Desktop\CCEC\NOVARA\fw\fwCCEC\TuinoDemo\ArduinoCore\Debug\libArduinoCore.a(WString.o)
                0x0000770e                _ZNK6String14StringIfHelperEv
 .text._ZN6StringD2Ev
                0x00007710        0x8 C:\Users\utente\Desktop\CCEC\NOVARA\fw\fwCCEC\TuinoDemo\ArduinoCore\Debug\libArduinoCore.a(WString.o)
                0x00007710                _ZN6StringD2Ev
                0x00007710                _ZN6StringD1Ev
 .text._ZN6String10invalidateEv
                0x00007718       0x22 C:\Users\utente\Desktop\CCEC\NOVARA\fw\fwCCEC\TuinoDemo\ArduinoCore\Debug\libArduinoCore.a(WString.o)
                0x00007718                _ZN6String10invalidateEv
 .text._ZN6String12changeBufferEj
                0x0000773a       0x32 C:\Users\utente\Desktop\CCEC\NOVARA\fw\fwCCEC\TuinoDemo\ArduinoCore\Debug\libArduinoCore.a(WString.o)
                0x0000773a                _ZN6String12changeBufferEj
 .text._ZN6String7reserveEj
                0x0000776c       0x36 C:\Users\utente\Desktop\CCEC\NOVARA\fw\fwCCEC\TuinoDemo\ArduinoCore\Debug\libArduinoCore.a(WString.o)
                0x0000776c                _ZN6String7reserveEj
 .text._ZN6String4copyEPKcj
                0x000077a2       0x3c C:\Users\utente\Desktop\CCEC\NOVARA\fw\fwCCEC\TuinoDemo\ArduinoCore\Debug\libArduinoCore.a(WString.o)
                0x000077a2                _ZN6String4copyEPKcj
 .text._ZN6StringC2EPKc
                0x000077de       0x28 C:\Users\utente\Desktop\CCEC\NOVARA\fw\fwCCEC\TuinoDemo\ArduinoCore\Debug\libArduinoCore.a(WString.o)
                0x000077de                _ZN6StringC2EPKc
                0x000077de                _ZN6StringC1EPKc
 .text._ZN6String4moveERS_
                0x00007806       0x76 C:\Users\utente\Desktop\CCEC\NOVARA\fw\fwCCEC\TuinoDemo\ArduinoCore\Debug\libArduinoCore.a(WString.o)
                0x00007806                _ZN6String4moveERS_
 .text._ZN6StringC2EOS_
                0x0000787c       0x10 C:\Users\utente\Desktop\CCEC\NOVARA\fw\fwCCEC\TuinoDemo\ArduinoCore\Debug\libArduinoCore.a(WString.o)
                0x0000787c                _ZN6StringC1EOS_
                0x0000787c                _ZN6StringC2EOS_
 .text._ZN6StringaSERKS_
                0x0000788c       0x2a C:\Users\utente\Desktop\CCEC\NOVARA\fw\fwCCEC\TuinoDemo\ArduinoCore\Debug\libArduinoCore.a(WString.o)
                0x0000788c                _ZN6StringaSERKS_
 .text._ZN6StringC2ERKS_
                0x000078b6       0x10 C:\Users\utente\Desktop\CCEC\NOVARA\fw\fwCCEC\TuinoDemo\ArduinoCore\Debug\libArduinoCore.a(WString.o)
                0x000078b6                _ZN6StringC2ERKS_
                0x000078b6                _ZN6StringC1ERKS_
 .text._ZN6StringaSEOS_
                0x000078c6       0x16 C:\Users\utente\Desktop\CCEC\NOVARA\fw\fwCCEC\TuinoDemo\ArduinoCore\Debug\libArduinoCore.a(WString.o)
                0x000078c6                _ZN6StringaSEOS_
 .text._ZN6StringaSEPKc
                0x000078dc       0x2a C:\Users\utente\Desktop\CCEC\NOVARA\fw\fwCCEC\TuinoDemo\ArduinoCore\Debug\libArduinoCore.a(WString.o)
                0x000078dc                _ZN6StringaSEPKc
 .text._ZN6StringC2Ec
                0x00007906       0x2e C:\Users\utente\Desktop\CCEC\NOVARA\fw\fwCCEC\TuinoDemo\ArduinoCore\Debug\libArduinoCore.a(WString.o)
                0x00007906                _ZN6StringC1Ec
                0x00007906                _ZN6StringC2Ec
 .text._ZN6StringC2Ehh
                0x00007934       0x56 C:\Users\utente\Desktop\CCEC\NOVARA\fw\fwCCEC\TuinoDemo\ArduinoCore\Debug\libArduinoCore.a(WString.o)
                0x00007934                _ZN6StringC2Ehh
                0x00007934                _ZN6StringC1Ehh
 .text._ZN6StringC2Eih
                0x0000798a       0x54 C:\Users\utente\Desktop\CCEC\NOVARA\fw\fwCCEC\TuinoDemo\ArduinoCore\Debug\libArduinoCore.a(WString.o)
                0x0000798a                _ZN6StringC2Eih
                0x0000798a                _ZN6StringC1Eih
 .text._ZN6StringC2Ejh
                0x000079de       0x54 C:\Users\utente\Desktop\CCEC\NOVARA\fw\fwCCEC\TuinoDemo\ArduinoCore\Debug\libArduinoCore.a(WString.o)
                0x000079de                _ZN6StringC1Ejh
                0x000079de                _ZN6StringC2Ejh
 .text._ZN6StringC2Emh
                0x00007a32       0x56 C:\Users\utente\Desktop\CCEC\NOVARA\fw\fwCCEC\TuinoDemo\ArduinoCore\Debug\libArduinoCore.a(WString.o)
                0x00007a32                _ZN6StringC1Emh
                0x00007a32                _ZN6StringC2Emh
 .text._ZN6StringC2Edh
                0x00007a88       0x5c C:\Users\utente\Desktop\CCEC\NOVARA\fw\fwCCEC\TuinoDemo\ArduinoCore\Debug\libArduinoCore.a(WString.o)
                0x00007a88                _ZN6StringC1Edh
                0x00007a88                _ZN6StringC2Edh
 .text._ZN6String6concatEPKcj
                0x00007ae4       0x58 C:\Users\utente\Desktop\CCEC\NOVARA\fw\fwCCEC\TuinoDemo\ArduinoCore\Debug\libArduinoCore.a(WString.o)
                0x00007ae4                _ZN6String6concatEPKcj
 .text._ZN6String6concatERKS_
                0x00007b3c        0xc C:\Users\utente\Desktop\CCEC\NOVARA\fw\fwCCEC\TuinoDemo\ArduinoCore\Debug\libArduinoCore.a(WString.o)
                0x00007b3c                _ZN6String6concatERKS_
 .text._ZN6String6concatEPKc
                0x00007b48       0x1c C:\Users\utente\Desktop\CCEC\NOVARA\fw\fwCCEC\TuinoDemo\ArduinoCore\Debug\libArduinoCore.a(WString.o)
                0x00007b48                _ZN6String6concatEPKc
 .text._ZN6String6concatEc
                0x00007b64       0x24 C:\Users\utente\Desktop\CCEC\NOVARA\fw\fwCCEC\TuinoDemo\ArduinoCore\Debug\libArduinoCore.a(WString.o)
                0x00007b64                _ZN6String6concatEc
 .text._ZplRK15StringSumHelperRK6String
                0x00007b88       0x22 C:\Users\utente\Desktop\CCEC\NOVARA\fw\fwCCEC\TuinoDemo\ArduinoCore\Debug\libArduinoCore.a(WString.o)
                0x00007b88                _ZplRK15StringSumHelperRK6String
 .text._ZplRK15StringSumHelperPKc
                0x00007baa       0x2e C:\Users\utente\Desktop\CCEC\NOVARA\fw\fwCCEC\TuinoDemo\ArduinoCore\Debug\libArduinoCore.a(WString.o)
                0x00007baa                _ZplRK15StringSumHelperPKc
 .text._ZplRK15StringSumHelperc
                0x00007bd8       0x18 C:\Users\utente\Desktop\CCEC\NOVARA\fw\fwCCEC\TuinoDemo\ArduinoCore\Debug\libArduinoCore.a(WString.o)
                0x00007bd8                _ZplRK15StringSumHelperc
 .text._ZNK6String6equalsEPKc
                0x00007bf0       0x3c C:\Users\utente\Desktop\CCEC\NOVARA\fw\fwCCEC\TuinoDemo\ArduinoCore\Debug\libArduinoCore.a(WString.o)
                0x00007bf0                _ZNK6String6equalsEPKc
 .text._ZNK6String8getBytesEPhjj
                0x00007c2c       0x5c C:\Users\utente\Desktop\CCEC\NOVARA\fw\fwCCEC\TuinoDemo\ArduinoCore\Debug\libArduinoCore.a(WString.o)
                0x00007c2c                _ZNK6String8getBytesEPhjj
 .text._ZNK6String9substringEjj
                0x00007c88       0x86 C:\Users\utente\Desktop\CCEC\NOVARA\fw\fwCCEC\TuinoDemo\ArduinoCore\Debug\libArduinoCore.a(WString.o)
                0x00007c88                _ZNK6String9substringEjj
 .text._ZN6String4trimEv
                0x00007d0e       0xb2 C:\Users\utente\Desktop\CCEC\NOVARA\fw\fwCCEC\TuinoDemo\ArduinoCore\Debug\libArduinoCore.a(WString.o)
                0x00007d0e                _ZN6String4trimEv
 .text._ZNK6String5toIntEv
                0x00007dc0       0x14 C:\Users\utente\Desktop\CCEC\NOVARA\fw\fwCCEC\TuinoDemo\ArduinoCore\Debug\libArduinoCore.a(WString.o)
                0x00007dc0                _ZNK6String5toIntEv
 .text._ZN14HardwareSerial9availableEv
                0x00007dd4       0x18 C:\Users\utente\Desktop\CCEC\NOVARA\fw\fwCCEC\TuinoDemo\ArduinoCore\Debug\libArduinoCore.a(HardwareSerial.o)
                0x00007dd4                _ZN14HardwareSerial9availableEv
 .text._ZN14HardwareSerial4peekEv
                0x00007dec       0x1c C:\Users\utente\Desktop\CCEC\NOVARA\fw\fwCCEC\TuinoDemo\ArduinoCore\Debug\libArduinoCore.a(HardwareSerial.o)
                0x00007dec                _ZN14HardwareSerial4peekEv
 .text._ZN14HardwareSerial4readEv
                0x00007e08       0x28 C:\Users\utente\Desktop\CCEC\NOVARA\fw\fwCCEC\TuinoDemo\ArduinoCore\Debug\libArduinoCore.a(HardwareSerial.o)
                0x00007e08                _ZN14HardwareSerial4readEv
 .text._ZN14HardwareSerial17availableForWriteEv
                0x00007e30       0x1e C:\Users\utente\Desktop\CCEC\NOVARA\fw\fwCCEC\TuinoDemo\ArduinoCore\Debug\libArduinoCore.a(HardwareSerial.o)
                0x00007e30                _ZN14HardwareSerial17availableForWriteEv
 .text._Z14serialEventRunv
                0x00007e4e       0x1a C:\Users\utente\Desktop\CCEC\NOVARA\fw\fwCCEC\TuinoDemo\ArduinoCore\Debug\libArduinoCore.a(HardwareSerial.o)
                0x00007e4e                _Z14serialEventRunv
 .text._ZN14HardwareSerial17_tx_udr_empty_irqEv
                0x00007e68       0x44 C:\Users\utente\Desktop\CCEC\NOVARA\fw\fwCCEC\TuinoDemo\ArduinoCore\Debug\libArduinoCore.a(HardwareSerial.o)
                0x00007e68                _ZN14HardwareSerial17_tx_udr_empty_irqEv
 .text._ZN14HardwareSerial5writeEh
                0x00007eac       0x98 C:\Users\utente\Desktop\CCEC\NOVARA\fw\fwCCEC\TuinoDemo\ArduinoCore\Debug\libArduinoCore.a(HardwareSerial.o)
                0x00007eac                _ZN14HardwareSerial5writeEh
 .text._ZN14HardwareSerial5flushEv
                0x00007f44       0x42 C:\Users\utente\Desktop\CCEC\NOVARA\fw\fwCCEC\TuinoDemo\ArduinoCore\Debug\libArduinoCore.a(HardwareSerial.o)
                0x00007f44                _ZN14HardwareSerial5flushEv
 .text.__empty  0x00007f86        0x2 C:\Users\utente\Desktop\CCEC\NOVARA\fw\fwCCEC\TuinoDemo\ArduinoCore\Debug\libArduinoCore.a(hooks.o)
                0x00007f86                yield
 .text.libgcc.div
                0x00007f88       0x18 c:/program files (x86)/atmel/studio/7.0/toolchain/avr8/avr8-gnu-toolchain/bin/../lib/gcc/avr/5.4.0/avr51\libgcc.a(_udivmodqi4.o)
                0x00007f88                __udivmodqi4
 .text.libgcc.div
                0x00007fa0       0x28 c:/program files (x86)/atmel/studio/7.0/toolchain/avr8/avr8-gnu-toolchain/bin/../lib/gcc/avr/5.4.0/avr51\libgcc.a(_udivmodhi4.o)
                0x00007fa0                __udivmodhi4
 .text.libgcc.div
                0x00007fc8       0x44 c:/program files (x86)/atmel/studio/7.0/toolchain/avr8/avr8-gnu-toolchain/bin/../lib/gcc/avr/5.4.0/avr51\libgcc.a(_udivmodsi4.o)
                0x00007fc8                __udivmodsi4
 .text.libgcc   0x0000800c       0x12 c:/program files (x86)/atmel/studio/7.0/toolchain/avr8/avr8-gnu-toolchain/bin/../lib/gcc/avr/5.4.0/avr51\libgcc.a(_tablejump2.o)
                0x0000800c                __tablejump2__
 .text.libgcc.mul
                0x0000801e       0x1e c:/program files (x86)/atmel/studio/7.0/toolchain/avr8/avr8-gnu-toolchain/bin/../lib/gcc/avr/5.4.0/avr51\libgcc.a(_umulhisi3.o)
                0x0000801e                __umulhisi3
 .text.libgcc.mul
                0x0000803c       0x14 c:/program files (x86)/atmel/studio/7.0/toolchain/avr8/avr8-gnu-toolchain/bin/../lib/gcc/avr/5.4.0/avr51\libgcc.a(_muluhisi3.o)
                0x0000803c                __muluhisi3
 .text.avr-libc
                0x00008050       0x3e c:/program files (x86)/atmel/studio/7.0/toolchain/avr8/avr8-gnu-toolchain/bin/../lib/gcc/avr/5.4.0/../../../../avr/lib/avr51\libc.a(dtostrf.o)
                0x00008050                dtostrf
 .text.avr-libc
                0x0000808e      0x242 c:/program files (x86)/atmel/studio/7.0/toolchain/avr8/avr8-gnu-toolchain/bin/../lib/gcc/avr/5.4.0/../../../../avr/lib/avr51\libc.a(malloc.o)
                0x0000808e                malloc
                0x000081be                free
 .text.avr-libc
                0x000082d0      0x1c0 c:/program files (x86)/atmel/studio/7.0/toolchain/avr8/avr8-gnu-toolchain/bin/../lib/gcc/avr/5.4.0/../../../../avr/lib/avr51\libc.a(realloc.o)
                0x000082d0                realloc
 .text.avr-libc
                0x00008490        0x8 c:/program files (x86)/atmel/studio/7.0/toolchain/avr8/avr8-gnu-toolchain/bin/../lib/gcc/avr/5.4.0/../../../../avr/lib/avr51\libc.a(abort.o)
                0x00008490                abort
 .text.avr-libc
                0x00008498       0x4c c:/program files (x86)/atmel/studio/7.0/toolchain/avr8/avr8-gnu-toolchain/bin/../lib/gcc/avr/5.4.0/../../../../avr/lib/avr51\libc.a(atol.o)
                0x00008498                atol
 .text.avr-libc
                0x000084e4       0x10 c:/program files (x86)/atmel/studio/7.0/toolchain/avr8/avr8-gnu-toolchain/bin/../lib/gcc/avr/5.4.0/../../../../avr/lib/avr51\libc.a(isspace.o)
                0x000084e4                isspace
 .text.avr-libc
                0x000084f4       0x12 c:/program files (x86)/atmel/studio/7.0/toolchain/avr8/avr8-gnu-toolchain/bin/../lib/gcc/avr/5.4.0/../../../../avr/lib/avr51\libc.a(memcpy_P.o)
                0x000084f4                memcpy_P
 .text.avr-libc
                0x00008506       0x12 c:/program files (x86)/atmel/studio/7.0/toolchain/avr8/avr8-gnu-toolchain/bin/../lib/gcc/avr/5.4.0/../../../../avr/lib/avr51\libc.a(memcpy.o)
                0x00008506                memcpy
 .text.avr-libc
                0x00008518       0x12 c:/program files (x86)/atmel/studio/7.0/toolchain/avr8/avr8-gnu-toolchain/bin/../lib/gcc/avr/5.4.0/../../../../avr/lib/avr51\libc.a(strcmp.o)
                0x00008518                strcmp
 .text.avr-libc
                0x0000852a        0xe c:/program files (x86)/atmel/studio/7.0/toolchain/avr8/avr8-gnu-toolchain/bin/../lib/gcc/avr/5.4.0/../../../../avr/lib/avr51\libc.a(strcpy.o)
                0x0000852a                strcpy
 .text.avr-libc
                0x00008538       0x1c c:/program files (x86)/atmel/studio/7.0/toolchain/avr8/avr8-gnu-toolchain/bin/../lib/gcc/avr/5.4.0/../../../../avr/lib/avr51\libc.a(strncmp.o)
                0x00008538                strncmp
 .text.avr-libc
                0x00008554       0x1e c:/program files (x86)/atmel/studio/7.0/toolchain/avr8/avr8-gnu-toolchain/bin/../lib/gcc/avr/5.4.0/../../../../avr/lib/avr51\libc.a(strncpy.o)
                0x00008554                strncpy
 .text.avr-libc
                0x00008572       0x14 c:/program files (x86)/atmel/studio/7.0/toolchain/avr8/avr8-gnu-toolchain/bin/../lib/gcc/avr/5.4.0/../../../../avr/lib/avr51\libc.a(itoa.o)
                0x00008572                __itoa
                0x00008572                itoa
 .text.avr-libc
                0x00008586       0x14 c:/program files (x86)/atmel/studio/7.0/toolchain/avr8/avr8-gnu-toolchain/bin/../lib/gcc/avr/5.4.0/../../../../avr/lib/avr51\libc.a(itoa_ncheck.o)
                0x00008586                __itoa_ncheck
 .text.avr-libc
                0x0000859a       0x2a c:/program files (x86)/atmel/studio/7.0/toolchain/avr8/avr8-gnu-toolchain/bin/../lib/gcc/avr/5.4.0/../../../../avr/lib/avr51\libc.a(mulsi10.o)
                0x0000859a                __mulsi_const_10
 .text.avr-libc
                0x000085c4       0x14 c:/program files (x86)/atmel/studio/7.0/toolchain/avr8/avr8-gnu-toolchain/bin/../lib/gcc/avr/5.4.0/../../../../avr/lib/avr51\libc.a(ultoa.o)
                0x000085c4                ultoa
                0x000085c4                __ultoa
 .text.avr-libc
                0x000085d8       0x42 c:/program files (x86)/atmel/studio/7.0/toolchain/avr8/avr8-gnu-toolchain/bin/../lib/gcc/avr/5.4.0/../../../../avr/lib/avr51\libc.a(ultoa_ncheck.o)
                0x000085d8                __ultoa_ncheck
                0x000085da                __ultoa_common
 .text.avr-libc
                0x0000861a       0x14 c:/program files (x86)/atmel/studio/7.0/toolchain/avr8/avr8-gnu-toolchain/bin/../lib/gcc/avr/5.4.0/../../../../avr/lib/avr51\libc.a(utoa.o)
                0x0000861a                __utoa
                0x0000861a                utoa
 .text.avr-libc
                0x0000862e       0x32 c:/program files (x86)/atmel/studio/7.0/toolchain/avr8/avr8-gnu-toolchain/bin/../lib/gcc/avr/5.4.0/../../../../avr/lib/avr51\libc.a(utoa_ncheck.o)
                0x0000862e                __utoa_ncheck
                0x00008630                __utoa_common
 .text.avr-libc
                0x00008660      0x2ec c:/program files (x86)/atmel/studio/7.0/toolchain/avr8/avr8-gnu-toolchain/bin/../lib/gcc/avr/5.4.0/../../../../avr/lib/avr51\libc.a(dtoa_prf.o)
                0x00008660                dtoa_prf
 .text.avr-libc
                0x0000894c      0x1b0 c:/program files (x86)/atmel/studio/7.0/toolchain/avr8/avr8-gnu-toolchain/bin/../lib/gcc/avr/5.4.0/../../../../avr/lib/avr51\libc.a(ftoa_engine.o)
                0x0000894c                __ftoa_engine
 .text.avr-libc
                0x00008afc        0x6 c:/program files (x86)/atmel/studio/7.0/toolchain/avr8/avr8-gnu-toolchain/bin/../lib/gcc/avr/5.4.0/../../../../avr/lib/avr51\libc.a(cty_isfalse.o)
                0x00008afc                __ctype_isfalse
                0x00008b00                __ctype_istrue
 .text.avr-libc
                0x00008b02       0x20 c:/program files (x86)/atmel/studio/7.0/toolchain/avr8/avr8-gnu-toolchain/bin/../lib/gcc/avr/5.4.0/../../../../avr/lib/avr51\libc.a(strrev.o)
                0x00008b02                strrev
 .text.avr-libc
                0x00008b22       0x10 C:/Program Files (x86)/Atmel/Studio/7.0/Packs/atmel/ATmega_DFP/1.2.209/gcc/dev/atmega1284p/avr51\libatmega1284p.a(eerd_byte.o)
                0x00008b22                eeprom_read_byte
 .text.avr-libc
                0x00008b32       0x1c C:/Program Files (x86)/Atmel/Studio/7.0/Packs/atmel/ATmega_DFP/1.2.209/gcc/dev/atmega1284p/avr51\libatmega1284p.a(eewr_byte.o)
                0x00008b32                eeprom_write_byte
                0x00008b34                eeprom_write_r18
                0x00008b4e                . = ALIGN (0x2)
 *(.fini9)
 .fini9         0x00008b4e        0x0 c:/program files (x86)/atmel/studio/7.0/toolchain/avr8/avr8-gnu-toolchain/bin/../lib/gcc/avr/5.4.0/avr51\libgcc.a(_exit.o)
                0x00008b4e                _exit
                0x00008b4e                exit
 *(.fini9)
 *(.fini8)
 *(.fini8)
 *(.fini7)
 *(.fini7)
 *(.fini6)
 .fini6         0x00008b4e       0x14 c:/program files (x86)/atmel/studio/7.0/toolchain/avr8/avr8-gnu-toolchain/bin/../lib/gcc/avr/5.4.0/avr51\libgcc.a(_dtors.o)
                0x00008b4e                __do_global_dtors
 *(.fini6)
 *(.fini5)
 *(.fini5)
 *(.fini4)
 *(.fini4)
 *(.fini3)
 *(.fini3)
 *(.fini2)
 *(.fini2)
 *(.fini1)
 *(.fini1)
 *(.fini0)
 .fini0         0x00008b62        0x4 c:/program files (x86)/atmel/studio/7.0/toolchain/avr8/avr8-gnu-toolchain/bin/../lib/gcc/avr/5.4.0/avr51\libgcc.a(_exit.o)
 *(.fini0)
                0x00008b66                _etext = .

.data           0x00800100      0x976 load address 0x00008b66
                0x00800100                PROVIDE (__data_start, .)
 *(.data)
 .data          0x00800100        0x6 c:/program files (x86)/atmel/studio/7.0/toolchain/avr8/avr8-gnu-toolchain/bin/../lib/gcc/avr/5.4.0/../../../../avr/lib/avr51\libc.a(malloc.o)
                0x00800100                __malloc_heap_end
                0x00800102                __malloc_heap_start
                0x00800104                __malloc_margin
 *(.data*)
 .data.MappaKeys
                0x00800106       0x10 Sketch.o
                0x00800106                MappaKeys
 .data.TmaxInviodati
                0x00800116        0x4 Sketch.o
                0x00800116                TmaxInviodati
 .data.TmaxErogazione
                0x0080011a        0x4 Sketch.o
                0x0080011a                TmaxErogazione
 .data.TsgancioPistola
                0x0080011e        0x4 Sketch.o
                0x0080011e                TsgancioPistola
 .data.TselDistributore
                0x00800122        0x4 Sketch.o
                0x00800122                TselDistributore
 .data.TinputKM
                0x00800126        0x4 Sketch.o
                0x00800126                TinputKM
 .data.TinputTarga
                0x0080012a        0x4 Sketch.o
                0x0080012a                TinputTarga
 .data.mac      0x0080012e        0x6 Sketch.o
                0x0080012e                mac
 .data.serverREST
                0x00800134       0x12 Sketch.o
                0x00800134                serverREST
 .data.CodSede  0x00800146        0x7 Sketch.o
                0x00800146                CodSede
 .data.debounceDelay
                0x0080014d        0x4 Sketch.o
                0x0080014d                debounceDelay
 .data.ImpulsiLitro
                0x00800151        0x2 Sketch.o
                0x00800151                ImpulsiLitro
 .data.HTTP_len_response
                0x00800153        0x2 Sketch.o
                0x00800153                HTTP_len_response
 .data.Clessidra
                0x00800155        0x8 Sketch.o
                0x00800155                Clessidra
 .data.pn532response_firmwarevers
                0x0080015d        0x6 src/libraries/NFC-PN532/NFC_PN532.o
                0x0080015d                pn532response_firmwarevers
 .data.pn532ack
                0x00800163        0x6 src/libraries/NFC-PN532/NFC_PN532.o
                0x00800163                pn532ack
 .data._ZN14EthernetClient8_srcportE
                0x00800169        0x2 src/libraries/Ethernet2/src/EthernetClient.o
                0x00800169                _ZN14EthernetClient8_srcportE
 *(.gnu.linkonce.d*)
 *(.rodata)
 .rodata        0x0080016b       0x78 Sketch.o
 .rodata        0x008001e3        0x8 src/libraries/LiquidCrystal/src/LCD.o
 *(.rodata*)
 .rodata.str1.1
                0x008001eb      0x7ca Sketch.o
                                0x800 (size before relaxing)
 .rodata.._11   0x008009b5       0x10 Sketch.o
 .rodata.str1.1
                0x008009c5        0x9 src/libraries/NFC-PN532/NFC_PN532.o
                                  0xc (size before relaxing)
 .rodata._ZTV14EthernetClient
                0x008009ce       0x22 src/libraries/Ethernet2/src/EthernetClient.o
                0x008009ce                _ZTV14EthernetClient
 .rodata._ZTV11EthernetUDP
                0x008009f0       0x28 src/libraries/Ethernet2/src/EthernetUdp2.o
                0x008009f0                _ZTV11EthernetUDP
 .rodata._ZTV3LCD
                0x00800a18       0x14 src/libraries/LiquidCrystal/src/LCD.o
                0x00800a18                _ZTV3LCD
 .rodata._ZTV17LiquidCrystal_I2C
                0x00800a2c       0x14 src/libraries/LiquidCrystal/src/LiquidCrystal_I2C.o
                0x00800a2c                _ZTV17LiquidCrystal_I2C
 .rodata._ZTV7TwoWire
                0x00800a40       0x12 src/libraries/Wire/src/Wire.o
                0x00800a40                _ZTV7TwoWire
 .rodata._ZTV9IPAddress
                0x00800a52        0x6 C:\Users\utente\Desktop\CCEC\NOVARA\fw\fwCCEC\TuinoDemo\ArduinoCore\Debug\libArduinoCore.a(IPAddress.o)
                0x00800a52                _ZTV9IPAddress
 .rodata.str1.1
                0x00800a58        0xc C:\Users\utente\Desktop\CCEC\NOVARA\fw\fwCCEC\TuinoDemo\ArduinoCore\Debug\libArduinoCore.a(Print.o)
                                  0xf (size before relaxing)
 .rodata.str1.1
                0x00800a64        0x1 C:\Users\utente\Desktop\CCEC\NOVARA\fw\fwCCEC\TuinoDemo\ArduinoCore\Debug\libArduinoCore.a(WString.o)
 .rodata._ZTV14HardwareSerial
                0x00800a64       0x12 C:\Users\utente\Desktop\CCEC\NOVARA\fw\fwCCEC\TuinoDemo\ArduinoCore\Debug\libArduinoCore.a(HardwareSerial.o)
                0x00800a64                _ZTV14HardwareSerial
 *(.gnu.linkonce.r*)
                0x00800a76                . = ALIGN (0x2)
                0x00800a76                _edata = .
                0x00800a76                PROVIDE (__data_end, .)

.bss            0x00800a76      0x348
                0x00800a76                PROVIDE (__bss_start, .)
 *(.bss)
 *(.bss*)
 .bss.gpio      0x00800a76        0x3 Sketch.o
                0x00800a76                gpio
 .bss.KM        0x00800a79        0x6 Sketch.o
                0x00800a79                KM
 .bss.TARGA     0x00800a7f        0x6 Sketch.o
                0x00800a7f                TARGA
 .bss.nowTimer  0x00800a85        0x6 Sketch.o
                0x00800a85                nowTimer
 .bss.Timer     0x00800a8b        0x4 Sketch.o
                0x00800a8b                Timer
 .bss.UltimoPassaggioStato
                0x00800a8f        0x4 Sketch.o
                0x00800a8f                UltimoPassaggioStato
 .bss.secs      0x00800a93        0x4 Sketch.o
                0x00800a93                secs
 .bss.DS3231M   0x00800a97        0xc Sketch.o
                0x00800a97                DS3231M
 .bss.clientATE
                0x00800aa3        0xd Sketch.o
                0x00800aa3                clientATE
 .bss.clientLOCAL
                0x00800ab0        0xd Sketch.o
                0x00800ab0                clientLOCAL
 .bss.subnet    0x00800abd        0x6 Sketch.o
                0x00800abd                subnet
 .bss.gateway   0x00800ac3        0x6 Sketch.o
                0x00800ac3                gateway
 .bss.myDns     0x00800ac9        0x6 Sketch.o
                0x00800ac9                myDns
 .bss.ipCCEC    0x00800acf        0x6 Sketch.o
                0x00800acf                ipCCEC
 .bss.righeDisplay
                0x00800ad5       0x18 Sketch.o
                0x00800ad5                righeDisplay
 .bss.Messaggio
                0x00800aed        0x6 Sketch.o
                0x00800aed                Messaggio
 .bss.Risposta  0x00800af3        0x6 Sketch.o
                0x00800af3                Risposta
 .bss.RaccoltaDati
                0x00800af9       0x24 Sketch.o
                0x00800af9                RaccoltaDati
 .bss.RispostaHTTP
                0x00800b1d        0x6 Sketch.o
                0x00800b1d                RispostaHTTP
 .bss.distr_selezionato
                0x00800b23        0x1 Sketch.o
                0x00800b23                distr_selezionato
 .bss.impulsi   0x00800b24        0x2 Sketch.o
                0x00800b24                impulsi
 .bss.stato_procedura
                0x00800b26        0x2 Sketch.o
                0x00800b26                stato_procedura
 .bss.Connected
                0x00800b28        0x2 Sketch.o
                0x00800b28                Connected
 .bss.strURLAPI
                0x00800b2a        0x6 Sketch.o
                0x00800b2a                strURLAPI
 .bss.StatoAttuale
                0x00800b30        0x6 Sketch.o
                0x00800b30                StatoAttuale
 .bss.nfc       0x00800b36       0x17 Sketch.o
                0x00800b36                nfc
 .bss.lcd       0x00800b4d       0x18 Sketch.o
                0x00800b4d                lcd
 .bss.alreadyTimbrata
                0x00800b65        0x1 Sketch.o
                0x00800b65                alreadyTimbrata
 .bss.uidMezzo  0x00800b66        0x7 Sketch.o
                0x00800b66                uidMezzo
 .bss.uidLength
                0x00800b6d        0x1 Sketch.o
                0x00800b6d                uidLength
 .bss.success   0x00800b6e        0x1 Sketch.o
                0x00800b6e                success
 .bss.mezzo     0x00800b6f       0x12 Sketch.o
                0x00800b6f                mezzo
 .bss.intConsecutiveNonPresses
                0x00800b81        0x2 Sketch.o
                0x00800b81                intConsecutiveNonPresses
 .bss.intConsecutivePresses
                0x00800b83        0x2 Sketch.o
                0x00800b83                intConsecutivePresses
 .bss.Parametri
                0x00800b85       0x38 Sketch.o
                0x00800b85                Parametri
 .bss.ParametriCCEC
                0x00800bbd        0x2 Sketch.o
                0x00800bbd                ParametriCCEC
 .bss._ZL11INADDR_NONE
                0x00800bbf        0x6 Sketch.o
 .bss.pn532_packetbuffer
                0x00800bc5       0x40 src/libraries/NFC-PN532/NFC_PN532.o
                0x00800bc5                pn532_packetbuffer
 .bss._ZL11INADDR_NONE
                0x00800c05        0x6 src/libraries/Ethernet2/src/Dhcp.o
 .bss._ZL11INADDR_NONE
                0x00800c0b        0x6 src/libraries/Ethernet2/src/Dns.o
 .bss.Ethernet  0x00800c11        0xd src/libraries/Ethernet2/src/Ethernet2.o
                0x00800c11                Ethernet
 .bss._ZN13EthernetClass12_server_portE
                0x00800c1e       0x10 src/libraries/Ethernet2/src/Ethernet2.o
                0x00800c1e                _ZN13EthernetClass12_server_portE
 .bss._ZL11INADDR_NONE
                0x00800c2e        0x6 src/libraries/Ethernet2/src/Ethernet2.o
 .bss._ZL11INADDR_NONE
                0x00800c34        0x6 src/libraries/Ethernet2/src/EthernetClient.o
 .bss._ZL11INADDR_NONE
                0x00800c3a        0x6 src/libraries/Ethernet2/src/EthernetServer.o
 .bss._ZL11INADDR_NONE
                0x00800c40        0x6 src/libraries/Ethernet2/src/EthernetUdp2.o
 .bss._ZL10local_port
                0x00800c46        0x2 src/libraries/Ethernet2/src/utility/socket.o
 .bss.SPI_CS    0x00800c48        0x1 src/libraries/Ethernet2/src/utility/w5500.o
                0x00800c48                SPI_CS
 .bss.wiznet_SPI_settings
                0x00800c49        0x2 src/libraries/Ethernet2/src/utility/w5500.o
                0x00800c49                wiznet_SPI_settings
 .bss.w5500     0x00800c4b        0x1 src/libraries/Ethernet2/src/utility/w5500.o
                0x00800c4b                w5500
 .bss._ZN8SPIClass13interruptSaveE
                0x00800c4c        0x1 src/libraries/SPI/src/SPI.o
                0x00800c4c                _ZN8SPIClass13interruptSaveE
 .bss._ZN8SPIClass13interruptMaskE
                0x00800c4d        0x1 src/libraries/SPI/src/SPI.o
                0x00800c4d                _ZN8SPIClass13interruptMaskE
 .bss._ZN8SPIClass13interruptModeE
                0x00800c4e        0x1 src/libraries/SPI/src/SPI.o
                0x00800c4e                _ZN8SPIClass13interruptModeE
 .bss._ZN8SPIClass11initializedE
                0x00800c4f        0x1 src/libraries/SPI/src/SPI.o
                0x00800c4f                _ZN8SPIClass11initializedE
 .bss.twi_error
                0x00800c50        0x1 src/libraries/Wire/src/utility/twi.o
 .bss.twi_rxBufferIndex
                0x00800c51        0x1 src/libraries/Wire/src/utility/twi.o
 .bss.twi_rxBuffer
                0x00800c52       0x20 src/libraries/Wire/src/utility/twi.o
 .bss.twi_txBufferLength