Archive member included to satisfy reference by file (symbol)

c:/program files (x86)/atmel/studio/7.0/toolchain/avr8/avr8-gnu-toolchain/bin/../lib/gcc/avr/5.4.0/../../../../avr/lib/avr51\libm.a(cmpsf2.o)
                              src/libraries/SPIMemory/src/SPIFlash.o (__nesf2)
c:/program files (x86)/atmel/studio/7.0/toolchain/avr8/avr8-gnu-toolchain/bin/../lib/gcc/avr/5.4.0/../../../../avr/lib/avr51\libm.a(divsf3.o)
                              Sketch.o (__divsf3)
c:/program files (x86)/atmel/studio/7.0/toolchain/avr8/avr8-gnu-toolchain/bin/../lib/gcc/avr/5.4.0/../../../../avr/lib/avr51\libm.a(divsf3x.o)
                              c:/program files (x86)/atmel/studio/7.0/toolchain/avr8/avr8-gnu-toolchain/bin/../lib/gcc/avr/5.4.0/../../../../avr/lib/avr51\libm.a(divsf3.o) (__divsf3x)
c:/program files (x86)/atmel/studio/7.0/toolchain/avr8/avr8-gnu-toolchain/bin/../lib/gcc/avr/5.4.0/../../../../avr/lib/avr51\libm.a(floatsisf.o)
                              Sketch.o (__floatsisf)
c:/program files (x86)/atmel/studio/7.0/toolchain/avr8/avr8-gnu-toolchain/bin/../lib/gcc/avr/5.4.0/../../../../avr/lib/avr51\libm.a(fp_cmp.o)
                              c:/program files (x86)/atmel/studio/7.0/toolchain/avr8/avr8-gnu-toolchain/bin/../lib/gcc/avr/5.4.0/../../../../avr/lib/avr51\libm.a(cmpsf2.o) (__fp_cmp)
c:/program files (x86)/atmel/studio/7.0/toolchain/avr8/avr8-gnu-toolchain/bin/../lib/gcc/avr/5.4.0/../../../../avr/lib/avr51\libm.a(fp_inf.o)
                              c:/program files (x86)/atmel/studio/7.0/toolchain/avr8/avr8-gnu-toolchain/bin/../lib/gcc/avr/5.4.0/../../../../avr/lib/avr51\libm.a(divsf3x.o) (__fp_inf)
c:/program files (x86)/atmel/studio/7.0/toolchain/avr8/avr8-gnu-toolchain/bin/../lib/gcc/avr/5.4.0/../../../../avr/lib/avr51\libm.a(fp_nan.o)
                              c:/program files (x86)/atmel/studio/7.0/toolchain/avr8/avr8-gnu-toolchain/bin/../lib/gcc/avr/5.4.0/../../../../avr/lib/avr51\libm.a(divsf3x.o) (__fp_nan)
c:/program files (x86)/atmel/studio/7.0/toolchain/avr8/avr8-gnu-toolchain/bin/../lib/gcc/avr/5.4.0/../../../../avr/lib/avr51\libm.a(fp_pscA.o)
                              c:/program files (x86)/atmel/studio/7.0/toolchain/avr8/avr8-gnu-toolchain/bin/../lib/gcc/avr/5.4.0/../../../../avr/lib/avr51\libm.a(divsf3x.o) (__fp_pscA)
c:/program files (x86)/atmel/studio/7.0/toolchain/avr8/avr8-gnu-toolchain/bin/../lib/gcc/avr/5.4.0/../../../../avr/lib/avr51\libm.a(fp_pscB.o)
                              c:/program files (x86)/atmel/studio/7.0/toolchain/avr8/avr8-gnu-toolchain/bin/../lib/gcc/avr/5.4.0/../../../../avr/lib/avr51\libm.a(divsf3x.o) (__fp_pscB)
c:/program files (x86)/atmel/studio/7.0/toolchain/avr8/avr8-gnu-toolchain/bin/../lib/gcc/avr/5.4.0/../../../../avr/lib/avr51\libm.a(fp_round.o)
                              c:/program files (x86)/atmel/studio/7.0/toolchain/avr8/avr8-gnu-toolchain/bin/../lib/gcc/avr/5.4.0/../../../../avr/lib/avr51\libm.a(divsf3.o) (__fp_round)
c:/program files (x86)/atmel/studio/7.0/toolchain/avr8/avr8-gnu-toolchain/bin/../lib/gcc/avr/5.4.0/../../../../avr/lib/avr51\libm.a(fp_split3.o)
                              c:/program files (x86)/atmel/studio/7.0/toolchain/avr8/avr8-gnu-toolchain/bin/../lib/gcc/avr/5.4.0/../../../../avr/lib/avr51\libm.a(divsf3x.o) (__fp_split3)
c:/program files (x86)/atmel/studio/7.0/toolchain/avr8/avr8-gnu-toolchain/bin/../lib/gcc/avr/5.4.0/../../../../avr/lib/avr51\libm.a(fp_zero.o)
                              c:/program files (x86)/atmel/studio/7.0/toolchain/avr8/avr8-gnu-toolchain/bin/../lib/gcc/avr/5.4.0/../../../../avr/lib/avr51\libm.a(divsf3x.o) (__fp_szero)
C:\Users\Administrator\Desktop\Firmware\repo\CCEC\TuinoDemo\ArduinoCore\Debug\libArduinoCore.a(abi.o)
                              src/libraries/LiquidCrystal/src/LCD.o (__cxa_pure_virtual)
C:\Users\Administrator\Desktop\Firmware\repo\CCEC\TuinoDemo\ArduinoCore\Debug\libArduinoCore.a(HardwareSerial0.o)
                              Sketch.o (Serial)
C:\Users\Administrator\Desktop\Firmware\repo\CCEC\TuinoDemo\ArduinoCore\Debug\libArduinoCore.a(IPAddress.o)
                              Sketch.o (_ZTV9IPAddress)
C:\Users\Administrator\Desktop\Firmware\repo\CCEC\TuinoDemo\ArduinoCore\Debug\libArduinoCore.a(main.o)
                              C:/Program Files (x86)/Atmel/Studio/7.0/Packs/atmel/ATmega_DFP/1.2.209/gcc/dev/atmega1284p/avr51/crtatmega1284p.o (main)
C:\Users\Administrator\Desktop\Firmware\repo\CCEC\TuinoDemo\ArduinoCore\Debug\libArduinoCore.a(new.o)
                              src/libraries/Ethernet2/src/Ethernet2.o (_Znwj)
C:\Users\Administrator\Desktop\Firmware\repo\CCEC\TuinoDemo\ArduinoCore\Debug\libArduinoCore.a(Print.o)
                              src/libraries/LiquidCrystal/src/LCD.o (_ZN5Print5writeEPKhj)
C:\Users\Administrator\Desktop\Firmware\repo\CCEC\TuinoDemo\ArduinoCore\Debug\libArduinoCore.a(wiring.o)
                              src/libraries/Ethernet2/src/Dhcp.o (millis)
[...]
Memory Configuration

Name             Origin             Length             Attributes
text             0x00000000         0x00020000         xr
data             0x00800100         0x0000ff00         rw !x
eeprom           0x00810000         0x00010000         rw !x
fuse             0x00820000         0x00000003         rw !x
lock             0x00830000         0x00000400         rw !x
signature        0x00840000         0x00000400         rw !x
user_signatures  0x00850000         0x00000400         rw !x
*default*        0x00000000         0xffffffff

Linker script and memory map

Address of section .data set to 0x800100
LOAD C:/Program Files (x86)/Atmel/Studio/7.0/Packs/atmel/ATmega_DFP/1.2.209/gcc/dev/atmega1284p/avr51/crtatmega1284p.o
LOAD Sketch.o
LOAD src/libraries/Adafruit-PN532/Adafruit_PN532.o
LOAD src/libraries/DS3231M/src/DS3231M.o
LOAD src/libraries/Ethernet2/src/Dhcp.o
LOAD src/libraries/Ethernet2/src/Dns.o
LOAD src/libraries/Ethernet2/src/Ethernet2.o
LOAD src/libraries/Ethernet2/src/EthernetClient.o
LOAD src/libraries/Ethernet2/src/EthernetServer.o
LOAD src/libraries/Ethernet2/src/EthernetUdp2.o
LOAD src/libraries/Ethernet2/src/Twitter.o
LOAD src/libraries/Ethernet2/src/utility/socket.o
LOAD src/libraries/Ethernet2/src/utility/w5500.o
LOAD src/libraries/Keypad/src/i2ckeypad.o
LOAD src/libraries/Keypad/src/Key.o
LOAD src/libraries/Keypad/src/Keypad.o
LOAD src/libraries/Keypad/src/Keypad_I2C.o
LOAD src/libraries/LiquidCrystal/src/I2CIO.o
LOAD src/libraries/LiquidCrystal/src/LCD.o
LOAD src/libraries/LiquidCrystal/src/LiquidCrystal.o
LOAD src/libraries/LiquidCrystal/src/LiquidCrystal_I2C.o
LOAD src/libraries/SPIMemory/src/diagnostics.o
LOAD src/libraries/SPIMemory/src/DMASAM.o
LOAD src/libraries/SPIMemory/src/SPIFlash.o
LOAD src/libraries/SPIMemory/src/SPIFlashIO.o
LOAD src/libraries/SPIMemory/src/SPIFlashSFDP.o
LOAD src/libraries/SPIMemory/src/SPIFram.o
LOAD src/libraries/SPIMemory/src/SPIFramIO.o
LOAD src/libraries/SPIMemory/src/SPIMemory.o
LOAD src/libraries/SPI/src/SPI.o
LOAD src/libraries/Wire/src/utility/twi.o
LOAD src/libraries/Wire/src/Wire.o
START GROUP
LOAD c:/program files (x86)/atmel/studio/7.0/toolchain/avr8/avr8-gnu-toolchain/bin/../lib/gcc/avr/5.4.0/../../../../avr/lib/avr51\libm.a
LOAD C:\Users\Administrator\Desktop\Firmware\repo\CCEC\TuinoDemo\ArduinoCore\Debug\libArduinoCore.a
END GROUP
LOAD c:/program files (x86)/atmel/studio/7.0/toolchain/avr8/avr8-gnu-toolchain/bin/../lib/gcc/avr/5.4.0/avr51\libgcc.a
LOAD c:/program files (x86)/atmel/studio/7.0/toolchain/avr8/avr8-gnu-toolchain/bin/../lib/gcc/avr/5.4.0/../../../../avr/lib/avr51\libm.a
START GROUP
LOAD c:/program files (x86)/atmel/studio/7.0/toolchain/avr8/avr8-gnu-toolchain/bin/../lib/gcc/avr/5.4.0/avr51\libgcc.a
LOAD c:/program files (x86)/atmel/studio/7.0/toolchain/avr8/avr8-gnu-toolchain/bin/../lib/gcc/avr/5.4.0/../../../../avr/lib/avr51\libm.a
LOAD c:/program files (x86)/atmel/studio/7.0/toolchain/avr8/avr8-gnu-toolchain/bin/../lib/gcc/avr/5.4.0/../../../../avr/lib/avr51\libc.a
LOAD C:/Program Files (x86)/Atmel/Studio/7.0/Packs/atmel/ATmega_DFP/1.2.209/gcc/dev/atmega1284p/avr51\libatmega1284p.a
END GROUP
                0x00020000                __TEXT_REGION_LENGTH__ = DEFINED (__TEXT_REGION_LENGTH__)?__TEXT_REGION_LENGTH__:0x20000
                0x0000ff00                __DATA_REGION_LENGTH__ = DEFINED (__DATA_REGION_LENGTH__)?__DATA_REGION_LENGTH__:0xff00
                0x00010000                __EEPROM_REGION_LENGTH__ = DEFINED (__EEPROM_REGION_LENGTH__)?__EEPROM_REGION_LENGTH__:0x10000
                [0x00000003]                __FUSE_REGION_LENGTH__ = DEFINED (__FUSE_REGION_LENGTH__)?__FUSE_REGION_LENGTH__:0x400
                0x00000400                __LOCK_REGION_LENGTH__ = DEFINED (__LOCK_REGION_LENGTH__)?__LOCK_REGION_LENGTH__:0x400
                0x00000400                __SIGNATURE_REGION_LENGTH__ = DEFINED (__SIGNATURE_REGION_LENGTH__)?__SIGNATURE_REGION_LENGTH__:0x400
                0x00000400                __USER_SIGNATURE_REGION_LENGTH__ = DEFINED (__USER_SIGNATURE_REGION_LENGTH__)?__USER_SIGNATURE_REGION_LENGTH__:0x400

.hash
 *(.hash)

.dynsym
 *(.dynsym)

.dynstr
 *(.dynstr)

.gnu.version
 *(.gnu.version)

.gnu.version_d
 *(.gnu.version_d)

.gnu.version_r
 *(.gnu.version_r)

.rel.init
 *(.rel.init)

.rela.init
 *(.rela.init)

.rel.text
 *(.rel.text)
 *(.rel.text.*)
 *(.rel.gnu.linkonce.t*)

.rela.text
 *(.rela.text)
 *(.rela.text.*)
 *(.rela.gnu.linkonce.t*)

.rel.fini
 *(.rel.fini)

.rela.fini
 *(.rela.fini)

.rel.rodata
 *(.rel.rodata)
 *(.rel.rodata.*)
 *(.rel.gnu.linkonce.r*)

.rela.rodata
 *(.rela.rodata)
 *(.rela.rodata.*)
 *(.rela.gnu.linkonce.r*)

.rel.data
 *(.rel.data)
 *(.rel.data.*)
 *(.rel.gnu.linkonce.d*)

.rela.data
 *(.rela.data)
 *(.rela.data.*)
 *(.rela.gnu.linkonce.d*)

.rel.ctors
 *(.rel.ctors)

.rela.ctors
 *(.rela.ctors)

.rel.dtors
 *(.rel.dtors)

.rela.dtors
 *(.rela.dtors)

.rel.got
 *(.rel.got)

.rela.got
 *(.rela.got)

.rel.bss
 *(.rel.bss)

.rela.bss
 *(.rela.bss)

.rel.plt
 *(.rel.plt)

.rela.plt
 *(.rela.plt)

.text           0x00000000     0x7542
 *(.vectors)
 .vectors       0x00000000       0x8c C:/Program Files (x86)/Atmel/Studio/7.0/Packs/atmel/ATmega_DFP/1.2.209/gcc/dev/atmega1284p/avr51/crtatmega1284p.o
                0x00000000                __vector_default
                0x00000000                __vectors
 *(.vectors)
 *(.progmem.gcc*)
 .progmem.gcc_sw_table.loop
                0x0000008c       0x16 Sketch.o
 .progmem.gcc_sw_table._ZN8DateTimeC2EPK19__FlashStringHelperS2_
                0x000000a2       0x26 src/libraries/DS3231M/src/DS3231M.o
                0x000000c8                . = ALIGN (0x2)
                0x000000c8                __trampolines_start = .
 *(.trampolines)
 .trampolines   0x000000c8        0x0 linker stubs
 *(.trampolines*)
                0x000000c8                __trampolines_end = .
 *libprintf_flt.a:*(.progmem.data)
 *libc.a:*(.progmem.data)
 .progmem.data  0x000000c8       0xfa c:/program files (x86)/atmel/studio/7.0/toolchain/avr8/avr8-gnu-toolchain/bin/../lib/gcc/avr/5.4.0/../../../../avr/lib/avr51\libc.a(ftoa_engine.o)
 *(.progmem*)
 .progmem.data._ZZ5setupE3__c_0
                0x000001c2       0x15 Sketch.o
 .progmem.data._ZZ5setupE3__c
                0x000001d7       0x2f Sketch.o
 .progmem.data._ZZN13DS3231M_Class6adjustEvE3__c
                0x00000206        0xc src/libraries/DS3231M/src/DS3231M.o
 .progmem.data._ZZN13DS3231M_Class6adjustEvE3__c_0
                0x00000212        0x9 src/libraries/DS3231M/src/DS3231M.o
 .progmem.data._ZL11daysInMonth
                0x0000021b        0xc src/libraries/DS3231M/src/DS3231M.o
 .progmem.data.digital_pin_to_timer_PGM
                0x00000227       0x20 C:\Users\Administrator\Desktop\Firmware\repo\CCEC\TuinoDemo\ArduinoCore\Debug\libArduinoCore.a(wiring_digital.o)
                0x00000227                digital_pin_to_timer_PGM
 .progmem.data.digital_pin_to_bit_mask_PGM
                0x00000247       0x20 C:\Users\Administrator\Desktop\Firmware\repo\CCEC\TuinoDemo\ArduinoCore\Debug\libArduinoCore.a(wiring_digital.o)
                0x00000247                digital_pin_to_bit_mask_PGM
 .progmem.data.digital_pin_to_port_PGM
                0x00000267       0x20 C:\Users\Administrator\Desktop\Firmware\repo\CCEC\TuinoDemo\ArduinoCore\Debug\libArduinoCore.a(wiring_digital.o)
                0x00000267                digital_pin_to_port_PGM
 .progmem.data.port_to_input_PGM
                0x00000287        0xa C:\Users\Administrator\Desktop\Firmware\repo\CCEC\TuinoDemo\ArduinoCore\Debug\libArduinoCore.a(wiring_digital.o)
                0x00000287                port_to_input_PGM
 .progmem.data.port_to_output_PGM
                0x00000291        0xa C:\Users\Administrator\Desktop\Firmware\repo\CCEC\TuinoDemo\ArduinoCore\Debug\libArduinoCore.a(wiring_digital.o)
                0x00000291                port_to_output_PGM
 .progmem.data.port_to_mode_PGM
                0x0000029b        0xa C:\Users\Administrator\Desktop\Firmware\repo\CCEC\TuinoDemo\ArduinoCore\Debug\libArduinoCore.a(wiring_digital.o)
                0x0000029b                port_to_mode_PGM
                0x000002a6                . = ALIGN (0x2)
 *fill*         0x000002a5        0x1 
 *(.jumptables)
 *(.jumptables*)
 *(.lowtext)
 *(.lowtext*)
                0x000002a6                __ctors_start = .
 *(.ctors)
 .ctors         0x000002a6        0x2 Sketch.o
 .ctors         0x000002a8        0x2 src/libraries/Ethernet2/src/Dhcp.o
 .ctors         0x000002aa        0x2 src/libraries/Ethernet2/src/Dns.o
 .ctors         0x000002ac        0x2 src/libraries/Ethernet2/src/Ethernet2.o
 .ctors         0x000002ae        0x2 src/libraries/Ethernet2/src/EthernetClient.o
 .ctors         0x000002b0        0x2 src/libraries/Ethernet2/src/EthernetServer.o
 .ctors         0x000002b2        0x2 src/libraries/Ethernet2/src/EthernetUdp2.o
 .ctors         0x000002b4        0x2 src/libraries/Ethernet2/src/Twitter.o
 .ctors         0x000002b6        0x2 src/libraries/Ethernet2/src/utility/w5500.o
 .ctors         0x000002b8        0x2 src/libraries/Wire/src/Wire.o
 .ctors         0x000002ba        0x2 C:\Users\Administrator\Desktop\Firmware\repo\CCEC\TuinoDemo\ArduinoCore\Debug\libArduinoCore.a(HardwareSerial0.o)
                0x000002bc                __ctors_end = .
                0x000002bc                __dtors_start = .
 *(.dtors)
 .dtors         0x000002bc        0x2 Sketch.o
                0x000002be                __dtors_end = .
 SORT(*)(.ctors)
 SORT(*)(.dtors)
 *(.init0)
 .init0         0x000002be        0x0 C:/Program Files (x86)/Atmel/Studio/7.0/Packs/atmel/ATmega_DFP/1.2.209/gcc/dev/atmega1284p/avr51/crtatmega1284p.o
                0x000002be                __init
 *(.init0)
 *(.init1)
 *(.init1)
 *(.init2)
 .init2         0x000002be        0xc C:/Program Files (x86)/Atmel/Studio/7.0/Packs/atmel/ATmega_DFP/1.2.209/gcc/dev/atmega1284p/avr51/crtatmega1284p.o
 *(.init2)
 *(.init3)
 *(.init3)
 *(.init4)
 .init4         0x000002ca       0x1a c:/program files (x86)/atmel/studio/7.0/toolchain/avr8/avr8-gnu-toolchain/bin/../lib/gcc/avr/5.4.0/avr51\libgcc.a(_copy_data.o)
                0x000002ca                __do_copy_data
 .init4         0x000002e4       0x10 c:/program files (x86)/atmel/studio/7.0/toolchain/avr8/avr8-gnu-toolchain/bin/../lib/gcc/avr/5.4.0/avr51\libgcc.a(_clear_bss.o)
                0x000002e4                __do_clear_bss
 *(.init4)
 *(.init5)
 *(.init5)
 *(.init6)
 .init6         0x000002f4       0x16 c:/program files (x86)/atmel/studio/7.0/toolchain/avr8/avr8-gnu-toolchain/bin/../lib/gcc/avr/5.4.0/avr51\libgcc.a(_ctors.o)
                0x000002f4                __do_global_ctors
 *(.init6)
 *(.init7)
 *(.init7)
 *(.init8)
 *(.init8)
 *(.init9)
 .init9         0x0000030a        0x8 C:/Program Files (x86)/Atmel/Studio/7.0/Packs/atmel/ATmega_DFP/1.2.209/gcc/dev/atmega1284p/avr51/crtatmega1284p.o
 *(.init9)
 *(.text)
 .text          0x00000312        0x2 C:/Program Files (x86)/Atmel/Studio/7.0/Packs/atmel/ATmega_DFP/1.2.209/gcc/dev/atmega1284p/avr51/crtatmega1284p.o
                0x00000312                __vector_22
                0x00000312                __vector_28
                0x00000312                __vector_1
                0x00000312                __vector_32
                0x00000312                __vector_34
                0x00000312                __vector_24
                0x00000312                __vector_12
                0x00000312                __bad_interrupt
                0x00000312                __vector_6
                0x00000312                __vector_31
                0x00000312                __vector_3
                0x00000312                __vector_23
                0x00000312                __vector_30
                0x00000312                __vector_25
                0x00000312                __vector_11
                0x00000312                __vector_13
                0x00000312                __vector_17
                0x00000312                __vector_27
                0x00000312                __vector_5
                0x00000312                __vector_33
                0x00000312                __vector_9
                0x00000312                __vector_2
                0x00000312                __vector_21
                0x00000312                __vector_15
                0x00000312                __vector_29
                0x00000312                __vector_8
                0x00000312                __vector_14
                0x00000312                __vector_10
                0x00000312                __vector_20
                0x00000314                . = ALIGN (0x2)
 *(.text.*)
 .text._ZL11setSS_FLASHv
                0x00000314        0x4 Sketch.o
 .text._ZL13resetSS_FLASHv
                0x00000318        0x4 Sketch.o
 .text._ZN7TwoWire5writeEi
                0x0000031c        0xe Sketch.o
                0x0000031c                _ZN7TwoWire5writeEi
 .text._Z14initIOExpanderv
                0x0000032a       0xb6 Sketch.o
                0x0000032a                _Z14initIOExpanderv
 .text._Z11my_delay_msi
                0x000003e0       0x18 Sketch.o
                0x000003e0                _Z11my_delay_msi
 .text._Z6Buzzerhm
                0x000003f8       0x52 Sketch.o
                0x000003f8                _Z6Buzzerhm
 .text._Z10leggiRighev
                0x0000044a       0x34 Sketch.o
                0x0000044a                _Z10leggiRighev
 .text._Z12leggiColonnev
                0x0000047e       0x34 Sketch.o
                0x0000047e                _Z12leggiColonnev
 .text._Z17leggi_IP_REGISTERv
                0x000004b2       0x2a Sketch.o
                0x000004b2                _Z17leggi_IP_REGISTERv
 .text._Z17leggi_OP_REGISTERv
                0x000004dc       0x2a Sketch.o
                0x000004dc                _Z17leggi_OP_REGISTERv
 .text._Z10displayLCDP6Stringii
                0x00000506      0x140 Sketch.o
                0x00000506                _Z10displayLCDP6Stringii
 .text._Z11avanzaStatom
                0x00000646       0x3c Sketch.o
                0x00000646                _Z11avanzaStatom
 .text._Z14leggiTAG_Mezzob
                0x00000682      0x1c6 Sketch.o
                0x00000682                _Z14leggiTAG_Mezzob
 .text._Z14GetCodeRfidATev
                0x00000848       0xcc Sketch.o
                0x00000848                _Z14GetCodeRfidATev
 .text._Z15abilitaPulsantiv
                0x00000914       0x14 Sketch.o
                0x00000914                _Z15abilitaPulsantiv
 .text._Z22abilitaContattiPistolav
                0x00000928        0x6 Sketch.o
                0x00000928                _Z22abilitaContattiPistolav
 .text._Z13abilitaPulserc
                0x0000092e       0x1c Sketch.o
                0x0000092e                _Z13abilitaPulserc
 .text._Z14impulsiToLitrii
                0x0000094a       0x56 Sketch.o
                0x0000094a                _Z14impulsiToLitrii
 .text._Z18Rele_Abilitazione1ii
                0x000009a0       0x76 Sketch.o
                0x000009a0                _Z18Rele_Abilitazione1ii
 .text._Z18Rele_Abilitazione2ii
                0x00000a16       0x88 Sketch.o
                0x00000a16                _Z18Rele_Abilitazione2ii
 .text._Z12Control_WIFIi
                0x00000a9e       0x26 Sketch.o
                0x00000a9e                _Z12Control_WIFIi
 .text._Z32CompletoRifornimentoPerInvioDatii
                0x00000ac4       0x42 Sketch.o
                0x00000ac4                _Z32CompletoRifornimentoPerInvioDatii
 .text.__vector_4
                0x00000b06       0x48 Sketch.o
                0x00000b06                __vector_4
 .text.__vector_7
                0x00000b4e      0x162 Sketch.o
                0x00000b4e                __vector_7
 .text.startup._GLOBAL__sub_I_intConsecutivePresses
                0x00000cb0      0x1da Sketch.o
 .text.exit._GLOBAL__sub_D_intConsecutivePresses
                0x00000e8a       0xa4 Sketch.o
 .text._Z19InizializzaEthernetv
                0x00000f2e      0x12c Sketch.o
                0x00000f2e                _Z19InizializzaEthernetv
 .text.setup    0x0000105a      0x346 Sketch.o
                0x0000105a                setup
 .text._Z23getTastoPremuto_x_targav
                0x000013a0      0x41e Sketch.o
                0x000013a0                _Z23getTastoPremuto_x_targav
 .text._Z6Azzerav
                0x000017be       0xe8 Sketch.o
                0x000017be                _Z6Azzerav
 .text._Z17InviaRifornimentoiiPci6String
                0x000018a6      0x104 Sketch.o
                0x000018a6                _Z17InviaRifornimentoiiPci6String
 .text.loop     0x000019aa      0x940 Sketch.o
                0x000019aa                loop
 .text._ZN8SPIClass16beginTransactionE11SPISettings
                0x000022ea       0x34 src/libraries/Adafruit-PN532/Adafruit_PN532.o
                0x000022ea                _ZN8SPIClass16beginTransactionE11SPISettings
 .text._ZN8SPIClass14endTransactionEv
                0x0000231e       0x22 src/libraries/Adafruit-PN532/Adafruit_PN532.o
                0x0000231e                _ZN8SPIClass14endTransactionEv
 .text._ZN14Adafruit_PN532C2Ehh
                0x00002340       0x2a src/libraries/Adafruit-PN532/Adafruit_PN532.o
                0x00002340                _ZN14Adafruit_PN532C2Ehh
                0x00002340                _ZN14Adafruit_PN532C1Ehh
 .text._ZN14Adafruit_PN53210GetHexCodeEPKhm
                0x0000236a      0x110 src/libraries/Adafruit-PN532/Adafruit_PN532.o
                0x0000236a                _ZN14Adafruit_PN53210GetHexCodeEPKhm
 .text._ZN14Adafruit_PN5329spi_writeEh
                0x0000247a       0x7e src/libraries/Adafruit-PN532/Adafruit_PN532.o
                0x0000247a                _ZN14Adafruit_PN5329spi_writeEh
 .text._ZN14Adafruit_PN5328spi_readEv
                0x000024f8       0x82 src/libraries/Adafruit-PN532/Adafruit_PN532.o
                0x000024f8                _ZN14Adafruit_PN5328spi_readEv
 .text._ZN14Adafruit_PN5327isreadyEv
                0x0000257a       0x66 src/libraries/Adafruit-PN532/Adafruit_PN532.o
                0x0000257a                _ZN14Adafruit_PN5327isreadyEv
 .text._ZN14Adafruit_PN5329waitreadyEj
                0x000025e0       0x5c src/libraries/Adafruit-PN532/Adafruit_PN532.o
                0x000025e0                _ZN14Adafruit_PN5329waitreadyEj
 .text._ZN14Adafruit_PN5328readdataEPhh
                0x0000263c       0xe2 src/libraries/Adafruit-PN532/Adafruit_PN532.o
                0x0000263c                _ZN14Adafruit_PN5328readdataEPhh
 .text._ZN14Adafruit_PN5327readackEv
                0x0000271e       0x44 src/libraries/Adafruit-PN532/Adafruit_PN532.o
                0x0000271e                _ZN14Adafruit_PN5327readackEv
 .text._ZL8i2c_sendh
                0x00002762        0xa src/libraries/Adafruit-PN532/Adafruit_PN532.o
 .text._ZN14Adafruit_PN53212writecommandEPhh
                0x0000276c      0x16c src/libraries/Adafruit-PN532/Adafruit_PN532.o
                0x0000276c                _ZN14Adafruit_PN53212writecommandEPhh
 .text._ZN14Adafruit_PN53219sendCommandCheckAckEPhhj
                0x000028d8       0x42 src/libraries/Adafruit-PN532/Adafruit_PN532.o
                0x000028d8                _ZN14Adafruit_PN53219sendCommandCheckAckEPhhj
 .text._ZN14Adafruit_PN5325beginEv
                0x0000291a       0x9a src/libraries/Adafruit-PN532/Adafruit_PN532.o
                0x0000291a                _ZN14Adafruit_PN5325beginEv
 .text._ZN14Adafruit_PN53218getFirmwareVersionEv
                0x000029b4       0x90 src/libraries/Adafruit-PN532/Adafruit_PN532.o
                0x000029b4                _ZN14Adafruit_PN53218getFirmwareVersionEv
 .text._ZN14Adafruit_PN5329SAMConfigEv
                0x00002a44       0x5c src/libraries/Adafruit-PN532/Adafruit_PN532.o
                0x00002a44                _ZN14Adafruit_PN5329SAMConfigEv
 .text._ZN14Adafruit_PN53227setPassiveActivationRetriesEh
                0x00002aa0       0x20 src/libraries/Adafruit-PN532/Adafruit_PN532.o
                0x00002aa0                _ZN14Adafruit_PN53227setPassiveActivationRetriesEh
 .text._ZN14Adafruit_PN53219readPassiveTargetIDEhPhS0_j
                0x00002ac0       0xa8 src/libraries/Adafruit-PN532/Adafruit_PN532.o
                0x00002ac0                _ZN14Adafruit_PN53219readPassiveTargetIDEhPhS0_j
 .text._ZN14Adafruit_PN53231mifareclassic_AuthenticateBlockEPhhmhS0_
                0x00002b68       0xc0 src/libraries/Adafruit-PN532/Adafruit_PN532.o
                0x00002b68                _ZN14Adafruit_PN53231mifareclassic_AuthenticateBlockEPhhmhS0_
 .text._ZN14Adafruit_PN53227mifareclassic_ReadDataBlockEhPh
                0x00002c28       0x66 src/libraries/Adafruit-PN532/Adafruit_PN532.o
                0x00002c28                _ZN14Adafruit_PN53227mifareclassic_ReadDataBlockEhPh
 .text._ZN14Adafruit_PN53228mifareclassic_WriteDataBlockEhPh
                0x00002c8e       0x60 src/libraries/Adafruit-PN532/Adafruit_PN532.o
                0x00002c8e                _ZN14Adafruit_PN53228mifareclassic_WriteDataBlockEhPh
 .text._ZL9date2daysjhh
                0x00002cee       0x64 src/libraries/DS3231M/src/DS3231M.o
 .text._ZL6conv2dPKc
                0x00002d52       0x1a src/libraries/DS3231M/src/DS3231M.o
 .text._ZN8DateTimeC2Em
                0x00002d6c       0xf2 src/libraries/DS3231M/src/DS3231M.o
                0x00002d6c                _ZN8DateTimeC2Em
                0x00002d6c                _ZN8DateTimeC1Em
 .text._ZN8DateTimeC2EPK19__FlashStringHelperS2_
                0x00002e5e       0xea src/libraries/DS3231M/src/DS3231M.o
                0x00002e5e                _ZN8DateTimeC2EPK19__FlashStringHelperS2_
                0x00002e5e                _ZN8DateTimeC1EPK19__FlashStringHelperS2_
 .text._ZNK8DateTime12dayOfTheWeekEv
                0x00002f48       0x18 src/libraries/DS3231M/src/DS3231M.o
                0x00002f48                _ZNK8DateTime12dayOfTheWeekEv
 .text._ZNK8DateTime8unixtimeEv
                0x00002f60       0x7a src/libraries/DS3231M/src/DS3231M.o
                0x00002f60                _ZNK8DateTime8unixtimeEv
 .text._ZNK8DateTime11secondstimeEv
                0x00002fda       0x6a src/libraries/DS3231M/src/DS3231M.o
                0x00002fda                _ZNK8DateTime11secondstimeEv
 .text._ZN13DS3231M_ClassC2Ev
                0x00003044        0xe src/libraries/DS3231M/src/DS3231M.o
                0x00003044                _ZN13DS3231M_ClassC2Ev
                0x00003044                _ZN13DS3231M_ClassC1Ev
 .text._ZN13DS3231M_ClassD2Ev
                0x00003052        0x2 src/libraries/DS3231M/src/DS3231M.o
                0x00003052                _ZN13DS3231M_ClassD2Ev
                0x00003052                _ZN13DS3231M_ClassD1Ev
 .text._ZN13DS3231M_Class9writeByteEhh
                0x00003054       0x40 src/libraries/DS3231M/src/DS3231M.o
                0x00003054                _ZN13DS3231M_Class9writeByteEhh
 .text._ZN13DS3231M_Class8readByteEh
                0x00003094       0x44 src/libraries/DS3231M/src/DS3231M.o
                0x00003094                _ZN13DS3231M_Class8readByteEh
 .text._ZN13DS3231M_Class5beginEm
                0x000030d8       0x60 src/libraries/DS3231M/src/DS3231M.o
                0x000030d8                _ZN13DS3231M_Class5beginEm
 .text._ZN13DS3231M_Class3nowEv
                0x00003138      0x140 src/libraries/DS3231M/src/DS3231M.o
                0x00003138                _ZN13DS3231M_Class3nowEv
 .text._ZN13DS3231M_Class6adjustERK8DateTime
                0x00003278      0x11c src/libraries/DS3231M/src/DS3231M.o
                0x00003278                _ZN13DS3231M_Class6adjustERK8DateTime
 .text._ZN13DS3231M_Class6adjustEv
                0x00003394       0x42 src/libraries/DS3231M/src/DS3231M.o
                0x00003394                _ZN13DS3231M_Class6adjustEv
 .text.startup._GLOBAL__sub_I__ZN9DhcpClass13beginWithDHCPEPhmm
                0x000033d6       0x16 src/libraries/Ethernet2/src/Dhcp.o
 .text._ZN9DNSClient5beginERK9IPAddress
                0x000033ec       0x1a src/libraries/Ethernet2/src/Dns.o
                0x000033ec                _ZN9DNSClient5beginERK9IPAddress
 .text._ZN9DNSClient9inet_atonEPKcR9IPAddress
                0x00003406       0x80 src/libraries/Ethernet2/src/Dns.o
                0x00003406                _ZN9DNSClient9inet_atonEPKcR9IPAddress
 .text.startup._GLOBAL__sub_I__ZN9DNSClient5beginERK9IPAddress
                0x00003486       0x16 src/libraries/Ethernet2/src/Dns.o
 .text._ZN9DNSClient12BuildRequestEPKc
                0x0000349c      0x142 src/libraries/Ethernet2/src/Dns.o
                0x0000349c                _ZN9DNSClient12BuildRequestEPKc
 .text._ZN9DNSClient15ProcessResponseEjR9IPAddress
                0x000035de      0x2c2 src/libraries/Ethernet2/src/Dns.o
                0x000035de                _ZN9DNSClient15ProcessResponseEjR9IPAddress
 .text._ZN9DNSClient13getHostByNameEPKcR9IPAddress
                0x000038a0      0x112 src/libraries/Ethernet2/src/Dns.o
                0x000038a0                _ZN9DNSClient13getHostByNameEPKcR9IPAddress
 .text._ZN10W5500Class8writeGAREPh
                0x000039b2        0xe src/libraries/Ethernet2/src/Ethernet2.o
                0x000039b2                _ZN10W5500Class8writeGAREPh
 .text._ZN10W5500Class9writeSUBREPh
                0x000039c0        0xe src/libraries/Ethernet2/src/Ethernet2.o
                0x000039c0                _ZN10W5500Class9writeSUBREPh
 .text._ZN10W5500Class9writeSHAREPh
                0x000039ce        0xe src/libraries/Ethernet2/src/Ethernet2.o
                0x000039ce                _ZN10W5500Class9writeSHAREPh
 .text._ZN10W5500Class9writeSIPREPh
                0x000039dc        0xe src/libraries/Ethernet2/src/Ethernet2.o
                0x000039dc                _ZN10W5500Class9writeSIPREPh
 .text._ZN13EthernetClass5beginEPh9IPAddressS1_S1_S1_
                0x000039ea       0x6c src/libraries/Ethernet2/src/Ethernet2.o
                0x000039ea                _ZN13EthernetClass5beginEPh9IPAddressS1_S1_S1_
 .text._ZN13EthernetClass11dnsServerIPEv
                0x00003a56       0x20 src/libraries/Ethernet2/src/Ethernet2.o
                0x00003a56                _ZN13EthernetClass11dnsServerIPEv
 .text.startup._GLOBAL__sub_I__ZN13EthernetClass6_stateE
                0x00003a76       0x2a src/libraries/Ethernet2/src/Ethernet2.o
 .text._ZN5Print17availableForWriteEv
                0x00003aa0        0x6 src/libraries/Ethernet2/src/EthernetClient.o
                0x00003aa0                _ZN5Print17availableForWriteEv
 .text._ZN5Print5flushEv
                0x00003aa6        0x2 src/libraries/Ethernet2/src/EthernetClient.o
                0x00003aa6                _ZN5Print5flushEv
 .text._ZN14EthernetClientneERKS_
                0x00003aa8       0x14 src/libraries/Ethernet2/src/EthernetClient.o
                0x00003aa8                _ZN14EthernetClientneERKS_
 .text._ZN14EthernetClient5writeEh
                0x00003abc       0x2c src/libraries/Ethernet2/src/EthernetClient.o
                0x00003abc                _ZN14EthernetClient5writeEh
 .text._ZN14EthernetClientcvbEv
                0x00003ae8       0x10 src/libraries/Ethernet2/src/EthernetClient.o
                0x00003ae8                _ZN14EthernetClientcvbEv
 .text._ZN14EthernetClienteqERKS_
                0x00003af8       0x16 src/libraries/Ethernet2/src/EthernetClient.o
                0x00003af8                _ZN14EthernetClienteqERKS_
 .text._ZN14EthernetClient7connectEPKcj
                0x00003b0e       0xb4 src/libraries/Ethernet2/src/EthernetClient.o
                0x00003b0e                _ZN14EthernetClient7connectEPKcj
 .text._ZN14EthernetClient5writeEPKhj
                0x00003bc2       0x3a src/libraries/Ethernet2/src/EthernetClient.o
                0x00003bc2                _ZN14EthernetClient5writeEPKhj
 .text._ZN14EthernetClient9availableEv
                0x00003bfc       0x14 src/libraries/Ethernet2/src/EthernetClient.o
                0x00003bfc                _ZN14EthernetClient9availableEv
 .text._ZN14EthernetClient4readEv
                0x00003c10       0x32 src/libraries/Ethernet2/src/EthernetClient.o
                0x00003c10                _ZN14EthernetClient4readEv
 .text._ZN14EthernetClient4readEPhj
                0x00003c42        0x6 src/libraries/Ethernet2/src/EthernetClient.o
                0x00003c42                _ZN14EthernetClient4readEPhj
 .text._ZN14EthernetClient4peekEv
                0x00003c48       0x44 src/libraries/Ethernet2/src/EthernetClient.o
                0x00003c48                _ZN14EthernetClient4peekEv
 .text._ZN14EthernetClient5flushEv
                0x00003c8c        0x6 src/libraries/Ethernet2/src/EthernetClient.o
                0x00003c8c                _ZN14EthernetClient5flushEv
 .text._ZN14EthernetClientC2Ev
                0x00003c92       0x24 src/libraries/Ethernet2/src/EthernetClient.o
                0x00003c92                _ZN14EthernetClientC2Ev
                0x00003c92                _ZN14EthernetClientC1Ev
 .text._ZN14EthernetClientC2Eh
                0x00003cb6       0x22 src/libraries/Ethernet2/src/EthernetClient.o
                0x00003cb6                _ZN14EthernetClientC1Eh
                0x00003cb6                _ZN14EthernetClientC2Eh
 .text._ZN14EthernetClient6statusEv
                0x00003cd8       0x1a src/libraries/Ethernet2/src/EthernetClient.o
                0x00003cd8                _ZN14EthernetClient6statusEv
 .text._ZN14EthernetClient9connectedEv
                0x00003cf2       0x46 src/libraries/Ethernet2/src/EthernetClient.o
                0x00003cf2                _ZN14EthernetClient9connectedEv
 .text._ZN14EthernetClient4stopEv
                0x00003d38       0x7c src/libraries/Ethernet2/src/EthernetClient.o
                0x00003d38                _ZN14EthernetClient4stopEv
 .text._ZN14EthernetClient7connectE9IPAddressj
                0x00003db4       0xba src/libraries/Ethernet2/src/EthernetClient.o
                0x00003db4                _ZN14EthernetClient7connectE9IPAddressj
 .text.startup._GLOBAL__sub_I__ZN14EthernetClient8_srcportE
                0x00003e6e       0x16 src/libraries/Ethernet2/src/EthernetClient.o
 .text._ZN14EthernetServer5writeEh
                0x00003e84       0x2c src/libraries/Ethernet2/src/EthernetServer.o
                0x00003e84                _ZN14EthernetServer5writeEh
 .text._ZN14EthernetServer5beginEv
                0x00003eb0       0x80 src/libraries/Ethernet2/src/EthernetServer.o
                0x00003eb0                _ZN14EthernetServer5beginEv
 .text._ZN14EthernetServerC2Ej
                0x00003f30       0x14 src/libraries/Ethernet2/src/EthernetServer.o
                0x00003f30                _ZN14EthernetServerC1Ej
                0x00003f30                _ZN14EthernetServerC2Ej
 .text._ZN14EthernetServer6acceptEv
                0x00003f44       0xb8 src/libraries/Ethernet2/src/EthernetServer.o
                0x00003f44                _ZN14EthernetServer6acceptEv
 .text._ZN14EthernetServer5writeEPKhj
                0x00003ffc       0xa8 src/libraries/Ethernet2/src/EthernetServer.o
                0x00003ffc                _ZN14EthernetServer5writeEPKhj
 .text.startup._GLOBAL__sub_I__ZN14EthernetServerC2Ej
                0x000040a4       0x16 src/libraries/Ethernet2/src/EthernetServer.o
 .text._ZN3UDP14beginMulticastE9IPAddressj
                0x000040ba        0x4 src/libraries/Ethernet2/src/EthernetUdp2.o
                0x000040ba                _ZN3UDP14beginMulticastE9IPAddressj
 .text._ZN11EthernetUDP4readEPcj
                0x000040be        0xe src/libraries/Ethernet2/src/EthernetUdp2.o
                0x000040be                _ZN11EthernetUDP4readEPcj
 .text._ZN11EthernetUDP8remoteIPEv
                0x000040cc       0x20 src/libraries/Ethernet2/src/EthernetUdp2.o
                0x000040cc                _ZN11EthernetUDP8remoteIPEv
 .text._ZN11EthernetUDP10remotePortEv
                0x000040ec        0x8 src/libraries/Ethernet2/src/EthernetUdp2.o
                0x000040ec                _ZN11EthernetUDP10remotePortEv
 .text._ZN11EthernetUDP9availableEv
                0x000040f4        0x8 src/libraries/Ethernet2/src/EthernetUdp2.o
                0x000040f4                _ZN11EthernetUDP9availableEv
 .text._ZN11EthernetUDP5writeEh
                0x000040fc       0x2c src/libraries/Ethernet2/src/EthernetUdp2.o
                0x000040fc                _ZN11EthernetUDP5writeEh
 .text._ZN11EthernetUDP5flushEv
                0x00004128       0x24 src/libraries/Ethernet2/src/EthernetUdp2.o
                0x00004128                _ZN11EthernetUDP5flushEv
 .text._ZN11EthernetUDP4stopEv
                0x0000414c       0x28 src/libraries/Ethernet2/src/EthernetUdp2.o
                0x0000414c                _ZN11EthernetUDP4stopEv
 .text._ZN11EthernetUDP11beginPacketE9IPAddressj
                0x00004174        0xe src/libraries/Ethernet2/src/EthernetUdp2.o
                0x00004174                _ZN11EthernetUDP11beginPacketE9IPAddressj
 .text._ZN11EthernetUDP9endPacketEv
                0x00004182        0x6 src/libraries/Ethernet2/src/EthernetUdp2.o
                0x00004182                _ZN11EthernetUDP9endPacketEv
 .text._ZN11EthernetUDP5writeEPKhj
                0x00004188       0x26 src/libraries/Ethernet2/src/EthernetUdp2.o
                0x00004188                _ZN11EthernetUDP5writeEPKhj
 .text._ZN11EthernetUDP4readEv
                0x000041ae       0x50 src/libraries/Ethernet2/src/EthernetUdp2.o
                0x000041ae                _ZN11EthernetUDP4readEv
 .text._ZN11EthernetUDP4readEPhj
                0x000041fe       0x3c src/libraries/Ethernet2/src/EthernetUdp2.o
                0x000041fe                _ZN11EthernetUDP4readEPhj
 .text._ZN11EthernetUDP4peekEv
                0x0000423a       0x30 src/libraries/Ethernet2/src/EthernetUdp2.o
                0x0000423a                _ZN11EthernetUDP4peekEv
 .text._ZN11EthernetUDP5beginEj
                0x0000426a       0x62 src/libraries/Ethernet2/src/EthernetUdp2.o
                0x0000426a                _ZN11EthernetUDP5beginEj
 .text._ZN11EthernetUDP11parsePacketEv
                0x000042cc       0x9e src/libraries/Ethernet2/src/EthernetUdp2.o
                0x000042cc                _ZN11EthernetUDP11parsePacketEv
 .text._ZN11EthernetUDPC2Ev
                0x0000436a       0x2a src/libraries/Ethernet2/src/EthernetUdp2.o
                0x0000436a                _ZN11EthernetUDPC1Ev
                0x0000436a                _ZN11EthernetUDPC2Ev
 .text._ZN11EthernetUDP11beginPacketEPKcj
                0x00004394       0xb4 src/libraries/Ethernet2/src/EthernetUdp2.o
                0x00004394                _ZN11EthernetUDP11beginPacketEPKcj
 .text.startup._GLOBAL__sub_I__ZN11EthernetUDPC2Ev
                0x00004448       0x16 src/libraries/Ethernet2/src/EthernetUdp2.o
 .text.startup._GLOBAL__sub_I__ZN7TwitterC2EPKc
                0x0000445e       0x16 src/libraries/Ethernet2/src/Twitter.o
 .text._ZN10W5500Class11writeSnDIPREhPh
                0x00004474       0x16 src/libraries/Ethernet2/src/utility/socket.o
                0x00004474                _ZN10W5500Class11writeSnDIPREhPh
 .text._ZN10W5500Class6readSnEhj
                0x0000448a       0x10 src/libraries/Ethernet2/src/utility/socket.o
                0x0000448a                _ZN10W5500Class6readSnEhj
 .text._ZN10W5500Class8readSnIREh
                0x0000449a        0x6 src/libraries/Ethernet2/src/utility/socket.o
                0x0000449a                _ZN10W5500Class8readSnIREh
 .text._ZN10W5500Class7writeSnEhjh
                0x000044a0       0x10 src/libraries/Ethernet2/src/utility/socket.o
                0x000044a0                _ZN10W5500Class7writeSnEhjh
 .text._ZN10W5500Class11writeSnPORTEhj
                0x000044b0       0x1e src/libraries/Ethernet2/src/utility/socket.o
                0x000044b0                _ZN10W5500Class11writeSnPORTEhj
 .text._ZN10W5500Class9writeSnIREhh
                0x000044ce        0x8 src/libraries/Ethernet2/src/utility/socket.o
                0x000044ce                _ZN10W5500Class9writeSnIREhh
 .text._ZN10W5500Class12writeSnDPORTEhj
                0x000044d6       0x1e src/libraries/Ethernet2/src/utility/socket.o
                0x000044d6                _ZN10W5500Class12writeSnDPORTEhj
 .text._Z5closeh
                0x000044f4       0x16 src/libraries/Ethernet2/src/utility/socket.o
                0x000044f4                _Z5closeh
 .text._Z6sockethhjh
                0x0000450a       0x66 src/libraries/Ethernet2/src/utility/socket.o
                0x0000450a                _Z6sockethhjh
 .text._Z6listenh
                0x00004570       0x22 src/libraries/Ethernet2/src/utility/socket.o
                0x00004570                _Z6listenh
 .text._Z7connecthPhj
                0x00004592       0x66 src/libraries/Ethernet2/src/utility/socket.o
                0x00004592                _Z7connecthPhj
 .text._Z10disconnecth
                0x000045f8        0xa src/libraries/Ethernet2/src/utility/socket.o
                0x000045f8                _Z10disconnecth
 .text._Z4sendhPKhj
                0x00004602       0x90 src/libraries/Ethernet2/src/utility/socket.o
                0x00004602                _Z4sendhPKhj
 .text._Z4recvhPhi
                0x00004692       0x82 src/libraries/Ethernet2/src/utility/socket.o
                0x00004692                _Z4recvhPhi
 .text._Z4peekhPh
                0x00004714       0x1a src/libraries/Ethernet2/src/utility/socket.o
                0x00004714                _Z4peekhPh
 .text._Z5flushh
                0x0000472e        0x2 src/libraries/Ethernet2/src/utility/socket.o
                0x0000472e                _Z5flushh
 .text._Z10bufferDatahjPKhj
                0x00004730       0x56 src/libraries/Ethernet2/src/utility/socket.o
                0x00004730                _Z10bufferDatahjPKhj
 .text._Z8startUDPhPhj
                0x00004786       0x46 src/libraries/Ethernet2/src/utility/socket.o
                0x00004786                _Z8startUDPhPhj
 .text._Z7sendUDPh
                0x000047cc       0x38 src/libraries/Ethernet2/src/utility/socket.o
                0x000047cc                _Z7sendUDPh
 .text._ZN8SPIClass8transferEh
                0x00004804        0xe src/libraries/Ethernet2/src/utility/w5500.o
                0x00004804                _ZN8SPIClass8transferEh
 .text._ZN10W5500Class5setSSEv
                0x00004812        0x4 src/libraries/Ethernet2/src/utility/w5500.o
                0x00004812                _ZN10W5500Class5setSSEv
 .text._ZN10W5500Class7resetSSEv
                0x00004816        0x4 src/libraries/Ethernet2/src/utility/w5500.o
                0x00004816                _ZN10W5500Class7resetSSEv
 .text._ZN10W5500Class5writeEjhh
                0x0000481a       0x40 src/libraries/Ethernet2/src/utility/w5500.o
                0x0000481a                _ZN10W5500Class5writeEjhh
 .text._ZN10W5500Class5writeEjhPKhj
                0x0000485a       0x5c src/libraries/Ethernet2/src/utility/w5500.o
                0x0000485a                _ZN10W5500Class5writeEjhPKhj
 .text._ZN10W5500Class4readEjh
                0x000048b6       0x3c src/libraries/Ethernet2/src/utility/w5500.o
                0x000048b6                _ZN10W5500Class4readEjh
 .text._ZN10W5500Class4initEh
                0x000048f2       0x58 src/libraries/Ethernet2/src/utility/w5500.o
                0x000048f2                _ZN10W5500Class4initEh
 .text._ZN10W5500Class12readSnTX_FSREh
                0x0000494a       0x2e src/libraries/Ethernet2/src/utility/w5500.o
                0x0000494a                _ZN10W5500Class12readSnTX_FSREh
 .text._ZN10W5500Class13getTXFreeSizeEh
                0x00004978       0x34 src/libraries/Ethernet2/src/utility/w5500.o
                0x00004978                _ZN10W5500Class13getTXFreeSizeEh
 .text._ZN10W5500Class12readSnRX_RSREh
                0x000049ac       0x2e src/libraries/Ethernet2/src/utility/w5500.o
                0x000049ac                _ZN10W5500Class12readSnRX_RSREh
 .text._ZN10W5500Class17getRXReceivedSizeEh
                0x000049da       0x34 src/libraries/Ethernet2/src/utility/w5500.o
                0x000049da                _ZN10W5500Class17getRXReceivedSizeEh
 .text._ZN10W5500Class27send_data_processing_offsetEhjPKhj
                0x00004a0e       0x74 src/libraries/Ethernet2/src/utility/w5500.o
                0x00004a0e                _ZN10W5500Class27send_data_processing_offsetEhjPKhj
 .text._ZN10W5500Class20send_data_processingEhPKhj
                0x00004a82       0x14 src/libraries/Ethernet2/src/utility/w5500.o
                0x00004a82                _ZN10W5500Class20send_data_processingEhPKhj
 .text._ZN10W5500Class4readEjhPhj
                0x00004a96       0x5e src/libraries/Ethernet2/src/utility/w5500.o
                0x00004a96                _ZN10W5500Class4readEjhPhj
 .text._ZN10W5500Class9read_dataEhjPVhj
                0x00004af4       0x30 src/libraries/Ethernet2/src/utility/w5500.o
                0x00004af4                _ZN10W5500Class9read_dataEhjPVhj
 .text._ZN10W5500Class20recv_data_processingEhPhjh
                0x00004b24       0x9a src/libraries/Ethernet2/src/utility/w5500.o
                0x00004b24                _ZN10W5500Class20recv_data_processingEhPhjh
 .text._ZN10W5500Class9execCmdSnEh7SockCMD
                0x00004bbe       0x1c src/libraries/Ethernet2/src/utility/w5500.o
                0x00004bbe                _ZN10W5500Class9execCmdSnEh7SockCMD
 .text.startup._GLOBAL__sub_I_w5500
                0x00004bda        0xe src/libraries/Ethernet2/src/utility/w5500.o
 .text._ZN5I2CIOC2Ev
                0x00004be8        0xe src/libraries/LiquidCrystal/src/I2CIO.o
                0x00004be8                _ZN5I2CIOC2Ev
                0x00004be8                _ZN5I2CIOC1Ev
 .text._ZN5I2CIO8portModeEh
                0x00004bf6       0x16 src/libraries/LiquidCrystal/src/I2CIO.o
                0x00004bf6                _ZN5I2CIO8portModeEh
 .text._ZN5I2CIO11isAvailableEh
                0x00004c0c       0x16 src/libraries/LiquidCrystal/src/I2CIO.o
                0x00004c0c                _ZN5I2CIO11isAvailableEh
 .text._ZN5I2CIO5beginEh
                0x00004c22       0x2c src/libraries/LiquidCrystal/src/I2CIO.o
                0x00004c22                _ZN5I2CIO5beginEh
 .text._ZN5I2CIO5writeEh
                0x00004c4e       0x48 src/libraries/LiquidCrystal/src/I2CIO.o
                0x00004c4e                _ZN5I2CIO5writeEh
 .text._ZN3LCD15setBacklightPinEh13t_backlighPol
                0x00004c96        0x2 src/libraries/LiquidCrystal/src/LCD.o
                0x00004c96                _ZN3LCD15setBacklightPinEh13t_backlighPol
 .text._ZN3LCD12setBacklightEh
                0x00004c98        0x2 src/libraries/LiquidCrystal/src/LCD.o
                0x00004c98                _ZN3LCD12setBacklightEh
 .text._ZN3LCD5writeEh
                0x00004c9a       0x16 src/libraries/LiquidCrystal/src/LCD.o
                0x00004c9a                _ZN3LCD5writeEh
 .text._ZN3LCDC2Ev
                0x00004cb0       0x10 src/libraries/LiquidCrystal/src/LCD.o
                0x00004cb0                _ZN3LCDC1Ev
                0x00004cb0                _ZN3LCDC2Ev
 .text._ZN3LCD9backlightEv
                0x00004cc0       0x10 src/libraries/LiquidCrystal/src/LCD.o
                0x00004cc0                _ZN3LCD9backlightEv
 .text._ZN3LCD11noBacklightEv
                0x00004cd0       0x10 src/libraries/LiquidCrystal/src/LCD.o
                0x00004cd0                _ZN3LCD11noBacklightEv
 .text._ZN3LCD7commandEh
                0x00004ce0       0x10 src/libraries/LiquidCrystal/src/LCD.o
                0x00004ce0                _ZN3LCD7commandEh
 .text._ZN3LCD5clearEv
                0x00004cf0        0xc src/libraries/LiquidCrystal/src/LCD.o
                0x00004cf0                _ZN3LCD5clearEv
 .text._ZN3LCD9setCursorEhh
                0x00004cfc       0x84 src/libraries/LiquidCrystal/src/LCD.o
                0x00004cfc                _ZN3LCD9setCursorEhh
 .text._ZN3LCD9noDisplayEv
                0x00004d80        0xc src/libraries/LiquidCrystal/src/LCD.o
                0x00004d80                _ZN3LCD9noDisplayEv
 .text._ZN3LCD7displayEv
                0x00004d8c        0xe src/libraries/LiquidCrystal/src/LCD.o
                0x00004d8c                _ZN3LCD7displayEv
 .text._ZN3LCD5beginEhhh
                0x00004d9a       0xf2 src/libraries/LiquidCrystal/src/LCD.o
                0x00004d9a                _ZN3LCD5beginEhhh
 .text._ZN3LCD10createCharEhPh
                0x00004e8c       0x5e src/libraries/LiquidCrystal/src/LCD.o
                0x00004e8c                _ZN3LCD10createCharEhPh
 .text._ZN17LiquidCrystal_I2C15setBacklightPinEh13t_backlighPol
                0x00004eea       0x26 src/libraries/LiquidCrystal/src/LiquidCrystal_I2C.o
                0x00004eea                _ZN17LiquidCrystal_I2C15setBacklightPinEh13t_backlighPol
 .text._ZN17LiquidCrystal_I2C12setBacklightEh
                0x00004f10       0x2c src/libraries/LiquidCrystal/src/LiquidCrystal_I2C.o
                0x00004f10                _ZN17LiquidCrystal_I2C12setBacklightEh
 .text._ZN17LiquidCrystal_I2C4initEv
                0x00004f3c       0x3e src/libraries/LiquidCrystal/src/LiquidCrystal_I2C.o
                0x00004f3c                _ZN17LiquidCrystal_I2C4initEv
 .text._ZN17LiquidCrystal_I2C6configEhhhhhhhh
                0x00004f7a       0x80 src/libraries/LiquidCrystal/src/LiquidCrystal_I2C.o
                0x00004f7a                _ZN17LiquidCrystal_I2C6configEhhhhhhhh
 .text._ZN17LiquidCrystal_I2CC2Ehhhhhhhhh13t_backlighPol
                0x00004ffa       0x6c src/libraries/LiquidCrystal/src/LiquidCrystal_I2C.o
                0x00004ffa                _ZN17LiquidCrystal_I2CC1Ehhhhhhhhh13t_backlighPol
                0x00004ffa                _ZN17LiquidCrystal_I2CC2Ehhhhhhhhh13t_backlighPol
 .text._ZN17LiquidCrystal_I2C11pulseEnableEh
                0x00005066       0x36 src/libraries/LiquidCrystal/src/LiquidCrystal_I2C.o
                0x00005066                _ZN17LiquidCrystal_I2C11pulseEnableEh
 .text._ZN17LiquidCrystal_I2C10write4bitsEhh
                0x0000509c       0x30 src/libraries/LiquidCrystal/src/LiquidCrystal_I2C.o
                0x0000509c                _ZN17LiquidCrystal_I2C10write4bitsEhh
 .text._ZN17LiquidCrystal_I2C4sendEhh
                0x000050cc       0x3a src/libraries/LiquidCrystal/src/LiquidCrystal_I2C.o
                0x000050cc                _ZN17LiquidCrystal_I2C4sendEhh
 .text._ZN17LiquidCrystal_I2C5beginEhhh
                0x00005106       0x28 src/libraries/LiquidCrystal/src/LiquidCrystal_I2C.o
                0x00005106                _ZN17LiquidCrystal_I2C5beginEhhh
 .text._ZN8SPIClass5beginEv
                0x0000512e       0x6c src/libraries/SPI/src/SPI.o
                0x0000512e                _ZN8SPIClass5beginEv
 .text.twi_init
                0x0000519a       0x3c src/libraries/Wire/src/utility/twi.o
                0x0000519a                twi_init
 .text.twi_disable
                0x000051d6       0x1a src/libraries/Wire/src/utility/twi.o
                0x000051d6                twi_disable
 .text.twi_setFrequency
                0x000051f0       0x28 src/libraries/Wire/src/utility/twi.o
                0x000051f0                twi_setFrequency
 .text.twi_readFrom
                0x00005218       0x90 src/libraries/Wire/src/utility/twi.o
                0x00005218                twi_readFrom
 .text.twi_writeTo
                0x000052a8       0xac src/libraries/Wire/src/utility/twi.o
                0x000052a8                twi_writeTo
 .text.twi_transmit
                0x00005354       0x50 src/libraries/Wire/src/utility/twi.o
                0x00005354                twi_transmit
 .text.twi_attachSlaveRxEvent
                0x000053a4        0xa src/libraries/Wire/src/utility/twi.o
                0x000053a4                twi_attachSlaveRxEvent
 .text.twi_attachSlaveTxEvent
                0x000053ae        0xa src/libraries/Wire/src/utility/twi.o
                0x000053ae                twi_attachSlaveTxEvent
 .text.twi_stop
                0x000053b8       0x14 src/libraries/Wire/src/utility/twi.o
                0x000053b8                twi_stop
 .text.twi_releaseBus
                0x000053cc        0xc src/libraries/Wire/src/utility/twi.o
                0x000053cc                twi_releaseBus
 .text.__vector_26
                0x000053d8      0x25c src/libraries/Wire/src/utility/twi.o
                0x000053d8                __vector_26
 .text._ZN7TwoWire9availableEv
                0x00005634       0x10 src/libraries/Wire/src/Wire.o
                0x00005634                _ZN7TwoWire9availableEv
 .text._ZN7TwoWire4readEv
                0x00005644       0x28 src/libraries/Wire/src/Wire.o
                0x00005644                _ZN7TwoWire4readEv
 .text._ZN7TwoWire4peekEv
                0x0000566c       0x1e src/libraries/Wire/src/Wire.o
                0x0000566c                _ZN7TwoWire4peekEv
 .text._ZN7TwoWire5flushEv
                0x0000568a        0x2 src/libraries/Wire/src/Wire.o
                0x0000568a                _ZN7TwoWire5flushEv
 .text._ZN7TwoWire16onReceiveServiceEPhi
                0x0000568c       0x54 src/libraries/Wire/src/Wire.o
                0x0000568c                _ZN7TwoWire16onReceiveServiceEPhi
 .text._ZN7TwoWire16onRequestServiceEv
                0x000056e0       0x18 src/libraries/Wire/src/Wire.o
                0x000056e0                _ZN7TwoWire16onRequestServiceEv
 .text._ZN7TwoWire5writeEPKhj
                0x000056f8       0x58 src/libraries/Wire/src/Wire.o
                0x000056f8                _ZN7TwoWire5writeEPKhj
 .text._ZN7TwoWire5writeEh
                0x00005750       0x5c src/libraries/Wire/src/Wire.o
                0x00005750                _ZN7TwoWire5writeEh
 .text._ZN7TwoWireC2Ev
                0x000057ac       0x20 src/libraries/Wire/src/Wire.o
                0x000057ac                _ZN7TwoWireC1Ev
                0x000057ac                _ZN7TwoWireC2Ev
 .text._ZN7TwoWire5beginEv
                0x000057cc       0x1e src/libraries/Wire/src/Wire.o
                0x000057cc                _ZN7TwoWire5beginEv
 .text._ZN7TwoWire3endEv
                0x000057ea        0x2 src/libraries/Wire/src/Wire.o
                0x000057ea                _ZN7TwoWire3endEv
 .text._ZN7TwoWire8setClockEm
                0x000057ec        0x6 src/libraries/Wire/src/Wire.o
                0x000057ec                _ZN7TwoWire8setClockEm
 .text._ZN7TwoWire17beginTransmissionEh
                0x000057f2       0x14 src/libraries/Wire/src/Wire.o
                0x000057f2                _ZN7TwoWire17beginTransmissionEh
 .text._ZN7TwoWire17beginTransmissionEi
                0x00005806        0x2 src/libraries/Wire/src/Wire.o
                0x00005806                _ZN7TwoWire17beginTransmissionEi
 .text._ZN7TwoWire15endTransmissionEh
                0x00005808       0x24 src/libraries/Wire/src/Wire.o
                0x00005808                _ZN7TwoWire15endTransmissionEh
 .text._ZN7TwoWire11requestFromEhhmhh
                0x0000582c       0xa2 src/libraries/Wire/src/Wire.o
                0x0000582c                _ZN7TwoWire11requestFromEhhmhh
 .text._ZN7TwoWire11requestFromEhhh
                0x000058ce       0x1e src/libraries/Wire/src/Wire.o
                0x000058ce                _ZN7TwoWire11requestFromEhhh
 .text._ZN7TwoWire11requestFromEhh
                0x000058ec        0x4 src/libraries/Wire/src/Wire.o
                0x000058ec                _ZN7TwoWire11requestFromEhh
 .text._ZN7TwoWire11requestFromEii
                0x000058f0        0x4 src/libraries/Wire/src/Wire.o
                0x000058f0                _ZN7TwoWire11requestFromEii
 .text._ZN7TwoWire15endTransmissionEv
                0x000058f4        0x4 src/libraries/Wire/src/Wire.o
                0x000058f4                _ZN7TwoWire15endTransmissionEv
 .text.startup._GLOBAL__sub_I__ZN7TwoWire8rxBufferE
                0x000058f8        0x6 src/libraries/Wire/src/Wire.o
 .text.avr-libc.fplib
                0x000058fe        0x8 c:/program files (x86)/atmel/studio/7.0/toolchain/avr8/avr8-gnu-toolchain/bin/../lib/gcc/avr/5.4.0/../../../../avr/lib/avr51\libm.a(cmpsf2.o)
                0x000058fe                __nesf2
                0x000058fe                __eqsf2
                0x000058fe                __cmpsf2
                0x000058fe                __ltsf2
                0x000058fe                __lesf2
 .text.avr-libc.fplib
                0x00005906        0x4 c:/program files (x86)/atmel/studio/7.0/toolchain/avr8/avr8-gnu-toolchain/bin/../lib/gcc/avr/5.4.0/../../../../avr/lib/avr51\libm.a(divsf3.o)
                0x00005906                __divsf3
 .text.avr-libc.fplib
                0x0000590a       0xcc c:/program files (x86)/atmel/studio/7.0/toolchain/avr8/avr8-gnu-toolchain/bin/../lib/gcc/avr/5.4.0/../../../../avr/lib/avr51\libm.a(divsf3x.o)
                0x00005920                __divsf3x
                0x00005924                __divsf3_pse
 .text.avr-libc.fplib
                0x000059d6       0x7a c:/program files (x86)/atmel/studio/7.0/toolchain/avr8/avr8-gnu-toolchain/bin/../lib/gcc/avr/5.4.0/../../../../avr/lib/avr51\libm.a(floatsisf.o)
                0x000059d6                __floatunsisf
                0x000059da                __floatsisf
 .text.avr-libc.fplib
                0x00005a50       0x48 c:/program files (x86)/atmel/studio/7.0/toolchain/avr8/avr8-gnu-toolchain/bin/../lib/gcc/avr/5.4.0/../../../../avr/lib/avr51\libm.a(fp_cmp.o)
                0x00005a50                __fp_cmp
 .text.avr-libc.fplib
                0x00005a98        0xc c:/program files (x86)/atmel/studio/7.0/toolchain/avr8/avr8-gnu-toolchain/bin/../lib/gcc/avr/5.4.0/../../../../avr/lib/avr51\libm.a(fp_inf.o)
                0x00005a98                __fp_inf
 .text.avr-libc.fplib
                0x00005aa4        0x6 c:/program files (x86)/atmel/studio/7.0/toolchain/avr8/avr8-gnu-toolchain/bin/../lib/gcc/avr/5.4.0/../../../../avr/lib/avr51\libm.a(fp_nan.o)
                0x00005aa4                __fp_nan
 .text.avr-libc.fplib
                0x00005aaa        0xe c:/program files (x86)/atmel/studio/7.0/toolchain/avr8/avr8-gnu-toolchain/bin/../lib/gcc/avr/5.4.0/../../../../avr/lib/avr51\libm.a(fp_pscA.o)
                0x00005aaa                __fp_pscA
 .text.avr-libc.fplib
                0x00005ab8        0xe c:/program files (x86)/atmel/studio/7.0/toolchain/avr8/avr8-gnu-toolchain/bin/../lib/gcc/avr/5.4.0/../../../../avr/lib/avr51\libm.a(fp_pscB.o)
                0x00005ab8                __fp_pscB
 .text.avr-libc.fplib
                0x00005ac6       0x22 c:/program files (x86)/atmel/studio/7.0/toolchain/avr8/avr8-gnu-toolchain/bin/../lib/gcc/avr/5.4.0/../../../../avr/lib/avr51\libm.a(fp_round.o)
                0x00005ac6                __fp_round
 .text.avr-libc.fplib
                0x00005ae8       0x44 c:/program files (x86)/atmel/studio/7.0/toolchain/avr8/avr8-gnu-toolchain/bin/../lib/gcc/avr/5.4.0/../../../../avr/lib/avr51\libm.a(fp_split3.o)
                0x00005ae8                __fp_split3
                0x00005af8                __fp_splitA
 .text.avr-libc.fplib
                0x00005b2c        0xe c:/program files (x86)/atmel/studio/7.0/toolchain/avr8/avr8-gnu-toolchain/bin/../lib/gcc/avr/5.4.0/../../../../avr/lib/avr51\libm.a(fp_zero.o)
                0x00005b2c                __fp_zero
                0x00005b2e                __fp_szero
 .text.__cxa_pure_virtual
                0x00005b3a        0x4 C:\Users\Administrator\Desktop\Firmware\repo\CCEC\TuinoDemo\ArduinoCore\Debug\libArduinoCore.a(abi.o)
                0x00005b3a                __cxa_pure_virtual
 .text.__vector_18
                0x00005b3e       0x64 C:\Users\Administrator\Desktop\Firmware\repo\CCEC\TuinoDemo\ArduinoCore\Debug\libArduinoCore.a(HardwareSerial0.o)
                0x00005b3e                __vector_18
 .text.__vector_19
                0x00005ba2       0x4a C:\Users\Administrator\Desktop\Firmware\repo\CCEC\TuinoDemo\ArduinoCore\Debug\libArduinoCore.a(HardwareSerial0.o)
                0x00005ba2                __vector_19
 .text._Z17Serial0_availablev
                0x00005bec       0x12 C:\Users\Administrator\Desktop\Firmware\repo\CCEC\TuinoDemo\ArduinoCore\Debug\libArduinoCore.a(HardwareSerial0.o)
                0x00005bec                _Z17Serial0_availablev
 .text.startup._GLOBAL__sub_I___vector_18
                0x00005bfe       0x5a C:\Users\Administrator\Desktop\Firmware\repo\CCEC\TuinoDemo\ArduinoCore\Debug\libArduinoCore.a(HardwareSerial0.o)
 .text._ZNK9IPAddress7printToER5Print
                0x00005c58       0x7e C:\Users\Administrator\Desktop\Firmware\repo\CCEC\TuinoDemo\ArduinoCore\Debug\libArduinoCore.a(IPAddress.o)
                0x00005c58                _ZNK9IPAddress7printToER5Print
 .text._ZN9IPAddressC2Ev
                0x00005cd6       0x14 C:\Users\Administrator\Desktop\Firmware\repo\CCEC\TuinoDemo\ArduinoCore\Debug\libArduinoCore.a(IPAddress.o)
                0x00005cd6                _ZN9IPAddressC1Ev
                0x00005cd6                _ZN9IPAddressC2Ev
 .text._ZN9IPAddressC2Ehhhh
                0x00005cea       0x18 C:\Users\Administrator\Desktop\Firmware\repo\CCEC\TuinoDemo\ArduinoCore\Debug\libArduinoCore.a(IPAddress.o)
                0x00005cea                _ZN9IPAddressC2Ehhhh
                0x00005cea                _ZN9IPAddressC1Ehhhh
 .text._ZN9IPAddressC2EPKh
                0x00005d02       0x18 C:\Users\Administrator\Desktop\Firmware\repo\CCEC\TuinoDemo\ArduinoCore\Debug\libArduinoCore.a(IPAddress.o)
                0x00005d02                _ZN9IPAddressC2EPKh
                0x00005d02                _ZN9IPAddressC1EPKh
 .text._ZN9IPAddressaSEPKh
                0x00005d1a       0x12 C:\Users\Administrator\Desktop\Firmware\repo\CCEC\TuinoDemo\ArduinoCore\Debug\libArduinoCore.a(IPAddress.o)
                0x00005d1a                _ZN9IPAddressaSEPKh
 .text.initVariant
                0x00005d2c        0x2 C:\Users\Administrator\Desktop\Firmware\repo\CCEC\TuinoDemo\ArduinoCore\Debug\libArduinoCore.a(main.o)
                0x00005d2c                initVariant
 .text.startup.main
                0x00005d2e       0x18 C:\Users\Administrator\Desktop\Firmware\repo\CCEC\TuinoDemo\ArduinoCore\Debug\libArduinoCore.a(main.o)
                0x00005d2e                main
 .text._ZN5Print5writeEPKhj
                0x00005d46       0x54 C:\Users\Administrator\Desktop\Firmware\repo\CCEC\TuinoDemo\ArduinoCore\Debug\libArduinoCore.a(Print.o)
                0x00005d46                _ZN5Print5writeEPKhj
 .text._ZN5Print5writeEPKc
                0x00005d9a       0x2a C:\Users\Administrator\Desktop\Firmware\repo\CCEC\TuinoDemo\ArduinoCore\Debug\libArduinoCore.a(Print.o)
                0x00005d9a                _ZN5Print5writeEPKc
 .text._ZN5Print5printEPK19__FlashStringHelper
                0x00005dc4       0x48 C:\Users\Administrator\Desktop\Firmware\repo\CCEC\TuinoDemo\ArduinoCore\Debug\libArduinoCore.a(Print.o)
                0x00005dc4                _ZN5Print5printEPK19__FlashStringHelper
 .text._ZN5Print5printERK6String
                0x00005e0c       0x1c C:\Users\Administrator\Desktop\Firmware\repo\CCEC\TuinoDemo\ArduinoCore\Debug\libArduinoCore.a(Print.o)
                0x00005e0c                _ZN5Print5printERK6String
 .text._ZN5Print5printEPKc
                0x00005e28        0x2 C:\Users\Administrator\Desktop\Firmware\repo\CCEC\TuinoDemo\ArduinoCore\Debug\libArduinoCore.a(Print.o)
                0x00005e28                _ZN5Print5printEPKc
 .text._ZN5Print5printEc
                0x00005e2a        0xe C:\Users\Administrator\Desktop\Firmware\repo\CCEC\TuinoDemo\ArduinoCore\Debug\libArduinoCore.a(Print.o)
                0x00005e2a                _ZN5Print5printEc
 .text._ZN5Print7printlnEv
                0x00005e38        0x6 C:\Users\Administrator\Desktop\Firmware\repo\CCEC\TuinoDemo\ArduinoCore\Debug\libArduinoCore.a(Print.o)
                0x00005e38                _ZN5Print7printlnEv
 .text._ZN5Print7printlnEPK19__FlashStringHelper
                0x00005e3e       0x20 C:\Users\Administrator\Desktop\Firmware\repo\CCEC\TuinoDemo\ArduinoCore\Debug\libArduinoCore.a(Print.o)
                0x00005e3e                _ZN5Print7printlnEPK19__FlashStringHelper
 .text._ZN5Print7printlnERK6String
                0x00005e5e       0x20 C:\Users\Administrator\Desktop\Firmware\repo\CCEC\TuinoDemo\ArduinoCore\Debug\libArduinoCore.a(Print.o)
                0x00005e5e                _ZN5Print7printlnERK6String
 .text._ZN5Print7printlnEPKc
                0x00005e7e       0x20 C:\Users\Administrator\Desktop\Firmware\repo\CCEC\TuinoDemo\ArduinoCore\Debug\libArduinoCore.a(Print.o)
                0x00005e7e                _ZN5Print7printlnEPKc
 .text._ZN5Print11printNumberEmh
                0x00005e9e       0x8e C:\Users\Administrator\Desktop\Firmware\repo\CCEC\TuinoDemo\ArduinoCore\Debug\libArduinoCore.a(Print.o)
                0x00005e9e                _ZN5Print11printNumberEmh
 .text._ZN5Print5printEmi
                0x00005f2c       0x18 C:\Users\Administrator\Desktop\Firmware\repo\CCEC\TuinoDemo\ArduinoCore\Debug\libArduinoCore.a(Print.o)
                0x00005f2c                _ZN5Print5printEmi
 .text._ZN5Print5printEhi
                0x00005f44        0xc C:\Users\Administrator\Desktop\Firmware\repo\CCEC\TuinoDemo\ArduinoCore\Debug\libArduinoCore.a(Print.o)
                0x00005f44                _ZN5Print5printEhi
 .text._ZN5Print7printlnEmi
                0x00005f50       0x20 C:\Users\Administrator\Desktop\Firmware\repo\CCEC\TuinoDemo\ArduinoCore\Debug\libArduinoCore.a(Print.o)
                0x00005f50                _ZN5Print7printlnEmi
 .text.__vector_16
                0x00005f70       0x94 C:\Users\Administrator\Desktop\Firmware\repo\CCEC\TuinoDemo\ArduinoCore\Debug\libArduinoCore.a(wiring.o)
                0x00005f70                __vector_16
 .text.millis   0x00006004       0x18 C:\Users\Administrator\Desktop\Firmware\repo\CCEC\TuinoDemo\ArduinoCore\Debug\libArduinoCore.a(wiring.o)
                0x00006004                millis
 .text.micros   0x0000601c       0x4a C:\Users\Administrator\Desktop\Firmware\repo\CCEC\TuinoDemo\ArduinoCore\Debug\libArduinoCore.a(wiring.o)
                0x0000601c                micros
 .text.delay    0x00006066       0x72 C:\Users\Administrator\Desktop\Firmware\repo\CCEC\TuinoDemo\ArduinoCore\Debug\libArduinoCore.a(wiring.o)
                0x00006066                delay
 .text.delayMicroseconds
                0x000060d8       0x16 C:\Users\Administrator\Desktop\Firmware\repo\CCEC\TuinoDemo\ArduinoCore\Debug\libArduinoCore.a(wiring.o)
                0x000060d8                delayMicroseconds
 .text.init     0x000060ee       0x76 C:\Users\Administrator\Desktop\Firmware\repo\CCEC\TuinoDemo\ArduinoCore\Debug\libArduinoCore.a(wiring.o)
                0x000060ee                init
 .text.turnOffPWM
                0x00006164       0x52 C:\Users\Administrator\Desktop\Firmware\repo\CCEC\TuinoDemo\ArduinoCore\Debug\libArduinoCore.a(wiring_digital.o)
 .text.pinMode  0x000061b6       0x78 C:\Users\Administrator\Desktop\Firmware\repo\CCEC\TuinoDemo\ArduinoCore\Debug\libArduinoCore.a(wiring_digital.o)
                0x000061b6                pinMode
 .text.digitalWrite
                0x0000622e       0x5c C:\Users\Administrator\Desktop\Firmware\repo\CCEC\TuinoDemo\ArduinoCore\Debug\libArduinoCore.a(wiring_digital.o)
                0x0000622e                digitalWrite
 .text.digitalRead
                0x0000628a       0x50 C:\Users\Administrator\Desktop\Firmware\repo\CCEC\TuinoDemo\ArduinoCore\Debug\libArduinoCore.a(wiring_digital.o)
                0x0000628a                digitalRead
 .text._ZNK6String14StringIfHelperEv
                0x000062da        0x2 C:\Users\Administrator\Desktop\Firmware\repo\CCEC\TuinoDemo\ArduinoCore\Debug\libArduinoCore.a(WString.o)
                0x000062da                _ZNK6String14StringIfHelperEv
 .text._ZN6StringD2Ev
                0x000062dc        0x8 C:\Users\Administrator\Desktop\Firmware\repo\CCEC\TuinoDemo\ArduinoCore\Debug\libArduinoCore.a(WString.o)
                0x000062dc                _ZN6StringD2Ev
                0x000062dc                _ZN6StringD1Ev
 .text._ZN6String10invalidateEv
                0x000062e4       0x22 C:\Users\Administrator\Desktop\Firmware\repo\CCEC\TuinoDemo\ArduinoCore\Debug\libArduinoCore.a(WString.o)
                0x000062e4                _ZN6String10invalidateEv
 .text._ZN6String12changeBufferEj
                0x00006306       0x32 C:\Users\Administrator\Desktop\Firmware\repo\CCEC\TuinoDemo\ArduinoCore\Debug\libArduinoCore.a(WString.o)
                0x00006306                _ZN6String12changeBufferEj
 .text._ZN6String7reserveEj
                0x00006338       0x36 C:\Users\Administrator\Desktop\Firmware\repo\CCEC\TuinoDemo\ArduinoCore\Debug\libArduinoCore.a(WString.o)
                0x00006338                _ZN6String7reserveEj
 .text._ZN6String4copyEPKcj
                0x0000636e       0x3c C:\Users\Administrator\Desktop\Firmware\repo\CCEC\TuinoDemo\ArduinoCore\Debug\libArduinoCore.a(WString.o)
                0x0000636e                _ZN6String4copyEPKcj
 .text._ZN6StringC2EPKc
                0x000063aa       0x28 C:\Users\Administrator\Desktop\Firmware\repo\CCEC\TuinoDemo\ArduinoCore\Debug\libArduinoCore.a(WString.o)
                0x000063aa                _ZN6StringC2EPKc
                0x000063aa                _ZN6StringC1EPKc
 .text._ZN6String4moveERS_
                0x000063d2       0x76 C:\Users\Administrator\Desktop\Firmware\repo\CCEC\TuinoDemo\ArduinoCore\Debug\libArduinoCore.a(WString.o)
                0x000063d2                _ZN6String4moveERS_
 .text._ZN6StringC2EOS_
                0x00006448       0x10 C:\Users\Administrator\Desktop\Firmware\repo\CCEC\TuinoDemo\ArduinoCore\Debug\libArduinoCore.a(WString.o)
                0x00006448                _ZN6StringC1EOS_
                0x00006448                _ZN6StringC2EOS_
 .text._ZN6StringaSERKS_
                0x00006458       0x2a C:\Users\Administrator\Desktop\Firmware\repo\CCEC\TuinoDemo\ArduinoCore\Debug\libArduinoCore.a(WString.o)
                0x00006458                _ZN6StringaSERKS_
 .text._ZN6StringC2ERKS_
                0x00006482       0x10 C:\Users\Administrator\Desktop\Firmware\repo\CCEC\TuinoDemo\ArduinoCore\Debug\libArduinoCore.a(WString.o)
                0x00006482                _ZN6StringC2ERKS_
                0x00006482                _ZN6StringC1ERKS_
 .text._ZN6StringaSEOS_
                0x00006492       0x16 C:\Users\Administrator\Desktop\Firmware\repo\CCEC\TuinoDemo\ArduinoCore\Debug\libArduinoCore.a(WString.o)
                0x00006492                _ZN6StringaSEOS_
 .text._ZN6StringaSEPKc
                0x000064a8       0x2a C:\Users\Administrator\Desktop\Firmware\repo\CCEC\TuinoDemo\ArduinoCore\Debug\libArduinoCore.a(WString.o)
                0x000064a8                _ZN6StringaSEPKc
 .text._ZN6StringC2Ehh
                0x000064d2       0x56 C:\Users\Administrator\Desktop\Firmware\repo\CCEC\TuinoDemo\ArduinoCore\Debug\libArduinoCore.a(WString.o)
                0x000064d2                _ZN6StringC2Ehh
                0x000064d2                _ZN6StringC1Ehh
 .text._ZN6StringC2Emh
                0x00006528       0x56 C:\Users\Administrator\Desktop\Firmware\repo\CCEC\TuinoDemo\ArduinoCore\Debug\libArduinoCore.a(WString.o)
                0x00006528                _ZN6StringC1Emh
                0x00006528                _ZN6StringC2Emh
 .text._ZN6StringC2Edh
                0x0000657e       0x5c C:\Users\Administrator\Desktop\Firmware\repo\CCEC\TuinoDemo\ArduinoCore\Debug\libArduinoCore.a(WString.o)
                0x0000657e                _ZN6StringC1Edh
                0x0000657e                _ZN6StringC2Edh
 .text._ZN6String6concatEPKcj
                0x000065da       0x58 C:\Users\Administrator\Desktop\Firmware\repo\CCEC\TuinoDemo\ArduinoCore\Debug\libArduinoCore.a(WString.o)
                0x000065da                _ZN6String6concatEPKcj
 .text._ZN6String6concatERKS_
                0x00006632        0xc C:\Users\Administrator\Desktop\Firmware\repo\CCEC\TuinoDemo\ArduinoCore\Debug\libArduinoCore.a(WString.o)
                0x00006632                _ZN6String6concatERKS_
 .text._ZN6String6concatEPKc
                0x0000663e       0x1c C:\Users\Administrator\Desktop\Firmware\repo\CCEC\TuinoDemo\ArduinoCore\Debug\libArduinoCore.a(WString.o)
                0x0000663e                _ZN6String6concatEPKc
 .text._ZplRK15StringSumHelperRK6String
                0x0000665a       0x22 C:\Users\Administrator\Desktop\Firmware\repo\CCEC\TuinoDemo\ArduinoCore\Debug\libArduinoCore.a(WString.o)
                0x0000665a                _ZplRK15StringSumHelperRK6String
 .text._ZplRK15StringSumHelperPKc
                0x0000667c       0x2e C:\Users\Administrator\Desktop\Firmware\repo\CCEC\TuinoDemo\ArduinoCore\Debug\libArduinoCore.a(WString.o)
                0x0000667c                _ZplRK15StringSumHelperPKc
 .text._ZNK6String6equalsEPKc
                0x000066aa       0x3c C:\Users\Administrator\Desktop\Firmware\repo\CCEC\TuinoDemo\ArduinoCore\Debug\libArduinoCore.a(WString.o)
                0x000066aa                _ZNK6String6equalsEPKc
 .text._ZNK6String8getBytesEPhjj
                0x000066e6       0x5c C:\Users\Administrator\Desktop\Firmware\repo\CCEC\TuinoDemo\ArduinoCore\Debug\libArduinoCore.a(WString.o)
                0x000066e6                _ZNK6String8getBytesEPhjj
 .text._ZNK6String9substringEjj
                0x00006742       0x86 C:\Users\Administrator\Desktop\Firmware\repo\CCEC\TuinoDemo\ArduinoCore\Debug\libArduinoCore.a(WString.o)
                0x00006742                _ZNK6String9substringEjj
 .text._ZN6String4trimEv
                0x000067c8       0xb2 C:\Users\Administrator\Desktop\Firmware\repo\CCEC\TuinoDemo\ArduinoCore\Debug\libArduinoCore.a(WString.o)
                0x000067c8                _ZN6String4trimEv
 .text._ZN14HardwareSerial9availableEv
                0x0000687a       0x18 C:\Users\Administrator\Desktop\Firmware\repo\CCEC\TuinoDemo\ArduinoCore\Debug\libArduinoCore.a(HardwareSerial.o)
                0x0000687a                _ZN14HardwareSerial9availableEv
 .text._ZN14HardwareSerial4peekEv
                0x00006892       0x1c C:\Users\Administrator\Desktop\Firmware\repo\CCEC\TuinoDemo\ArduinoCore\Debug\libArduinoCore.a(HardwareSerial.o)
                0x00006892                _ZN14HardwareSerial4peekEv
 .text._ZN14HardwareSerial4readEv
                0x000068ae       0x28 C:\Users\Administrator\Desktop\Firmware\repo\CCEC\TuinoDemo\ArduinoCore\Debug\libArduinoCore.a(HardwareSerial.o)
                0x000068ae                _ZN14HardwareSerial4readEv
 .text._ZN14HardwareSerial17availableForWriteEv
                0x000068d6       0x1e C:\Users\Administrator\Desktop\Firmware\repo\CCEC\TuinoDemo\ArduinoCore\Debug\libArduinoCore.a(HardwareSerial.o)
                0x000068d6                _ZN14HardwareSerial17availableForWriteEv
 .text._Z14serialEventRunv
                0x000068f4       0x1a C:\Users\Administrator\Desktop\Firmware\repo\CCEC\TuinoDemo\ArduinoCore\Debug\libArduinoCore.a(HardwareSerial.o)
                0x000068f4                _Z14serialEventRunv
 .text._ZN14HardwareSerial17_tx_udr_empty_irqEv
                0x0000690e       0x44 C:\Users\Administrator\Desktop\Firmware\repo\CCEC\TuinoDemo\ArduinoCore\Debug\libArduinoCore.a(HardwareSerial.o)
                0x0000690e                _ZN14HardwareSerial17_tx_udr_empty_irqEv
 .text._ZN14HardwareSerial5writeEh
                0x00006952       0x98 C:\Users\Administrator\Desktop\Firmware\repo\CCEC\TuinoDemo\ArduinoCore\Debug\libArduinoCore.a(HardwareSerial.o)
                0x00006952                _ZN14HardwareSerial5writeEh
 .text._ZN14HardwareSerial5flushEv
                0x000069ea       0x42 C:\Users\Administrator\Desktop\Firmware\repo\CCEC\TuinoDemo\ArduinoCore\Debug\libArduinoCore.a(HardwareSerial.o)
                0x000069ea                _ZN14HardwareSerial5flushEv
 .text.__empty  0x00006a2c        0x2 C:\Users\Administrator\Desktop\Firmware\repo\CCEC\TuinoDemo\ArduinoCore\Debug\libArduinoCore.a(hooks.o)
                0x00006a2c                yield
 .text.libgcc.div
                0x00006a2e       0x18 c:/program files (x86)/atmel/studio/7.0/toolchain/avr8/avr8-gnu-toolchain/bin/../lib/gcc/avr/5.4.0/avr51\libgcc.a(_udivmodqi4.o)
                0x00006a2e                __udivmodqi4
 .text.libgcc.div
                0x00006a46       0x28 c:/program files (x86)/atmel/studio/7.0/toolchain/avr8/avr8-gnu-toolchain/bin/../lib/gcc/avr/5.4.0/avr51\libgcc.a(_udivmodhi4.o)
                0x00006a46                __udivmodhi4
 .text.libgcc.div
                0x00006a6e       0x44 c:/program files (x86)/atmel/studio/7.0/toolchain/avr8/avr8-gnu-toolchain/bin/../lib/gcc/avr/5.4.0/avr51\libgcc.a(_udivmodsi4.o)
                0x00006a6e                __udivmodsi4
 .text.libgcc   0x00006ab2       0x12 c:/program files (x86)/atmel/studio/7.0/toolchain/avr8/avr8-gnu-toolchain/bin/../lib/gcc/avr/5.4.0/avr51\libgcc.a(_tablejump2.o)
                0x00006ab2                __tablejump2__
 .text.libgcc.mul
                0x00006ac4       0x1e c:/program files (x86)/atmel/studio/7.0/toolchain/avr8/avr8-gnu-toolchain/bin/../lib/gcc/avr/5.4.0/avr51\libgcc.a(_umulhisi3.o)
                0x00006ac4                __umulhisi3
 .text.libgcc.mul
                0x00006ae2       0x14 c:/program files (x86)/atmel/studio/7.0/toolchain/avr8/avr8-gnu-toolchain/bin/../lib/gcc/avr/5.4.0/avr51\libgcc.a(_muluhisi3.o)
                0x00006ae2                __muluhisi3
 .text.avr-libc
                0x00006af6       0x3e c:/program files (x86)/atmel/studio/7.0/toolchain/avr8/avr8-gnu-toolchain/bin/../lib/gcc/avr/5.4.0/../../../../avr/lib/avr51\libc.a(dtostrf.o)
                0x00006af6                dtostrf
 .text.avr-libc
                0x00006b34      0x242 c:/program files (x86)/atmel/studio/7.0/toolchain/avr8/avr8-gnu-toolchain/bin/../lib/gcc/avr/5.4.0/../../../../avr/lib/avr51\libc.a(malloc.o)
                0x00006b34                malloc
                0x00006c64                free
 .text.avr-libc
                0x00006d76      0x1c0 c:/program files (x86)/atmel/studio/7.0/toolchain/avr8/avr8-gnu-toolchain/bin/../lib/gcc/avr/5.4.0/../../../../avr/lib/avr51\libc.a(realloc.o)
                0x00006d76                realloc
 .text.avr-libc
                0x00006f36        0x8 c:/program files (x86)/atmel/studio/7.0/toolchain/avr8/avr8-gnu-toolchain/bin/../lib/gcc/avr/5.4.0/../../../../avr/lib/avr51\libc.a(abort.o)
                0x00006f36                abort
 .text.avr-libc
                0x00006f3e       0x10 c:/program files (x86)/atmel/studio/7.0/toolchain/avr8/avr8-gnu-toolchain/bin/../lib/gcc/avr/5.4.0/../../../../avr/lib/avr51\libc.a(isspace.o)
                0x00006f3e                isspace
 .text.avr-libc
                0x00006f4e       0x12 c:/program files (x86)/atmel/studio/7.0/toolchain/avr8/avr8-gnu-toolchain/bin/../lib/gcc/avr/5.4.0/../../../../avr/lib/avr51\libc.a(memcpy_P.o)
                0x00006f4e                memcpy_P
 .text.avr-libc
                0x00006f60       0x12 c:/program files (x86)/atmel/studio/7.0/toolchain/avr8/avr8-gnu-toolchain/bin/../lib/gcc/avr/5.4.0/../../../../avr/lib/avr51\libc.a(memcpy.o)
                0x00006f60                memcpy
 .text.avr-libc
                0x00006f72       0x12 c:/program files (x86)/atmel/studio/7.0/toolchain/avr8/avr8-gnu-toolchain/bin/../lib/gcc/avr/5.4.0/../../../../avr/lib/avr51\libc.a(strcmp.o)
                0x00006f72                strcmp
 .text.avr-libc
                0x00006f84        0xe c:/program files (x86)/atmel/studio/7.0/toolchain/avr8/avr8-gnu-toolchain/bin/../lib/gcc/avr/5.4.0/../../../../avr/lib/avr51\libc.a(strcpy.o)
                0x00006f84                strcpy
 .text.avr-libc
                0x00006f92       0x1c c:/program files (x86)/atmel/studio/7.0/toolchain/avr8/avr8-gnu-toolchain/bin/../lib/gcc/avr/5.4.0/../../../../avr/lib/avr51\libc.a(strncmp.o)
                0x00006f92                strncmp
 .text.avr-libc
                0x00006fae       0x1e c:/program files (x86)/atmel/studio/7.0/toolchain/avr8/avr8-gnu-toolchain/bin/../lib/gcc/avr/5.4.0/../../../../avr/lib/avr51\libc.a(strncpy.o)
                0x00006fae                strncpy
 .text.avr-libc
                0x00006fcc       0x14 c:/program files (x86)/atmel/studio/7.0/toolchain/avr8/avr8-gnu-toolchain/bin/../lib/gcc/avr/5.4.0/../../../../avr/lib/avr51\libc.a(ultoa.o)
                0x00006fcc                ultoa
                0x00006fcc                __ultoa
 .text.avr-libc
                0x00006fe0       0x42 c:/program files (x86)/atmel/studio/7.0/toolchain/avr8/avr8-gnu-toolchain/bin/../lib/gcc/avr/5.4.0/../../../../avr/lib/avr51\libc.a(ultoa_ncheck.o)
                0x00006fe0                __ultoa_ncheck
                0x00006fe2                __ultoa_common
 .text.avr-libc
                0x00007022       0x14 c:/program files (x86)/atmel/studio/7.0/toolchain/avr8/avr8-gnu-toolchain/bin/../lib/gcc/avr/5.4.0/../../../../avr/lib/avr51\libc.a(utoa.o)
                0x00007022                __utoa
                0x00007022                utoa
 .text.avr-libc
                0x00007036       0x32 c:/program files (x86)/atmel/studio/7.0/toolchain/avr8/avr8-gnu-toolchain/bin/../lib/gcc/avr/5.4.0/../../../../avr/lib/avr51\libc.a(utoa_ncheck.o)
                0x00007036                __utoa_ncheck
                0x00007038                __utoa_common
 .text.avr-libc
                0x00007068      0x2ec c:/program files (x86)/atmel/studio/7.0/toolchain/avr8/avr8-gnu-toolchain/bin/../lib/gcc/avr/5.4.0/../../../../avr/lib/avr51\libc.a(dtoa_prf.o)
                0x00007068                dtoa_prf
 .text.avr-libc
                0x00007354      0x1b0 c:/program files (x86)/atmel/studio/7.0/toolchain/avr8/avr8-gnu-toolchain/bin/../lib/gcc/avr/5.4.0/../../../../avr/lib/avr51\libc.a(ftoa_engine.o)
                0x00007354                __ftoa_engine
 .text.avr-libc
                0x00007504        0x6 c:/program files (x86)/atmel/studio/7.0/toolchain/avr8/avr8-gnu-toolchain/bin/../lib/gcc/avr/5.4.0/../../../../avr/lib/avr51\libc.a(cty_isfalse.o)
                0x00007504                __ctype_isfalse
                0x00007508                __ctype_istrue
 .text.avr-libc
                0x0000750a       0x20 c:/program files (x86)/atmel/studio/7.0/toolchain/avr8/avr8-gnu-toolchain/bin/../lib/gcc/avr/5.4.0/../../../../avr/lib/avr51\libc.a(strrev.o)
                0x0000750a                strrev
                0x0000752a                . = ALIGN (0x2)
 *(.fini9)
 .fini9         0x0000752a        0x0 c:/program files (x86)/atmel/studio/7.0/toolchain/avr8/avr8-gnu-toolchain/bin/../lib/gcc/avr/5.4.0/avr51\libgcc.a(_exit.o)
                0x0000752a                _exit
                0x0000752a                exit
 *(.fini9)
 *(.fini8)
 *(.fini8)
 *(.fini7)
 *(.fini7)
 *(.fini6)
 .fini6         0x0000752a       0x14 c:/program files (x86)/atmel/studio/7.0/toolchain/avr8/avr8-gnu-toolchain/bin/../lib/gcc/avr/5.4.0/avr51\libgcc.a(_dtors.o)
                0x0000752a                __do_global_dtors
 *(.fini6)
 *(.fini5)
 *(.fini5)
 *(.fini4)
 *(.fini4)
 *(.fini3)
 *(.fini3)
 *(.fini2)
 *(.fini2)
 *(.fini1)
 *(.fini1)
 *(.fini0)
 .fini0         0x0000753e        0x4 c:/program files (x86)/atmel/studio/7.0/toolchain/avr8/avr8-gnu-toolchain/bin/../lib/gcc/avr/5.4.0/avr51\libgcc.a(_exit.o)
 *(.fini0)
                0x00007542                _etext = .

.data           0x00800100      0x704 load address 0x00007542
                0x00800100                PROVIDE (__data_start, .)
 *(.data)
 .data          0x00800100        0x6 c:/program files (x86)/atmel/studio/7.0/toolchain/avr8/avr8-gnu-toolchain/bin/../lib/gcc/avr/5.4.0/../../../../avr/lib/avr51\libc.a(malloc.o)
                0x00800100                __malloc_heap_end
                0x00800102                __malloc_heap_start
                0x00800104                __malloc_margin
 *(.data*)
 .data.MappaKeys
                0x00800106       0x10 Sketch.o
                0x00800106                MappaKeys
 .data.TselDistributore
                0x00800116        0x4 Sketch.o
                0x00800116                TselDistributore
 .data.TinputTarga
                0x0080011a        0x4 Sketch.o
                0x0080011a                TinputTarga
 .data.mac      0x0080011e        0x6 Sketch.o
                0x0080011e                mac
 .data.ip       0x00800124        0x4 Sketch.o
                0x00800124                ip
 .data.ImpulsiLitro
                0x00800128        0x2 Sketch.o
                0x00800128                ImpulsiLitro
 .data.Clessidra
                0x0080012a        0x8 Sketch.o
                0x0080012a                Clessidra
 .data.pn532response_firmwarevers
                0x00800132        0x6 src/libraries/Adafruit-PN532/Adafruit_PN532.o
                0x00800132                pn532response_firmwarevers
 .data.pn532ack
                0x00800138        0x6 src/libraries/Adafruit-PN532/Adafruit_PN532.o
                0x00800138                pn532ack
 .data._ZN14EthernetClient8_srcportE
                0x0080013e        0x2 src/libraries/Ethernet2/src/EthernetClient.o
                0x0080013e                _ZN14EthernetClient8_srcportE
 *(.gnu.linkonce.d*)
 *(.rodata)
 .rodata        0x00800140        0x6 Sketch.o
 .rodata        0x00800146        0x8 src/libraries/LiquidCrystal/src/LCD.o
 *(.rodata*)
 .rodata.str1.1
                0x0080014e      0x5e6 Sketch.o
                                0x5ea (size before relaxing)
 .rodata.._11   0x00800734       0x10 Sketch.o
 .rodata.str1.1
                0x00800744        0x9 src/libraries/Adafruit-PN532/Adafruit_PN532.o
                                  0xc (size before relaxing)
 .rodata._ZTV14EthernetClient
                0x0080074d       0x22 src/libraries/Ethernet2/src/EthernetClient.o
                0x0080074d                _ZTV14EthernetClient
 .rodata._ZTV14EthernetServer
                0x0080076f        0xe src/libraries/Ethernet2/src/EthernetServer.o
                0x0080076f                _ZTV14EthernetServer
 .rodata._ZTV11EthernetUDP
                0x0080077d       0x28 src/libraries/Ethernet2/src/EthernetUdp2.o
                0x0080077d                _ZTV11EthernetUDP
 .rodata._ZTV3LCD
                0x008007a5       0x14 src/libraries/LiquidCrystal/src/LCD.o
                0x008007a5                _ZTV3LCD
 .rodata._ZTV17LiquidCrystal_I2C
                0x008007b9       0x14 src/libraries/LiquidCrystal/src/LiquidCrystal_I2C.o
                0x008007b9                _ZTV17LiquidCrystal_I2C
 .rodata._ZTV7TwoWire
                0x008007cd       0x12 src/libraries/Wire/src/Wire.o
                0x008007cd                _ZTV7TwoWire
 .rodata._ZTV9IPAddress
                0x008007df        0x6 C:\Users\Administrator\Desktop\Firmware\repo\CCEC\TuinoDemo\ArduinoCore\Debug\libArduinoCore.a(IPAddress.o)
                0x008007df                _ZTV9IPAddress
 .rodata.str1.1
                0x008007e5        0xc C:\Users\Administrator\Desktop\Firmware\repo\CCEC\TuinoDemo\ArduinoCore\Debug\libArduinoCore.a(Print.o)
                                  0xf (size before relaxing)
 .rodata.str1.1
                0x008007f1        0x1 C:\Users\Administrator\Desktop\Firmware\repo\CCEC\TuinoDemo\ArduinoCore\Debug\libArduinoCore.a(WString.o)
 .rodata._ZTV14HardwareSerial
                0x008007f1       0x12 C:\Users\Administrator\Desktop\Firmware\repo\CCEC\TuinoDemo\ArduinoCore\Debug\libArduinoCore.a(HardwareSerial.o)
                0x008007f1                _ZTV14HardwareSerial
 *(.gnu.linkonce.r*)
                0x00800804                . = ALIGN (0x2)
 *fill*         0x00800803        0x1 
                0x00800804                _edata = .
                0x00800804                PROVIDE (__data_end, .)

.bss            0x00800804      0x39a
                0x00800804                PROVIDE (__bss_start, .)
 *(.bss)
 *(.bss*)
 .bss.TARGA     0x00800804        0x6 Sketch.o
                0x00800804                TARGA
 .bss.InputKey  0x0080080a        0x6 Sketch.o
                0x0080080a                InputKey
 .bss.prolungato
                0x00800810        0x1 Sketch.o
                0x00800810                prolungato
 .bss.premuto   0x00800811        0x1 Sketch.o
                0x00800811                premuto
 .bss.key_idx   0x00800812        0x2 Sketch.o
                0x00800812                key_idx
 .bss.nowTimer  0x00800814        0x6 Sketch.o
                0x00800814                nowTimer
 .bss.Timer     0x0080081a        0x4 Sketch.o
                0x0080081a                Timer
 .bss.UltimoPassaggioStato
                0x0080081e        0x4 Sketch.o
                0x0080081e                UltimoPassaggioStato
 .bss.secs      0x00800822        0x4 Sketch.o
                0x00800822                secs
 .bss.DS3231M   0x00800826        0xc Sketch.o
                0x00800826                DS3231M
 .bss.client    0x00800832        0xd Sketch.o
                0x00800832                client
 .bss.server    0x0080083f        0x6 Sketch.o
                0x0080083f                server
 .bss.clientToServizio
                0x00800845        0xd Sketch.o
                0x00800845                clientToServizio
 .bss.clientREST
                0x00800852        0xd Sketch.o
                0x00800852                clientREST
 .bss.subnet    0x0080085f        0x6 Sketch.o
                0x0080085f                subnet
 .bss.gateway   0x00800865        0x6 Sketch.o
                0x00800865                gateway
 .bss.myDns     0x0080086b        0x6 Sketch.o
                0x0080086b                myDns
 .bss.servizio  0x00800871        0x6 Sketch.o
                0x00800871                servizio
 .bss.MessaggioToServer
                0x00800877       0x64 Sketch.o
                0x00800877                MessaggioToServer
 .bss.righeDisplay
                0x008008db       0x18 Sketch.o
                0x008008db                righeDisplay
 .bss.Messaggio
                0x008008f3        0x6 Sketch.o
                0x008008f3                Messaggio
 .bss.Risposta  0x008008f9        0x6 Sketch.o
                0x008008f9                Risposta
 .bss.SequenzaKeypad
                0x008008ff        0xc Sketch.o
                0x008008ff                SequenzaKeypad
 .bss.Carburante
                0x0080090b        0x6 Sketch.o
                0x0080090b                Carburante
 .bss.RaccoltaDati
                0x00800911       0x24 Sketch.o
                0x00800911                RaccoltaDati
 .bss.RispostaHTTP
                0x00800935        0x6 Sketch.o
                0x00800935                RispostaHTTP
 .bss.impulsi   0x0080093b        0x2 Sketch.o
                0x0080093b                impulsi
 .bss.stato_procedura
                0x0080093d        0x2 Sketch.o
                0x0080093d                stato_procedura
 .bss.Connected
                0x0080093f        0x2 Sketch.o
                0x0080093f                Connected
 .bss.Litri     0x00800941        0x2 Sketch.o
                0x00800941                Litri
 .bss.strURLAPI
                0x00800943        0x6 Sketch.o
                0x00800943                strURLAPI
 .bss.StatoAttuale
                0x00800949        0x6 Sketch.o
                0x00800949                StatoAttuale
 .bss.nfc       0x0080094f       0x17 Sketch.o
                0x0080094f                nfc
 .bss.lcd       0x00800966       0x18 Sketch.o
                0x00800966                lcd
 .bss.alreadyTimbrata
                0x0080097e        0x1 Sketch.o
                0x0080097e                alreadyTimbrata
 .bss.uidMezzo  0x0080097f        0x7 Sketch.o
                0x0080097f                uidMezzo
 .bss.uidLength
                0x00800986        0x1 Sketch.o
                0x00800986                uidLength
 .bss.success   0x00800987        0x1 Sketch.o
                0x00800987                success
 .bss.mezzo     0x00800988        0xd Sketch.o
                0x00800988                mezzo
 .bss.intConsecutiveNonPresses
                0x00800995        0x2 Sketch.o
                0x00800995                intConsecutiveNonPresses
 .bss.intConsecutivePresses
                0x00800997        0x2 Sketch.o
                0x00800997                intConsecutivePresses
 .bss._ZL11INADDR_NONE
                0x00800999        0x6 Sketch.o
 .bss.pn532_packetbuffer
                0x0080099f       0x40 src/libraries/Adafruit-PN532/Adafruit_PN532.o
                0x0080099f                pn532_packetbuffer
 .bss._ZL11INADDR_NONE
                0x008009df        0x6 src/libraries/Ethernet2/src/Dhcp.o
 .bss._ZL11INADDR_NONE
                0x008009e5        0x6 src/libraries/Ethernet2/src/Dns.o
 .bss.Ethernet  0x008009eb        0xd src/libraries/Ethernet2/src/Ethernet2.o
                0x008009eb                Ethernet
 .bss._ZN13EthernetClass12_server_portE
                0x008009f8       0x10 src/libraries/Ethernet2/src/Ethernet2.o
                0x008009f8                _ZN13EthernetClass12_server_portE
 .bss._ZL11INADDR_NONE
                0x00800a08        0x6 src/libraries/Ethernet2/src/Ethernet2.o
 .bss._ZL11INADDR_NONE
                0x00800a0e        0x6 src/libraries/Ethernet2/src/EthernetClient.o
 .bss._ZL11INADDR_NONE
                0x00800a14        0x6 src/libraries/Ethernet2/src/EthernetServer.o
 .bss._ZL11INADDR_NONE
                0x00800a1a        0x6 src/libraries/Ethernet2/src/EthernetUdp2.o
 .bss._ZL11INADDR_NONE
                0x00800a20        0x6 src/libraries/Ethernet2/src/Twitter.o
 .bss._ZL10local_port
                0x00800a26        0x2 src/libraries/Ethernet2/src/utility/socket.o
 .bss.SPI_CS    0x00800a28        0x1 src/libraries/Ethernet2/src/utility/w5500.o
                0x00800a28                SPI_CS
 .bss.wiznet_SPI_settings
                0x00800a29        0x2 src/libraries/Ethernet2/src/utility/w5500.o
                0x00800a29                wiznet_SPI_settings
 .bss.w5500     0x00800a2b        0x1 src/libraries/Ethernet2/src/utility/w5500.o
                0x00800a2b                w5500
 .bss._ZN8SPIClass13interruptSaveE
                0x00800a2c        0x1 src/libraries/SPI/src/SPI.o
                0x00800a2c                _ZN8SPIClass13interruptSaveE
 .bss._ZN8SPIClass13interruptMaskE
                0x00800a2d        0x1 src/libraries/SPI/src/SPI.o
                0x00800a2d                _ZN8SPIClass13interruptMaskE
 .bss._ZN8SPIClass13interruptModeE
                0x00800a2e        0x1 src/libraries/SPI/src/SPI.o
                0x00800a2e                _ZN8SPIClass13interruptModeE
 .bss._ZN8SPIClass11initializedE
                0x00800a2f        0x1 src/libraries/SPI/src/SPI.o
                0x00800a2f                _ZN8SPIClass11initializedE
 .bss.twi_error
                0x00800a30        0x1 src/libraries/Wire/src/utility/twi.o
 .bss.twi_rxBufferIndex
                0x00800a31        0x1 src/libraries/Wire/src/utility/twi.o
 .bss.twi_rxBuffer
                0x00800a32       0x20 src/libraries/Wire/src/utility/twi.o
 .bss.twi_txBufferLength
                0x00800a52        0x1 src/libraries/Wire/src/utility/twi.o
 .bss.twi_txBufferIndex
                0x00800a53        0x1 src/libraries/Wire/src/utility/twi.o
 .bss.twi_txBuffer
                0x00800a54       0x20 src/libraries/Wire/src/utility/twi.o
 .bss.twi_masterBufferLength
                0x00800a74        0x1 src/libraries/Wire/src/utility/twi.o
 .bss.twi_masterBufferIndex
                0x00800a75        0x1 src/libraries/Wire/src/utility/twi.o
 .bss.twi_masterBuffer
                0x00800a76       0x20 src/libraries/Wire/src/utility/twi.o
 .bss.twi_onSlaveReceive
                0x00800a96        0x2 src/libraries/Wire/src/utility/twi.o
 .bss.twi_onSlaveTransmit
                0x00800a98        0x2 src/libraries/Wire/src/utility/twi.o
 .bss.twi_inRepStart
                0x00800a9a        0x1 src/libraries/Wire/src/utility/twi.o
 .bss.twi_sendStop
                0x00800a9b        0x1 src/libraries/Wire/src/utility/twi.o
 .bss.twi_slarw
                0x00800a9c        0x1 src/libraries/Wire/src/utility/twi.o
 .bss.twi_state
                0x00800a9d        0x1 src/libraries/Wire/src/utility/twi.o
 .bss.Wire      0x00800a9e        0xc src/libraries/Wire/src/Wire.o
                0x00800a9e                Wire
 .bss._ZN7TwoWire14user_onReceiveE
                0x00800aaa        0x2 src/libraries/Wire/src/Wire.o
                0x00800aaa                _ZN7TwoWire14user_onReceiveE
 .bss._ZN7TwoWire14user_onRequestE
                0x00800aac        0x2 src/libraries/Wire/src/Wire.o
                0x00800aac                _ZN7TwoWire14user_onRequestE
 .bss._ZN7TwoWire12transmittingE
                0x00800aae        0x1 src/libraries/Wire/src/Wire.o
                0x00800aae                _ZN7TwoWire12transmittingE
 .bss._ZN7TwoWire14txBufferLengthE
                0x00800aaf        0x1 src/libraries/Wire/src/Wire.o
                0x00800aaf                _ZN7TwoWire14txBufferLengthE
 .bss._ZN7TwoWire13txBufferIndexE
                0x00800ab0        0x1 src/libraries/Wire/src/Wire.o
                0x00800ab0                _ZN7TwoWire13txBufferIndexE
 .bss._ZN7TwoWire8txBufferE
                0x00800ab1       0x20 src/libraries/Wire/src/Wire.o
                0x00800ab1                _ZN7TwoWire8txBufferE
 .bss._ZN7TwoWire9txAddressE
                0x00800ad1        0x1 src/libraries/Wire/src/Wire.o
                0x00800ad1                _ZN7TwoWire9txAddressE
 .bss._ZN7TwoWire14rxBufferLengthE
                0x00800ad2        0x1 src/libraries/Wire/src/Wire.o
                0x00800ad2                _ZN7TwoWire14rxBufferLengthE
 .bss._ZN7TwoWire13rxBufferIndexE
                0x00800ad3        0x1 src/libraries/Wire/src/Wire.o
                0x00800ad3                _ZN7TwoWire13rxBufferIndexE
 .bss._ZN7TwoWire8rxBufferE
                0x00800ad4       0x20 src/libraries/Wire/src/Wire.o