Archive member included to satisfy reference by file (symbol)

c:/program files (x86)/atmel/studio/7.0/toolchain/avr8/avr8-gnu-toolchain/bin/../lib/gcc/avr/5.4.0/../../../../avr/lib/avr51\libm.a(cmpsf2.o)
                              Sketch.o (__ltsf2)
c:/program files (x86)/atmel/studio/7.0/toolchain/avr8/avr8-gnu-toolchain/bin/../lib/gcc/avr/5.4.0/../../../../avr/lib/avr51\libm.a(divsf3.o)
                              Sketch.o (__divsf3)
c:/program files (x86)/atmel/studio/7.0/toolchain/avr8/avr8-gnu-toolchain/bin/../lib/gcc/avr/5.4.0/../../../../avr/lib/avr51\libm.a(divsf3x.o)
                              c:/program files (x86)/atmel/studio/7.0/toolchain/avr8/avr8-gnu-toolchain/bin/../lib/gcc/avr/5.4.0/../../../../avr/lib/avr51\libm.a(divsf3.o) (__divsf3x)
c:/program files (x86)/atmel/studio/7.0/toolchain/avr8/avr8-gnu-toolchain/bin/../lib/gcc/avr/5.4.0/../../../../avr/lib/avr51\libm.a(fixsfsi.o)
                              Sketch.o (__fixsfsi)
c:/program files (x86)/atmel/studio/7.0/toolchain/avr8/avr8-gnu-toolchain/bin/../lib/gcc/avr/5.4.0/../../../../avr/lib/avr51\libm.a(fixunssfsi.o)
                              c:/program files (x86)/atmel/studio/7.0/toolchain/avr8/avr8-gnu-toolchain/bin/../lib/gcc/avr/5.4.0/../../../../avr/lib/avr51\libm.a(fixsfsi.o) (__fixunssfsi)
c:/program files (x86)/atmel/studio/7.0/toolchain/avr8/avr8-gnu-toolchain/bin/../lib/gcc/avr/5.4.0/../../../../avr/lib/avr51\libm.a(floatsisf.o)
                              Sketch.o (__floatsisf)
c:/program files (x86)/atmel/studio/7.0/toolchain/avr8/avr8-gnu-toolchain/bin/../lib/gcc/avr/5.4.0/../../../../avr/lib/avr51\libm.a(fp_cmp.o)
                              c:/program files (x86)/atmel/studio/7.0/toolchain/avr8/avr8-gnu-toolchain/bin/../lib/gcc/avr/5.4.0/../../../../avr/lib/avr51\libm.a(cmpsf2.o) (__fp_cmp)
c:/program files (x86)/atmel/studio/7.0/toolchain/avr8/avr8-gnu-toolchain/bin/../lib/gcc/avr/5.4.0/../../../../avr/lib/avr51\libm.a(fp_inf.o)
                              c:/program files (x86)/atmel/studio/7.0/toolchain/avr8/avr8-gnu-toolchain/bin/../lib/gcc/avr/5.4.0/../../../../avr/lib/avr51\libm.a(divsf3x.o) (__fp_inf)
c:/program files (x86)/atmel/studio/7.0/toolchain/avr8/avr8-gnu-toolchain/bin/../lib/gcc/avr/5.4.0/../../../../avr/lib/avr51\libm.a(fp_nan.o)
                              c:/program files (x86)/atmel/studio/7.0/toolchain/avr8/avr8-gnu-toolchain/bin/../lib/gcc/avr/5.4.0/../../../../avr/lib/avr51\libm.a(divsf3x.o) (__fp_nan)
c:/program files (x86)/atmel/studio/7.0/toolchain/avr8/avr8-gnu-toolchain/bin/../lib/gcc/avr/5.4.0/../../../../avr/lib/avr51\libm.a(fp_pscA.o)
                              c:/program files (x86)/atmel/studio/7.0/toolchain/avr8/avr8-gnu-toolchain/bin/../lib/gcc/avr/5.4.0/../../../../avr/lib/avr51\libm.a(divsf3x.o) (__fp_pscA)
c:/program files (x86)/atmel/studio/7.0/toolchain/avr8/avr8-gnu-toolchain/bin/../lib/gcc/avr/5.4.0/../../../../avr/lib/avr51\libm.a(fp_pscB.o)
                              c:/program files (x86)/atmel/studio/7.0/toolchain/avr8/avr8-gnu-toolchain/bin/../lib/gcc/avr/5.4.0/../../../../avr/lib/avr51\libm.a(divsf3x.o) (__fp_pscB)
c:/program files (x86)/atmel/studio/7.0/toolchain/avr8/avr8-gnu-toolchain/bin/../lib/gcc/avr/5.4.0/../../../../avr/lib/avr51\libm.a(fp_round.o)
                              c:/program files (x86)/atmel/studio/7.0/toolchain/avr8/avr8-gnu-toolchain/bin/../lib/gcc/avr/5.4.0/../../../../avr/lib/avr51\libm.a(divsf3.o) (__fp_round)
c:/program files (x86)/atmel/studio/7.0/toolchain/avr8/avr8-gnu-toolchain/bin/../lib/gcc/avr/5.4.0/../../../../avr/lib/avr51\libm.a(fp_split3.o)
                              c:/program files (x86)/atmel/studio/7.0/toolchain/avr8/avr8-gnu-toolchain/bin/../lib/gcc/avr/5.4.0/../../../../avr/lib/avr51\libm.a(divsf3x.o) (__fp_split3)
c:/program files (x86)/atmel/studio/7.0/toolchain/avr8/avr8-gnu-toolchain/bin/../lib/gcc/avr/5.4.0/../../../../avr/lib/avr51\libm.a(fp_zero.o)
                              c:/program files (x86)/atmel/studio/7.0/toolchain/avr8/avr8-gnu-toolchain/bin/../lib/gcc/avr/5.4.0/../../../../avr/lib/avr51\libm.a(fixunssfsi.o) (__fp_zero)
C:\Users\giovanni.barbato\Desktop\CCEC\NOVARA\fwCCEC\TuinoDemo\ArduinoCore\Debug\libArduinoCore.a(abi.o)
                              src/libraries/LiquidCrystal/src/LCD.o (__cxa_pure_virtual)
C:\Users\giovanni.barbato\Desktop\CCEC\NOVARA\fwCCEC\TuinoDemo\ArduinoCore\Debug\libArduinoCore.a(HardwareSerial0.o)
                              Sketch.o (Serial)
C:\Users\giovanni.barbato\Desktop\CCEC\NOVARA\fwCCEC\TuinoDemo\ArduinoCore\Debug\libArduinoCore.a(IPAddress.o)
                              Sketch.o (_ZTV9IPAddress)
C:\Users\giovanni.barbato\Desktop\CCEC\NOVARA\fwCCEC\TuinoDemo\ArduinoCore\Debug\libArduinoCore.a(main.o)
                              C:/Program Files (x86)/Atmel/Studio/7.0/Packs/atmel/ATmega_DFP/1.2.209/gcc/dev/atmega1284p/avr51/crtatmega1284p.o (main)
[...]
Memory Configuration

Name             Origin             Length             Attributes
text             0x00000000         0x00020000         xr
data             0x00800100         0x0000ff00         rw !x
eeprom           0x00810000         0x00010000         rw !x
fuse             0x00820000         0x00000003         rw !x
lock             0x00830000         0x00000400         rw !x
signature        0x00840000         0x00000400         rw !x
user_signatures  0x00850000         0x00000400         rw !x
*default*        0x00000000         0xffffffff

Linker script and memory map

Address of section .data set to 0x800100
LOAD C:/Program Files (x86)/Atmel/Studio/7.0/Packs/atmel/ATmega_DFP/1.2.209/gcc/dev/atmega1284p/avr51/crtatmega1284p.o
LOAD Sketch.o
LOAD src/libraries/Keypad/src/PCA9534.o
LOAD src/libraries/NFC-PN532/NFC_PN532.o
LOAD src/libraries/DS3231M/src/DS3231M.o
LOAD src/libraries/Ethernet2/src/Dhcp.o
LOAD src/libraries/Ethernet2/src/Dns.o
LOAD src/libraries/Ethernet2/src/Ethernet2.o
LOAD src/libraries/Ethernet2/src/EthernetClient.o
LOAD src/libraries/Ethernet2/src/EthernetServer.o
LOAD src/libraries/Ethernet2/src/EthernetUdp2.o
LOAD src/libraries/Ethernet2/src/utility/socket.o
LOAD src/libraries/Ethernet2/src/utility/w5500.o
LOAD src/libraries/Keypad/src/Key.o
LOAD src/libraries/Keypad/src/Keypad.o
LOAD src/libraries/LiquidCrystal/src/I2CIO.o
LOAD src/libraries/LiquidCrystal/src/LCD.o
LOAD src/libraries/LiquidCrystal/src/LiquidCrystal.o
LOAD src/libraries/LiquidCrystal/src/LiquidCrystal_I2C.o
LOAD src/libraries/SPI/src/SPI.o
LOAD src/libraries/Wire/src/utility/twi.o
LOAD src/libraries/Wire/src/Wire.o
START GROUP
LOAD c:/program files (x86)/atmel/studio/7.0/toolchain/avr8/avr8-gnu-toolchain/bin/../lib/gcc/avr/5.4.0/../../../../avr/lib/avr51\libm.a
LOAD C:\Users\giovanni.barbato\Desktop\CCEC\NOVARA\fwCCEC\TuinoDemo\ArduinoCore\Debug\libArduinoCore.a
END GROUP
LOAD c:/program files (x86)/atmel/studio/7.0/toolchain/avr8/avr8-gnu-toolchain/bin/../lib/gcc/avr/5.4.0/avr51\libgcc.a
LOAD c:/program files (x86)/atmel/studio/7.0/toolchain/avr8/avr8-gnu-toolchain/bin/../lib/gcc/avr/5.4.0/../../../../avr/lib/avr51\libm.a
START GROUP
LOAD c:/program files (x86)/atmel/studio/7.0/toolchain/avr8/avr8-gnu-toolchain/bin/../lib/gcc/avr/5.4.0/avr51\libgcc.a
LOAD c:/program files (x86)/atmel/studio/7.0/toolchain/avr8/avr8-gnu-toolchain/bin/../lib/gcc/avr/5.4.0/../../../../avr/lib/avr51\libm.a
LOAD c:/program files (x86)/atmel/studio/7.0/toolchain/avr8/avr8-gnu-toolchain/bin/../lib/gcc/avr/5.4.0/../../../../avr/lib/avr51\libc.a
LOAD C:/Program Files (x86)/Atmel/Studio/7.0/Packs/atmel/ATmega_DFP/1.2.209/gcc/dev/atmega1284p/avr51\libatmega1284p.a
END GROUP
                0x00000000                __TEXT_REGION_ORIGIN__ = DEFINED (__TEXT_REGION_ORIGIN__)?__TEXT_REGION_ORIGIN__:0x0
                0x00800100                __DATA_REGION_ORIGIN__ = DEFINED (__DATA_REGION_ORIGIN__)?__DATA_REGION_ORIGIN__:0x800100
                0x00020000                __TEXT_REGION_LENGTH__ = DEFINED (__TEXT_REGION_LENGTH__)?__TEXT_REGION_LENGTH__:0x20000
                0x0000ff00                __DATA_REGION_LENGTH__ = DEFINED (__DATA_REGION_LENGTH__)?__DATA_REGION_LENGTH__:0xff00
                0x00010000                __EEPROM_REGION_LENGTH__ = DEFINED (__EEPROM_REGION_LENGTH__)?__EEPROM_REGION_LENGTH__:0x10000
                [0x00000003]                __FUSE_REGION_LENGTH__ = DEFINED (__FUSE_REGION_LENGTH__)?__FUSE_REGION_LENGTH__:0x400
                0x00000400                __LOCK_REGION_LENGTH__ = DEFINED (__LOCK_REGION_LENGTH__)?__LOCK_REGION_LENGTH__:0x400
                0x00000400                __SIGNATURE_REGION_LENGTH__ = DEFINED (__SIGNATURE_REGION_LENGTH__)?__SIGNATURE_REGION_LENGTH__:0x400
                0x00000400                __USER_SIGNATURE_REGION_LENGTH__ = DEFINED (__USER_SIGNATURE_REGION_LENGTH__)?__USER_SIGNATURE_REGION_LENGTH__:0x400

.hash
 *(.hash)

.dynsym
 *(.dynsym)

.dynstr
 *(.dynstr)

.gnu.version
 *(.gnu.version)

.gnu.version_d
 *(.gnu.version_d)

.gnu.version_r
 *(.gnu.version_r)

.rel.init
 *(.rel.init)

.rela.init
 *(.rela.init)

.rel.text
 *(.rel.text)
 *(.rel.text.*)
 *(.rel.gnu.linkonce.t*)

.rela.text
 *(.rela.text)
 *(.rela.text.*)
 *(.rela.gnu.linkonce.t*)

.rel.fini
 *(.rel.fini)

.rela.fini
 *(.rela.fini)

.rel.rodata
 *(.rel.rodata)
 *(.rel.rodata.*)
 *(.rel.gnu.linkonce.r*)

.rela.rodata
 *(.rela.rodata)
 *(.rela.rodata.*)
 *(.rela.gnu.linkonce.r*)

.rel.data
 *(.rel.data)
 *(.rel.data.*)
 *(.rel.gnu.linkonce.d*)

.rela.data
 *(.rela.data)
 *(.rela.data.*)
 *(.rela.gnu.linkonce.d*)

.rel.ctors
 *(.rel.ctors)

.rela.ctors
 *(.rela.ctors)

.rel.dtors
 *(.rel.dtors)

.rela.dtors
 *(.rela.dtors)

.rel.got
 *(.rel.got)

.rela.got
 *(.rela.got)

.rel.bss
 *(.rel.bss)

.rela.bss
 *(.rela.bss)

.rel.plt
 *(.rel.plt)

.rela.plt
 *(.rela.plt)

.text           0x00000000     0x870c
 *(.vectors)
 .vectors       0x00000000       0x8c C:/Program Files (x86)/Atmel/Studio/7.0/Packs/atmel/ATmega_DFP/1.2.209/gcc/dev/atmega1284p/avr51/crtatmega1284p.o
                0x00000000                __vector_default
                0x00000000                __vectors
 *(.vectors)
 *(.progmem.gcc*)
 .progmem.gcc_sw_table.loop
                0x0000008c       0x16 Sketch.o
 .progmem.gcc_sw_table._ZN8DateTimeC2EPK19__FlashStringHelperS2_
                0x000000a2       0x26 src/libraries/DS3231M/src/DS3231M.o
                0x000000c8                . = ALIGN (0x2)
                0x000000c8                __trampolines_start = .
 *(.trampolines)
 .trampolines   0x000000c8        0x0 linker stubs
 *(.trampolines*)
                0x000000c8                __trampolines_end = .
 *libprintf_flt.a:*(.progmem.data)
 *libc.a:*(.progmem.data)
 .progmem.data  0x000000c8       0xfa c:/program files (x86)/atmel/studio/7.0/toolchain/avr8/avr8-gnu-toolchain/bin/../lib/gcc/avr/5.4.0/../../../../avr/lib/avr51\libc.a(ftoa_engine.o)
 *(.progmem*)
 .progmem.data._ZZ5setupE3__c_0
                0x000001c2       0x1e Sketch.o
 .progmem.data._ZZ5setupE3__c
                0x000001e0       0x2f Sketch.o
 .progmem.data._ZZN13DS3231M_Class6adjustEvE3__c
                0x0000020f        0xc src/libraries/DS3231M/src/DS3231M.o
 .progmem.data._ZZN13DS3231M_Class6adjustEvE3__c_0
                0x0000021b        0x9 src/libraries/DS3231M/src/DS3231M.o
 .progmem.data._ZL11daysInMonth
                0x00000224        0xc src/libraries/DS3231M/src/DS3231M.o
 .progmem.data.digital_pin_to_timer_PGM
                0x00000230       0x20 C:\Users\giovanni.barbato\Desktop\CCEC\NOVARA\fwCCEC\TuinoDemo\ArduinoCore\Debug\libArduinoCore.a(wiring_digital.o)
                0x00000230                digital_pin_to_timer_PGM
 .progmem.data.digital_pin_to_bit_mask_PGM
                0x00000250       0x20 C:\Users\giovanni.barbato\Desktop\CCEC\NOVARA\fwCCEC\TuinoDemo\ArduinoCore\Debug\libArduinoCore.a(wiring_digital.o)
                0x00000250                digital_pin_to_bit_mask_PGM
 .progmem.data.digital_pin_to_port_PGM
                0x00000270       0x20 C:\Users\giovanni.barbato\Desktop\CCEC\NOVARA\fwCCEC\TuinoDemo\ArduinoCore\Debug\libArduinoCore.a(wiring_digital.o)
                0x00000270                digital_pin_to_port_PGM
 .progmem.data.port_to_input_PGM
                0x00000290        0xa C:\Users\giovanni.barbato\Desktop\CCEC\NOVARA\fwCCEC\TuinoDemo\ArduinoCore\Debug\libArduinoCore.a(wiring_digital.o)
                0x00000290                port_to_input_PGM
 .progmem.data.port_to_output_PGM
                0x0000029a        0xa C:\Users\giovanni.barbato\Desktop\CCEC\NOVARA\fwCCEC\TuinoDemo\ArduinoCore\Debug\libArduinoCore.a(wiring_digital.o)
                0x0000029a                port_to_output_PGM
 .progmem.data.port_to_mode_PGM
                0x000002a4        0xa C:\Users\giovanni.barbato\Desktop\CCEC\NOVARA\fwCCEC\TuinoDemo\ArduinoCore\Debug\libArduinoCore.a(wiring_digital.o)
                0x000002a4                port_to_mode_PGM
                0x000002ae                . = ALIGN (0x2)
 *(.jumptables)
 *(.jumptables*)
 *(.lowtext)
 *(.lowtext*)
                0x000002ae                __ctors_start = .
 *(.ctors)
 .ctors         0x000002ae        0x2 Sketch.o
 .ctors         0x000002b0        0x2 src/libraries/Ethernet2/src/Dhcp.o
 .ctors         0x000002b2        0x2 src/libraries/Ethernet2/src/Dns.o
 .ctors         0x000002b4        0x2 src/libraries/Ethernet2/src/Ethernet2.o
 .ctors         0x000002b6        0x2 src/libraries/Ethernet2/src/EthernetClient.o
 .ctors         0x000002b8        0x2 src/libraries/Ethernet2/src/EthernetServer.o
 .ctors         0x000002ba        0x2 src/libraries/Ethernet2/src/EthernetUdp2.o
 .ctors         0x000002bc        0x2 src/libraries/Ethernet2/src/utility/w5500.o
 .ctors         0x000002be        0x2 src/libraries/Wire/src/Wire.o
 .ctors         0x000002c0        0x2 C:\Users\giovanni.barbato\Desktop\CCEC\NOVARA\fwCCEC\TuinoDemo\ArduinoCore\Debug\libArduinoCore.a(HardwareSerial0.o)
                0x000002c2                __ctors_end = .
                0x000002c2                __dtors_start = .
 *(.dtors)
 .dtors         0x000002c2        0x2 Sketch.o
                0x000002c4                __dtors_end = .
 SORT(*)(.ctors)
 SORT(*)(.dtors)
 *(.init0)
 .init0         0x000002c4        0x0 C:/Program Files (x86)/Atmel/Studio/7.0/Packs/atmel/ATmega_DFP/1.2.209/gcc/dev/atmega1284p/avr51/crtatmega1284p.o
                0x000002c4                __init
 *(.init0)
 *(.init1)
 *(.init1)
 *(.init2)
 .init2         0x000002c4        0xc C:/Program Files (x86)/Atmel/Studio/7.0/Packs/atmel/ATmega_DFP/1.2.209/gcc/dev/atmega1284p/avr51/crtatmega1284p.o
 *(.init2)
 *(.init3)
 *(.init3)
 *(.init4)
 .init4         0x000002d0       0x1a c:/program files (x86)/atmel/studio/7.0/toolchain/avr8/avr8-gnu-toolchain/bin/../lib/gcc/avr/5.4.0/avr51\libgcc.a(_copy_data.o)
                0x000002d0                __do_copy_data
 .init4         0x000002ea       0x10 c:/program files (x86)/atmel/studio/7.0/toolchain/avr8/avr8-gnu-toolchain/bin/../lib/gcc/avr/5.4.0/avr51\libgcc.a(_clear_bss.o)
                0x000002ea                __do_clear_bss
 *(.init4)
 *(.init5)
 *(.init5)
 *(.init6)
 .init6         0x000002fa       0x16 c:/program files (x86)/atmel/studio/7.0/toolchain/avr8/avr8-gnu-toolchain/bin/../lib/gcc/avr/5.4.0/avr51\libgcc.a(_ctors.o)
                0x000002fa                __do_global_ctors
 *(.init6)
 *(.init7)
 *(.init7)
 *(.init8)
 *(.init8)
 *(.init9)
 .init9         0x00000310        0x8 C:/Program Files (x86)/Atmel/Studio/7.0/Packs/atmel/ATmega_DFP/1.2.209/gcc/dev/atmega1284p/avr51/crtatmega1284p.o
 *(.init9)
 *(.text)
 .text          0x00000318        0x2 C:/Program Files (x86)/Atmel/Studio/7.0/Packs/atmel/ATmega_DFP/1.2.209/gcc/dev/atmega1284p/avr51/crtatmega1284p.o
                0x00000318                __vector_22
                0x00000318                __vector_28
                0x00000318                __vector_1
                0x00000318                __vector_32
                0x00000318                __vector_34
                0x00000318                __vector_24
                0x00000318                __vector_12
                0x00000318                __bad_interrupt
                0x00000318                __vector_6
                0x00000318                __vector_31
                0x00000318                __vector_3
                0x00000318                __vector_23
                0x00000318                __vector_30
                0x00000318                __vector_25
                0x00000318                __vector_11
                0x00000318                __vector_13
                0x00000318                __vector_17
                0x00000318                __vector_27
                0x00000318                __vector_5
                0x00000318                __vector_33
                0x00000318                __vector_9
                0x00000318                __vector_2
                0x00000318                __vector_21
                0x00000318                __vector_15
                0x00000318                __vector_29
                0x00000318                __vector_8
                0x00000318                __vector_14
                0x00000318                __vector_10
                0x00000318                __vector_20
                0x0000031a                . = ALIGN (0x2)
 *(.text.*)
 .text._ZN5Print17availableForWriteEv
                0x0000031a        0x6 Sketch.o
                0x0000031a                _ZN5Print17availableForWriteEv
 .text._ZN5Print5flushEv
                0x00000320        0x2 Sketch.o
                0x00000320                _ZN5Print5flushEv
 .text._ZL10enable_ETHv
                0x00000322        0x4 Sketch.o
 .text._ZL11disable_ETHv
                0x00000326        0x4 Sketch.o
 .text._Z19InizializzaEthernetv
                0x0000032a       0xce Sketch.o
                0x0000032a                _Z19InizializzaEthernetv
 .text._Z11my_delay_msi
                0x000003f8       0x18 Sketch.o
                0x000003f8                _Z11my_delay_msi
 .text._Z9printLinev
                0x00000410       0x26 Sketch.o
                0x00000410                _Z9printLinev
 .text._Z8printTabh
                0x00000436       0x22 Sketch.o
                0x00000436                _Z8printTabh
 .text._Z4passb
                0x00000458       0x30 Sketch.o
                0x00000458                _Z4passb
 .text._ZN20ParametriCCEC_structC2ERKS_
                0x00000488       0x32 Sketch.o
                0x00000488                _ZN20ParametriCCEC_structC2ERKS_
                0x00000488                _ZN20ParametriCCEC_structC1ERKS_
 .text._ZN20ParametriCCEC_structD2Ev
                0x000004ba       0x16 Sketch.o
                0x000004ba                _ZN20ParametriCCEC_structD1Ev
                0x000004ba                _ZN20ParametriCCEC_structD2Ev
 .text._Z6Buzzerhm
                0x000004d0       0x3c Sketch.o
                0x000004d0                _Z6Buzzerhm
 .text._Z13getCharKeypadi
                0x0000050c      0x1cc Sketch.o
                0x0000050c                _Z13getCharKeypadi
 .text._Z10displayLCDP6Stringii
                0x000006d8       0x78 Sketch.o
                0x000006d8                _Z10displayLCDP6Stringii
 .text._Z11avanzaStatom
                0x00000750       0x62 Sketch.o
                0x00000750                _Z11avanzaStatom
 .text._Z14leggiTAG_Mezzob
                0x000007b2      0x1c6 Sketch.o
                0x000007b2                _Z14leggiTAG_Mezzob
 .text._Z14GetCodeRfidATev
                0x00000978       0xcc Sketch.o
                0x00000978                _Z14GetCodeRfidATev
 .text._Z19GetHTTPResponseCode6String
                0x00000a44       0xd6 Sketch.o
                0x00000a44                _Z19GetHTTPResponseCode6String
 .text._Z11GetAteCheckiPc14EthernetClient6String
                0x00000b1a      0x2ac Sketch.o
                0x00000b1a                _Z11GetAteCheckiPc14EthernetClient6String
 .text._Z17PostErogazioneGACiPc14EthernetClient6String
                0x00000dc6      0x2f2 Sketch.o
                0x00000dc6                _Z17PostErogazioneGACiPc14EthernetClient6String
 .text._Z15abilitaPulsantiv
                0x000010b8       0x14 Sketch.o
                0x000010b8                _Z15abilitaPulsantiv
 .text._Z22abilitaContattiPistolav
                0x000010cc        0x6 Sketch.o
                0x000010cc                _Z22abilitaContattiPistolav
 .text._Z13abilitaPulserc
                0x000010d2       0x1c Sketch.o
                0x000010d2                _Z13abilitaPulserc
 .text._Z14impulsiToLitrii
                0x000010ee       0x56 Sketch.o
                0x000010ee                _Z14impulsiToLitrii
 .text._Z18Rele_Abilitazione1ii
                0x00001144       0x76 Sketch.o
                0x00001144                _Z18Rele_Abilitazione1ii
 .text._Z18Rele_Abilitazione2ii
                0x000011ba       0x88 Sketch.o
                0x000011ba                _Z18Rele_Abilitazione2ii
 .text._Z12Control_WIFIi
                0x00001242       0x26 Sketch.o
                0x00001242                _Z12Control_WIFIi
 .text._Z6Azzerav
                0x00001268      0x13c Sketch.o
                0x00001268                _Z6Azzerav
 .text._Z10inputTargac
                0x000013a4      0x168 Sketch.o
                0x000013a4                _Z10inputTargac
 .text._Z7inputKMc
                0x0000150c      0x1a2 Sketch.o
                0x0000150c                _Z7inputKMc
 .text._Z25read_eeprom_string_struct20ParametriCCEC_struct
                0x000016ae      0x120 Sketch.o
                0x000016ae                _Z25read_eeprom_string_struct20ParametriCCEC_struct
 .text._Z26write_eeprom_string_struct20ParametriCCEC_struct
                0x000017ce      0x126 Sketch.o
                0x000017ce                _Z26write_eeprom_string_struct20ParametriCCEC_struct
 .text._Z11clearEEPROMii
                0x000018f4       0x6e Sketch.o
                0x000018f4                _Z11clearEEPROMii
 .text._Z18read_eeprom_stringii
                0x00001962      0x16a Sketch.o
                0x00001962                _Z18read_eeprom_stringii
 .text._Z19write_eeprom_string6Stringii
                0x00001acc      0x15a Sketch.o
                0x00001acc                _Z19write_eeprom_string6Stringii
 .text.loop     0x00001c26     0x1040 Sketch.o
                0x00001c26                loop
 .text.__vector_4
                0x00002c66       0x60 Sketch.o
                0x00002c66                __vector_4
 .text.__vector_7
                0x00002cc6      0x1d2 Sketch.o
                0x00002cc6                __vector_7
 .text.startup._GLOBAL__sub_I_ParametriCCEC
                0x00002e98      0x268 Sketch.o
 .text.exit._GLOBAL__sub_D_ParametriCCEC
                0x00003100       0xcc Sketch.o
 .text.setup    0x000031cc      0x56a Sketch.o
                0x000031cc                setup
 .text._ZN7PCA9534C2Ev
                0x00003736        0xa src/libraries/Keypad/src/PCA9534.o
                0x00003736                _ZN7PCA9534C2Ev
                0x00003736                _ZN7PCA9534C1Ev
 .text._ZN7PCA95345beginEh
                0x00003740        0xc src/libraries/Keypad/src/PCA9534.o
                0x00003740                _ZN7PCA95345beginEh
 .text._ZN7PCA953413setporteIoExpEhhh
                0x0000374c       0xa8 src/libraries/Keypad/src/PCA9534.o
                0x0000374c                _ZN7PCA953413setporteIoExpEhhh
 .text._ZN7PCA953410setCONFREGEh
                0x000037f4       0x2e src/libraries/Keypad/src/PCA9534.o
                0x000037f4                _ZN7PCA953410setCONFREGEh
 .text._ZN7PCA953416Read_IP_REGISTEREv
                0x00003822       0x54 src/libraries/Keypad/src/PCA9534.o
                0x00003822                _ZN7PCA953416Read_IP_REGISTEREv
 .text._ZN9NFC_PN532C2Ehh
                0x00003876       0x22 src/libraries/NFC-PN532/NFC_PN532.o
                0x00003876                _ZN9NFC_PN532C1Ehh
                0x00003876                _ZN9NFC_PN532C2Ehh
 .text._ZN9NFC_PN5325beginEv
                0x00003898       0x4a src/libraries/NFC-PN532/NFC_PN532.o
                0x00003898                _ZN9NFC_PN5325beginEv
 .text._ZN9NFC_PN53210GetHexCodeEPKhm
                0x000038e2      0x110 src/libraries/NFC-PN532/NFC_PN532.o
                0x000038e2                _ZN9NFC_PN53210GetHexCodeEPKhm
 .text._ZN9NFC_PN5327isreadyEv
                0x000039f2       0x12 src/libraries/NFC-PN532/NFC_PN532.o
                0x000039f2                _ZN9NFC_PN5327isreadyEv
 .text._ZN9NFC_PN5329waitreadyEj
                0x00003a04       0x5c src/libraries/NFC-PN532/NFC_PN532.o
                0x00003a04                _ZN9NFC_PN5329waitreadyEj
 .text._ZN9NFC_PN5328readdataEPhh
                0x00003a60       0x68 src/libraries/NFC-PN532/NFC_PN532.o
                0x00003a60                _ZN9NFC_PN5328readdataEPhh
 .text._ZN9NFC_PN5327readackEv
                0x00003ac8       0x44 src/libraries/NFC-PN532/NFC_PN532.o
                0x00003ac8                _ZN9NFC_PN5327readackEv
 .text._ZL8i2c_sendh
                0x00003b0c        0xa src/libraries/NFC-PN532/NFC_PN532.o
 .text._ZN9NFC_PN53212writecommandEPhh
                0x00003b16       0x92 src/libraries/NFC-PN532/NFC_PN532.o
                0x00003b16                _ZN9NFC_PN53212writecommandEPhh
 .text._ZN9NFC_PN53219sendCommandCheckAckEPhhj
                0x00003ba8       0x30 src/libraries/NFC-PN532/NFC_PN532.o
                0x00003ba8                _ZN9NFC_PN53219sendCommandCheckAckEPhhj
 .text._ZN9NFC_PN53218getFirmwareVersionEv
                0x00003bd8       0x90 src/libraries/NFC-PN532/NFC_PN532.o
                0x00003bd8                _ZN9NFC_PN53218getFirmwareVersionEv
 .text._ZN9NFC_PN5329SAMConfigEv
                0x00003c68       0x5c src/libraries/NFC-PN532/NFC_PN532.o
                0x00003c68                _ZN9NFC_PN5329SAMConfigEv
 .text._ZN9NFC_PN53227setPassiveActivationRetriesEh
                0x00003cc4       0x20 src/libraries/NFC-PN532/NFC_PN532.o
                0x00003cc4                _ZN9NFC_PN53227setPassiveActivationRetriesEh
 .text._ZN9NFC_PN53219readPassiveTargetIDEhPhS0_j
                0x00003ce4       0xa8 src/libraries/NFC-PN532/NFC_PN532.o
                0x00003ce4                _ZN9NFC_PN53219readPassiveTargetIDEhPhS0_j
 .text._ZN9NFC_PN53231mifareclassic_AuthenticateBlockEPhhmhS0_
                0x00003d8c       0xc0 src/libraries/NFC-PN532/NFC_PN532.o
                0x00003d8c                _ZN9NFC_PN53231mifareclassic_AuthenticateBlockEPhhmhS0_
 .text._ZN9NFC_PN53227mifareclassic_ReadDataBlockEhPh
                0x00003e4c       0x66 src/libraries/NFC-PN532/NFC_PN532.o
                0x00003e4c                _ZN9NFC_PN53227mifareclassic_ReadDataBlockEhPh
 .text._ZN9NFC_PN53228mifareclassic_WriteDataBlockEhPh
                0x00003eb2       0x60 src/libraries/NFC-PN532/NFC_PN532.o
                0x00003eb2                _ZN9NFC_PN53228mifareclassic_WriteDataBlockEhPh
 .text._ZL9date2daysjhh
                0x00003f12       0x64 src/libraries/DS3231M/src/DS3231M.o
 .text._ZL6conv2dPKc
                0x00003f76       0x1a src/libraries/DS3231M/src/DS3231M.o
 .text._ZN8DateTimeC2Em
                0x00003f90       0xf2 src/libraries/DS3231M/src/DS3231M.o
                0x00003f90                _ZN8DateTimeC2Em
                0x00003f90                _ZN8DateTimeC1Em
 .text._ZN8DateTimeC2EPK19__FlashStringHelperS2_
                0x00004082       0xea src/libraries/DS3231M/src/DS3231M.o
                0x00004082                _ZN8DateTimeC2EPK19__FlashStringHelperS2_
                0x00004082                _ZN8DateTimeC1EPK19__FlashStringHelperS2_
 .text._ZNK8DateTime12dayOfTheWeekEv
                0x0000416c       0x18 src/libraries/DS3231M/src/DS3231M.o
                0x0000416c                _ZNK8DateTime12dayOfTheWeekEv
 .text._ZNK8DateTime8unixtimeEv
                0x00004184       0x7a src/libraries/DS3231M/src/DS3231M.o
                0x00004184                _ZNK8DateTime8unixtimeEv
 .text._ZNK8DateTime11secondstimeEv
                0x000041fe       0x6a src/libraries/DS3231M/src/DS3231M.o
                0x000041fe                _ZNK8DateTime11secondstimeEv
 .text._ZN13DS3231M_ClassC2Ev
                0x00004268        0xe src/libraries/DS3231M/src/DS3231M.o
                0x00004268                _ZN13DS3231M_ClassC2Ev
                0x00004268                _ZN13DS3231M_ClassC1Ev
 .text._ZN13DS3231M_ClassD2Ev
                0x00004276        0x2 src/libraries/DS3231M/src/DS3231M.o
                0x00004276                _ZN13DS3231M_ClassD2Ev
                0x00004276                _ZN13DS3231M_ClassD1Ev
 .text._ZN13DS3231M_Class9writeByteEhh
                0x00004278       0x40 src/libraries/DS3231M/src/DS3231M.o
                0x00004278                _ZN13DS3231M_Class9writeByteEhh
 .text._ZN13DS3231M_Class8readByteEh
                0x000042b8       0x44 src/libraries/DS3231M/src/DS3231M.o
                0x000042b8                _ZN13DS3231M_Class8readByteEh
 .text._ZN13DS3231M_Class5beginEm
                0x000042fc       0x60 src/libraries/DS3231M/src/DS3231M.o
                0x000042fc                _ZN13DS3231M_Class5beginEm
 .text._ZN13DS3231M_Class3nowEv
                0x0000435c      0x140 src/libraries/DS3231M/src/DS3231M.o
                0x0000435c                _ZN13DS3231M_Class3nowEv
 .text._ZN13DS3231M_Class6adjustERK8DateTime
                0x0000449c      0x11c src/libraries/DS3231M/src/DS3231M.o
                0x0000449c                _ZN13DS3231M_Class6adjustERK8DateTime
 .text._ZN13DS3231M_Class6adjustEv
                0x000045b8       0x42 src/libraries/DS3231M/src/DS3231M.o
                0x000045b8                _ZN13DS3231M_Class6adjustEv
 .text.startup._GLOBAL__sub_I__ZN9DhcpClass13beginWithDHCPEPhmm
                0x000045fa       0x16 src/libraries/Ethernet2/src/Dhcp.o
 .text._ZN9DNSClient5beginERK9IPAddress
                0x00004610       0x1a src/libraries/Ethernet2/src/Dns.o
                0x00004610                _ZN9DNSClient5beginERK9IPAddress
 .text._ZN9DNSClient9inet_atonEPKcR9IPAddress
                0x0000462a       0x80 src/libraries/Ethernet2/src/Dns.o
                0x0000462a                _ZN9DNSClient9inet_atonEPKcR9IPAddress
 .text.startup._GLOBAL__sub_I__ZN9DNSClient5beginERK9IPAddress
                0x000046aa       0x16 src/libraries/Ethernet2/src/Dns.o
 .text._ZN9DNSClient12BuildRequestEPKc
                0x000046c0      0x142 src/libraries/Ethernet2/src/Dns.o
                0x000046c0                _ZN9DNSClient12BuildRequestEPKc
 .text._ZN9DNSClient15ProcessResponseEjR9IPAddress
                0x00004802      0x2c2 src/libraries/Ethernet2/src/Dns.o
                0x00004802                _ZN9DNSClient15ProcessResponseEjR9IPAddress
 .text._ZN9DNSClient13getHostByNameEPKcR9IPAddress
                0x00004ac4      0x112 src/libraries/Ethernet2/src/Dns.o
                0x00004ac4                _ZN9DNSClient13getHostByNameEPKcR9IPAddress
 .text._ZN10W5500Class8writeGAREPh
                0x00004bd6        0xe src/libraries/Ethernet2/src/Ethernet2.o
                0x00004bd6                _ZN10W5500Class8writeGAREPh
 .text._ZN10W5500Class9writeSUBREPh
                0x00004be4        0xe src/libraries/Ethernet2/src/Ethernet2.o
                0x00004be4                _ZN10W5500Class9writeSUBREPh
 .text._ZN10W5500Class9writeSHAREPh
                0x00004bf2        0xe src/libraries/Ethernet2/src/Ethernet2.o
                0x00004bf2                _ZN10W5500Class9writeSHAREPh
 .text._ZN10W5500Class9writeSIPREPh
                0x00004c00        0xe src/libraries/Ethernet2/src/Ethernet2.o
                0x00004c00                _ZN10W5500Class9writeSIPREPh
 .text._ZN13EthernetClass5beginEPh9IPAddressS1_S1_S1_
                0x00004c0e       0x6c src/libraries/Ethernet2/src/Ethernet2.o
                0x00004c0e                _ZN13EthernetClass5beginEPh9IPAddressS1_S1_S1_
 .text._ZN13EthernetClass11dnsServerIPEv
                0x00004c7a       0x20 src/libraries/Ethernet2/src/Ethernet2.o
                0x00004c7a                _ZN13EthernetClass11dnsServerIPEv
 .text.startup._GLOBAL__sub_I__ZN13EthernetClass6_stateE
                0x00004c9a       0x2a src/libraries/Ethernet2/src/Ethernet2.o
 .text._ZN14EthernetClientneERKS_
                0x00004cc4       0x14 src/libraries/Ethernet2/src/EthernetClient.o
                0x00004cc4                _ZN14EthernetClientneERKS_
 .text._ZN14EthernetClient5writeEh
                0x00004cd8       0x2c src/libraries/Ethernet2/src/EthernetClient.o
                0x00004cd8                _ZN14EthernetClient5writeEh
 .text._ZN14EthernetClientcvbEv
                0x00004d04       0x10 src/libraries/Ethernet2/src/EthernetClient.o
                0x00004d04                _ZN14EthernetClientcvbEv
 .text._ZN14EthernetClienteqERKS_
                0x00004d14       0x16 src/libraries/Ethernet2/src/EthernetClient.o
                0x00004d14                _ZN14EthernetClienteqERKS_
 .text._ZN14EthernetClient7connectEPKcj
                0x00004d2a       0xb4 src/libraries/Ethernet2/src/EthernetClient.o
                0x00004d2a                _ZN14EthernetClient7connectEPKcj
 .text._ZN14EthernetClient5writeEPKhj
                0x00004dde       0x3a src/libraries/Ethernet2/src/EthernetClient.o
                0x00004dde                _ZN14EthernetClient5writeEPKhj
 .text._ZN14EthernetClient9availableEv
                0x00004e18       0x14 src/libraries/Ethernet2/src/EthernetClient.o
                0x00004e18                _ZN14EthernetClient9availableEv
 .text._ZN14EthernetClient4readEv
                0x00004e2c       0x32 src/libraries/Ethernet2/src/EthernetClient.o
                0x00004e2c                _ZN14EthernetClient4readEv
 .text._ZN14EthernetClient4readEPhj
                0x00004e5e        0x6 src/libraries/Ethernet2/src/EthernetClient.o
                0x00004e5e                _ZN14EthernetClient4readEPhj
 .text._ZN14EthernetClient4peekEv
                0x00004e64       0x44 src/libraries/Ethernet2/src/EthernetClient.o
                0x00004e64                _ZN14EthernetClient4peekEv
 .text._ZN14EthernetClient5flushEv
                0x00004ea8        0x6 src/libraries/Ethernet2/src/EthernetClient.o
                0x00004ea8                _ZN14EthernetClient5flushEv
 .text._ZN14EthernetClientC2Ev
                0x00004eae       0x24 src/libraries/Ethernet2/src/EthernetClient.o
                0x00004eae                _ZN14EthernetClientC2Ev
                0x00004eae                _ZN14EthernetClientC1Ev
 .text._ZN14EthernetClient6statusEv
                0x00004ed2       0x1a src/libraries/Ethernet2/src/EthernetClient.o
                0x00004ed2                _ZN14EthernetClient6statusEv
 .text._ZN14EthernetClient9connectedEv
                0x00004eec       0x46 src/libraries/Ethernet2/src/EthernetClient.o
                0x00004eec                _ZN14EthernetClient9connectedEv
 .text._ZN14EthernetClient4stopEv
                0x00004f32       0x7c src/libraries/Ethernet2/src/EthernetClient.o
                0x00004f32                _ZN14EthernetClient4stopEv
 .text._ZN14EthernetClient7connectE9IPAddressj
                0x00004fae       0xba src/libraries/Ethernet2/src/EthernetClient.o
                0x00004fae                _ZN14EthernetClient7connectE9IPAddressj
 .text.startup._GLOBAL__sub_I__ZN14EthernetClient8_srcportE
                0x00005068       0x16 src/libraries/Ethernet2/src/EthernetClient.o
 .text.startup._GLOBAL__sub_I__ZN14EthernetServerC2Ej
                0x0000507e       0x16 src/libraries/Ethernet2/src/EthernetServer.o
 .text._ZN3UDP14beginMulticastE9IPAddressj
                0x00005094        0x4 src/libraries/Ethernet2/src/EthernetUdp2.o
                0x00005094                _ZN3UDP14beginMulticastE9IPAddressj
 .text._ZN11EthernetUDP4readEPcj
                0x00005098        0xe src/libraries/Ethernet2/src/EthernetUdp2.o
                0x00005098                _ZN11EthernetUDP4readEPcj
 .text._ZN11EthernetUDP8remoteIPEv
                0x000050a6       0x20 src/libraries/Ethernet2/src/EthernetUdp2.o
                0x000050a6                _ZN11EthernetUDP8remoteIPEv
 .text._ZN11EthernetUDP10remotePortEv
                0x000050c6        0x8 src/libraries/Ethernet2/src/EthernetUdp2.o
                0x000050c6                _ZN11EthernetUDP10remotePortEv
 .text._ZN11EthernetUDP9availableEv
                0x000050ce        0x8 src/libraries/Ethernet2/src/EthernetUdp2.o
                0x000050ce                _ZN11EthernetUDP9availableEv
 .text._ZN11EthernetUDP5writeEh
                0x000050d6       0x2c src/libraries/Ethernet2/src/EthernetUdp2.o
                0x000050d6                _ZN11EthernetUDP5writeEh
 .text._ZN11EthernetUDP5flushEv
                0x00005102       0x24 src/libraries/Ethernet2/src/EthernetUdp2.o
                0x00005102                _ZN11EthernetUDP5flushEv
 .text._ZN11EthernetUDP4stopEv
                0x00005126       0x28 src/libraries/Ethernet2/src/EthernetUdp2.o
                0x00005126                _ZN11EthernetUDP4stopEv
 .text._ZN11EthernetUDP11beginPacketE9IPAddressj
                0x0000514e        0xe src/libraries/Ethernet2/src/EthernetUdp2.o
                0x0000514e                _ZN11EthernetUDP11beginPacketE9IPAddressj
 .text._ZN11EthernetUDP9endPacketEv
                0x0000515c        0x6 src/libraries/Ethernet2/src/EthernetUdp2.o
                0x0000515c                _ZN11EthernetUDP9endPacketEv
 .text._ZN11EthernetUDP5writeEPKhj
                0x00005162       0x26 src/libraries/Ethernet2/src/EthernetUdp2.o
                0x00005162                _ZN11EthernetUDP5writeEPKhj
 .text._ZN11EthernetUDP4readEv
                0x00005188       0x50 src/libraries/Ethernet2/src/EthernetUdp2.o
                0x00005188                _ZN11EthernetUDP4readEv
 .text._ZN11EthernetUDP4readEPhj
                0x000051d8       0x3c src/libraries/Ethernet2/src/EthernetUdp2.o
                0x000051d8                _ZN11EthernetUDP4readEPhj
 .text._ZN11EthernetUDP4peekEv
                0x00005214       0x30 src/libraries/Ethernet2/src/EthernetUdp2.o
                0x00005214                _ZN11EthernetUDP4peekEv
 .text._ZN11EthernetUDP5beginEj
                0x00005244       0x62 src/libraries/Ethernet2/src/EthernetUdp2.o
                0x00005244                _ZN11EthernetUDP5beginEj
 .text._ZN11EthernetUDP11parsePacketEv
                0x000052a6       0x9e src/libraries/Ethernet2/src/EthernetUdp2.o
                0x000052a6                _ZN11EthernetUDP11parsePacketEv
 .text._ZN11EthernetUDPC2Ev
                0x00005344       0x2a src/libraries/Ethernet2/src/EthernetUdp2.o
                0x00005344                _ZN11EthernetUDPC1Ev
                0x00005344                _ZN11EthernetUDPC2Ev
 .text._ZN11EthernetUDP11beginPacketEPKcj
                0x0000536e       0xb4 src/libraries/Ethernet2/src/EthernetUdp2.o
                0x0000536e                _ZN11EthernetUDP11beginPacketEPKcj
 .text.startup._GLOBAL__sub_I__ZN11EthernetUDPC2Ev
                0x00005422       0x16 src/libraries/Ethernet2/src/EthernetUdp2.o
 .text._ZN10W5500Class11writeSnDIPREhPh
                0x00005438       0x16 src/libraries/Ethernet2/src/utility/socket.o
                0x00005438                _ZN10W5500Class11writeSnDIPREhPh
 .text._ZN10W5500Class6readSnEhj
                0x0000544e       0x10 src/libraries/Ethernet2/src/utility/socket.o
                0x0000544e                _ZN10W5500Class6readSnEhj
 .text._ZN10W5500Class8readSnIREh
                0x0000545e        0x6 src/libraries/Ethernet2/src/utility/socket.o
                0x0000545e                _ZN10W5500Class8readSnIREh
 .text._ZN10W5500Class7writeSnEhjh
                0x00005464       0x10 src/libraries/Ethernet2/src/utility/socket.o
                0x00005464                _ZN10W5500Class7writeSnEhjh
 .text._ZN10W5500Class11writeSnPORTEhj
                0x00005474       0x1e src/libraries/Ethernet2/src/utility/socket.o
                0x00005474                _ZN10W5500Class11writeSnPORTEhj
 .text._ZN10W5500Class9writeSnIREhh
                0x00005492        0x8 src/libraries/Ethernet2/src/utility/socket.o
                0x00005492                _ZN10W5500Class9writeSnIREhh
 .text._ZN10W5500Class12writeSnDPORTEhj
                0x0000549a       0x1e src/libraries/Ethernet2/src/utility/socket.o
                0x0000549a                _ZN10W5500Class12writeSnDPORTEhj
 .text._Z5closeh
                0x000054b8       0x16 src/libraries/Ethernet2/src/utility/socket.o
                0x000054b8                _Z5closeh
 .text._Z6sockethhjh
                0x000054ce       0x66 src/libraries/Ethernet2/src/utility/socket.o
                0x000054ce                _Z6sockethhjh
 .text._Z7connecthPhj
                0x00005534       0x66 src/libraries/Ethernet2/src/utility/socket.o
                0x00005534                _Z7connecthPhj
 .text._Z10disconnecth
                0x0000559a        0xa src/libraries/Ethernet2/src/utility/socket.o
                0x0000559a                _Z10disconnecth
 .text._Z4sendhPKhj
                0x000055a4       0x90 src/libraries/Ethernet2/src/utility/socket.o
                0x000055a4                _Z4sendhPKhj
 .text._Z4recvhPhi
                0x00005634       0x82 src/libraries/Ethernet2/src/utility/socket.o
                0x00005634                _Z4recvhPhi
 .text._Z4peekhPh
                0x000056b6       0x1a src/libraries/Ethernet2/src/utility/socket.o
                0x000056b6                _Z4peekhPh
 .text._Z5flushh
                0x000056d0        0x2 src/libraries/Ethernet2/src/utility/socket.o
                0x000056d0                _Z5flushh
 .text._Z10bufferDatahjPKhj
                0x000056d2       0x56 src/libraries/Ethernet2/src/utility/socket.o
                0x000056d2                _Z10bufferDatahjPKhj
 .text._Z8startUDPhPhj
                0x00005728       0x46 src/libraries/Ethernet2/src/utility/socket.o
                0x00005728                _Z8startUDPhPhj
 .text._Z7sendUDPh
                0x0000576e       0x38 src/libraries/Ethernet2/src/utility/socket.o
                0x0000576e                _Z7sendUDPh
 .text._ZN8SPIClass16beginTransactionE11SPISettings
                0x000057a6       0x34 src/libraries/Ethernet2/src/utility/w5500.o
                0x000057a6                _ZN8SPIClass16beginTransactionE11SPISettings
 .text._ZN8SPIClass8transferEh
                0x000057da        0xe src/libraries/Ethernet2/src/utility/w5500.o
                0x000057da                _ZN8SPIClass8transferEh
 .text._ZN8SPIClass14endTransactionEv
                0x000057e8       0x22 src/libraries/Ethernet2/src/utility/w5500.o
                0x000057e8                _ZN8SPIClass14endTransactionEv
 .text._ZN10W5500Class5setSSEv
                0x0000580a        0x4 src/libraries/Ethernet2/src/utility/w5500.o
                0x0000580a                _ZN10W5500Class5setSSEv
 .text._ZN10W5500Class7resetSSEv
                0x0000580e        0x4 src/libraries/Ethernet2/src/utility/w5500.o
                0x0000580e                _ZN10W5500Class7resetSSEv
 .text._ZN10W5500Class5writeEjhh
                0x00005812       0x3c src/libraries/Ethernet2/src/utility/w5500.o
                0x00005812                _ZN10W5500Class5writeEjhh
 .text._ZN10W5500Class5writeEjhPKhj
                0x0000584e       0x58 src/libraries/Ethernet2/src/utility/w5500.o
                0x0000584e                _ZN10W5500Class5writeEjhPKhj
 .text._ZN10W5500Class4readEjh
                0x000058a6       0x38 src/libraries/Ethernet2/src/utility/w5500.o
                0x000058a6                _ZN10W5500Class4readEjh
 .text._ZN10W5500Class4initEh
                0x000058de       0x58 src/libraries/Ethernet2/src/utility/w5500.o
                0x000058de                _ZN10W5500Class4initEh
 .text._ZN10W5500Class12readSnTX_FSREh
                0x00005936       0x2e src/libraries/Ethernet2/src/utility/w5500.o
                0x00005936                _ZN10W5500Class12readSnTX_FSREh
 .text._ZN10W5500Class13getTXFreeSizeEh
                0x00005964       0x34 src/libraries/Ethernet2/src/utility/w5500.o
                0x00005964                _ZN10W5500Class13getTXFreeSizeEh
 .text._ZN10W5500Class12readSnRX_RSREh
                0x00005998       0x2e src/libraries/Ethernet2/src/utility/w5500.o
                0x00005998                _ZN10W5500Class12readSnRX_RSREh
 .text._ZN10W5500Class17getRXReceivedSizeEh
                0x000059c6       0x34 src/libraries/Ethernet2/src/utility/w5500.o
                0x000059c6                _ZN10W5500Class17getRXReceivedSizeEh
 .text._ZN10W5500Class27send_data_processing_offsetEhjPKhj
                0x000059fa       0x74 src/libraries/Ethernet2/src/utility/w5500.o
                0x000059fa                _ZN10W5500Class27send_data_processing_offsetEhjPKhj
 .text._ZN10W5500Class20send_data_processingEhPKhj
                0x00005a6e       0x14 src/libraries/Ethernet2/src/utility/w5500.o
                0x00005a6e                _ZN10W5500Class20send_data_processingEhPKhj
 .text._ZN10W5500Class4readEjhPhj
                0x00005a82       0x5a src/libraries/Ethernet2/src/utility/w5500.o
                0x00005a82                _ZN10W5500Class4readEjhPhj
 .text._ZN10W5500Class9read_dataEhjPVhj
                0x00005adc       0x30 src/libraries/Ethernet2/src/utility/w5500.o
                0x00005adc                _ZN10W5500Class9read_dataEhjPVhj
 .text._ZN10W5500Class20recv_data_processingEhPhjh
                0x00005b0c       0x9a src/libraries/Ethernet2/src/utility/w5500.o
                0x00005b0c                _ZN10W5500Class20recv_data_processingEhPhjh
 .text._ZN10W5500Class9execCmdSnEh7SockCMD
                0x00005ba6       0x1c src/libraries/Ethernet2/src/utility/w5500.o
                0x00005ba6                _ZN10W5500Class9execCmdSnEh7SockCMD
 .text.startup._GLOBAL__sub_I_w5500
                0x00005bc2        0xe src/libraries/Ethernet2/src/utility/w5500.o
 .text._ZN5I2CIOC2Ev
                0x00005bd0        0xe src/libraries/LiquidCrystal/src/I2CIO.o
                0x00005bd0                _ZN5I2CIOC2Ev
                0x00005bd0                _ZN5I2CIOC1Ev
 .text._ZN5I2CIO8portModeEh
                0x00005bde       0x16 src/libraries/LiquidCrystal/src/I2CIO.o
                0x00005bde                _ZN5I2CIO8portModeEh
 .text._ZN5I2CIO11isAvailableEh
                0x00005bf4       0x16 src/libraries/LiquidCrystal/src/I2CIO.o
                0x00005bf4                _ZN5I2CIO11isAvailableEh
 .text._ZN5I2CIO5beginEh
                0x00005c0a       0x2c src/libraries/LiquidCrystal/src/I2CIO.o
                0x00005c0a                _ZN5I2CIO5beginEh
 .text._ZN5I2CIO5writeEh
                0x00005c36       0x48 src/libraries/LiquidCrystal/src/I2CIO.o
                0x00005c36                _ZN5I2CIO5writeEh
 .text._ZN3LCD15setBacklightPinEh13t_backlighPol
                0x00005c7e        0x2 src/libraries/LiquidCrystal/src/LCD.o
                0x00005c7e                _ZN3LCD15setBacklightPinEh13t_backlighPol
 .text._ZN3LCD12setBacklightEh
                0x00005c80        0x2 src/libraries/LiquidCrystal/src/LCD.o
                0x00005c80                _ZN3LCD12setBacklightEh
 .text._ZN3LCD5writeEh
                0x00005c82       0x16 src/libraries/LiquidCrystal/src/LCD.o
                0x00005c82                _ZN3LCD5writeEh
 .text._ZN3LCDC2Ev
                0x00005c98       0x10 src/libraries/LiquidCrystal/src/LCD.o
                0x00005c98                _ZN3LCDC1Ev
                0x00005c98                _ZN3LCDC2Ev
 .text._ZN3LCD9backlightEv
                0x00005ca8       0x10 src/libraries/LiquidCrystal/src/LCD.o
                0x00005ca8                _ZN3LCD9backlightEv
 .text._ZN3LCD11noBacklightEv
                0x00005cb8       0x10 src/libraries/LiquidCrystal/src/LCD.o
                0x00005cb8                _ZN3LCD11noBacklightEv
 .text._ZN3LCD7commandEh
                0x00005cc8       0x10 src/libraries/LiquidCrystal/src/LCD.o
                0x00005cc8                _ZN3LCD7commandEh
 .text._ZN3LCD5clearEv
                0x00005cd8        0xc src/libraries/LiquidCrystal/src/LCD.o
                0x00005cd8                _ZN3LCD5clearEv
 .text._ZN3LCD9setCursorEhh
                0x00005ce4       0x84 src/libraries/LiquidCrystal/src/LCD.o
                0x00005ce4                _ZN3LCD9setCursorEhh
 .text._ZN3LCD9noDisplayEv
                0x00005d68        0xc src/libraries/LiquidCrystal/src/LCD.o
                0x00005d68                _ZN3LCD9noDisplayEv
 .text._ZN3LCD7displayEv
                0x00005d74        0xe src/libraries/LiquidCrystal/src/LCD.o
                0x00005d74                _ZN3LCD7displayEv
 .text._ZN3LCD5beginEhhh
                0x00005d82       0xf2 src/libraries/LiquidCrystal/src/LCD.o
                0x00005d82                _ZN3LCD5beginEhhh
 .text._ZN3LCD10createCharEhPh
                0x00005e74       0x5e src/libraries/LiquidCrystal/src/LCD.o
                0x00005e74                _ZN3LCD10createCharEhPh
 .text._ZN17LiquidCrystal_I2C15setBacklightPinEh13t_backlighPol
                0x00005ed2       0x26 src/libraries/LiquidCrystal/src/LiquidCrystal_I2C.o
                0x00005ed2                _ZN17LiquidCrystal_I2C15setBacklightPinEh13t_backlighPol
 .text._ZN17LiquidCrystal_I2C12setBacklightEh
                0x00005ef8       0x2c src/libraries/LiquidCrystal/src/LiquidCrystal_I2C.o
                0x00005ef8                _ZN17LiquidCrystal_I2C12setBacklightEh
 .text._ZN17LiquidCrystal_I2C4initEv
                0x00005f24       0x3e src/libraries/LiquidCrystal/src/LiquidCrystal_I2C.o
                0x00005f24                _ZN17LiquidCrystal_I2C4initEv
 .text._ZN17LiquidCrystal_I2C6configEhhhhhhhh
                0x00005f62       0x80 src/libraries/LiquidCrystal/src/LiquidCrystal_I2C.o
                0x00005f62                _ZN17LiquidCrystal_I2C6configEhhhhhhhh
 .text._ZN17LiquidCrystal_I2CC2Ehhhhhhhhh13t_backlighPol
                0x00005fe2       0x6c src/libraries/LiquidCrystal/src/LiquidCrystal_I2C.o
                0x00005fe2                _ZN17LiquidCrystal_I2CC1Ehhhhhhhhh13t_backlighPol
                0x00005fe2                _ZN17LiquidCrystal_I2CC2Ehhhhhhhhh13t_backlighPol
 .text._ZN17LiquidCrystal_I2C11pulseEnableEh
                0x0000604e       0x36 src/libraries/LiquidCrystal/src/LiquidCrystal_I2C.o
                0x0000604e                _ZN17LiquidCrystal_I2C11pulseEnableEh
 .text._ZN17LiquidCrystal_I2C10write4bitsEhh
                0x00006084       0x30 src/libraries/LiquidCrystal/src/LiquidCrystal_I2C.o
                0x00006084                _ZN17LiquidCrystal_I2C10write4bitsEhh
 .text._ZN17LiquidCrystal_I2C4sendEhh
                0x000060b4       0x3a src/libraries/LiquidCrystal/src/LiquidCrystal_I2C.o
                0x000060b4                _ZN17LiquidCrystal_I2C4sendEhh
 .text._ZN17LiquidCrystal_I2C5beginEhhh
                0x000060ee       0x28 src/libraries/LiquidCrystal/src/LiquidCrystal_I2C.o
                0x000060ee                _ZN17LiquidCrystal_I2C5beginEhhh
 .text._ZN8SPIClass5beginEv
                0x00006116       0x6c src/libraries/SPI/src/SPI.o
                0x00006116                _ZN8SPIClass5beginEv
 .text.twi_init
                0x00006182       0x3c src/libraries/Wire/src/utility/twi.o
                0x00006182                twi_init
 .text.twi_disable
                0x000061be       0x1a src/libraries/Wire/src/utility/twi.o
                0x000061be                twi_disable
 .text.twi_setFrequency
                0x000061d8       0x28 src/libraries/Wire/src/utility/twi.o
                0x000061d8                twi_setFrequency
 .text.twi_readFrom
                0x00006200       0x90 src/libraries/Wire/src/utility/twi.o
                0x00006200                twi_readFrom
 .text.twi_writeTo
                0x00006290       0xac src/libraries/Wire/src/utility/twi.o
                0x00006290                twi_writeTo
 .text.twi_transmit
                0x0000633c       0x50 src/libraries/Wire/src/utility/twi.o
                0x0000633c                twi_transmit
 .text.twi_attachSlaveRxEvent
                0x0000638c        0xa src/libraries/Wire/src/utility/twi.o
                0x0000638c                twi_attachSlaveRxEvent
 .text.twi_attachSlaveTxEvent
                0x00006396        0xa src/libraries/Wire/src/utility/twi.o
                0x00006396                twi_attachSlaveTxEvent
 .text.twi_stop
                0x000063a0       0x14 src/libraries/Wire/src/utility/twi.o
                0x000063a0                twi_stop
 .text.twi_releaseBus
                0x000063b4        0xc src/libraries/Wire/src/utility/twi.o
                0x000063b4                twi_releaseBus
 .text.__vector_26
                0x000063c0      0x25c src/libraries/Wire/src/utility/twi.o
                0x000063c0                __vector_26
 .text._ZN7TwoWire9availableEv
                0x0000661c       0x10 src/libraries/Wire/src/Wire.o
                0x0000661c                _ZN7TwoWire9availableEv
 .text._ZN7TwoWire4readEv
                0x0000662c       0x28 src/libraries/Wire/src/Wire.o
                0x0000662c                _ZN7TwoWire4readEv
 .text._ZN7TwoWire4peekEv
                0x00006654       0x1e src/libraries/Wire/src/Wire.o
                0x00006654                _ZN7TwoWire4peekEv
 .text._ZN7TwoWire5flushEv
                0x00006672        0x2 src/libraries/Wire/src/Wire.o
                0x00006672                _ZN7TwoWire5flushEv
 .text._ZN7TwoWire16onReceiveServiceEPhi
                0x00006674       0x54 src/libraries/Wire/src/Wire.o
                0x00006674                _ZN7TwoWire16onReceiveServiceEPhi
 .text._ZN7TwoWire16onRequestServiceEv
                0x000066c8       0x18 src/libraries/Wire/src/Wire.o
                0x000066c8                _ZN7TwoWire16onRequestServiceEv
 .text._ZN7TwoWire5writeEPKhj
                0x000066e0       0x58 src/libraries/Wire/src/Wire.o
                0x000066e0                _ZN7TwoWire5writeEPKhj
 .text._ZN7TwoWire5writeEh
                0x00006738       0x5c src/libraries/Wire/src/Wire.o
                0x00006738                _ZN7TwoWire5writeEh
 .text._ZN7TwoWireC2Ev
                0x00006794       0x20 src/libraries/Wire/src/Wire.o
                0x00006794                _ZN7TwoWireC1Ev
                0x00006794                _ZN7TwoWireC2Ev
 .text._ZN7TwoWire5beginEv
                0x000067b4       0x1e src/libraries/Wire/src/Wire.o
                0x000067b4                _ZN7TwoWire5beginEv
 .text._ZN7TwoWire3endEv
                0x000067d2        0x2 src/libraries/Wire/src/Wire.o
                0x000067d2                _ZN7TwoWire3endEv
 .text._ZN7TwoWire8setClockEm
                0x000067d4        0x6 src/libraries/Wire/src/Wire.o
                0x000067d4                _ZN7TwoWire8setClockEm
 .text._ZN7TwoWire17beginTransmissionEh
                0x000067da       0x14 src/libraries/Wire/src/Wire.o
                0x000067da                _ZN7TwoWire17beginTransmissionEh
 .text._ZN7TwoWire17beginTransmissionEi
                0x000067ee        0x2 src/libraries/Wire/src/Wire.o
                0x000067ee                _ZN7TwoWire17beginTransmissionEi
 .text._ZN7TwoWire15endTransmissionEh
                0x000067f0       0x24 src/libraries/Wire/src/Wire.o
                0x000067f0                _ZN7TwoWire15endTransmissionEh
 .text._ZN7TwoWire11requestFromEhhmhh
                0x00006814       0xa2 src/libraries/Wire/src/Wire.o
                0x00006814                _ZN7TwoWire11requestFromEhhmhh
 .text._ZN7TwoWire11requestFromEhhh
                0x000068b6       0x1e src/libraries/Wire/src/Wire.o
                0x000068b6                _ZN7TwoWire11requestFromEhhh
 .text._ZN7TwoWire11requestFromEhh
                0x000068d4        0x4 src/libraries/Wire/src/Wire.o
                0x000068d4                _ZN7TwoWire11requestFromEhh
 .text._ZN7TwoWire11requestFromEii
                0x000068d8        0x4 src/libraries/Wire/src/Wire.o
                0x000068d8                _ZN7TwoWire11requestFromEii
 .text._ZN7TwoWire15endTransmissionEv
                0x000068dc        0x4 src/libraries/Wire/src/Wire.o
                0x000068dc                _ZN7TwoWire15endTransmissionEv
 .text.startup._GLOBAL__sub_I__ZN7TwoWire8rxBufferE
                0x000068e0        0x6 src/libraries/Wire/src/Wire.o
 .text.avr-libc.fplib
                0x000068e6        0x8 c:/program files (x86)/atmel/studio/7.0/toolchain/avr8/avr8-gnu-toolchain/bin/../lib/gcc/avr/5.4.0/../../../../avr/lib/avr51\libm.a(cmpsf2.o)
                0x000068e6                __nesf2
                0x000068e6                __eqsf2
                0x000068e6                __cmpsf2
                0x000068e6                __ltsf2
                0x000068e6                __lesf2
 .text.avr-libc.fplib
                0x000068ee        0x4 c:/program files (x86)/atmel/studio/7.0/toolchain/avr8/avr8-gnu-toolchain/bin/../lib/gcc/avr/5.4.0/../../../../avr/lib/avr51\libm.a(divsf3.o)
                0x000068ee                __divsf3
 .text.avr-libc.fplib
                0x000068f2       0xcc c:/program files (x86)/atmel/studio/7.0/toolchain/avr8/avr8-gnu-toolchain/bin/../lib/gcc/avr/5.4.0/../../../../avr/lib/avr51\libm.a(divsf3x.o)
                0x00006908                __divsf3x
                0x0000690c                __divsf3_pse
 .text.avr-libc.fplib
                0x000069be       0x7a c:/program files (x86)/atmel/studio/7.0/toolchain/avr8/avr8-gnu-toolchain/bin/../lib/gcc/avr/5.4.0/../../../../avr/lib/avr51\libm.a(floatsisf.o)
                0x000069be                __floatunsisf
                0x000069c2                __floatsisf
 .text.avr-libc.fplib
                0x00006a38       0x48 c:/program files (x86)/atmel/studio/7.0/toolchain/avr8/avr8-gnu-toolchain/bin/../lib/gcc/avr/5.4.0/../../../../avr/lib/avr51\libm.a(fp_cmp.o)
                0x00006a38                __fp_cmp
 .text.avr-libc.fplib
                0x00006a80        0xc c:/program files (x86)/atmel/studio/7.0/toolchain/avr8/avr8-gnu-toolchain/bin/../lib/gcc/avr/5.4.0/../../../../avr/lib/avr51\libm.a(fp_inf.o)
                0x00006a80                __fp_inf
 .text.avr-libc.fplib
                0x00006a8c        0x6 c:/program files (x86)/atmel/studio/7.0/toolchain/avr8/avr8-gnu-toolchain/bin/../lib/gcc/avr/5.4.0/../../../../avr/lib/avr51\libm.a(fp_nan.o)
                0x00006a8c                __fp_nan
 .text.avr-libc.fplib
                0x00006a92        0xe c:/program files (x86)/atmel/studio/7.0/toolchain/avr8/avr8-gnu-toolchain/bin/../lib/gcc/avr/5.4.0/../../../../avr/lib/avr51\libm.a(fp_pscA.o)
                0x00006a92                __fp_pscA
 .text.avr-libc.fplib
                0x00006aa0        0xe c:/program files (x86)/atmel/studio/7.0/toolchain/avr8/avr8-gnu-toolchain/bin/../lib/gcc/avr/5.4.0/../../../../avr/lib/avr51\libm.a(fp_pscB.o)
                0x00006aa0                __fp_pscB
 .text.avr-libc.fplib
                0x00006aae       0x22 c:/program files (x86)/atmel/studio/7.0/toolchain/avr8/avr8-gnu-toolchain/bin/../lib/gcc/avr/5.4.0/../../../../avr/lib/avr51\libm.a(fp_round.o)
                0x00006aae                __fp_round
 .text.avr-libc.fplib
                0x00006ad0       0x44 c:/program files (x86)/atmel/studio/7.0/toolchain/avr8/avr8-gnu-toolchain/bin/../lib/gcc/avr/5.4.0/../../../../avr/lib/avr51\libm.a(fp_split3.o)
                0x00006ad0                __fp_split3
                0x00006ae0                __fp_splitA
 .text.avr-libc.fplib
                0x00006b14        0xe c:/program files (x86)/atmel/studio/7.0/toolchain/avr8/avr8-gnu-toolchain/bin/../lib/gcc/avr/5.4.0/../../../../avr/lib/avr51\libm.a(fp_zero.o)
                0x00006b14                __fp_zero
                0x00006b16                __fp_szero
 .text.__cxa_pure_virtual
                0x00006b22        0x4 C:\Users\giovanni.barbato\Desktop\CCEC\NOVARA\fwCCEC\TuinoDemo\ArduinoCore\Debug\libArduinoCore.a(abi.o)
                0x00006b22                __cxa_pure_virtual
 .text.__vector_18
                0x00006b26       0x64 C:\Users\giovanni.barbato\Desktop\CCEC\NOVARA\fwCCEC\TuinoDemo\ArduinoCore\Debug\libArduinoCore.a(HardwareSerial0.o)
                0x00006b26                __vector_18
 .text.__vector_19
                0x00006b8a       0x4a C:\Users\giovanni.barbato\Desktop\CCEC\NOVARA\fwCCEC\TuinoDemo\ArduinoCore\Debug\libArduinoCore.a(HardwareSerial0.o)
                0x00006b8a                __vector_19
 .text._Z17Serial0_availablev
                0x00006bd4       0x12 C:\Users\giovanni.barbato\Desktop\CCEC\NOVARA\fwCCEC\TuinoDemo\ArduinoCore\Debug\libArduinoCore.a(HardwareSerial0.o)
                0x00006bd4                _Z17Serial0_availablev
 .text.startup._GLOBAL__sub_I___vector_18
                0x00006be6       0x5a C:\Users\giovanni.barbato\Desktop\CCEC\NOVARA\fwCCEC\TuinoDemo\ArduinoCore\Debug\libArduinoCore.a(HardwareSerial0.o)
 .text._ZNK9IPAddress7printToER5Print
                0x00006c40       0x7e C:\Users\giovanni.barbato\Desktop\CCEC\NOVARA\fwCCEC\TuinoDemo\ArduinoCore\Debug\libArduinoCore.a(IPAddress.o)
                0x00006c40                _ZNK9IPAddress7printToER5Print
 .text._ZN9IPAddressC2Ev
                0x00006cbe       0x14 C:\Users\giovanni.barbato\Desktop\CCEC\NOVARA\fwCCEC\TuinoDemo\ArduinoCore\Debug\libArduinoCore.a(IPAddress.o)
                0x00006cbe                _ZN9IPAddressC1Ev
                0x00006cbe                _ZN9IPAddressC2Ev
 .text._ZN9IPAddressC2Ehhhh
                0x00006cd2       0x18 C:\Users\giovanni.barbato\Desktop\CCEC\NOVARA\fwCCEC\TuinoDemo\ArduinoCore\Debug\libArduinoCore.a(IPAddress.o)
                0x00006cd2                _ZN9IPAddressC2Ehhhh
                0x00006cd2                _ZN9IPAddressC1Ehhhh
 .text._ZN9IPAddressaSEPKh
                0x00006cea       0x12 C:\Users\giovanni.barbato\Desktop\CCEC\NOVARA\fwCCEC\TuinoDemo\ArduinoCore\Debug\libArduinoCore.a(IPAddress.o)
                0x00006cea                _ZN9IPAddressaSEPKh
 .text.initVariant
                0x00006cfc        0x2 C:\Users\giovanni.barbato\Desktop\CCEC\NOVARA\fwCCEC\TuinoDemo\ArduinoCore\Debug\libArduinoCore.a(main.o)
                0x00006cfc                initVariant
 .text.startup.main
                0x00006cfe       0x18 C:\Users\giovanni.barbato\Desktop\CCEC\NOVARA\fwCCEC\TuinoDemo\ArduinoCore\Debug\libArduinoCore.a(main.o)
                0x00006cfe                main
 .text._ZN5Print5writeEPKhj
                0x00006d16       0x54 C:\Users\giovanni.barbato\Desktop\CCEC\NOVARA\fwCCEC\TuinoDemo\ArduinoCore\Debug\libArduinoCore.a(Print.o)
                0x00006d16                _ZN5Print5writeEPKhj
 .text._ZN5Print5writeEPKc
                0x00006d6a       0x2a C:\Users\giovanni.barbato\Desktop\CCEC\NOVARA\fwCCEC\TuinoDemo\ArduinoCore\Debug\libArduinoCore.a(Print.o)
                0x00006d6a                _ZN5Print5writeEPKc
 .text._ZN5Print5printEPK19__FlashStringHelper
                0x00006d94       0x48 C:\Users\giovanni.barbato\Desktop\CCEC\NOVARA\fwCCEC\TuinoDemo\ArduinoCore\Debug\libArduinoCore.a(Print.o)
                0x00006d94                _ZN5Print5printEPK19__FlashStringHelper
 .text._ZN5Print5printERK6String
                0x00006ddc       0x1c C:\Users\giovanni.barbato\Desktop\CCEC\NOVARA\fwCCEC\TuinoDemo\ArduinoCore\Debug\libArduinoCore.a(Print.o)
                0x00006ddc                _ZN5Print5printERK6String
 .text._ZN5Print5printEPKc
                0x00006df8        0x2 C:\Users\giovanni.barbato\Desktop\CCEC\NOVARA\fwCCEC\TuinoDemo\ArduinoCore\Debug\libArduinoCore.a(Print.o)
                0x00006df8                _ZN5Print5printEPKc
 .text._ZN5Print5printEc
                0x00006dfa        0xe C:\Users\giovanni.barbato\Desktop\CCEC\NOVARA\fwCCEC\TuinoDemo\ArduinoCore\Debug\libArduinoCore.a(Print.o)
                0x00006dfa                _ZN5Print5printEc
 .text._ZN5Print7printlnEv
                0x00006e08        0x6 C:\Users\giovanni.barbato\Desktop\CCEC\NOVARA\fwCCEC\TuinoDemo\ArduinoCore\Debug\libArduinoCore.a(Print.o)
                0x00006e08                _ZN5Print7printlnEv
 .text._ZN5Print7printlnEPK19__FlashStringHelper
                0x00006e0e       0x20 C:\Users\giovanni.barbato\Desktop\CCEC\NOVARA\fwCCEC\TuinoDemo\ArduinoCore\Debug\libArduinoCore.a(Print.o)
                0x00006e0e                _ZN5Print7printlnEPK19__FlashStringHelper
 .text._ZN5Print7printlnERK6String
                0x00006e2e       0x20 C:\Users\giovanni.barbato\Desktop\CCEC\NOVARA\fwCCEC\TuinoDemo\ArduinoCore\Debug\libArduinoCore.a(Print.o)
                0x00006e2e                _ZN5Print7printlnERK6String
 .text._ZN5Print7printlnEPKc
                0x00006e4e       0x20 C:\Users\giovanni.barbato\Desktop\CCEC\NOVARA\fwCCEC\TuinoDemo\ArduinoCore\Debug\libArduinoCore.a(Print.o)
                0x00006e4e                _ZN5Print7printlnEPKc
 .text._ZN5Print11printNumberEmh
                0x00006e6e       0x8e C:\Users\giovanni.barbato\Desktop\CCEC\NOVARA\fwCCEC\TuinoDemo\ArduinoCore\Debug\libArduinoCore.a(Print.o)
                0x00006e6e                _ZN5Print11printNumberEmh
 .text._ZN5Print5printEmi
                0x00006efc       0x18 C:\Users\giovanni.barbato\Desktop\CCEC\NOVARA\fwCCEC\TuinoDemo\ArduinoCore\Debug\libArduinoCore.a(Print.o)
                0x00006efc                _ZN5Print5printEmi
 .text._ZN5Print5printEhi
                0x00006f14        0xc C:\Users\giovanni.barbato\Desktop\CCEC\NOVARA\fwCCEC\TuinoDemo\ArduinoCore\Debug\libArduinoCore.a(Print.o)
                0x00006f14                _ZN5Print5printEhi
 .text._ZN5Print5printEji
                0x00006f20        0xa C:\Users\giovanni.barbato\Desktop\CCEC\NOVARA\fwCCEC\TuinoDemo\ArduinoCore\Debug\libArduinoCore.a(Print.o)
                0x00006f20                _ZN5Print5printEji
 .text._ZN5Print7printlnEmi
                0x00006f2a       0x20 C:\Users\giovanni.barbato\Desktop\CCEC\NOVARA\fwCCEC\TuinoDemo\ArduinoCore\Debug\libArduinoCore.a(Print.o)
                0x00006f2a                _ZN5Print7printlnEmi
 .text.__vector_16
                0x00006f4a       0x94 C:\Users\giovanni.barbato\Desktop\CCEC\NOVARA\fwCCEC\TuinoDemo\ArduinoCore\Debug\libArduinoCore.a(wiring.o)
                0x00006f4a                __vector_16
 .text.millis   0x00006fde       0x18 C:\Users\giovanni.barbato\Desktop\CCEC\NOVARA\fwCCEC\TuinoDemo\ArduinoCore\Debug\libArduinoCore.a(wiring.o)
                0x00006fde                millis
 .text.micros   0x00006ff6       0x4a C:\Users\giovanni.barbato\Desktop\CCEC\NOVARA\fwCCEC\TuinoDemo\ArduinoCore\Debug\libArduinoCore.a(wiring.o)
                0x00006ff6                micros
 .text.delay    0x00007040       0x72 C:\Users\giovanni.barbato\Desktop\CCEC\NOVARA\fwCCEC\TuinoDemo\ArduinoCore\Debug\libArduinoCore.a(wiring.o)
                0x00007040                delay
 .text.delayMicroseconds
                0x000070b2       0x16 C:\Users\giovanni.barbato\Desktop\CCEC\NOVARA\fwCCEC\TuinoDemo\ArduinoCore\Debug\libArduinoCore.a(wiring.o)
                0x000070b2                delayMicroseconds
 .text.init     0x000070c8       0x76 C:\Users\giovanni.barbato\Desktop\CCEC\NOVARA\fwCCEC\TuinoDemo\ArduinoCore\Debug\libArduinoCore.a(wiring.o)
                0x000070c8                init
 .text.turnOffPWM
                0x0000713e       0x52 C:\Users\giovanni.barbato\Desktop\CCEC\NOVARA\fwCCEC\TuinoDemo\ArduinoCore\Debug\libArduinoCore.a(wiring_digital.o)
 .text.pinMode  0x00007190       0x78 C:\Users\giovanni.barbato\Desktop\CCEC\NOVARA\fwCCEC\TuinoDemo\ArduinoCore\Debug\libArduinoCore.a(wiring_digital.o)
                0x00007190                pinMode
 .text.digitalWrite
                0x00007208       0x5c C:\Users\giovanni.barbato\Desktop\CCEC\NOVARA\fwCCEC\TuinoDemo\ArduinoCore\Debug\libArduinoCore.a(wiring_digital.o)
                0x00007208                digitalWrite
 .text.digitalRead
                0x00007264       0x50 C:\Users\giovanni.barbato\Desktop\CCEC\NOVARA\fwCCEC\TuinoDemo\ArduinoCore\Debug\libArduinoCore.a(wiring_digital.o)
                0x00007264                digitalRead
 .text._ZNK6String14StringIfHelperEv
                0x000072b4        0x2 C:\Users\giovanni.barbato\Desktop\CCEC\NOVARA\fwCCEC\TuinoDemo\ArduinoCore\Debug\libArduinoCore.a(WString.o)
                0x000072b4                _ZNK6String14StringIfHelperEv
 .text._ZN6StringD2Ev
                0x000072b6        0x8 C:\Users\giovanni.barbato\Desktop\CCEC\NOVARA\fwCCEC\TuinoDemo\ArduinoCore\Debug\libArduinoCore.a(WString.o)
                0x000072b6                _ZN6StringD2Ev
                0x000072b6                _ZN6StringD1Ev
 .text._ZN6String10invalidateEv
                0x000072be       0x22 C:\Users\giovanni.barbato\Desktop\CCEC\NOVARA\fwCCEC\TuinoDemo\ArduinoCore\Debug\libArduinoCore.a(WString.o)
                0x000072be                _ZN6String10invalidateEv
 .text._ZN6String12changeBufferEj
                0x000072e0       0x32 C:\Users\giovanni.barbato\Desktop\CCEC\NOVARA\fwCCEC\TuinoDemo\ArduinoCore\Debug\libArduinoCore.a(WString.o)
                0x000072e0                _ZN6String12changeBufferEj
 .text._ZN6String7reserveEj
                0x00007312       0x36 C:\Users\giovanni.barbato\Desktop\CCEC\NOVARA\fwCCEC\TuinoDemo\ArduinoCore\Debug\libArduinoCore.a(WString.o)
                0x00007312                _ZN6String7reserveEj
 .text._ZN6String4copyEPKcj
                0x00007348       0x3c C:\Users\giovanni.barbato\Desktop\CCEC\NOVARA\fwCCEC\TuinoDemo\ArduinoCore\Debug\libArduinoCore.a(WString.o)
                0x00007348                _ZN6String4copyEPKcj
 .text._ZN6StringC2EPKc
                0x00007384       0x28 C:\Users\giovanni.barbato\Desktop\CCEC\NOVARA\fwCCEC\TuinoDemo\ArduinoCore\Debug\libArduinoCore.a(WString.o)
                0x00007384                _ZN6StringC2EPKc
                0x00007384                _ZN6StringC1EPKc
 .text._ZN6String4moveERS_
                0x000073ac       0x76 C:\Users\giovanni.barbato\Desktop\CCEC\NOVARA\fwCCEC\TuinoDemo\ArduinoCore\Debug\libArduinoCore.a(WString.o)
                0x000073ac                _ZN6String4moveERS_
 .text._ZN6StringC2EOS_
                0x00007422       0x10 C:\Users\giovanni.barbato\Desktop\CCEC\NOVARA\fwCCEC\TuinoDemo\ArduinoCore\Debug\libArduinoCore.a(WString.o)
                0x00007422                _ZN6StringC1EOS_
                0x00007422                _ZN6StringC2EOS_
 .text._ZN6StringaSERKS_
                0x00007432       0x2a C:\Users\giovanni.barbato\Desktop\CCEC\NOVARA\fwCCEC\TuinoDemo\ArduinoCore\Debug\libArduinoCore.a(WString.o)
                0x00007432                _ZN6StringaSERKS_
 .text._ZN6StringC2ERKS_
                0x0000745c       0x10 C:\Users\giovanni.barbato\Desktop\CCEC\NOVARA\fwCCEC\TuinoDemo\ArduinoCore\Debug\libArduinoCore.a(WString.o)
                0x0000745c                _ZN6StringC2ERKS_
                0x0000745c                _ZN6StringC1ERKS_
 .text._ZN6StringaSEOS_
                0x0000746c       0x16 C:\Users\giovanni.barbato\Desktop\CCEC\NOVARA\fwCCEC\TuinoDemo\ArduinoCore\Debug\libArduinoCore.a(WString.o)
                0x0000746c                _ZN6StringaSEOS_
 .text._ZN6StringaSEPKc
                0x00007482       0x2a C:\Users\giovanni.barbato\Desktop\CCEC\NOVARA\fwCCEC\TuinoDemo\ArduinoCore\Debug\libArduinoCore.a(WString.o)
                0x00007482                _ZN6StringaSEPKc
 .text._ZN6StringC2Ec
                0x000074ac       0x2e C:\Users\giovanni.barbato\Desktop\CCEC\NOVARA\fwCCEC\TuinoDemo\ArduinoCore\Debug\libArduinoCore.a(WString.o)
                0x000074ac                _ZN6StringC1Ec
                0x000074ac                _ZN6StringC2Ec
 .text._ZN6StringC2Ehh
                0x000074da       0x56 C:\Users\giovanni.barbato\Desktop\CCEC\NOVARA\fwCCEC\TuinoDemo\ArduinoCore\Debug\libArduinoCore.a(WString.o)
                0x000074da                _ZN6StringC2Ehh
                0x000074da                _ZN6StringC1Ehh
 .text._ZN6StringC2Eih
                0x00007530       0x54 C:\Users\giovanni.barbato\Desktop\CCEC\NOVARA\fwCCEC\TuinoDemo\ArduinoCore\Debug\libArduinoCore.a(WString.o)
                0x00007530                _ZN6StringC2Eih
                0x00007530                _ZN6StringC1Eih
 .text._ZN6StringC2Ejh
                0x00007584       0x54 C:\Users\giovanni.barbato\Desktop\CCEC\NOVARA\fwCCEC\TuinoDemo\ArduinoCore\Debug\libArduinoCore.a(WString.o)
                0x00007584                _ZN6StringC1Ejh
                0x00007584                _ZN6StringC2Ejh
 .text._ZN6StringC2Emh
                0x000075d8       0x56 C:\Users\giovanni.barbato\Desktop\CCEC\NOVARA\fwCCEC\TuinoDemo\ArduinoCore\Debug\libArduinoCore.a(WString.o)
                0x000075d8                _ZN6StringC1Emh
                0x000075d8                _ZN6StringC2Emh
 .text._ZN6StringC2Edh
                0x0000762e       0x5c C:\Users\giovanni.barbato\Desktop\CCEC\NOVARA\fwCCEC\TuinoDemo\ArduinoCore\Debug\libArduinoCore.a(WString.o)
                0x0000762e                _ZN6StringC1Edh
                0x0000762e                _ZN6StringC2Edh
 .text._ZN6String6concatEPKcj
                0x0000768a       0x58 C:\Users\giovanni.barbato\Desktop\CCEC\NOVARA\fwCCEC\TuinoDemo\ArduinoCore\Debug\libArduinoCore.a(WString.o)
                0x0000768a                _ZN6String6concatEPKcj
 .text._ZN6String6concatERKS_
                0x000076e2        0xc C:\Users\giovanni.barbato\Desktop\CCEC\NOVARA\fwCCEC\TuinoDemo\ArduinoCore\Debug\libArduinoCore.a(WString.o)
                0x000076e2                _ZN6String6concatERKS_
 .text._ZN6String6concatEPKc
                0x000076ee       0x1c C:\Users\giovanni.barbato\Desktop\CCEC\NOVARA\fwCCEC\TuinoDemo\ArduinoCore\Debug\libArduinoCore.a(WString.o)
                0x000076ee                _ZN6String6concatEPKc
 .text._ZN6String6concatEc
                0x0000770a       0x24 C:\Users\giovanni.barbato\Desktop\CCEC\NOVARA\fwCCEC\TuinoDemo\ArduinoCore\Debug\libArduinoCore.a(WString.o)
                0x0000770a                _ZN6String6concatEc
 .text._ZplRK15StringSumHelperRK6String
                0x0000772e       0x22 C:\Users\giovanni.barbato\Desktop\CCEC\NOVARA\fwCCEC\TuinoDemo\ArduinoCore\Debug\libArduinoCore.a(WString.o)
                0x0000772e                _ZplRK15StringSumHelperRK6String
 .text._ZplRK15StringSumHelperPKc
                0x00007750       0x2e C:\Users\giovanni.barbato\Desktop\CCEC\NOVARA\fwCCEC\TuinoDemo\ArduinoCore\Debug\libArduinoCore.a(WString.o)
                0x00007750                _ZplRK15StringSumHelperPKc
 .text._ZplRK15StringSumHelperc
                0x0000777e       0x18 C:\Users\giovanni.barbato\Desktop\CCEC\NOVARA\fwCCEC\TuinoDemo\ArduinoCore\Debug\libArduinoCore.a(WString.o)
                0x0000777e                _ZplRK15StringSumHelperc
 .text._ZNK6String6equalsEPKc
                0x00007796       0x3c C:\Users\giovanni.barbato\Desktop\CCEC\NOVARA\fwCCEC\TuinoDemo\ArduinoCore\Debug\libArduinoCore.a(WString.o)
                0x00007796                _ZNK6String6equalsEPKc
 .text._ZNK6String8getBytesEPhjj
                0x000077d2       0x5c C:\Users\giovanni.barbato\Desktop\CCEC\NOVARA\fwCCEC\TuinoDemo\ArduinoCore\Debug\libArduinoCore.a(WString.o)
                0x000077d2                _ZNK6String8getBytesEPhjj
 .text._ZNK6String9substringEjj
                0x0000782e       0x86 C:\Users\giovanni.barbato\Desktop\CCEC\NOVARA\fwCCEC\TuinoDemo\ArduinoCore\Debug\libArduinoCore.a(WString.o)
                0x0000782e                _ZNK6String9substringEjj
 .text._ZN6String4trimEv
                0x000078b4       0xb2 C:\Users\giovanni.barbato\Desktop\CCEC\NOVARA\fwCCEC\TuinoDemo\ArduinoCore\Debug\libArduinoCore.a(WString.o)
                0x000078b4                _ZN6String4trimEv
 .text._ZNK6String5toIntEv
                0x00007966       0x14 C:\Users\giovanni.barbato\Desktop\CCEC\NOVARA\fwCCEC\TuinoDemo\ArduinoCore\Debug\libArduinoCore.a(WString.o)
                0x00007966                _ZNK6String5toIntEv
 .text._ZN14HardwareSerial9availableEv
                0x0000797a       0x18 C:\Users\giovanni.barbato\Desktop\CCEC\NOVARA\fwCCEC\TuinoDemo\ArduinoCore\Debug\libArduinoCore.a(HardwareSerial.o)
                0x0000797a                _ZN14HardwareSerial9availableEv
 .text._ZN14HardwareSerial4peekEv
                0x00007992       0x1c C:\Users\giovanni.barbato\Desktop\CCEC\NOVARA\fwCCEC\TuinoDemo\ArduinoCore\Debug\libArduinoCore.a(HardwareSerial.o)
                0x00007992                _ZN14HardwareSerial4peekEv
 .text._ZN14HardwareSerial4readEv
                0x000079ae       0x28 C:\Users\giovanni.barbato\Desktop\CCEC\NOVARA\fwCCEC\TuinoDemo\ArduinoCore\Debug\libArduinoCore.a(HardwareSerial.o)
                0x000079ae                _ZN14HardwareSerial4readEv
 .text._ZN14HardwareSerial17availableForWriteEv
                0x000079d6       0x1e C:\Users\giovanni.barbato\Desktop\CCEC\NOVARA\fwCCEC\TuinoDemo\ArduinoCore\Debug\libArduinoCore.a(HardwareSerial.o)
                0x000079d6                _ZN14HardwareSerial17availableForWriteEv
 .text._Z14serialEventRunv
                0x000079f4       0x1a C:\Users\giovanni.barbato\Desktop\CCEC\NOVARA\fwCCEC\TuinoDemo\ArduinoCore\Debug\libArduinoCore.a(HardwareSerial.o)
                0x000079f4                _Z14serialEventRunv
 .text._ZN14HardwareSerial17_tx_udr_empty_irqEv
                0x00007a0e       0x44 C:\Users\giovanni.barbato\Desktop\CCEC\NOVARA\fwCCEC\TuinoDemo\ArduinoCore\Debug\libArduinoCore.a(HardwareSerial.o)
                0x00007a0e                _ZN14HardwareSerial17_tx_udr_empty_irqEv
 .text._ZN14HardwareSerial5writeEh
                0x00007a52       0x98 C:\Users\giovanni.barbato\Desktop\CCEC\NOVARA\fwCCEC\TuinoDemo\ArduinoCore\Debug\libArduinoCore.a(HardwareSerial.o)
                0x00007a52                _ZN14HardwareSerial5writeEh
 .text._ZN14HardwareSerial5flushEv
                0x00007aea       0x42 C:\Users\giovanni.barbato\Desktop\CCEC\NOVARA\fwCCEC\TuinoDemo\ArduinoCore\Debug\libArduinoCore.a(HardwareSerial.o)
                0x00007aea                _ZN14HardwareSerial5flushEv
 .text.__empty  0x00007b2c        0x2 C:\Users\giovanni.barbato\Desktop\CCEC\NOVARA\fwCCEC\TuinoDemo\ArduinoCore\Debug\libArduinoCore.a(hooks.o)
                0x00007b2c                yield
 .text.libgcc.div
                0x00007b2e       0x18 c:/program files (x86)/atmel/studio/7.0/toolchain/avr8/avr8-gnu-toolchain/bin/../lib/gcc/avr/5.4.0/avr51\libgcc.a(_udivmodqi4.o)
                0x00007b2e                __udivmodqi4
 .text.libgcc.div
                0x00007b46       0x28 c:/program files (x86)/atmel/studio/7.0/toolchain/avr8/avr8-gnu-toolchain/bin/../lib/gcc/avr/5.4.0/avr51\libgcc.a(_udivmodhi4.o)
                0x00007b46                __udivmodhi4
 .text.libgcc.div
                0x00007b6e       0x44 c:/program files (x86)/atmel/studio/7.0/toolchain/avr8/avr8-gnu-toolchain/bin/../lib/gcc/avr/5.4.0/avr51\libgcc.a(_udivmodsi4.o)
                0x00007b6e                __udivmodsi4
 .text.libgcc   0x00007bb2       0x12 c:/program files (x86)/atmel/studio/7.0/toolchain/avr8/avr8-gnu-toolchain/bin/../lib/gcc/avr/5.4.0/avr51\libgcc.a(_tablejump2.o)
                0x00007bb2                __tablejump2__
 .text.libgcc.mul
                0x00007bc4       0x1e c:/program files (x86)/atmel/studio/7.0/toolchain/avr8/avr8-gnu-toolchain/bin/../lib/gcc/avr/5.4.0/avr51\libgcc.a(_umulhisi3.o)
                0x00007bc4                __umulhisi3
 .text.libgcc.mul
                0x00007be2       0x14 c:/program files (x86)/atmel/studio/7.0/toolchain/avr8/avr8-gnu-toolchain/bin/../lib/gcc/avr/5.4.0/avr51\libgcc.a(_muluhisi3.o)
                0x00007be2                __muluhisi3
 .text.avr-libc
                0x00007bf6       0x3e c:/program files (x86)/atmel/studio/7.0/toolchain/avr8/avr8-gnu-toolchain/bin/../lib/gcc/avr/5.4.0/../../../../avr/lib/avr51\libc.a(dtostrf.o)
                0x00007bf6                dtostrf
 .text.avr-libc
                0x00007c34      0x242 c:/program files (x86)/atmel/studio/7.0/toolchain/avr8/avr8-gnu-toolchain/bin/../lib/gcc/avr/5.4.0/../../../../avr/lib/avr51\libc.a(malloc.o)
                0x00007c34                malloc
                0x00007d64                free
 .text.avr-libc
                0x00007e76      0x1c0 c:/program files (x86)/atmel/studio/7.0/toolchain/avr8/avr8-gnu-toolchain/bin/../lib/gcc/avr/5.4.0/../../../../avr/lib/avr51\libc.a(realloc.o)
                0x00007e76                realloc
 .text.avr-libc
                0x00008036        0x8 c:/program files (x86)/atmel/studio/7.0/toolchain/avr8/avr8-gnu-toolchain/bin/../lib/gcc/avr/5.4.0/../../../../avr/lib/avr51\libc.a(abort.o)
                0x00008036                abort
 .text.avr-libc
                0x0000803e       0x4c c:/program files (x86)/atmel/studio/7.0/toolchain/avr8/avr8-gnu-toolchain/bin/../lib/gcc/avr/5.4.0/../../../../avr/lib/avr51\libc.a(atol.o)
                0x0000803e                atol
 .text.avr-libc
                0x0000808a       0x10 c:/program files (x86)/atmel/studio/7.0/toolchain/avr8/avr8-gnu-toolchain/bin/../lib/gcc/avr/5.4.0/../../../../avr/lib/avr51\libc.a(isspace.o)
                0x0000808a                isspace
 .text.avr-libc
                0x0000809a       0x12 c:/program files (x86)/atmel/studio/7.0/toolchain/avr8/avr8-gnu-toolchain/bin/../lib/gcc/avr/5.4.0/../../../../avr/lib/avr51\libc.a(memcpy_P.o)
                0x0000809a                memcpy_P
 .text.avr-libc
                0x000080ac       0x12 c:/program files (x86)/atmel/studio/7.0/toolchain/avr8/avr8-gnu-toolchain/bin/../lib/gcc/avr/5.4.0/../../../../avr/lib/avr51\libc.a(memcpy.o)
                0x000080ac                memcpy
 .text.avr-libc
                0x000080be       0x12 c:/program files (x86)/atmel/studio/7.0/toolchain/avr8/avr8-gnu-toolchain/bin/../lib/gcc/avr/5.4.0/../../../../avr/lib/avr51\libc.a(strcmp.o)
                0x000080be                strcmp
 .text.avr-libc
                0x000080d0        0xe c:/program files (x86)/atmel/studio/7.0/toolchain/avr8/avr8-gnu-toolchain/bin/../lib/gcc/avr/5.4.0/../../../../avr/lib/avr51\libc.a(strcpy.o)
                0x000080d0                strcpy
 .text.avr-libc
                0x000080de       0x1c c:/program files (x86)/atmel/studio/7.0/toolchain/avr8/avr8-gnu-toolchain/bin/../lib/gcc/avr/5.4.0/../../../../avr/lib/avr51\libc.a(strncmp.o)
                0x000080de                strncmp
 .text.avr-libc
                0x000080fa       0x1e c:/program files (x86)/atmel/studio/7.0/toolchain/avr8/avr8-gnu-toolchain/bin/../lib/gcc/avr/5.4.0/../../../../avr/lib/avr51\libc.a(strncpy.o)
                0x000080fa                strncpy
 .text.avr-libc
                0x00008118       0x14 c:/program files (x86)/atmel/studio/7.0/toolchain/avr8/avr8-gnu-toolchain/bin/../lib/gcc/avr/5.4.0/../../../../avr/lib/avr51\libc.a(itoa.o)
                0x00008118                __itoa
                0x00008118                itoa
 .text.avr-libc
                0x0000812c       0x14 c:/program files (x86)/atmel/studio/7.0/toolchain/avr8/avr8-gnu-toolchain/bin/../lib/gcc/avr/5.4.0/../../../../avr/lib/avr51\libc.a(itoa_ncheck.o)
                0x0000812c                __itoa_ncheck
 .text.avr-libc
                0x00008140       0x2a c:/program files (x86)/atmel/studio/7.0/toolchain/avr8/avr8-gnu-toolchain/bin/../lib/gcc/avr/5.4.0/../../../../avr/lib/avr51\libc.a(mulsi10.o)
                0x00008140                __mulsi_const_10
 .text.avr-libc
                0x0000816a       0x14 c:/program files (x86)/atmel/studio/7.0/toolchain/avr8/avr8-gnu-toolchain/bin/../lib/gcc/avr/5.4.0/../../../../avr/lib/avr51\libc.a(ultoa.o)
                0x0000816a                ultoa
                0x0000816a                __ultoa
 .text.avr-libc
                0x0000817e       0x42 c:/program files (x86)/atmel/studio/7.0/toolchain/avr8/avr8-gnu-toolchain/bin/../lib/gcc/avr/5.4.0/../../../../avr/lib/avr51\libc.a(ultoa_ncheck.o)
                0x0000817e                __ultoa_ncheck
                0x00008180                __ultoa_common
 .text.avr-libc
                0x000081c0       0x14 c:/program files (x86)/atmel/studio/7.0/toolchain/avr8/avr8-gnu-toolchain/bin/../lib/gcc/avr/5.4.0/../../../../avr/lib/avr51\libc.a(utoa.o)
                0x000081c0                __utoa
                0x000081c0                utoa
 .text.avr-libc
                0x000081d4       0x32 c:/program files (x86)/atmel/studio/7.0/toolchain/avr8/avr8-gnu-toolchain/bin/../lib/gcc/avr/5.4.0/../../../../avr/lib/avr51\libc.a(utoa_ncheck.o)
                0x000081d4                __utoa_ncheck
                0x000081d6                __utoa_common
 .text.avr-libc
                0x00008206      0x2ec c:/program files (x86)/atmel/studio/7.0/toolchain/avr8/avr8-gnu-toolchain/bin/../lib/gcc/avr/5.4.0/../../../../avr/lib/avr51\libc.a(dtoa_prf.o)
                0x00008206                dtoa_prf
 .text.avr-libc
                0x000084f2      0x1b0 c:/program files (x86)/atmel/studio/7.0/toolchain/avr8/avr8-gnu-toolchain/bin/../lib/gcc/avr/5.4.0/../../../../avr/lib/avr51\libc.a(ftoa_engine.o)
                0x000084f2                __ftoa_engine
 .text.avr-libc
                0x000086a2        0x6 c:/program files (x86)/atmel/studio/7.0/toolchain/avr8/avr8-gnu-toolchain/bin/../lib/gcc/avr/5.4.0/../../../../avr/lib/avr51\libc.a(cty_isfalse.o)
                0x000086a2                __ctype_isfalse
                0x000086a6                __ctype_istrue
 .text.avr-libc
                0x000086a8       0x20 c:/program files (x86)/atmel/studio/7.0/toolchain/avr8/avr8-gnu-toolchain/bin/../lib/gcc/avr/5.4.0/../../../../avr/lib/avr51\libc.a(strrev.o)
                0x000086a8                strrev
 .text.avr-libc
                0x000086c8       0x10 C:/Program Files (x86)/Atmel/Studio/7.0/Packs/atmel/ATmega_DFP/1.2.209/gcc/dev/atmega1284p/avr51\libatmega1284p.a(eerd_byte.o)
                0x000086c8                eeprom_read_byte
 .text.avr-libc
                0x000086d8       0x1c C:/Program Files (x86)/Atmel/Studio/7.0/Packs/atmel/ATmega_DFP/1.2.209/gcc/dev/atmega1284p/avr51\libatmega1284p.a(eewr_byte.o)
                0x000086d8                eeprom_write_byte
                0x000086da                eeprom_write_r18
                0x000086f4                . = ALIGN (0x2)
 *(.fini9)
 .fini9         0x000086f4        0x0 c:/program files (x86)/atmel/studio/7.0/toolchain/avr8/avr8-gnu-toolchain/bin/../lib/gcc/avr/5.4.0/avr51\libgcc.a(_exit.o)
                0x000086f4                _exit
                0x000086f4                exit
 *(.fini9)
 *(.fini8)
 *(.fini8)
 *(.fini7)
 *(.fini7)
 *(.fini6)
 .fini6         0x000086f4       0x14 c:/program files (x86)/atmel/studio/7.0/toolchain/avr8/avr8-gnu-toolchain/bin/../lib/gcc/avr/5.4.0/avr51\libgcc.a(_dtors.o)
                0x000086f4                __do_global_dtors
 *(.fini6)
 *(.fini5)
 *(.fini5)
 *(.fini4)
 *(.fini4)
 *(.fini3)
 *(.fini3)
 *(.fini2)
 *(.fini2)
 *(.fini1)
 *(.fini1)
 *(.fini0)
 .fini0         0x00008708        0x4 c:/program files (x86)/atmel/studio/7.0/toolchain/avr8/avr8-gnu-toolchain/bin/../lib/gcc/avr/5.4.0/avr51\libgcc.a(_exit.o)
 *(.fini0)
                0x0000870c                _etext = .

.data           0x00800100      0x98c load address 0x0000870c
                0x00800100                PROVIDE (__data_start, .)
 *(.data)
 .data          0x00800100        0x6 c:/program files (x86)/atmel/studio/7.0/toolchain/avr8/avr8-gnu-toolchain/bin/../lib/gcc/avr/5.4.0/../../../../avr/lib/avr51\libc.a(malloc.o)
                0x00800100                __malloc_heap_end
                0x00800102                __malloc_heap_start
                0x00800104                __malloc_margin
 *(.data*)
 .data.MappaKeys
                0x00800106       0x10 Sketch.o
                0x00800106                MappaKeys
 .data.TmaxInviodati
                0x00800116        0x4 Sketch.o
                0x00800116                TmaxInviodati
 .data.TselDistributore
                0x0080011a        0x4 Sketch.o
                0x0080011a                TselDistributore
 .data.TinputTarga
                0x0080011e        0x4 Sketch.o
                0x0080011e                TinputTarga
 .data.mac      0x00800122        0x6 Sketch.o
                0x00800122                mac
 .data.serverREST
                0x00800128       0x12 Sketch.o
                0x00800128                serverREST
 .data.CodSede  0x0080013a        0x7 Sketch.o
                0x0080013a                CodSede
 .data.ImpulsiLitro
                0x00800141        0x2 Sketch.o
                0x00800141                ImpulsiLitro
 .data.HTTP_len_response
                0x00800143        0x2 Sketch.o
                0x00800143                HTTP_len_response
 .data.Clessidra
                0x00800145        0x8 Sketch.o
                0x00800145                Clessidra
 .data.pn532response_firmwarevers
                0x0080014d        0x6 src/libraries/NFC-PN532/NFC_PN532.o
                0x0080014d                pn532response_firmwarevers
 .data.pn532ack
                0x00800153        0x6 src/libraries/NFC-PN532/NFC_PN532.o
                0x00800153                pn532ack
 .data._ZN14EthernetClient8_srcportE
                0x00800159        0x2 src/libraries/Ethernet2/src/EthernetClient.o
                0x00800159                _ZN14EthernetClient8_srcportE
 *(.gnu.linkonce.d*)
 *(.rodata)
 .rodata        0x0080015b       0xd0 Sketch.o
 .rodata        0x0080022b        0x8 src/libraries/LiquidCrystal/src/LCD.o
 *(.rodata*)
 .rodata.str1.1
                0x00800233      0x798 Sketch.o
                                0x7ba (size before relaxing)
 .rodata.._11   0x008009cb       0x10 Sketch.o
 .rodata.str1.1
                0x008009db        0x9 src/libraries/NFC-PN532/NFC_PN532.o
                                  0xc (size before relaxing)
 .rodata._ZTV14EthernetClient
                0x008009e4       0x22 src/libraries/Ethernet2/src/EthernetClient.o
                0x008009e4                _ZTV14EthernetClient
 .rodata._ZTV11EthernetUDP
                0x00800a06       0x28 src/libraries/Ethernet2/src/EthernetUdp2.o
                0x00800a06                _ZTV11EthernetUDP
 .rodata._ZTV3LCD
                0x00800a2e       0x14 src/libraries/LiquidCrystal/src/LCD.o
                0x00800a2e                _ZTV3LCD
 .rodata._ZTV17LiquidCrystal_I2C
                0x00800a42       0x14 src/libraries/LiquidCrystal/src/LiquidCrystal_I2C.o
                0x00800a42                _ZTV17LiquidCrystal_I2C
 .rodata._ZTV7TwoWire
                0x00800a56       0x12 src/libraries/Wire/src/Wire.o
                0x00800a56                _ZTV7TwoWire
 .rodata._ZTV9IPAddress
                0x00800a68        0x6 C:\Users\giovanni.barbato\Desktop\CCEC\NOVARA\fwCCEC\TuinoDemo\ArduinoCore\Debug\libArduinoCore.a(IPAddress.o)
                0x00800a68                _ZTV9IPAddress
 .rodata.str1.1
                0x00800a6e        0xc C:\Users\giovanni.barbato\Desktop\CCEC\NOVARA\fwCCEC\TuinoDemo\ArduinoCore\Debug\libArduinoCore.a(Print.o)
                                  0xf (size before relaxing)
 .rodata.str1.1
                0x00800a7a        0x1 C:\Users\giovanni.barbato\Desktop\CCEC\NOVARA\fwCCEC\TuinoDemo\ArduinoCore\Debug\libArduinoCore.a(WString.o)
 .rodata._ZTV14HardwareSerial
                0x00800a7a       0x12 C:\Users\giovanni.barbato\Desktop\CCEC\NOVARA\fwCCEC\TuinoDemo\ArduinoCore\Debug\libArduinoCore.a(HardwareSerial.o)
                0x00800a7a                _ZTV14HardwareSerial
 *(.gnu.linkonce.r*)
                0x00800a8c                . = ALIGN (0x2)
                0x00800a8c                _edata = .
                0x00800a8c                PROVIDE (__data_end, .)

.bss            0x00800a8c      0x357
                0x00800a8c                PROVIDE (__bss_start, .)
 *(.bss)
 *(.bss*)
 .bss.gpio      0x00800a8c        0x3 Sketch.o
                0x00800a8c                gpio
 .bss.KM        0x00800a8f        0x6 Sketch.o
                0x00800a8f                KM
 .bss.TARGA     0x00800a95        0x6 Sketch.o
                0x00800a95                TARGA
 .bss.nowTimer  0x00800a9b        0x6 Sketch.o
                0x00800a9b                nowTimer
 .bss.Timer     0x00800aa1        0x4 Sketch.o
                0x00800aa1                Timer
 .bss.UltimoPassaggioStato
                0x00800aa5        0x4 Sketch.o
                0x00800aa5                UltimoPassaggioStato
 .bss.secs      0x00800aa9        0x4 Sketch.o
                0x00800aa9                secs
 .bss.DS3231M   0x00800aad        0xc Sketch.o
                0x00800aad                DS3231M
 .bss.clientATE
                0x00800ab9        0xd Sketch.o
                0x00800ab9                clientATE
 .bss.clientLOCAL
                0x00800ac6        0xd Sketch.o
                0x00800ac6                clientLOCAL
 .bss.subnet    0x00800ad3        0x6 Sketch.o
                0x00800ad3                subnet
 .bss.gateway   0x00800ad9        0x6 Sketch.o
                0x00800ad9                gateway
 .bss.myDns     0x00800adf        0x6 Sketch.o
                0x00800adf                myDns
 .bss.ipCCEC    0x00800ae5        0x6 Sketch.o
                0x00800ae5                ipCCEC
 .bss.righeDisplay
                0x00800aeb       0x18 Sketch.o
                0x00800aeb                righeDisplay
 .bss.Messaggio
                0x00800b03        0x6 Sketch.o
                0x00800b03                Messaggio
 .bss.Risposta  0x00800b09        0x6 Sketch.o
                0x00800b09                Risposta
 .bss.Carburante
                0x00800b0f        0x6 Sketch.o
                0x00800b0f                Carburante
 .bss.RaccoltaDati
                0x00800b15       0x24 Sketch.o
                0x00800b15                RaccoltaDati
 .bss.RispostaHTTP
                0x00800b39        0x6 Sketch.o
                0x00800b39                RispostaHTTP
 .bss.impulsi   0x00800b3f        0x2 Sketch.o
                0x00800b3f                impulsi
 .bss.stato_procedura
                0x00800b41        0x2 Sketch.o
                0x00800b41                stato_procedura
 .bss.Connected
                0x00800b43        0x2 Sketch.o
                0x00800b43                Connected
 .bss.strURLAPI
                0x00800b45        0x6 Sketch.o
                0x00800b45                strURLAPI
 .bss.StatoAttuale
                0x00800b4b        0x6 Sketch.o
                0x00800b4b                StatoAttuale
 .bss.nfc       0x00800b51       0x17 Sketch.o
                0x00800b51                nfc
 .bss.lcd       0x00800b68       0x18 Sketch.o
                0x00800b68                lcd
 .bss.alreadyTimbrata
                0x00800b80        0x1 Sketch.o
                0x00800b80                alreadyTimbrata
 .bss.uidMezzo  0x00800b81        0x7 Sketch.o
                0x00800b81                uidMezzo
 .bss.uidLength
                0x00800b88        0x1 Sketch.o
                0x00800b88                uidLength
 .bss.success   0x00800b89        0x1 Sketch.o
                0x00800b89                success
 .bss.mezzo     0x00800b8a       0x12 Sketch.o
                0x00800b8a                mezzo
 .bss.intConsecutiveNonPresses
                0x00800b9c        0x2 Sketch.o
                0x00800b9c                intConsecutiveNonPresses
 .bss.intConsecutivePresses
                0x00800b9e        0x2 Sketch.o
                0x00800b9e                intConsecutivePresses
 .bss.Erogazioni
                0x00800ba0       0x18 Sketch.o
                0x00800ba0                Erogazioni
 .bss.Parametri
                0x00800bb8       0x2a Sketch.o
                0x00800bb8                Parametri
 .bss.ParametriCCEC
                0x00800be2        0x2 Sketch.o
                0x00800be2                ParametriCCEC
 .bss._ZL11INADDR_NONE
                0x00800be4        0x6 Sketch.o
 .bss.pn532_packetbuffer
                0x00800bea       0x40 src/libraries/NFC-PN532/NFC_PN532.o
                0x00800bea                pn532_packetbuffer
 .bss._ZL11INADDR_NONE
                0x00800c2a        0x6 src/libraries/Ethernet2/src/Dhcp.o
 .bss._ZL11INADDR_NONE
                0x00800c30        0x6 src/libraries/Ethernet2/src/Dns.o
 .bss.Ethernet  0x00800c36        0xd src/libraries/Ethernet2/src/Ethernet2.o
                0x00800c36                Ethernet
 .bss._ZN13EthernetClass12_server_portE
                0x00800c43       0x10 src/libraries/Ethernet2/src/Ethernet2.o
                0x00800c43                _ZN13EthernetClass12_server_portE
 .bss._ZL11INADDR_NONE
                0x00800c53        0x6 src/libraries/Ethernet2/src/Ethernet2.o
 .bss._ZL11INADDR_NONE
                0x00800c59        0x6 src/libraries/Ethernet2/src/EthernetClient.o
 .bss._ZL11INADDR_NONE
                0x00800c5f        0x6 src/libraries/Ethernet2/src/EthernetServer.o
 .bss._ZL11INADDR_NONE
                0x00800c65        0x6 src/libraries/Ethernet2/src/EthernetUdp2.o
 .bss._ZL10local_port
                0x00800c6b        0x2 src/libraries/Ethernet2/src/utility/socket.o
 .bss.SPI_CS    0x00800c6d        0x1 src/libraries/Ethernet2/src/utility/w5500.o
                0x00800c6d                SPI_CS
 .bss.wiznet_SPI_settings
                0x00800c6e        0x2 src/libraries/Ethernet2/src/utility/w5500.o
                0x00800c6e                wiznet_SPI_settings
 .bss.w5500     0x00800c70        0x1 src/libraries/Ethernet2/src/utility/w5500.o
                0x00800c70                w5500
 .bss._ZN8SPIClass13interruptSaveE
                0x00800c71        0x1 src/libraries/SPI/src/SPI.o
                0x00800c71                _ZN8SPIClass13interruptSaveE
 .bss._ZN8SPIClass13interruptMaskE
                0x00800c72        0x1 src/libraries/SPI/src/SPI.o
                0x00800c72                _ZN8SPIClass13interruptMaskE
 .bss._ZN8SPIClass13interruptModeE
                0x00800c73        0x1 src/libraries/SPI/src/SPI.o
                0x00800c73                _ZN8SPIClass13interruptModeE
 .bss._ZN8SPIClass11initializedE
                0x00800c74        0x1 src/libraries/SPI/src/SPI.o
                0x00800c74                _ZN8SPIClass11initializedE
 .bss.twi_error
                0x00800c75        0x1 src/libraries/Wire/src/utility/twi.o
 .bss.twi_rxBufferIndex
                0x00800c76        0x1 src/libraries/Wire/src/utility/twi.o
 .bss.twi_rxBuffer
                0x00800c77       0x20 src/libraries/Wire/src/utility/twi.o
 .bss.twi_txBufferLength
                0x00800c97        0x1 src/libraries/Wire/src/utility/twi.o
 .bss.twi_txBufferIndex
                0x00800c98        0x1 src/libraries/Wire/src/utility/twi.o
 .bss.twi_txBuffer
                0x00800c99       0x20 src/libraries/Wire/src/utility/twi.o
 .bss.twi_masterBufferLength
                0x00800cb9        0x1 src/libraries/Wire/src/utility/twi.o
 .bss.twi_masterBufferIndex