Archive member included to satisfy reference by file (symbol)

c:/program files (x86)/atmel/studio/7.0/toolchain/avr8/avr8-gnu-toolchain/bin/../lib/gcc/avr/5.4.0/../../../../avr/lib/avr51\libm.a(cmpsf2.o)
                              src/libraries/SPIMemory/src/SPIFlash.o (__nesf2)
c:/program files (x86)/atmel/studio/7.0/toolchain/avr8/avr8-gnu-toolchain/bin/../lib/gcc/avr/5.4.0/../../../../avr/lib/avr51\libm.a(divsf3.o)
                              Sketch.o (__divsf3)
c:/program files (x86)/atmel/studio/7.0/toolchain/avr8/avr8-gnu-toolchain/bin/../lib/gcc/avr/5.4.0/../../../../avr/lib/avr51\libm.a(divsf3x.o)
                              c:/program files (x86)/atmel/studio/7.0/toolchain/avr8/avr8-gnu-toolchain/bin/../lib/gcc/avr/5.4.0/../../../../avr/lib/avr51\libm.a(divsf3.o) (__divsf3x)
c:/program files (x86)/atmel/studio/7.0/toolchain/avr8/avr8-gnu-toolchain/bin/../lib/gcc/avr/5.4.0/../../../../avr/lib/avr51\libm.a(floatsisf.o)
                              Sketch.o (__floatsisf)
c:/program files (x86)/atmel/studio/7.0/toolchain/avr8/avr8-gnu-toolchain/bin/../lib/gcc/avr/5.4.0/../../../../avr/lib/avr51\libm.a(fp_cmp.o)
                              c:/program files (x86)/atmel/studio/7.0/toolchain/avr8/avr8-gnu-toolchain/bin/../lib/gcc/avr/5.4.0/../../../../avr/lib/avr51\libm.a(cmpsf2.o) (__fp_cmp)
c:/program files (x86)/atmel/studio/7.0/toolchain/avr8/avr8-gnu-toolchain/bin/../lib/gcc/avr/5.4.0/../../../../avr/lib/avr51\libm.a(fp_inf.o)
                              c:/program files (x86)/atmel/studio/7.0/toolchain/avr8/avr8-gnu-toolchain/bin/../lib/gcc/avr/5.4.0/../../../../avr/lib/avr51\libm.a(divsf3x.o) (__fp_inf)
c:/program files (x86)/atmel/studio/7.0/toolchain/avr8/avr8-gnu-toolchain/bin/../lib/gcc/avr/5.4.0/../../../../avr/lib/avr51\libm.a(fp_nan.o)
                              c:/program files (x86)/atmel/studio/7.0/toolchain/avr8/avr8-gnu-toolchain/bin/../lib/gcc/avr/5.4.0/../../../../avr/lib/avr51\libm.a(divsf3x.o) (__fp_nan)
c:/program files (x86)/atmel/studio/7.0/toolchain/avr8/avr8-gnu-toolchain/bin/../lib/gcc/avr/5.4.0/../../../../avr/lib/avr51\libm.a(fp_pscA.o)
                              c:/program files (x86)/atmel/studio/7.0/toolchain/avr8/avr8-gnu-toolchain/bin/../lib/gcc/avr/5.4.0/../../../../avr/lib/avr51\libm.a(divsf3x.o) (__fp_pscA)
c:/program files (x86)/atmel/studio/7.0/toolchain/avr8/avr8-gnu-toolchain/bin/../lib/gcc/avr/5.4.0/../../../../avr/lib/avr51\libm.a(fp_pscB.o)
                              c:/program files (x86)/atmel/studio/7.0/toolchain/avr8/avr8-gnu-toolchain/bin/../lib/gcc/avr/5.4.0/../../../../avr/lib/avr51\libm.a(divsf3x.o) (__fp_pscB)
c:/program files (x86)/atmel/studio/7.0/toolchain/avr8/avr8-gnu-toolchain/bin/../lib/gcc/avr/5.4.0/../../../../avr/lib/avr51\libm.a(fp_round.o)
                              c:/program files (x86)/atmel/studio/7.0/toolchain/avr8/avr8-gnu-toolchain/bin/../lib/gcc/avr/5.4.0/../../../../avr/lib/avr51\libm.a(divsf3.o) (__fp_round)
c:/program files (x86)/atmel/studio/7.0/toolchain/avr8/avr8-gnu-toolchain/bin/../lib/gcc/avr/5.4.0/../../../../avr/lib/avr51\libm.a(fp_split3.o)
                              c:/program files (x86)/atmel/studio/7.0/toolchain/avr8/avr8-gnu-toolchain/bin/../lib/gcc/avr/5.4.0/../../../../avr/lib/avr51\libm.a(divsf3x.o) (__fp_split3)
c:/program files (x86)/atmel/studio/7.0/toolchain/avr8/avr8-gnu-toolchain/bin/../lib/gcc/avr/5.4.0/../../../../avr/lib/avr51\libm.a(fp_zero.o)
                              c:/program files (x86)/atmel/studio/7.0/toolchain/avr8/avr8-gnu-toolchain/bin/../lib/gcc/avr/5.4.0/../../../../avr/lib/avr51\libm.a(divsf3x.o) (__fp_szero)
C:\Users\ADMINI~1\DOCUME~1\PROGET~1\FUELCO~1\Firmware\repo\CCEC\TUINOD~1\ARDUIN~1\Debug\libArduinoCore.a(abi.o)
                              src/libraries/LiquidCrystal/src/LCD.o (__cxa_pure_virtual)
C:\Users\ADMINI~1\DOCUME~1\PROGET~1\FUELCO~1\Firmware\repo\CCEC\TUINOD~1\ARDUIN~1\Debug\libArduinoCore.a(HardwareSerial0.o)
                              Sketch.o (Serial)
C:\Users\ADMINI~1\DOCUME~1\PROGET~1\FUELCO~1\Firmware\repo\CCEC\TUINOD~1\ARDUIN~1\Debug\libArduinoCore.a(IPAddress.o)
                              Sketch.o (_ZTV9IPAddress)
C:\Users\ADMINI~1\DOCUME~1\PROGET~1\FUELCO~1\Firmware\repo\CCEC\TUINOD~1\ARDUIN~1\Debug\libArduinoCore.a(main.o)
                              C:/Program Files (x86)/Atmel/Studio/7.0/Packs/atmel/ATmega_DFP/1.2.209/gcc/dev/atmega1284p/avr51/crtatmega1284p.o (main)
C:\Users\ADMINI~1\DOCUME~1\PROGET~1\FUELCO~1\Firmware\repo\CCEC\TUINOD~1\ARDUIN~1\Debug\libArduinoCore.a(new.o)
                              src/libraries/Ethernet2/src/Ethernet2.o (_Znwj)
C:\Users\ADMINI~1\DOCUME~1\PROGET~1\FUELCO~1\Firmware\repo\CCEC\TUINOD~1\ARDUIN~1\Debug\libArduinoCore.a(Print.o)
                              src/libraries/LiquidCrystal/src/LCD.o (_ZN5Print5writeEPKhj)
C:\Users\ADMINI~1\DOCUME~1\PROGET~1\FUELCO~1\Firmware\repo\CCEC\TUINOD~1\ARDUIN~1\Debug\libArduinoCore.a(wiring.o)
[...]
Memory Configuration

Name             Origin             Length             Attributes
text             0x00000000         0x00020000         xr
data             0x00800100         0x0000ff00         rw !x
eeprom           0x00810000         0x00010000         rw !x
fuse             0x00820000         0x00000003         rw !x
lock             0x00830000         0x00000400         rw !x
signature        0x00840000         0x00000400         rw !x
user_signatures  0x00850000         0x00000400         rw !x
*default*        0x00000000         0xffffffff

Linker script and memory map

Address of section .data set to 0x800100
LOAD C:/Program Files (x86)/Atmel/Studio/7.0/Packs/atmel/ATmega_DFP/1.2.209/gcc/dev/atmega1284p/avr51/crtatmega1284p.o
LOAD Sketch.o
LOAD src/libraries/Adafruit-PN532/Adafruit_PN532.o
LOAD src/libraries/DS3231M/src/DS3231M.o
LOAD src/libraries/Ethernet2/src/Dhcp.o
LOAD src/libraries/Ethernet2/src/Dns.o
LOAD src/libraries/Ethernet2/src/Ethernet2.o
LOAD src/libraries/Ethernet2/src/EthernetClient.o
LOAD src/libraries/Ethernet2/src/EthernetServer.o
LOAD src/libraries/Ethernet2/src/EthernetUdp2.o
LOAD src/libraries/Ethernet2/src/Twitter.o
LOAD src/libraries/Ethernet2/src/utility/socket.o
LOAD src/libraries/Ethernet2/src/utility/w5500.o
LOAD src/libraries/Keypad/src/i2ckeypad.o
LOAD src/libraries/Keypad/src/Key.o
LOAD src/libraries/Keypad/src/Keypad.o
LOAD src/libraries/Keypad/src/Keypad_I2C.o
LOAD src/libraries/LiquidCrystal/src/I2CIO.o
LOAD src/libraries/LiquidCrystal/src/LCD.o
LOAD src/libraries/LiquidCrystal/src/LiquidCrystal.o
LOAD src/libraries/LiquidCrystal/src/LiquidCrystal_I2C.o
LOAD src/libraries/SPIMemory/src/diagnostics.o
LOAD src/libraries/SPIMemory/src/DMASAM.o
LOAD src/libraries/SPIMemory/src/SPIFlash.o
LOAD src/libraries/SPIMemory/src/SPIFlashIO.o
LOAD src/libraries/SPIMemory/src/SPIFlashSFDP.o
LOAD src/libraries/SPIMemory/src/SPIFram.o
LOAD src/libraries/SPIMemory/src/SPIFramIO.o
LOAD src/libraries/SPIMemory/src/SPIMemory.o
LOAD src/libraries/SPI/src/SPI.o
LOAD src/libraries/Wire/src/utility/twi.o
LOAD src/libraries/Wire/src/Wire.o
START GROUP
LOAD c:/program files (x86)/atmel/studio/7.0/toolchain/avr8/avr8-gnu-toolchain/bin/../lib/gcc/avr/5.4.0/../../../../avr/lib/avr51\libm.a
LOAD C:\Users\ADMINI~1\DOCUME~1\PROGET~1\FUELCO~1\Firmware\repo\CCEC\TUINOD~1\ARDUIN~1\Debug\libArduinoCore.a
END GROUP
LOAD c:/program files (x86)/atmel/studio/7.0/toolchain/avr8/avr8-gnu-toolchain/bin/../lib/gcc/avr/5.4.0/avr51\libgcc.a
LOAD c:/program files (x86)/atmel/studio/7.0/toolchain/avr8/avr8-gnu-toolchain/bin/../lib/gcc/avr/5.4.0/../../../../avr/lib/avr51\libm.a
START GROUP
LOAD c:/program files (x86)/atmel/studio/7.0/toolchain/avr8/avr8-gnu-toolchain/bin/../lib/gcc/avr/5.4.0/avr51\libgcc.a
LOAD c:/program files (x86)/atmel/studio/7.0/toolchain/avr8/avr8-gnu-toolchain/bin/../lib/gcc/avr/5.4.0/../../../../avr/lib/avr51\libm.a
LOAD c:/program files (x86)/atmel/studio/7.0/toolchain/avr8/avr8-gnu-toolchain/bin/../lib/gcc/avr/5.4.0/../../../../avr/lib/avr51\libc.a
LOAD C:/Program Files (x86)/Atmel/Studio/7.0/Packs/atmel/ATmega_DFP/1.2.209/gcc/dev/atmega1284p/avr51\libatmega1284p.a
END GROUP
                0x00020000                __TEXT_REGION_LENGTH__ = DEFINED (__TEXT_REGION_LENGTH__)?__TEXT_REGION_LENGTH__:0x20000
                0x0000ff00                __DATA_REGION_LENGTH__ = DEFINED (__DATA_REGION_LENGTH__)?__DATA_REGION_LENGTH__:0xff00
                0x00010000                __EEPROM_REGION_LENGTH__ = DEFINED (__EEPROM_REGION_LENGTH__)?__EEPROM_REGION_LENGTH__:0x10000
                [0x00000003]                __FUSE_REGION_LENGTH__ = DEFINED (__FUSE_REGION_LENGTH__)?__FUSE_REGION_LENGTH__:0x400
                0x00000400                __LOCK_REGION_LENGTH__ = DEFINED (__LOCK_REGION_LENGTH__)?__LOCK_REGION_LENGTH__:0x400
                0x00000400                __SIGNATURE_REGION_LENGTH__ = DEFINED (__SIGNATURE_REGION_LENGTH__)?__SIGNATURE_REGION_LENGTH__:0x400
                0x00000400                __USER_SIGNATURE_REGION_LENGTH__ = DEFINED (__USER_SIGNATURE_REGION_LENGTH__)?__USER_SIGNATURE_REGION_LENGTH__:0x400

.hash
 *(.hash)

.dynsym
 *(.dynsym)

.dynstr
 *(.dynstr)

.gnu.version
 *(.gnu.version)

.gnu.version_d
 *(.gnu.version_d)

.gnu.version_r
 *(.gnu.version_r)

.rel.init
 *(.rel.init)

.rela.init
 *(.rela.init)

.rel.text
 *(.rel.text)
 *(.rel.text.*)
 *(.rel.gnu.linkonce.t*)

.rela.text
 *(.rela.text)
 *(.rela.text.*)
 *(.rela.gnu.linkonce.t*)

.rel.fini
 *(.rel.fini)

.rela.fini
 *(.rela.fini)

.rel.rodata
 *(.rel.rodata)
 *(.rel.rodata.*)
 *(.rel.gnu.linkonce.r*)

.rela.rodata
 *(.rela.rodata)
 *(.rela.rodata.*)
 *(.rela.gnu.linkonce.r*)

.rel.data
 *(.rel.data)
 *(.rel.data.*)
 *(.rel.gnu.linkonce.d*)

.rela.data
 *(.rela.data)
 *(.rela.data.*)
 *(.rela.gnu.linkonce.d*)

.rel.ctors
 *(.rel.ctors)

.rela.ctors
 *(.rela.ctors)

.rel.dtors
 *(.rel.dtors)

.rela.dtors
 *(.rela.dtors)

.rel.got
 *(.rel.got)

.rela.got
 *(.rela.got)

.rel.bss
 *(.rel.bss)

.rela.bss
 *(.rela.bss)

.rel.plt
 *(.rel.plt)

.rela.plt
 *(.rela.plt)

.text           0x00000000     0x8d32
 *(.vectors)
 .vectors       0x00000000       0x8c C:/Program Files (x86)/Atmel/Studio/7.0/Packs/atmel/ATmega_DFP/1.2.209/gcc/dev/atmega1284p/avr51/crtatmega1284p.o
                0x00000000                __vector_default
                0x00000000                __vectors
 *(.vectors)
 *(.progmem.gcc*)
 .progmem.gcc_sw_table.loop
                0x0000008c       0x16 Sketch.o
 .progmem.gcc_sw_table._ZN8DateTimeC2EPK19__FlashStringHelperS2_
                0x000000a2       0x26 src/libraries/DS3231M/src/DS3231M.o
                0x000000c8                . = ALIGN (0x2)
                0x000000c8                __trampolines_start = .
 *(.trampolines)
 .trampolines   0x000000c8        0x0 linker stubs
 *(.trampolines*)
                0x000000c8                __trampolines_end = .
 *libprintf_flt.a:*(.progmem.data)
 *libc.a:*(.progmem.data)
 .progmem.data  0x000000c8       0xfa c:/program files (x86)/atmel/studio/7.0/toolchain/avr8/avr8-gnu-toolchain/bin/../lib/gcc/avr/5.4.0/../../../../avr/lib/avr51\libc.a(ftoa_engine.o)
 *(.progmem*)
 .progmem.data._ZZ5setupE3__c_0
                0x000001c2       0x15 Sketch.o
 .progmem.data._ZZ5setupE3__c
                0x000001d7       0x2f Sketch.o
 .progmem.data._ZZN13DS3231M_Class6adjustEvE3__c
                0x00000206        0xc src/libraries/DS3231M/src/DS3231M.o
 .progmem.data._ZZN13DS3231M_Class6adjustEvE3__c_0
                0x00000212        0x9 src/libraries/DS3231M/src/DS3231M.o
 .progmem.data._ZL11daysInMonth
                0x0000021b        0xc src/libraries/DS3231M/src/DS3231M.o
 .progmem.data._ZZN11Diagnostics15_printErrorCodeEvE3__c_0
                0x00000227        0x2 src/libraries/SPIMemory/src/diagnostics.o
 .progmem.data._ZZN11Diagnostics15_printErrorCodeEvE3__c
                0x00000229        0xf src/libraries/SPIMemory/src/diagnostics.o
 .progmem.data.digital_pin_to_timer_PGM
                0x00000238       0x20 C:\Users\ADMINI~1\DOCUME~1\PROGET~1\FUELCO~1\Firmware\repo\CCEC\TUINOD~1\ARDUIN~1\Debug\libArduinoCore.a(wiring_digital.o)
                0x00000238                digital_pin_to_timer_PGM
 .progmem.data.digital_pin_to_bit_mask_PGM
                0x00000258       0x20 C:\Users\ADMINI~1\DOCUME~1\PROGET~1\FUELCO~1\Firmware\repo\CCEC\TUINOD~1\ARDUIN~1\Debug\libArduinoCore.a(wiring_digital.o)
                0x00000258                digital_pin_to_bit_mask_PGM
 .progmem.data.digital_pin_to_port_PGM
                0x00000278       0x20 C:\Users\ADMINI~1\DOCUME~1\PROGET~1\FUELCO~1\Firmware\repo\CCEC\TUINOD~1\ARDUIN~1\Debug\libArduinoCore.a(wiring_digital.o)
                0x00000278                digital_pin_to_port_PGM
 .progmem.data.port_to_input_PGM
                0x00000298        0xa C:\Users\ADMINI~1\DOCUME~1\PROGET~1\FUELCO~1\Firmware\repo\CCEC\TUINOD~1\ARDUIN~1\Debug\libArduinoCore.a(wiring_digital.o)
                0x00000298                port_to_input_PGM
 .progmem.data.port_to_output_PGM
                0x000002a2        0xa C:\Users\ADMINI~1\DOCUME~1\PROGET~1\FUELCO~1\Firmware\repo\CCEC\TUINOD~1\ARDUIN~1\Debug\libArduinoCore.a(wiring_digital.o)
                0x000002a2                port_to_output_PGM
 .progmem.data.port_to_mode_PGM
                0x000002ac        0xa C:\Users\ADMINI~1\DOCUME~1\PROGET~1\FUELCO~1\Firmware\repo\CCEC\TUINOD~1\ARDUIN~1\Debug\libArduinoCore.a(wiring_digital.o)
                0x000002ac                port_to_mode_PGM
                0x000002b6                . = ALIGN (0x2)
 *(.jumptables)
 *(.jumptables*)
 *(.lowtext)
 *(.lowtext*)
                0x000002b6                __ctors_start = .
 *(.ctors)
 .ctors         0x000002b6        0x2 Sketch.o
 .ctors         0x000002b8        0x2 src/libraries/Ethernet2/src/Dhcp.o
 .ctors         0x000002ba        0x2 src/libraries/Ethernet2/src/Dns.o
 .ctors         0x000002bc        0x2 src/libraries/Ethernet2/src/Ethernet2.o
 .ctors         0x000002be        0x2 src/libraries/Ethernet2/src/EthernetClient.o
 .ctors         0x000002c0        0x2 src/libraries/Ethernet2/src/EthernetServer.o
 .ctors         0x000002c2        0x2 src/libraries/Ethernet2/src/EthernetUdp2.o
 .ctors         0x000002c4        0x2 src/libraries/Ethernet2/src/Twitter.o
 .ctors         0x000002c6        0x2 src/libraries/Ethernet2/src/utility/w5500.o
 .ctors         0x000002c8        0x2 src/libraries/Wire/src/Wire.o
 .ctors         0x000002ca        0x2 C:\Users\ADMINI~1\DOCUME~1\PROGET~1\FUELCO~1\Firmware\repo\CCEC\TUINOD~1\ARDUIN~1\Debug\libArduinoCore.a(HardwareSerial0.o)
                0x000002cc                __ctors_end = .
                0x000002cc                __dtors_start = .
 *(.dtors)
 .dtors         0x000002cc        0x2 Sketch.o
                0x000002ce                __dtors_end = .
 SORT(*)(.ctors)
 SORT(*)(.dtors)
 *(.init0)
 .init0         0x000002ce        0x0 C:/Program Files (x86)/Atmel/Studio/7.0/Packs/atmel/ATmega_DFP/1.2.209/gcc/dev/atmega1284p/avr51/crtatmega1284p.o
                0x000002ce                __init
 *(.init0)
 *(.init1)
 *(.init1)
 *(.init2)
 .init2         0x000002ce        0xc C:/Program Files (x86)/Atmel/Studio/7.0/Packs/atmel/ATmega_DFP/1.2.209/gcc/dev/atmega1284p/avr51/crtatmega1284p.o
 *(.init2)
 *(.init3)
 *(.init3)
 *(.init4)
 .init4         0x000002da       0x1a c:/program files (x86)/atmel/studio/7.0/toolchain/avr8/avr8-gnu-toolchain/bin/../lib/gcc/avr/5.4.0/avr51\libgcc.a(_copy_data.o)
                0x000002da                __do_copy_data
 .init4         0x000002f4       0x10 c:/program files (x86)/atmel/studio/7.0/toolchain/avr8/avr8-gnu-toolchain/bin/../lib/gcc/avr/5.4.0/avr51\libgcc.a(_clear_bss.o)
                0x000002f4                __do_clear_bss
 *(.init4)
 *(.init5)
 *(.init5)
 *(.init6)
 .init6         0x00000304       0x16 c:/program files (x86)/atmel/studio/7.0/toolchain/avr8/avr8-gnu-toolchain/bin/../lib/gcc/avr/5.4.0/avr51\libgcc.a(_ctors.o)
                0x00000304                __do_global_ctors
 *(.init6)
 *(.init7)
 *(.init7)
 *(.init8)
 *(.init8)
 *(.init9)
 .init9         0x0000031a        0x8 C:/Program Files (x86)/Atmel/Studio/7.0/Packs/atmel/ATmega_DFP/1.2.209/gcc/dev/atmega1284p/avr51/crtatmega1284p.o
 *(.init9)
 *(.text)
 .text          0x00000322        0x2 C:/Program Files (x86)/Atmel/Studio/7.0/Packs/atmel/ATmega_DFP/1.2.209/gcc/dev/atmega1284p/avr51/crtatmega1284p.o
                0x00000322                __vector_22
                0x00000322                __vector_28
                0x00000322                __vector_1
                0x00000322                __vector_32
                0x00000322                __vector_34
                0x00000322                __vector_24
                0x00000322                __vector_12
                0x00000322                __bad_interrupt
                0x00000322                __vector_6
                0x00000322                __vector_31
                0x00000322                __vector_3
                0x00000322                __vector_23
                0x00000322                __vector_30
                0x00000322                __vector_25
                0x00000322                __vector_11
                0x00000322                __vector_13
                0x00000322                __vector_17
                0x00000322                __vector_27
                0x00000322                __vector_5
                0x00000322                __vector_33
                0x00000322                __vector_9
                0x00000322                __vector_2
                0x00000322                __vector_21
                0x00000322                __vector_15
                0x00000322                __vector_29
                0x00000322                __vector_8
                0x00000322                __vector_14
                0x00000322                __vector_10
                0x00000322                __vector_20
                0x00000324                . = ALIGN (0x2)
 *(.text.*)
 .text._ZL11disable_ETHv
                0x00000324        0x4 Sketch.o
 .text._ZN7TwoWire5writeEi
                0x00000328        0xe Sketch.o
                0x00000328                _ZN7TwoWire5writeEi
 .text._ZN10ErogazioniC2Ev
                0x00000336       0x32 Sketch.o
                0x00000336                _ZN10ErogazioniC2Ev
                0x00000336                _ZN10ErogazioniC1Ev
 .text._Z14initIOExpanderv
                0x00000368       0xb6 Sketch.o
                0x00000368                _Z14initIOExpanderv
 .text._Z9printLinev
                0x0000041e       0x26 Sketch.o
                0x0000041e                _Z9printLinev
 .text._Z8printTabh
                0x00000444       0x22 Sketch.o
                0x00000444                _Z8printTabh
 .text._Z4passb
                0x00000466       0x30 Sketch.o
                0x00000466                _Z4passb
 .text._Z13printUniqueIDv
                0x00000496      0x11e Sketch.o
                0x00000496                _Z13printUniqueIDv
 .text._Z16FlasheraseSectorm
                0x000005b4       0x7a Sketch.o
                0x000005b4                _Z16FlasheraseSectorm
 .text._Z14FlashpowerDownv
                0x0000062e       0x68 Sketch.o
                0x0000062e                _Z14FlashpowerDownv
 .text._Z12FlashpowerUpv
                0x00000696       0x50 Sketch.o
                0x00000696                _Z12FlashpowerUpv
 .text._Z13eraseChipTestv
                0x000006e6       0x58 Sketch.o
                0x000006e6                _Z13eraseChipTestv
 .text._Z5getIDv
                0x0000073e      0x1b2 Sketch.o
                0x0000073e                _Z5getIDv
 .text._Z11my_delay_msi
                0x000008f0       0x18 Sketch.o
                0x000008f0                _Z11my_delay_msi
 .text._Z6Buzzerhm
                0x00000908       0x52 Sketch.o
                0x00000908                _Z6Buzzerhm
 .text._Z10leggiRighev
                0x0000095a       0x34 Sketch.o
                0x0000095a                _Z10leggiRighev
 .text._Z12leggiColonnev
                0x0000098e       0x34 Sketch.o
                0x0000098e                _Z12leggiColonnev
 .text._Z17leggi_IP_REGISTERv
                0x000009c2       0x2a Sketch.o
                0x000009c2                _Z17leggi_IP_REGISTERv
 .text._Z17leggi_OP_REGISTERv
                0x000009ec       0x2a Sketch.o
                0x000009ec                _Z17leggi_OP_REGISTERv
 .text._Z10displayLCDP6Stringii
                0x00000a16      0x140 Sketch.o
                0x00000a16                _Z10displayLCDP6Stringii
 .text._Z11avanzaStatom
                0x00000b56       0x3c Sketch.o
                0x00000b56                _Z11avanzaStatom
 .text._Z14leggiTAG_Mezzob
                0x00000b92      0x1c6 Sketch.o
                0x00000b92                _Z14leggiTAG_Mezzob
 .text._Z14GetCodeRfidATev
                0x00000d58       0xcc Sketch.o
                0x00000d58                _Z14GetCodeRfidATev
 .text._Z15abilitaPulsantiv
                0x00000e24       0x14 Sketch.o
                0x00000e24                _Z15abilitaPulsantiv
 .text._Z22abilitaContattiPistolav
                0x00000e38        0x6 Sketch.o
                0x00000e38                _Z22abilitaContattiPistolav
 .text._Z13abilitaPulserc
                0x00000e3e       0x1c Sketch.o
                0x00000e3e                _Z13abilitaPulserc
 .text._Z14impulsiToLitrii
                0x00000e5a       0x56 Sketch.o
                0x00000e5a                _Z14impulsiToLitrii
 .text._Z18Rele_Abilitazione1ii
                0x00000eb0       0x76 Sketch.o
                0x00000eb0                _Z18Rele_Abilitazione1ii
 .text._Z18Rele_Abilitazione2ii
                0x00000f26       0x88 Sketch.o
                0x00000f26                _Z18Rele_Abilitazione2ii
 .text._Z12Control_WIFIi
                0x00000fae       0x26 Sketch.o
                0x00000fae                _Z12Control_WIFIi
 .text._Z32CompletoRifornimentoPerInvioDatii
                0x00000fd4       0x42 Sketch.o
                0x00000fd4                _Z32CompletoRifornimentoPerInvioDatii
 .text.__vector_4
                0x00001016       0x48 Sketch.o
                0x00001016                __vector_4
 .text.__vector_7
                0x0000105e      0x162 Sketch.o
                0x0000105e                __vector_7
 .text._ZN8SPIFlash6_writeI10ErogazioniEEbmRKT_mbh
                0x000011c0      0x2ee Sketch.o
                0x000011c0                _ZN8SPIFlash6_writeI10ErogazioniEEbmRKT_mbh
 .text._Z15erogazioniSaverm6Stringh
                0x000014ae       0xea Sketch.o
                0x000014ae                _Z15erogazioniSaverm6Stringh
 .text.startup._GLOBAL__sub_I_intConsecutivePresses
                0x00001598      0x1ec Sketch.o
 .text.exit._GLOBAL__sub_D_intConsecutivePresses
                0x00001784       0xbe Sketch.o
 .text._Z19InizializzaEthernetv
                0x00001842      0x12c Sketch.o
                0x00001842                _Z19InizializzaEthernetv
 .text.setup    0x0000196e      0x45e Sketch.o
                0x0000196e                setup
 .text._Z23getTastoPremuto_x_targav
                0x00001dcc      0x424 Sketch.o
                0x00001dcc                _Z23getTastoPremuto_x_targav
 .text._Z6Azzerav
                0x000021f0      0x130 Sketch.o
                0x000021f0                _Z6Azzerav
 .text._Z17InviaRifornimentoiiPci6String
                0x00002320      0x104 Sketch.o
                0x00002320                _Z17InviaRifornimentoiiPci6String
 .text.loop     0x00002424      0x9fe Sketch.o
                0x00002424                loop
 .text._ZN8SPIClass16beginTransactionE11SPISettings
                0x00002e22       0x34 src/libraries/Adafruit-PN532/Adafruit_PN532.o
                0x00002e22                _ZN8SPIClass16beginTransactionE11SPISettings
 .text._ZN8SPIClass14endTransactionEv
                0x00002e56       0x22 src/libraries/Adafruit-PN532/Adafruit_PN532.o
                0x00002e56                _ZN8SPIClass14endTransactionEv
 .text._ZN14Adafruit_PN532C2Ehh
                0x00002e78       0x2a src/libraries/Adafruit-PN532/Adafruit_PN532.o
                0x00002e78                _ZN14Adafruit_PN532C2Ehh
                0x00002e78                _ZN14Adafruit_PN532C1Ehh
 .text._ZN14Adafruit_PN53210GetHexCodeEPKhm
                0x00002ea2      0x110 src/libraries/Adafruit-PN532/Adafruit_PN532.o
                0x00002ea2                _ZN14Adafruit_PN53210GetHexCodeEPKhm
 .text._ZN14Adafruit_PN5329spi_writeEh
                0x00002fb2       0x7e src/libraries/Adafruit-PN532/Adafruit_PN532.o
                0x00002fb2                _ZN14Adafruit_PN5329spi_writeEh
 .text._ZN14Adafruit_PN5328spi_readEv
                0x00003030       0x82 src/libraries/Adafruit-PN532/Adafruit_PN532.o
                0x00003030                _ZN14Adafruit_PN5328spi_readEv
 .text._ZN14Adafruit_PN5327isreadyEv
                0x000030b2       0x66 src/libraries/Adafruit-PN532/Adafruit_PN532.o
                0x000030b2                _ZN14Adafruit_PN5327isreadyEv
 .text._ZN14Adafruit_PN5329waitreadyEj
                0x00003118       0x5c src/libraries/Adafruit-PN532/Adafruit_PN532.o
                0x00003118                _ZN14Adafruit_PN5329waitreadyEj
 .text._ZN14Adafruit_PN5328readdataEPhh
                0x00003174       0xe2 src/libraries/Adafruit-PN532/Adafruit_PN532.o
                0x00003174                _ZN14Adafruit_PN5328readdataEPhh
 .text._ZN14Adafruit_PN5327readackEv
                0x00003256       0x44 src/libraries/Adafruit-PN532/Adafruit_PN532.o
                0x00003256                _ZN14Adafruit_PN5327readackEv
 .text._ZL8i2c_sendh
                0x0000329a        0xa src/libraries/Adafruit-PN532/Adafruit_PN532.o
 .text._ZN14Adafruit_PN53212writecommandEPhh
                0x000032a4      0x16c src/libraries/Adafruit-PN532/Adafruit_PN532.o
                0x000032a4                _ZN14Adafruit_PN53212writecommandEPhh
 .text._ZN14Adafruit_PN53219sendCommandCheckAckEPhhj
                0x00003410       0x42 src/libraries/Adafruit-PN532/Adafruit_PN532.o
                0x00003410                _ZN14Adafruit_PN53219sendCommandCheckAckEPhhj
 .text._ZN14Adafruit_PN5325beginEv
                0x00003452       0x9a src/libraries/Adafruit-PN532/Adafruit_PN532.o
                0x00003452                _ZN14Adafruit_PN5325beginEv
 .text._ZN14Adafruit_PN53218getFirmwareVersionEv
                0x000034ec       0x90 src/libraries/Adafruit-PN532/Adafruit_PN532.o
                0x000034ec                _ZN14Adafruit_PN53218getFirmwareVersionEv
 .text._ZN14Adafruit_PN5329SAMConfigEv
                0x0000357c       0x5c src/libraries/Adafruit-PN532/Adafruit_PN532.o
                0x0000357c                _ZN14Adafruit_PN5329SAMConfigEv
 .text._ZN14Adafruit_PN53227setPassiveActivationRetriesEh
                0x000035d8       0x20 src/libraries/Adafruit-PN532/Adafruit_PN532.o
                0x000035d8                _ZN14Adafruit_PN53227setPassiveActivationRetriesEh
 .text._ZN14Adafruit_PN53219readPassiveTargetIDEhPhS0_j
                0x000035f8       0xa8 src/libraries/Adafruit-PN532/Adafruit_PN532.o
                0x000035f8                _ZN14Adafruit_PN53219readPassiveTargetIDEhPhS0_j
 .text._ZN14Adafruit_PN53231mifareclassic_AuthenticateBlockEPhhmhS0_
                0x000036a0       0xc0 src/libraries/Adafruit-PN532/Adafruit_PN532.o
                0x000036a0                _ZN14Adafruit_PN53231mifareclassic_AuthenticateBlockEPhhmhS0_
 .text._ZN14Adafruit_PN53227mifareclassic_ReadDataBlockEhPh
                0x00003760       0x66 src/libraries/Adafruit-PN532/Adafruit_PN532.o
                0x00003760                _ZN14Adafruit_PN53227mifareclassic_ReadDataBlockEhPh
 .text._ZN14Adafruit_PN53228mifareclassic_WriteDataBlockEhPh
                0x000037c6       0x60 src/libraries/Adafruit-PN532/Adafruit_PN532.o
                0x000037c6                _ZN14Adafruit_PN53228mifareclassic_WriteDataBlockEhPh
 .text._ZL9date2daysjhh
                0x00003826       0x64 src/libraries/DS3231M/src/DS3231M.o
 .text._ZL6conv2dPKc
                0x0000388a       0x1a src/libraries/DS3231M/src/DS3231M.o
 .text._ZN8DateTimeC2Em
                0x000038a4       0xf2 src/libraries/DS3231M/src/DS3231M.o
                0x000038a4                _ZN8DateTimeC2Em
                0x000038a4                _ZN8DateTimeC1Em
 .text._ZN8DateTimeC2EPK19__FlashStringHelperS2_
                0x00003996       0xea src/libraries/DS3231M/src/DS3231M.o
                0x00003996                _ZN8DateTimeC2EPK19__FlashStringHelperS2_
                0x00003996                _ZN8DateTimeC1EPK19__FlashStringHelperS2_
 .text._ZNK8DateTime12dayOfTheWeekEv
                0x00003a80       0x18 src/libraries/DS3231M/src/DS3231M.o
                0x00003a80                _ZNK8DateTime12dayOfTheWeekEv
 .text._ZNK8DateTime8unixtimeEv
                0x00003a98       0x7a src/libraries/DS3231M/src/DS3231M.o
                0x00003a98                _ZNK8DateTime8unixtimeEv
 .text._ZNK8DateTime11secondstimeEv
                0x00003b12       0x6a src/libraries/DS3231M/src/DS3231M.o
                0x00003b12                _ZNK8DateTime11secondstimeEv
 .text._ZN13DS3231M_ClassC2Ev
                0x00003b7c        0xe src/libraries/DS3231M/src/DS3231M.o
                0x00003b7c                _ZN13DS3231M_ClassC2Ev
                0x00003b7c                _ZN13DS3231M_ClassC1Ev
 .text._ZN13DS3231M_ClassD2Ev
                0x00003b8a        0x2 src/libraries/DS3231M/src/DS3231M.o
                0x00003b8a                _ZN13DS3231M_ClassD2Ev
                0x00003b8a                _ZN13DS3231M_ClassD1Ev
 .text._ZN13DS3231M_Class9writeByteEhh
                0x00003b8c       0x40 src/libraries/DS3231M/src/DS3231M.o
                0x00003b8c                _ZN13DS3231M_Class9writeByteEhh
 .text._ZN13DS3231M_Class8readByteEh
                0x00003bcc       0x44 src/libraries/DS3231M/src/DS3231M.o
                0x00003bcc                _ZN13DS3231M_Class8readByteEh
 .text._ZN13DS3231M_Class5beginEm
                0x00003c10       0x60 src/libraries/DS3231M/src/DS3231M.o
                0x00003c10                _ZN13DS3231M_Class5beginEm
 .text._ZN13DS3231M_Class3nowEv
                0x00003c70      0x140 src/libraries/DS3231M/src/DS3231M.o
                0x00003c70                _ZN13DS3231M_Class3nowEv
 .text._ZN13DS3231M_Class6adjustERK8DateTime
                0x00003db0      0x11c src/libraries/DS3231M/src/DS3231M.o
                0x00003db0                _ZN13DS3231M_Class6adjustERK8DateTime
 .text._ZN13DS3231M_Class6adjustEv
                0x00003ecc       0x42 src/libraries/DS3231M/src/DS3231M.o
                0x00003ecc                _ZN13DS3231M_Class6adjustEv
 .text.startup._GLOBAL__sub_I__ZN9DhcpClass13beginWithDHCPEPhmm
                0x00003f0e       0x16 src/libraries/Ethernet2/src/Dhcp.o
 .text._ZN9DNSClient5beginERK9IPAddress
                0x00003f24       0x1a src/libraries/Ethernet2/src/Dns.o
                0x00003f24                _ZN9DNSClient5beginERK9IPAddress
 .text._ZN9DNSClient9inet_atonEPKcR9IPAddress
                0x00003f3e       0x80 src/libraries/Ethernet2/src/Dns.o
                0x00003f3e                _ZN9DNSClient9inet_atonEPKcR9IPAddress
 .text.startup._GLOBAL__sub_I__ZN9DNSClient5beginERK9IPAddress
                0x00003fbe       0x16 src/libraries/Ethernet2/src/Dns.o
 .text._ZN9DNSClient12BuildRequestEPKc
                0x00003fd4      0x142 src/libraries/Ethernet2/src/Dns.o
                0x00003fd4                _ZN9DNSClient12BuildRequestEPKc
 .text._ZN9DNSClient15ProcessResponseEjR9IPAddress
                0x00004116      0x2c2 src/libraries/Ethernet2/src/Dns.o
                0x00004116                _ZN9DNSClient15ProcessResponseEjR9IPAddress
 .text._ZN9DNSClient13getHostByNameEPKcR9IPAddress
                0x000043d8      0x112 src/libraries/Ethernet2/src/Dns.o
                0x000043d8                _ZN9DNSClient13getHostByNameEPKcR9IPAddress
 .text._ZN10W5500Class8writeGAREPh
                0x000044ea        0xe src/libraries/Ethernet2/src/Ethernet2.o
                0x000044ea                _ZN10W5500Class8writeGAREPh
 .text._ZN10W5500Class9writeSUBREPh
                0x000044f8        0xe src/libraries/Ethernet2/src/Ethernet2.o
                0x000044f8                _ZN10W5500Class9writeSUBREPh
 .text._ZN10W5500Class9writeSHAREPh
                0x00004506        0xe src/libraries/Ethernet2/src/Ethernet2.o
                0x00004506                _ZN10W5500Class9writeSHAREPh
 .text._ZN10W5500Class9writeSIPREPh
                0x00004514        0xe src/libraries/Ethernet2/src/Ethernet2.o
                0x00004514                _ZN10W5500Class9writeSIPREPh
 .text._ZN13EthernetClass5beginEPh9IPAddressS1_S1_S1_
                0x00004522       0x6c src/libraries/Ethernet2/src/Ethernet2.o
                0x00004522                _ZN13EthernetClass5beginEPh9IPAddressS1_S1_S1_
 .text._ZN13EthernetClass11dnsServerIPEv
                0x0000458e       0x20 src/libraries/Ethernet2/src/Ethernet2.o
                0x0000458e                _ZN13EthernetClass11dnsServerIPEv
 .text.startup._GLOBAL__sub_I__ZN13EthernetClass6_stateE
                0x000045ae       0x2a src/libraries/Ethernet2/src/Ethernet2.o
 .text._ZN5Print17availableForWriteEv
                0x000045d8        0x6 src/libraries/Ethernet2/src/EthernetClient.o
                0x000045d8                _ZN5Print17availableForWriteEv
 .text._ZN5Print5flushEv
                0x000045de        0x2 src/libraries/Ethernet2/src/EthernetClient.o
                0x000045de                _ZN5Print5flushEv
 .text._ZN14EthernetClientneERKS_
                0x000045e0       0x14 src/libraries/Ethernet2/src/EthernetClient.o
                0x000045e0                _ZN14EthernetClientneERKS_
 .text._ZN14EthernetClient5writeEh
                0x000045f4       0x2c src/libraries/Ethernet2/src/EthernetClient.o
                0x000045f4                _ZN14EthernetClient5writeEh
 .text._ZN14EthernetClientcvbEv
                0x00004620       0x10 src/libraries/Ethernet2/src/EthernetClient.o
                0x00004620                _ZN14EthernetClientcvbEv
 .text._ZN14EthernetClienteqERKS_
                0x00004630       0x16 src/libraries/Ethernet2/src/EthernetClient.o
                0x00004630                _ZN14EthernetClienteqERKS_
 .text._ZN14EthernetClient7connectEPKcj
                0x00004646       0xb4 src/libraries/Ethernet2/src/EthernetClient.o
                0x00004646                _ZN14EthernetClient7connectEPKcj
 .text._ZN14EthernetClient5writeEPKhj
                0x000046fa       0x3a src/libraries/Ethernet2/src/EthernetClient.o
                0x000046fa                _ZN14EthernetClient5writeEPKhj
 .text._ZN14EthernetClient9availableEv
                0x00004734       0x14 src/libraries/Ethernet2/src/EthernetClient.o
                0x00004734                _ZN14EthernetClient9availableEv
 .text._ZN14EthernetClient4readEv
                0x00004748       0x32 src/libraries/Ethernet2/src/EthernetClient.o
                0x00004748                _ZN14EthernetClient4readEv
 .text._ZN14EthernetClient4readEPhj
                0x0000477a        0x6 src/libraries/Ethernet2/src/EthernetClient.o
                0x0000477a                _ZN14EthernetClient4readEPhj
 .text._ZN14EthernetClient4peekEv
                0x00004780       0x44 src/libraries/Ethernet2/src/EthernetClient.o
                0x00004780                _ZN14EthernetClient4peekEv
 .text._ZN14EthernetClient5flushEv
                0x000047c4        0x6 src/libraries/Ethernet2/src/EthernetClient.o
                0x000047c4                _ZN14EthernetClient5flushEv
 .text._ZN14EthernetClientC2Ev
                0x000047ca       0x24 src/libraries/Ethernet2/src/EthernetClient.o
                0x000047ca                _ZN14EthernetClientC2Ev
                0x000047ca                _ZN14EthernetClientC1Ev
 .text._ZN14EthernetClientC2Eh
                0x000047ee       0x22 src/libraries/Ethernet2/src/EthernetClient.o
                0x000047ee                _ZN14EthernetClientC1Eh
                0x000047ee                _ZN14EthernetClientC2Eh
 .text._ZN14EthernetClient6statusEv
                0x00004810       0x1a src/libraries/Ethernet2/src/EthernetClient.o
                0x00004810                _ZN14EthernetClient6statusEv
 .text._ZN14EthernetClient9connectedEv
                0x0000482a       0x46 src/libraries/Ethernet2/src/EthernetClient.o
                0x0000482a                _ZN14EthernetClient9connectedEv
 .text._ZN14EthernetClient4stopEv
                0x00004870       0x7c src/libraries/Ethernet2/src/EthernetClient.o
                0x00004870                _ZN14EthernetClient4stopEv
 .text._ZN14EthernetClient7connectE9IPAddressj
                0x000048ec       0xba src/libraries/Ethernet2/src/EthernetClient.o
                0x000048ec                _ZN14EthernetClient7connectE9IPAddressj
 .text.startup._GLOBAL__sub_I__ZN14EthernetClient8_srcportE
                0x000049a6       0x16 src/libraries/Ethernet2/src/EthernetClient.o
 .text._ZN14EthernetServer5writeEh
                0x000049bc       0x2c src/libraries/Ethernet2/src/EthernetServer.o
                0x000049bc                _ZN14EthernetServer5writeEh
 .text._ZN14EthernetServer5beginEv
                0x000049e8       0x80 src/libraries/Ethernet2/src/EthernetServer.o
                0x000049e8                _ZN14EthernetServer5beginEv
 .text._ZN14EthernetServerC2Ej
                0x00004a68       0x14 src/libraries/Ethernet2/src/EthernetServer.o
                0x00004a68                _ZN14EthernetServerC1Ej
                0x00004a68                _ZN14EthernetServerC2Ej
 .text._ZN14EthernetServer6acceptEv
                0x00004a7c       0xb8 src/libraries/Ethernet2/src/EthernetServer.o
                0x00004a7c                _ZN14EthernetServer6acceptEv
 .text._ZN14EthernetServer5writeEPKhj
                0x00004b34       0xa8 src/libraries/Ethernet2/src/EthernetServer.o
                0x00004b34                _ZN14EthernetServer5writeEPKhj
 .text.startup._GLOBAL__sub_I__ZN14EthernetServerC2Ej
                0x00004bdc       0x16 src/libraries/Ethernet2/src/EthernetServer.o
 .text._ZN3UDP14beginMulticastE9IPAddressj
                0x00004bf2        0x4 src/libraries/Ethernet2/src/EthernetUdp2.o
                0x00004bf2                _ZN3UDP14beginMulticastE9IPAddressj
 .text._ZN11EthernetUDP4readEPcj
                0x00004bf6        0xe src/libraries/Ethernet2/src/EthernetUdp2.o
                0x00004bf6                _ZN11EthernetUDP4readEPcj
 .text._ZN11EthernetUDP8remoteIPEv
                0x00004c04       0x20 src/libraries/Ethernet2/src/EthernetUdp2.o
                0x00004c04                _ZN11EthernetUDP8remoteIPEv
 .text._ZN11EthernetUDP10remotePortEv
                0x00004c24        0x8 src/libraries/Ethernet2/src/EthernetUdp2.o
                0x00004c24                _ZN11EthernetUDP10remotePortEv
 .text._ZN11EthernetUDP9availableEv
                0x00004c2c        0x8 src/libraries/Ethernet2/src/EthernetUdp2.o
                0x00004c2c                _ZN11EthernetUDP9availableEv
 .text._ZN11EthernetUDP5writeEh
                0x00004c34       0x2c src/libraries/Ethernet2/src/EthernetUdp2.o
                0x00004c34                _ZN11EthernetUDP5writeEh
 .text._ZN11EthernetUDP5flushEv
                0x00004c60       0x24 src/libraries/Ethernet2/src/EthernetUdp2.o
                0x00004c60                _ZN11EthernetUDP5flushEv
 .text._ZN11EthernetUDP4stopEv
                0x00004c84       0x28 src/libraries/Ethernet2/src/EthernetUdp2.o
                0x00004c84                _ZN11EthernetUDP4stopEv
 .text._ZN11EthernetUDP11beginPacketE9IPAddressj
                0x00004cac        0xe src/libraries/Ethernet2/src/EthernetUdp2.o
                0x00004cac                _ZN11EthernetUDP11beginPacketE9IPAddressj
 .text._ZN11EthernetUDP9endPacketEv
                0x00004cba        0x6 src/libraries/Ethernet2/src/EthernetUdp2.o
                0x00004cba                _ZN11EthernetUDP9endPacketEv
 .text._ZN11EthernetUDP5writeEPKhj
                0x00004cc0       0x26 src/libraries/Ethernet2/src/EthernetUdp2.o
                0x00004cc0                _ZN11EthernetUDP5writeEPKhj
 .text._ZN11EthernetUDP4readEv
                0x00004ce6       0x50 src/libraries/Ethernet2/src/EthernetUdp2.o
                0x00004ce6                _ZN11EthernetUDP4readEv
 .text._ZN11EthernetUDP4readEPhj
                0x00004d36       0x3c src/libraries/Ethernet2/src/EthernetUdp2.o
                0x00004d36                _ZN11EthernetUDP4readEPhj
 .text._ZN11EthernetUDP4peekEv
                0x00004d72       0x30 src/libraries/Ethernet2/src/EthernetUdp2.o
                0x00004d72                _ZN11EthernetUDP4peekEv
 .text._ZN11EthernetUDP5beginEj
                0x00004da2       0x62 src/libraries/Ethernet2/src/EthernetUdp2.o
                0x00004da2                _ZN11EthernetUDP5beginEj
 .text._ZN11EthernetUDP11parsePacketEv
                0x00004e04       0x9e src/libraries/Ethernet2/src/EthernetUdp2.o
                0x00004e04                _ZN11EthernetUDP11parsePacketEv
 .text._ZN11EthernetUDPC2Ev
                0x00004ea2       0x2a src/libraries/Ethernet2/src/EthernetUdp2.o
                0x00004ea2                _ZN11EthernetUDPC1Ev
                0x00004ea2                _ZN11EthernetUDPC2Ev
 .text._ZN11EthernetUDP11beginPacketEPKcj
                0x00004ecc       0xb4 src/libraries/Ethernet2/src/EthernetUdp2.o
                0x00004ecc                _ZN11EthernetUDP11beginPacketEPKcj
 .text.startup._GLOBAL__sub_I__ZN11EthernetUDPC2Ev
                0x00004f80       0x16 src/libraries/Ethernet2/src/EthernetUdp2.o
 .text.startup._GLOBAL__sub_I__ZN7TwitterC2EPKc
                0x00004f96       0x16 src/libraries/Ethernet2/src/Twitter.o
 .text._ZN10W5500Class11writeSnDIPREhPh
                0x00004fac       0x16 src/libraries/Ethernet2/src/utility/socket.o
                0x00004fac                _ZN10W5500Class11writeSnDIPREhPh
 .text._ZN10W5500Class6readSnEhj
                0x00004fc2       0x10 src/libraries/Ethernet2/src/utility/socket.o
                0x00004fc2                _ZN10W5500Class6readSnEhj
 .text._ZN10W5500Class8readSnIREh
                0x00004fd2        0x6 src/libraries/Ethernet2/src/utility/socket.o
                0x00004fd2                _ZN10W5500Class8readSnIREh
 .text._ZN10W5500Class7writeSnEhjh
                0x00004fd8       0x10 src/libraries/Ethernet2/src/utility/socket.o
                0x00004fd8                _ZN10W5500Class7writeSnEhjh
 .text._ZN10W5500Class11writeSnPORTEhj
                0x00004fe8       0x1e src/libraries/Ethernet2/src/utility/socket.o
                0x00004fe8                _ZN10W5500Class11writeSnPORTEhj
 .text._ZN10W5500Class9writeSnIREhh
                0x00005006        0x8 src/libraries/Ethernet2/src/utility/socket.o
                0x00005006                _ZN10W5500Class9writeSnIREhh
 .text._ZN10W5500Class12writeSnDPORTEhj
                0x0000500e       0x1e src/libraries/Ethernet2/src/utility/socket.o
                0x0000500e                _ZN10W5500Class12writeSnDPORTEhj
 .text._Z5closeh
                0x0000502c       0x16 src/libraries/Ethernet2/src/utility/socket.o
                0x0000502c                _Z5closeh
 .text._Z6sockethhjh
                0x00005042       0x66 src/libraries/Ethernet2/src/utility/socket.o
                0x00005042                _Z6sockethhjh
 .text._Z6listenh
                0x000050a8       0x22 src/libraries/Ethernet2/src/utility/socket.o
                0x000050a8                _Z6listenh
 .text._Z7connecthPhj
                0x000050ca       0x66 src/libraries/Ethernet2/src/utility/socket.o
                0x000050ca                _Z7connecthPhj
 .text._Z10disconnecth
                0x00005130        0xa src/libraries/Ethernet2/src/utility/socket.o
                0x00005130                _Z10disconnecth
 .text._Z4sendhPKhj
                0x0000513a       0x90 src/libraries/Ethernet2/src/utility/socket.o
                0x0000513a                _Z4sendhPKhj
 .text._Z4recvhPhi
                0x000051ca       0x82 src/libraries/Ethernet2/src/utility/socket.o
                0x000051ca                _Z4recvhPhi
 .text._Z4peekhPh
                0x0000524c       0x1a src/libraries/Ethernet2/src/utility/socket.o
                0x0000524c                _Z4peekhPh
 .text._Z5flushh
                0x00005266        0x2 src/libraries/Ethernet2/src/utility/socket.o
                0x00005266                _Z5flushh
 .text._Z10bufferDatahjPKhj
                0x00005268       0x56 src/libraries/Ethernet2/src/utility/socket.o
                0x00005268                _Z10bufferDatahjPKhj
 .text._Z8startUDPhPhj
                0x000052be       0x46 src/libraries/Ethernet2/src/utility/socket.o
                0x000052be                _Z8startUDPhPhj
 .text._Z7sendUDPh
                0x00005304       0x38 src/libraries/Ethernet2/src/utility/socket.o
                0x00005304                _Z7sendUDPh
 .text._ZN8SPIClass8transferEh
                0x0000533c        0xe src/libraries/Ethernet2/src/utility/w5500.o
                0x0000533c                _ZN8SPIClass8transferEh
 .text._ZN10W5500Class5setSSEv
                0x0000534a        0x4 src/libraries/Ethernet2/src/utility/w5500.o
                0x0000534a                _ZN10W5500Class5setSSEv
 .text._ZN10W5500Class7resetSSEv
                0x0000534e        0x4 src/libraries/Ethernet2/src/utility/w5500.o
                0x0000534e                _ZN10W5500Class7resetSSEv
 .text._ZN10W5500Class5writeEjhh
                0x00005352       0x40 src/libraries/Ethernet2/src/utility/w5500.o
                0x00005352                _ZN10W5500Class5writeEjhh
 .text._ZN10W5500Class5writeEjhPKhj
                0x00005392       0x5c src/libraries/Ethernet2/src/utility/w5500.o
                0x00005392                _ZN10W5500Class5writeEjhPKhj
 .text._ZN10W5500Class4readEjh
                0x000053ee       0x3c src/libraries/Ethernet2/src/utility/w5500.o
                0x000053ee                _ZN10W5500Class4readEjh
 .text._ZN10W5500Class4initEh
                0x0000542a       0x5a src/libraries/Ethernet2/src/utility/w5500.o
                0x0000542a                _ZN10W5500Class4initEh
 .text._ZN10W5500Class12readSnTX_FSREh
                0x00005484       0x2e src/libraries/Ethernet2/src/utility/w5500.o
                0x00005484                _ZN10W5500Class12readSnTX_FSREh
 .text._ZN10W5500Class13getTXFreeSizeEh
                0x000054b2       0x34 src/libraries/Ethernet2/src/utility/w5500.o
                0x000054b2                _ZN10W5500Class13getTXFreeSizeEh
 .text._ZN10W5500Class12readSnRX_RSREh
                0x000054e6       0x2e src/libraries/Ethernet2/src/utility/w5500.o
                0x000054e6                _ZN10W5500Class12readSnRX_RSREh
 .text._ZN10W5500Class17getRXReceivedSizeEh
                0x00005514       0x34 src/libraries/Ethernet2/src/utility/w5500.o
                0x00005514                _ZN10W5500Class17getRXReceivedSizeEh
 .text._ZN10W5500Class27send_data_processing_offsetEhjPKhj
                0x00005548       0x74 src/libraries/Ethernet2/src/utility/w5500.o
                0x00005548                _ZN10W5500Class27send_data_processing_offsetEhjPKhj
 .text._ZN10W5500Class20send_data_processingEhPKhj
                0x000055bc       0x14 src/libraries/Ethernet2/src/utility/w5500.o
                0x000055bc                _ZN10W5500Class20send_data_processingEhPKhj
 .text._ZN10W5500Class4readEjhPhj
                0x000055d0       0x5e src/libraries/Ethernet2/src/utility/w5500.o
                0x000055d0                _ZN10W5500Class4readEjhPhj
 .text._ZN10W5500Class9read_dataEhjPVhj
                0x0000562e       0x30 src/libraries/Ethernet2/src/utility/w5500.o
                0x0000562e                _ZN10W5500Class9read_dataEhjPVhj
 .text._ZN10W5500Class20recv_data_processingEhPhjh
                0x0000565e       0x9a src/libraries/Ethernet2/src/utility/w5500.o
                0x0000565e                _ZN10W5500Class20recv_data_processingEhPhjh
 .text._ZN10W5500Class9execCmdSnEh7SockCMD
                0x000056f8       0x1c src/libraries/Ethernet2/src/utility/w5500.o
                0x000056f8                _ZN10W5500Class9execCmdSnEh7SockCMD
 .text.startup._GLOBAL__sub_I_w5500
                0x00005714        0xe src/libraries/Ethernet2/src/utility/w5500.o
 .text._ZN5I2CIOC2Ev
                0x00005722        0xe src/libraries/LiquidCrystal/src/I2CIO.o
                0x00005722                _ZN5I2CIOC2Ev
                0x00005722                _ZN5I2CIOC1Ev
 .text._ZN5I2CIO8portModeEh
                0x00005730       0x16 src/libraries/LiquidCrystal/src/I2CIO.o
                0x00005730                _ZN5I2CIO8portModeEh
 .text._ZN5I2CIO11isAvailableEh
                0x00005746       0x1a src/libraries/LiquidCrystal/src/I2CIO.o
                0x00005746                _ZN5I2CIO11isAvailableEh
 .text._ZN5I2CIO5beginEh
                0x00005760       0x30 src/libraries/LiquidCrystal/src/I2CIO.o
                0x00005760                _ZN5I2CIO5beginEh
 .text._ZN5I2CIO5writeEh
                0x00005790       0x4e src/libraries/LiquidCrystal/src/I2CIO.o
                0x00005790                _ZN5I2CIO5writeEh
 .text._ZN3LCD15setBacklightPinEh13t_backlighPol
                0x000057de        0x2 src/libraries/LiquidCrystal/src/LCD.o
                0x000057de                _ZN3LCD15setBacklightPinEh13t_backlighPol
 .text._ZN3LCD12setBacklightEh
                0x000057e0        0x2 src/libraries/LiquidCrystal/src/LCD.o
                0x000057e0                _ZN3LCD12setBacklightEh
 .text._ZN3LCD5writeEh
                0x000057e2       0x16 src/libraries/LiquidCrystal/src/LCD.o
                0x000057e2                _ZN3LCD5writeEh
 .text._ZN3LCDC2Ev
                0x000057f8       0x10 src/libraries/LiquidCrystal/src/LCD.o
                0x000057f8                _ZN3LCDC1Ev
                0x000057f8                _ZN3LCDC2Ev
 .text._ZN3LCD9backlightEv
                0x00005808       0x10 src/libraries/LiquidCrystal/src/LCD.o
                0x00005808                _ZN3LCD9backlightEv
 .text._ZN3LCD11noBacklightEv
                0x00005818       0x10 src/libraries/LiquidCrystal/src/LCD.o
                0x00005818                _ZN3LCD11noBacklightEv
 .text._ZN3LCD7commandEh
                0x00005828       0x10 src/libraries/LiquidCrystal/src/LCD.o
                0x00005828                _ZN3LCD7commandEh
 .text._ZN3LCD5clearEv
                0x00005838        0xc src/libraries/LiquidCrystal/src/LCD.o
                0x00005838                _ZN3LCD5clearEv
 .text._ZN3LCD9setCursorEhh
                0x00005844       0x84 src/libraries/LiquidCrystal/src/LCD.o
                0x00005844                _ZN3LCD9setCursorEhh
 .text._ZN3LCD9noDisplayEv
                0x000058c8        0xc src/libraries/LiquidCrystal/src/LCD.o
                0x000058c8                _ZN3LCD9noDisplayEv
 .text._ZN3LCD7displayEv
                0x000058d4        0xe src/libraries/LiquidCrystal/src/LCD.o
                0x000058d4                _ZN3LCD7displayEv
 .text._ZN3LCD5beginEhhh
                0x000058e2       0xf2 src/libraries/LiquidCrystal/src/LCD.o
                0x000058e2                _ZN3LCD5beginEhhh
 .text._ZN3LCD10createCharEhPh
                0x000059d4       0x5e src/libraries/LiquidCrystal/src/LCD.o
                0x000059d4                _ZN3LCD10createCharEhPh
 .text._ZN17LiquidCrystal_I2C15setBacklightPinEh13t_backlighPol
                0x00005a32       0x26 src/libraries/LiquidCrystal/src/LiquidCrystal_I2C.o
                0x00005a32                _ZN17LiquidCrystal_I2C15setBacklightPinEh13t_backlighPol
 .text._ZN17LiquidCrystal_I2C12setBacklightEh
                0x00005a58       0x2c src/libraries/LiquidCrystal/src/LiquidCrystal_I2C.o
                0x00005a58                _ZN17LiquidCrystal_I2C12setBacklightEh
 .text._ZN17LiquidCrystal_I2C4initEv
                0x00005a84       0x3e src/libraries/LiquidCrystal/src/LiquidCrystal_I2C.o
                0x00005a84                _ZN17LiquidCrystal_I2C4initEv
 .text._ZN17LiquidCrystal_I2C6configEhhhhhhhh
                0x00005ac2       0x80 src/libraries/LiquidCrystal/src/LiquidCrystal_I2C.o
                0x00005ac2                _ZN17LiquidCrystal_I2C6configEhhhhhhhh
 .text._ZN17LiquidCrystal_I2CC2Ehhhhhhhhh13t_backlighPol
                0x00005b42       0x6c src/libraries/LiquidCrystal/src/LiquidCrystal_I2C.o
                0x00005b42                _ZN17LiquidCrystal_I2CC1Ehhhhhhhhh13t_backlighPol
                0x00005b42                _ZN17LiquidCrystal_I2CC2Ehhhhhhhhh13t_backlighPol
 .text._ZN17LiquidCrystal_I2C11pulseEnableEh
                0x00005bae       0x36 src/libraries/LiquidCrystal/src/LiquidCrystal_I2C.o
                0x00005bae                _ZN17LiquidCrystal_I2C11pulseEnableEh
 .text._ZN17LiquidCrystal_I2C10write4bitsEhh
                0x00005be4       0x30 src/libraries/LiquidCrystal/src/LiquidCrystal_I2C.o
                0x00005be4                _ZN17LiquidCrystal_I2C10write4bitsEhh
 .text._ZN17LiquidCrystal_I2C4sendEhh
                0x00005c14       0x3a src/libraries/LiquidCrystal/src/LiquidCrystal_I2C.o
                0x00005c14                _ZN17LiquidCrystal_I2C4sendEhh
 .text._ZN17LiquidCrystal_I2C5beginEhhh
                0x00005c4e       0x28 src/libraries/LiquidCrystal/src/LiquidCrystal_I2C.o
                0x00005c4e                _ZN17LiquidCrystal_I2C5beginEhhh
 .text._ZN11Diagnostics15_printErrorCodeEv
                0x00005c76       0x36 src/libraries/SPIMemory/src/diagnostics.o
                0x00005c76                _ZN11Diagnostics15_printErrorCodeEv
 .text._ZN11Diagnostics12troubleshootEhb
                0x00005cac        0xa src/libraries/SPIMemory/src/diagnostics.o
                0x00005cac                _ZN11Diagnostics12troubleshootEhb
 .text._ZN8SPIFlashC2Eh
                0x00005cb6       0xbc src/libraries/SPIMemory/src/SPIFlash.o
                0x00005cb6                _ZN8SPIFlashC1Eh
                0x00005cb6                _ZN8SPIFlashC2Eh
 .text._ZN8SPIFlash5beginEm
                0x00005d72       0x50 src/libraries/SPIMemory/src/SPIFlash.o
                0x00005d72                _ZN8SPIFlash5beginEm
 .text._ZN8SPIFlash5errorEb
                0x00005dc2       0x12 src/libraries/SPIMemory/src/SPIFlash.o
                0x00005dc2                _ZN8SPIFlash5errorEb
 .text._ZN8SPIFlash11getCapacityEv
                0x00005dd4        0xc src/libraries/SPIMemory/src/SPIFlash.o
                0x00005dd4                _ZN8SPIFlash11getCapacityEv
 .text._ZN8SPIFlash10getMaxPageEv
                0x00005de0       0x22 src/libraries/SPIMemory/src/SPIFlash.o
                0x00005de0                _ZN8SPIFlash10getMaxPageEv
 .text._ZN8SPIFlash10getJEDECIDEv
                0x00005e02       0x24 src/libraries/SPIMemory/src/SPIFlash.o
                0x00005e02                _ZN8SPIFlash10getJEDECIDEv
 .text._ZN8SPIFlash11getUniqueIDEv
                0x00005e26       0xea src/libraries/SPIMemory/src/SPIFlash.o
                0x00005e26                _ZN8SPIFlash11getUniqueIDEv
 .text._ZN8SPIFlash11eraseSectorEm
                0x00005f10       0x68 src/libraries/SPIMemory/src/SPIFlash.o
                0x00005f10                _ZN8SPIFlash11eraseSectorEm
 .text._ZN8SPIFlash9eraseChipEv
                0x00005f78       0x54 src/libraries/SPIMemory/src/SPIFlash.o
                0x00005f78                _ZN8SPIFlash9eraseChipEv
 .text._ZN8SPIFlash9powerDownEv
                0x00005fcc       0x54 src/libraries/SPIMemory/src/SPIFlash.o
                0x00005fcc                _ZN8SPIFlash9powerDownEv
 .text._ZN8SPIFlash7powerUpEv
                0x00006020       0x32 src/libraries/SPIMemory/src/SPIFlash.o
                0x00006020                _ZN8SPIFlash7powerUpEv
 .text._ZN8SPIFlash13_addressCheckEmm
                0x00006052       0xaa src/libraries/SPIMemory/src/SPIFlashIO.o
                0x00006052                _ZN8SPIFlash13_addressCheckEmm
 .text._ZN8SPIFlash16_transferAddressEv
                0x000060fc       0x3a src/libraries/SPIMemory/src/SPIFlashIO.o
                0x000060fc                _ZN8SPIFlash16_transferAddressEv
 .text._ZN8SPIFlash12_startSPIBusEv
                0x00006136       0x46 src/libraries/SPIMemory/src/SPIFlashIO.o
                0x00006136                _ZN8SPIFlash12_startSPIBusEv
 .text._ZN8SPIFlash9_beginSPIEh
                0x0000617c       0x66 src/libraries/SPIMemory/src/SPIFlashIO.o
                0x0000617c                _ZN8SPIFlash9_beginSPIEh
 .text._ZN8SPIFlash15_notPrevWrittenEmm
                0x000061e2       0x6a src/libraries/SPIMemory/src/SPIFlashIO.o
                0x000061e2                _ZN8SPIFlash15_notPrevWrittenEmm
 .text._ZN8SPIFlash9_nextByteEch
                0x0000624c        0x4 src/libraries/SPIMemory/src/SPIFlashIO.o
                0x0000624c                _ZN8SPIFlash9_nextByteEch
 .text._ZN8SPIFlash7_endSPIEv
                0x00006250       0x30 src/libraries/SPIMemory/src/SPIFlashIO.o
                0x00006250                _ZN8SPIFlash7_endSPIEv
 .text._ZN8SPIFlash10_readStat1Ev
                0x00006280       0x1a src/libraries/SPIMemory/src/SPIFlashIO.o
                0x00006280                _ZN8SPIFlash10_readStat1Ev
 .text._ZN8SPIFlash18_isChipPoweredDownEv
                0x0000629a       0x1a src/libraries/SPIMemory/src/SPIFlashIO.o
                0x0000629a                _ZN8SPIFlash18_isChipPoweredDownEv
 .text._ZN8SPIFlash8_notBusyEm
                0x000062b4       0x8e src/libraries/SPIMemory/src/SPIFlashIO.o
                0x000062b4                _ZN8SPIFlash8_notBusyEm
 .text._ZN8SPIFlash12_writeEnableEb
                0x00006342       0x36 src/libraries/SPIMemory/src/SPIFlashIO.o
                0x00006342                _ZN8SPIFlash12_writeEnableEb
 .text._ZN8SPIFlash5_prepEhmm
                0x00006378       0xc4 src/libraries/SPIMemory/src/SPIFlashIO.o
                0x00006378                _ZN8SPIFlash5_prepEhmm
 .text._ZN8SPIFlash13_writeDisableEv
                0x0000643c        0xa src/libraries/SPIMemory/src/SPIFlashIO.o
                0x0000643c                _ZN8SPIFlash13_writeDisableEv
 .text._ZN8SPIFlash11_getJedecIdEv
                0x00006446       0x54 src/libraries/SPIMemory/src/SPIFlashIO.o
                0x00006446                _ZN8SPIFlash11_getJedecIdEv
 .text._ZN8SPIFlash26_disableGlobalBlockProtectEv
                0x0000649a       0x78 src/libraries/SPIMemory/src/SPIFlashIO.o
                0x0000649a                _ZN8SPIFlash26_disableGlobalBlockProtectEv
 .text._ZN8SPIFlash7_chipIDEm
                0x00006512      0x1ae src/libraries/SPIMemory/src/SPIFlashIO.o
                0x00006512                _ZN8SPIFlash7_chipIDEm
 .text._ZN8SPIFlash13_troubleshootEhb
                0x000066c0        0x6 src/libraries/SPIMemory/src/SPIFlashIO.o
                0x000066c0                _ZN8SPIFlash13_troubleshootEhb
 .text._ZN8SPIClass5beginEv
                0x000066c6       0x6c src/libraries/SPI/src/SPI.o
                0x000066c6                _ZN8SPIClass5beginEv
 .text.twi_init
                0x00006732       0x3c src/libraries/Wire/src/utility/twi.o
                0x00006732                twi_init
 .text.twi_disable
                0x0000676e       0x1a src/libraries/Wire/src/utility/twi.o
                0x0000676e                twi_disable
 .text.twi_setFrequency
                0x00006788       0x28 src/libraries/Wire/src/utility/twi.o
                0x00006788                twi_setFrequency
 .text.twi_readFrom
                0x000067b0       0x90 src/libraries/Wire/src/utility/twi.o
                0x000067b0                twi_readFrom
 .text.twi_writeTo
                0x00006840       0xac src/libraries/Wire/src/utility/twi.o
                0x00006840                twi_writeTo
 .text.twi_transmit
                0x000068ec       0x50 src/libraries/Wire/src/utility/twi.o
                0x000068ec                twi_transmit
 .text.twi_attachSlaveRxEvent
                0x0000693c        0xa src/libraries/Wire/src/utility/twi.o
                0x0000693c                twi_attachSlaveRxEvent
 .text.twi_attachSlaveTxEvent
                0x00006946        0xa src/libraries/Wire/src/utility/twi.o
                0x00006946                twi_attachSlaveTxEvent
 .text.twi_stop
                0x00006950       0x14 src/libraries/Wire/src/utility/twi.o
                0x00006950                twi_stop
 .text.twi_releaseBus
                0x00006964        0xc src/libraries/Wire/src/utility/twi.o
                0x00006964                twi_releaseBus
 .text.__vector_26
                0x00006970      0x25c src/libraries/Wire/src/utility/twi.o
                0x00006970                __vector_26
 .text._ZN7TwoWire9availableEv
                0x00006bcc       0x10 src/libraries/Wire/src/Wire.o
                0x00006bcc                _ZN7TwoWire9availableEv
 .text._ZN7TwoWire4readEv
                0x00006bdc       0x28 src/libraries/Wire/src/Wire.o
                0x00006bdc                _ZN7TwoWire4readEv
 .text._ZN7TwoWire4peekEv
                0x00006c04       0x1e src/libraries/Wire/src/Wire.o
                0x00006c04                _ZN7TwoWire4peekEv
 .text._ZN7TwoWire5flushEv
                0x00006c22        0x2 src/libraries/Wire/src/Wire.o
                0x00006c22                _ZN7TwoWire5flushEv
 .text._ZN7TwoWire16onReceiveServiceEPhi
                0x00006c24       0x54 src/libraries/Wire/src/Wire.o
                0x00006c24                _ZN7TwoWire16onReceiveServiceEPhi
 .text._ZN7TwoWire16onRequestServiceEv
                0x00006c78       0x18 src/libraries/Wire/src/Wire.o
                0x00006c78                _ZN7TwoWire16onRequestServiceEv
 .text._ZN7TwoWire5writeEPKhj
                0x00006c90       0x58 src/libraries/Wire/src/Wire.o
                0x00006c90                _ZN7TwoWire5writeEPKhj
 .text._ZN7TwoWire5writeEh
                0x00006ce8       0x5c src/libraries/Wire/src/Wire.o
                0x00006ce8                _ZN7TwoWire5writeEh
 .text._ZN7TwoWireC2Ev
                0x00006d44       0x20 src/libraries/Wire/src/Wire.o
                0x00006d44                _ZN7TwoWireC1Ev
                0x00006d44                _ZN7TwoWireC2Ev
 .text._ZN7TwoWire5beginEv
                0x00006d64       0x1e src/libraries/Wire/src/Wire.o
                0x00006d64                _ZN7TwoWire5beginEv
 .text._ZN7TwoWire3endEv
                0x00006d82        0x2 src/libraries/Wire/src/Wire.o
                0x00006d82                _ZN7TwoWire3endEv
 .text._ZN7TwoWire8setClockEm
                0x00006d84        0x6 src/libraries/Wire/src/Wire.o
                0x00006d84                _ZN7TwoWire8setClockEm
 .text._ZN7TwoWire17beginTransmissionEh
                0x00006d8a       0x14 src/libraries/Wire/src/Wire.o
                0x00006d8a                _ZN7TwoWire17beginTransmissionEh
 .text._ZN7TwoWire17beginTransmissionEi
                0x00006d9e        0x2 src/libraries/Wire/src/Wire.o
                0x00006d9e                _ZN7TwoWire17beginTransmissionEi
 .text._ZN7TwoWire15endTransmissionEh
                0x00006da0       0x24 src/libraries/Wire/src/Wire.o
                0x00006da0                _ZN7TwoWire15endTransmissionEh
 .text._ZN7TwoWire11requestFromEhhmhh
                0x00006dc4       0xa2 src/libraries/Wire/src/Wire.o
                0x00006dc4                _ZN7TwoWire11requestFromEhhmhh
 .text._ZN7TwoWire11requestFromEhhh
                0x00006e66       0x1e src/libraries/Wire/src/Wire.o
                0x00006e66                _ZN7TwoWire11requestFromEhhh
 .text._ZN7TwoWire11requestFromEhh
                0x00006e84        0x4 src/libraries/Wire/src/Wire.o
                0x00006e84                _ZN7TwoWire11requestFromEhh
 .text._ZN7TwoWire11requestFromEii
                0x00006e88        0x4 src/libraries/Wire/src/Wire.o
                0x00006e88                _ZN7TwoWire11requestFromEii
 .text._ZN7TwoWire15endTransmissionEv
                0x00006e8c        0x4 src/libraries/Wire/src/Wire.o
                0x00006e8c                _ZN7TwoWire15endTransmissionEv
 .text.startup._GLOBAL__sub_I__ZN7TwoWire8rxBufferE
                0x00006e90        0x6 src/libraries/Wire/src/Wire.o
 .text.avr-libc.fplib
                0x00006e96        0x8 c:/program files (x86)/atmel/studio/7.0/toolchain/avr8/avr8-gnu-toolchain/bin/../lib/gcc/avr/5.4.0/../../../../avr/lib/avr51\libm.a(cmpsf2.o)
                0x00006e96                __nesf2
                0x00006e96                __eqsf2
                0x00006e96                __cmpsf2
                0x00006e96                __ltsf2
                0x00006e96                __lesf2
 .text.avr-libc.fplib
                0x00006e9e        0x4 c:/program files (x86)/atmel/studio/7.0/toolchain/avr8/avr8-gnu-toolchain/bin/../lib/gcc/avr/5.4.0/../../../../avr/lib/avr51\libm.a(divsf3.o)
                0x00006e9e                __divsf3
 .text.avr-libc.fplib
                0x00006ea2       0xcc c:/program files (x86)/atmel/studio/7.0/toolchain/avr8/avr8-gnu-toolchain/bin/../lib/gcc/avr/5.4.0/../../../../avr/lib/avr51\libm.a(divsf3x.o)
                0x00006eb8                __divsf3x
                0x00006ebc                __divsf3_pse
 .text.avr-libc.fplib
                0x00006f6e       0x7a c:/program files (x86)/atmel/studio/7.0/toolchain/avr8/avr8-gnu-toolchain/bin/../lib/gcc/avr/5.4.0/../../../../avr/lib/avr51\libm.a(floatsisf.o)
                0x00006f6e                __floatunsisf
                0x00006f72                __floatsisf
 .text.avr-libc.fplib
                0x00006fe8       0x48 c:/program files (x86)/atmel/studio/7.0/toolchain/avr8/avr8-gnu-toolchain/bin/../lib/gcc/avr/5.4.0/../../../../avr/lib/avr51\libm.a(fp_cmp.o)
                0x00006fe8                __fp_cmp
 .text.avr-libc.fplib
                0x00007030        0xc c:/program files (x86)/atmel/studio/7.0/toolchain/avr8/avr8-gnu-toolchain/bin/../lib/gcc/avr/5.4.0/../../../../avr/lib/avr51\libm.a(fp_inf.o)
                0x00007030                __fp_inf
 .text.avr-libc.fplib
                0x0000703c        0x6 c:/program files (x86)/atmel/studio/7.0/toolchain/avr8/avr8-gnu-toolchain/bin/../lib/gcc/avr/5.4.0/../../../../avr/lib/avr51\libm.a(fp_nan.o)
                0x0000703c                __fp_nan
 .text.avr-libc.fplib
                0x00007042        0xe c:/program files (x86)/atmel/studio/7.0/toolchain/avr8/avr8-gnu-toolchain/bin/../lib/gcc/avr/5.4.0/../../../../avr/lib/avr51\libm.a(fp_pscA.o)
                0x00007042                __fp_pscA
 .text.avr-libc.fplib
                0x00007050        0xe c:/program files (x86)/atmel/studio/7.0/toolchain/avr8/avr8-gnu-toolchain/bin/../lib/gcc/avr/5.4.0/../../../../avr/lib/avr51\libm.a(fp_pscB.o)
                0x00007050                __fp_pscB
 .text.avr-libc.fplib
                0x0000705e       0x22 c:/program files (x86)/atmel/studio/7.0/toolchain/avr8/avr8-gnu-toolchain/bin/../lib/gcc/avr/5.4.0/../../../../avr/lib/avr51\libm.a(fp_round.o)
                0x0000705e                __fp_round
 .text.avr-libc.fplib
                0x00007080       0x44 c:/program files (x86)/atmel/studio/7.0/toolchain/avr8/avr8-gnu-toolchain/bin/../lib/gcc/avr/5.4.0/../../../../avr/lib/avr51\libm.a(fp_split3.o)
                0x00007080                __fp_split3
                0x00007090                __fp_splitA
 .text.avr-libc.fplib
                0x000070c4        0xe c:/program files (x86)/atmel/studio/7.0/toolchain/avr8/avr8-gnu-toolchain/bin/../lib/gcc/avr/5.4.0/../../../../avr/lib/avr51\libm.a(fp_zero.o)
                0x000070c4                __fp_zero
                0x000070c6                __fp_szero
 .text.__cxa_pure_virtual
                0x000070d2        0x4 C:\Users\ADMINI~1\DOCUME~1\PROGET~1\FUELCO~1\Firmware\repo\CCEC\TUINOD~1\ARDUIN~1\Debug\libArduinoCore.a(abi.o)
                0x000070d2                __cxa_pure_virtual
 .text.__vector_18
                0x000070d6       0x64 C:\Users\ADMINI~1\DOCUME~1\PROGET~1\FUELCO~1\Firmware\repo\CCEC\TUINOD~1\ARDUIN~1\Debug\libArduinoCore.a(HardwareSerial0.o)
                0x000070d6                __vector_18
 .text.__vector_19
                0x0000713a       0x4a C:\Users\ADMINI~1\DOCUME~1\PROGET~1\FUELCO~1\Firmware\repo\CCEC\TUINOD~1\ARDUIN~1\Debug\libArduinoCore.a(HardwareSerial0.o)
                0x0000713a                __vector_19
 .text._Z17Serial0_availablev
                0x00007184       0x12 C:\Users\ADMINI~1\DOCUME~1\PROGET~1\FUELCO~1\Firmware\repo\CCEC\TUINOD~1\ARDUIN~1\Debug\libArduinoCore.a(HardwareSerial0.o)
                0x00007184                _Z17Serial0_availablev
 .text.startup._GLOBAL__sub_I___vector_18
                0x00007196       0x5a C:\Users\ADMINI~1\DOCUME~1\PROGET~1\FUELCO~1\Firmware\repo\CCEC\TUINOD~1\ARDUIN~1\Debug\libArduinoCore.a(HardwareSerial0.o)
 .text._ZNK9IPAddress7printToER5Print
                0x000071f0       0x7e C:\Users\ADMINI~1\DOCUME~1\PROGET~1\FUELCO~1\Firmware\repo\CCEC\TUINOD~1\ARDUIN~1\Debug\libArduinoCore.a(IPAddress.o)
                0x000071f0                _ZNK9IPAddress7printToER5Print
 .text._ZN9IPAddressC2Ev
                0x0000726e       0x14 C:\Users\ADMINI~1\DOCUME~1\PROGET~1\FUELCO~1\Firmware\repo\CCEC\TUINOD~1\ARDUIN~1\Debug\libArduinoCore.a(IPAddress.o)
                0x0000726e                _ZN9IPAddressC1Ev
                0x0000726e                _ZN9IPAddressC2Ev
 .text._ZN9IPAddressC2Ehhhh
                0x00007282       0x18 C:\Users\ADMINI~1\DOCUME~1\PROGET~1\FUELCO~1\Firmware\repo\CCEC\TUINOD~1\ARDUIN~1\Debug\libArduinoCore.a(IPAddress.o)
                0x00007282                _ZN9IPAddressC2Ehhhh
                0x00007282                _ZN9IPAddressC1Ehhhh
 .text._ZN9IPAddressC2EPKh
                0x0000729a       0x18 C:\Users\ADMINI~1\DOCUME~1\PROGET~1\FUELCO~1\Firmware\repo\CCEC\TUINOD~1\ARDUIN~1\Debug\libArduinoCore.a(IPAddress.o)
                0x0000729a                _ZN9IPAddressC2EPKh
                0x0000729a                _ZN9IPAddressC1EPKh
 .text._ZN9IPAddressaSEPKh
                0x000072b2       0x12 C:\Users\ADMINI~1\DOCUME~1\PROGET~1\FUELCO~1\Firmware\repo\CCEC\TUINOD~1\ARDUIN~1\Debug\libArduinoCore.a(IPAddress.o)
                0x000072b2                _ZN9IPAddressaSEPKh
 .text.initVariant
                0x000072c4        0x2 C:\Users\ADMINI~1\DOCUME~1\PROGET~1\FUELCO~1\Firmware\repo\CCEC\TUINOD~1\ARDUIN~1\Debug\libArduinoCore.a(main.o)
                0x000072c4                initVariant
 .text.startup.main
                0x000072c6       0x18 C:\Users\ADMINI~1\DOCUME~1\PROGET~1\FUELCO~1\Firmware\repo\CCEC\TUINOD~1\ARDUIN~1\Debug\libArduinoCore.a(main.o)
                0x000072c6                main
 .text._ZN5Print5writeEPKhj
                0x000072de       0x54 C:\Users\ADMINI~1\DOCUME~1\PROGET~1\FUELCO~1\Firmware\repo\CCEC\TUINOD~1\ARDUIN~1\Debug\libArduinoCore.a(Print.o)
                0x000072de                _ZN5Print5writeEPKhj
 .text._ZN5Print5writeEPKc
                0x00007332       0x2a C:\Users\ADMINI~1\DOCUME~1\PROGET~1\FUELCO~1\Firmware\repo\CCEC\TUINOD~1\ARDUIN~1\Debug\libArduinoCore.a(Print.o)
                0x00007332                _ZN5Print5writeEPKc
 .text._ZN5Print5printEPK19__FlashStringHelper
                0x0000735c       0x48 C:\Users\ADMINI~1\DOCUME~1\PROGET~1\FUELCO~1\Firmware\repo\CCEC\TUINOD~1\ARDUIN~1\Debug\libArduinoCore.a(Print.o)
                0x0000735c                _ZN5Print5printEPK19__FlashStringHelper
 .text._ZN5Print5printERK6String
                0x000073a4       0x1c C:\Users\ADMINI~1\DOCUME~1\PROGET~1\FUELCO~1\Firmware\repo\CCEC\TUINOD~1\ARDUIN~1\Debug\libArduinoCore.a(Print.o)
                0x000073a4                _ZN5Print5printERK6String
 .text._ZN5Print5printEPKc
                0x000073c0        0x2 C:\Users\ADMINI~1\DOCUME~1\PROGET~1\FUELCO~1\Firmware\repo\CCEC\TUINOD~1\ARDUIN~1\Debug\libArduinoCore.a(Print.o)
                0x000073c0                _ZN5Print5printEPKc
 .text._ZN5Print5printEc
                0x000073c2        0xe C:\Users\ADMINI~1\DOCUME~1\PROGET~1\FUELCO~1\Firmware\repo\CCEC\TUINOD~1\ARDUIN~1\Debug\libArduinoCore.a(Print.o)
                0x000073c2                _ZN5Print5printEc
 .text._ZN5Print7printlnEv
                0x000073d0        0x6 C:\Users\ADMINI~1\DOCUME~1\PROGET~1\FUELCO~1\Firmware\repo\CCEC\TUINOD~1\ARDUIN~1\Debug\libArduinoCore.a(Print.o)
                0x000073d0                _ZN5Print7printlnEv
 .text._ZN5Print7printlnEPK19__FlashStringHelper
                0x000073d6       0x20 C:\Users\ADMINI~1\DOCUME~1\PROGET~1\FUELCO~1\Firmware\repo\CCEC\TUINOD~1\ARDUIN~1\Debug\libArduinoCore.a(Print.o)
                0x000073d6                _ZN5Print7printlnEPK19__FlashStringHelper
 .text._ZN5Print7printlnERK6String
                0x000073f6       0x20 C:\Users\ADMINI~1\DOCUME~1\PROGET~1\FUELCO~1\Firmware\repo\CCEC\TUINOD~1\ARDUIN~1\Debug\libArduinoCore.a(Print.o)
                0x000073f6                _ZN5Print7printlnERK6String
 .text._ZN5Print7printlnEPKc
                0x00007416       0x20 C:\Users\ADMINI~1\DOCUME~1\PROGET~1\FUELCO~1\Firmware\repo\CCEC\TUINOD~1\ARDUIN~1\Debug\libArduinoCore.a(Print.o)
                0x00007416                _ZN5Print7printlnEPKc
 .text._ZN5Print11printNumberEmh
                0x00007436       0x8e C:\Users\ADMINI~1\DOCUME~1\PROGET~1\FUELCO~1\Firmware\repo\CCEC\TUINOD~1\ARDUIN~1\Debug\libArduinoCore.a(Print.o)
                0x00007436                _ZN5Print11printNumberEmh
 .text._ZN5Print5printEmi
                0x000074c4       0x18 C:\Users\ADMINI~1\DOCUME~1\PROGET~1\FUELCO~1\Firmware\repo\CCEC\TUINOD~1\ARDUIN~1\Debug\libArduinoCore.a(Print.o)
                0x000074c4                _ZN5Print5printEmi
 .text._ZN5Print5printEhi
                0x000074dc        0xc C:\Users\ADMINI~1\DOCUME~1\PROGET~1\FUELCO~1\Firmware\repo\CCEC\TUINOD~1\ARDUIN~1\Debug\libArduinoCore.a(Print.o)
                0x000074dc                _ZN5Print5printEhi
 .text._ZN5Print7printlnEhi
                0x000074e8       0x20 C:\Users\ADMINI~1\DOCUME~1\PROGET~1\FUELCO~1\Firmware\repo\CCEC\TUINOD~1\ARDUIN~1\Debug\libArduinoCore.a(Print.o)
                0x000074e8                _ZN5Print7printlnEhi
 .text._ZN5Print7printlnEmi
                0x00007508       0x20 C:\Users\ADMINI~1\DOCUME~1\PROGET~1\FUELCO~1\Firmware\repo\CCEC\TUINOD~1\ARDUIN~1\Debug\libArduinoCore.a(Print.o)
                0x00007508                _ZN5Print7printlnEmi
 .text.__vector_16
                0x00007528       0x94 C:\Users\ADMINI~1\DOCUME~1\PROGET~1\FUELCO~1\Firmware\repo\CCEC\TUINOD~1\ARDUIN~1\Debug\libArduinoCore.a(wiring.o)
                0x00007528                __vector_16
 .text.millis   0x000075bc       0x18 C:\Users\ADMINI~1\DOCUME~1\PROGET~1\FUELCO~1\Firmware\repo\CCEC\TUINOD~1\ARDUIN~1\Debug\libArduinoCore.a(wiring.o)
                0x000075bc                millis
 .text.micros   0x000075d4       0x4a C:\Users\ADMINI~1\DOCUME~1\PROGET~1\FUELCO~1\Firmware\repo\CCEC\TUINOD~1\ARDUIN~1\Debug\libArduinoCore.a(wiring.o)
                0x000075d4                micros
 .text.delay    0x0000761e       0x72 C:\Users\ADMINI~1\DOCUME~1\PROGET~1\FUELCO~1\Firmware\repo\CCEC\TUINOD~1\ARDUIN~1\Debug\libArduinoCore.a(wiring.o)
                0x0000761e                delay
 .text.delayMicroseconds
                0x00007690       0x16 C:\Users\ADMINI~1\DOCUME~1\PROGET~1\FUELCO~1\Firmware\repo\CCEC\TUINOD~1\ARDUIN~1\Debug\libArduinoCore.a(wiring.o)
                0x00007690                delayMicroseconds
 .text.init     0x000076a6       0x76 C:\Users\ADMINI~1\DOCUME~1\PROGET~1\FUELCO~1\Firmware\repo\CCEC\TUINOD~1\ARDUIN~1\Debug\libArduinoCore.a(wiring.o)
                0x000076a6                init
 .text.turnOffPWM
                0x0000771c       0x52 C:\Users\ADMINI~1\DOCUME~1\PROGET~1\FUELCO~1\Firmware\repo\CCEC\TUINOD~1\ARDUIN~1\Debug\libArduinoCore.a(wiring_digital.o)
 .text.pinMode  0x0000776e       0x78 C:\Users\ADMINI~1\DOCUME~1\PROGET~1\FUELCO~1\Firmware\repo\CCEC\TUINOD~1\ARDUIN~1\Debug\libArduinoCore.a(wiring_digital.o)
                0x0000776e                pinMode
 .text.digitalWrite
                0x000077e6       0x5c C:\Users\ADMINI~1\DOCUME~1\PROGET~1\FUELCO~1\Firmware\repo\CCEC\TUINOD~1\ARDUIN~1\Debug\libArduinoCore.a(wiring_digital.o)
                0x000077e6                digitalWrite
 .text.digitalRead
                0x00007842       0x50 C:\Users\ADMINI~1\DOCUME~1\PROGET~1\FUELCO~1\Firmware\repo\CCEC\TUINOD~1\ARDUIN~1\Debug\libArduinoCore.a(wiring_digital.o)
                0x00007842                digitalRead
 .text._ZNK6String14StringIfHelperEv
                0x00007892        0x2 C:\Users\ADMINI~1\DOCUME~1\PROGET~1\FUELCO~1\Firmware\repo\CCEC\TUINOD~1\ARDUIN~1\Debug\libArduinoCore.a(WString.o)
                0x00007892                _ZNK6String14StringIfHelperEv
 .text._ZN6StringD2Ev
                0x00007894        0x8 C:\Users\ADMINI~1\DOCUME~1\PROGET~1\FUELCO~1\Firmware\repo\CCEC\TUINOD~1\ARDUIN~1\Debug\libArduinoCore.a(WString.o)
                0x00007894                _ZN6StringD2Ev
                0x00007894                _ZN6StringD1Ev
 .text._ZN6String10invalidateEv
                0x0000789c       0x22 C:\Users\ADMINI~1\DOCUME~1\PROGET~1\FUELCO~1\Firmware\repo\CCEC\TUINOD~1\ARDUIN~1\Debug\libArduinoCore.a(WString.o)
                0x0000789c                _ZN6String10invalidateEv
 .text._ZN6String12changeBufferEj
                0x000078be       0x32 C:\Users\ADMINI~1\DOCUME~1\PROGET~1\FUELCO~1\Firmware\repo\CCEC\TUINOD~1\ARDUIN~1\Debug\libArduinoCore.a(WString.o)
                0x000078be                _ZN6String12changeBufferEj
 .text._ZN6String7reserveEj
                0x000078f0       0x36 C:\Users\ADMINI~1\DOCUME~1\PROGET~1\FUELCO~1\Firmware\repo\CCEC\TUINOD~1\ARDUIN~1\Debug\libArduinoCore.a(WString.o)
                0x000078f0                _ZN6String7reserveEj
 .text._ZN6String4copyEPKcj
                0x00007926       0x3c C:\Users\ADMINI~1\DOCUME~1\PROGET~1\FUELCO~1\Firmware\repo\CCEC\TUINOD~1\ARDUIN~1\Debug\libArduinoCore.a(WString.o)
                0x00007926                _ZN6String4copyEPKcj
 .text._ZN6StringC2EPKc
                0x00007962       0x28 C:\Users\ADMINI~1\DOCUME~1\PROGET~1\FUELCO~1\Firmware\repo\CCEC\TUINOD~1\ARDUIN~1\Debug\libArduinoCore.a(WString.o)
                0x00007962                _ZN6StringC2EPKc
                0x00007962                _ZN6StringC1EPKc
 .text._ZN6String4moveERS_
                0x0000798a       0x76 C:\Users\ADMINI~1\DOCUME~1\PROGET~1\FUELCO~1\Firmware\repo\CCEC\TUINOD~1\ARDUIN~1\Debug\libArduinoCore.a(WString.o)
                0x0000798a                _ZN6String4moveERS_
 .text._ZN6StringC2EOS_
                0x00007a00       0x10 C:\Users\ADMINI~1\DOCUME~1\PROGET~1\FUELCO~1\Firmware\repo\CCEC\TUINOD~1\ARDUIN~1\Debug\libArduinoCore.a(WString.o)
                0x00007a00                _ZN6StringC1EOS_
                0x00007a00                _ZN6StringC2EOS_
 .text._ZN6StringaSERKS_
                0x00007a10       0x2a C:\Users\ADMINI~1\DOCUME~1\PROGET~1\FUELCO~1\Firmware\repo\CCEC\TUINOD~1\ARDUIN~1\Debug\libArduinoCore.a(WString.o)
                0x00007a10                _ZN6StringaSERKS_
 .text._ZN6StringC2ERKS_
                0x00007a3a       0x10 C:\Users\ADMINI~1\DOCUME~1\PROGET~1\FUELCO~1\Firmware\repo\CCEC\TUINOD~1\ARDUIN~1\Debug\libArduinoCore.a(WString.o)
                0x00007a3a                _ZN6StringC2ERKS_
                0x00007a3a                _ZN6StringC1ERKS_
 .text._ZN6StringaSEOS_
                0x00007a4a       0x16 C:\Users\ADMINI~1\DOCUME~1\PROGET~1\FUELCO~1\Firmware\repo\CCEC\TUINOD~1\ARDUIN~1\Debug\libArduinoCore.a(WString.o)
                0x00007a4a                _ZN6StringaSEOS_
 .text._ZN6StringaSEPKc
                0x00007a60       0x2a C:\Users\ADMINI~1\DOCUME~1\PROGET~1\FUELCO~1\Firmware\repo\CCEC\TUINOD~1\ARDUIN~1\Debug\libArduinoCore.a(WString.o)
                0x00007a60                _ZN6StringaSEPKc
 .text._ZN6StringC2Ehh
                0x00007a8a       0x56 C:\Users\ADMINI~1\DOCUME~1\PROGET~1\FUELCO~1\Firmware\repo\CCEC\TUINOD~1\ARDUIN~1\Debug\libArduinoCore.a(WString.o)
                0x00007a8a                _ZN6StringC2Ehh
                0x00007a8a                _ZN6StringC1Ehh
 .text._ZN6StringC2Emh
                0x00007ae0       0x56 C:\Users\ADMINI~1\DOCUME~1\PROGET~1\FUELCO~1\Firmware\repo\CCEC\TUINOD~1\ARDUIN~1\Debug\libArduinoCore.a(WString.o)
                0x00007ae0                _ZN6StringC1Emh
                0x00007ae0                _ZN6StringC2Emh
 .text._ZN6StringC2Edh
                0x00007b36       0x5c C:\Users\ADMINI~1\DOCUME~1\PROGET~1\FUELCO~1\Firmware\repo\CCEC\TUINOD~1\ARDUIN~1\Debug\libArduinoCore.a(WString.o)
                0x00007b36                _ZN6StringC1Edh
                0x00007b36                _ZN6StringC2Edh
 .text._ZN6String6concatEPKcj
                0x00007b92       0x58 C:\Users\ADMINI~1\DOCUME~1\PROGET~1\FUELCO~1\Firmware\repo\CCEC\TUINOD~1\ARDUIN~1\Debug\libArduinoCore.a(WString.o)
                0x00007b92                _ZN6String6concatEPKcj
 .text._ZN6String6concatERKS_
                0x00007bea        0xc C:\Users\ADMINI~1\DOCUME~1\PROGET~1\FUELCO~1\Firmware\repo\CCEC\TUINOD~1\ARDUIN~1\Debug\libArduinoCore.a(WString.o)
                0x00007bea                _ZN6String6concatERKS_
 .text._ZN6String6concatEPKc
                0x00007bf6       0x1c C:\Users\ADMINI~1\DOCUME~1\PROGET~1\FUELCO~1\Firmware\repo\CCEC\TUINOD~1\ARDUIN~1\Debug\libArduinoCore.a(WString.o)
                0x00007bf6                _ZN6String6concatEPKc
 .text._ZplRK15StringSumHelperRK6String
                0x00007c12       0x22 C:\Users\ADMINI~1\DOCUME~1\PROGET~1\FUELCO~1\Firmware\repo\CCEC\TUINOD~1\ARDUIN~1\Debug\libArduinoCore.a(WString.o)
                0x00007c12                _ZplRK15StringSumHelperRK6String
 .text._ZplRK15StringSumHelperPKc
                0x00007c34       0x2e C:\Users\ADMINI~1\DOCUME~1\PROGET~1\FUELCO~1\Firmware\repo\CCEC\TUINOD~1\ARDUIN~1\Debug\libArduinoCore.a(WString.o)
                0x00007c34                _ZplRK15StringSumHelperPKc
 .text._ZNK6String6equalsEPKc
                0x00007c62       0x3c C:\Users\ADMINI~1\DOCUME~1\PROGET~1\FUELCO~1\Firmware\repo\CCEC\TUINOD~1\ARDUIN~1\Debug\libArduinoCore.a(WString.o)
                0x00007c62                _ZNK6String6equalsEPKc
 .text._ZNK6String8getBytesEPhjj
                0x00007c9e       0x5c C:\Users\ADMINI~1\DOCUME~1\PROGET~1\FUELCO~1\Firmware\repo\CCEC\TUINOD~1\ARDUIN~1\Debug\libArduinoCore.a(WString.o)
                0x00007c9e                _ZNK6String8getBytesEPhjj
 .text._ZNK6String9substringEjj
                0x00007cfa       0x86 C:\Users\ADMINI~1\DOCUME~1\PROGET~1\FUELCO~1\Firmware\repo\CCEC\TUINOD~1\ARDUIN~1\Debug\libArduinoCore.a(WString.o)
                0x00007cfa                _ZNK6String9substringEjj
 .text._ZN6String4trimEv
                0x00007d80       0xb2 C:\Users\ADMINI~1\DOCUME~1\PROGET~1\FUELCO~1\Firmware\repo\CCEC\TUINOD~1\ARDUIN~1\Debug\libArduinoCore.a(WString.o)
                0x00007d80                _ZN6String4trimEv
 .text._ZN14HardwareSerial9availableEv
                0x00007e32       0x18 C:\Users\ADMINI~1\DOCUME~1\PROGET~1\FUELCO~1\Firmware\repo\CCEC\TUINOD~1\ARDUIN~1\Debug\libArduinoCore.a(HardwareSerial.o)
                0x00007e32                _ZN14HardwareSerial9availableEv
 .text._ZN14HardwareSerial4peekEv
                0x00007e4a       0x1c C:\Users\ADMINI~1\DOCUME~1\PROGET~1\FUELCO~1\Firmware\repo\CCEC\TUINOD~1\ARDUIN~1\Debug\libArduinoCore.a(HardwareSerial.o)
                0x00007e4a                _ZN14HardwareSerial4peekEv
 .text._ZN14HardwareSerial4readEv
                0x00007e66       0x28 C:\Users\ADMINI~1\DOCUME~1\PROGET~1\FUELCO~1\Firmware\repo\CCEC\TUINOD~1\ARDUIN~1\Debug\libArduinoCore.a(HardwareSerial.o)
                0x00007e66                _ZN14HardwareSerial4readEv
 .text._ZN14HardwareSerial17availableForWriteEv
                0x00007e8e       0x1e C:\Users\ADMINI~1\DOCUME~1\PROGET~1\FUELCO~1\Firmware\repo\CCEC\TUINOD~1\ARDUIN~1\Debug\libArduinoCore.a(HardwareSerial.o)
                0x00007e8e                _ZN14HardwareSerial17availableForWriteEv
 .text._Z14serialEventRunv
                0x00007eac       0x1a C:\Users\ADMINI~1\DOCUME~1\PROGET~1\FUELCO~1\Firmware\repo\CCEC\TUINOD~1\ARDUIN~1\Debug\libArduinoCore.a(HardwareSerial.o)
                0x00007eac                _Z14serialEventRunv
 .text._ZN14HardwareSerial17_tx_udr_empty_irqEv
                0x00007ec6       0x44 C:\Users\ADMINI~1\DOCUME~1\PROGET~1\FUELCO~1\Firmware\repo\CCEC\TUINOD~1\ARDUIN~1\Debug\libArduinoCore.a(HardwareSerial.o)
                0x00007ec6                _ZN14HardwareSerial17_tx_udr_empty_irqEv
 .text._ZN14HardwareSerial5writeEh
                0x00007f0a       0x98 C:\Users\ADMINI~1\DOCUME~1\PROGET~1\FUELCO~1\Firmware\repo\CCEC\TUINOD~1\ARDUIN~1\Debug\libArduinoCore.a(HardwareSerial.o)
                0x00007f0a                _ZN14HardwareSerial5writeEh
 .text._ZN14HardwareSerial5flushEv
                0x00007fa2       0x42 C:\Users\ADMINI~1\DOCUME~1\PROGET~1\FUELCO~1\Firmware\repo\CCEC\TUINOD~1\ARDUIN~1\Debug\libArduinoCore.a(HardwareSerial.o)
                0x00007fa2                _ZN14HardwareSerial5flushEv
 .text.__empty  0x00007fe4        0x2 C:\Users\ADMINI~1\DOCUME~1\PROGET~1\FUELCO~1\Firmware\repo\CCEC\TUINOD~1\ARDUIN~1\Debug\libArduinoCore.a(hooks.o)
                0x00007fe4                yield
 .text.libgcc.div
                0x00007fe6       0x18 c:/program files (x86)/atmel/studio/7.0/toolchain/avr8/avr8-gnu-toolchain/bin/../lib/gcc/avr/5.4.0/avr51\libgcc.a(_udivmodqi4.o)
                0x00007fe6                __udivmodqi4
 .text.libgcc.div
                0x00007ffe       0x28 c:/program files (x86)/atmel/studio/7.0/toolchain/avr8/avr8-gnu-toolchain/bin/../lib/gcc/avr/5.4.0/avr51\libgcc.a(_udivmodhi4.o)
                0x00007ffe                __udivmodhi4
 .text.libgcc.div
                0x00008026       0x44 c:/program files (x86)/atmel/studio/7.0/toolchain/avr8/avr8-gnu-toolchain/bin/../lib/gcc/avr/5.4.0/avr51\libgcc.a(_udivmodsi4.o)
                0x00008026                __udivmodsi4
 .text.libgcc   0x0000806a       0x12 c:/program files (x86)/atmel/studio/7.0/toolchain/avr8/avr8-gnu-toolchain/bin/../lib/gcc/avr/5.4.0/avr51\libgcc.a(_tablejump2.o)
                0x0000806a                __tablejump2__
 .text.libgcc.mul
                0x0000807c       0x1e c:/program files (x86)/atmel/studio/7.0/toolchain/avr8/avr8-gnu-toolchain/bin/../lib/gcc/avr/5.4.0/avr51\libgcc.a(_umulhisi3.o)
                0x0000807c                __umulhisi3
 .text.libgcc.mul
                0x0000809a       0x14 c:/program files (x86)/atmel/studio/7.0/toolchain/avr8/avr8-gnu-toolchain/bin/../lib/gcc/avr/5.4.0/avr51\libgcc.a(_muluhisi3.o)
                0x0000809a                __muluhisi3
 .text.libgcc.div
                0x000080ae       0x56 c:/program files (x86)/atmel/studio/7.0/toolchain/avr8/avr8-gnu-toolchain/bin/../lib/gcc/avr/5.4.0/avr51\libgcc.a(_divdi3.o)
                0x000080ae                __moddi3
                0x000080b2                __divdi3
                0x000080b4                __divdi3_moddi3
 .text.libgcc.div
                0x00008104       0x1a c:/program files (x86)/atmel/studio/7.0/toolchain/avr8/avr8-gnu-toolchain/bin/../lib/gcc/avr/5.4.0/avr51\libgcc.a(_udivdi3.o)
                0x00008104                __umoddi3
                0x00008108                __udivdi3
                0x0000810a                __udivdi3_umoddi3
 .text.libgcc.div
                0x0000811e       0xa2 c:/program files (x86)/atmel/studio/7.0/toolchain/avr8/avr8-gnu-toolchain/bin/../lib/gcc/avr/5.4.0/avr51\libgcc.a(_udivmod64.o)
                0x0000811e                __udivmod64
 .text.libgcc   0x000081c0       0x20 c:/program files (x86)/atmel/studio/7.0/toolchain/avr8/avr8-gnu-toolchain/bin/../lib/gcc/avr/5.4.0/avr51\libgcc.a(_negdi2.o)
                0x000081c0                __negdi2
 .text.libgcc.prologue
                0x000081e0       0x38 c:/program files (x86)/atmel/studio/7.0/toolchain/avr8/avr8-gnu-toolchain/bin/../lib/gcc/avr/5.4.0/avr51\libgcc.a(_prologue.o)
                0x000081e0                __prologue_saves__
 .text.libgcc.prologue
                0x00008218       0x36 c:/program files (x86)/atmel/studio/7.0/toolchain/avr8/avr8-gnu-toolchain/bin/../lib/gcc/avr/5.4.0/avr51\libgcc.a(_epilogue.o)
                0x00008218                __epilogue_restores__
 .text.libgcc.builtins
                0x0000824e       0x32 c:/program files (x86)/atmel/studio/7.0/toolchain/avr8/avr8-gnu-toolchain/bin/../lib/gcc/avr/5.4.0/avr51\libgcc.a(_ashldi3.o)
                0x0000824e                __ashldi3
 .text.libgcc.builtins
                0x00008280       0x3c c:/program files (x86)/atmel/studio/7.0/toolchain/avr8/avr8-gnu-toolchain/bin/../lib/gcc/avr/5.4.0/avr51\libgcc.a(_ashrdi3.o)
                0x00008280                __ashrdi3
                0x00008284                __lshrdi3
 .text.libgcc   0x000082bc       0x12 c:/program files (x86)/atmel/studio/7.0/toolchain/avr8/avr8-gnu-toolchain/bin/../lib/gcc/avr/5.4.0/avr51\libgcc.a(_adddi3.o)
                0x000082bc                __adddi3
 .text.libgcc   0x000082ce       0x18 c:/program files (x86)/atmel/studio/7.0/toolchain/avr8/avr8-gnu-toolchain/bin/../lib/gcc/avr/5.4.0/avr51\libgcc.a(_cmpdi2_s8.o)
                0x000082ce                __cmpdi2_s8
 .text.avr-libc
                0x000082e6       0x3e c:/program files (x86)/atmel/studio/7.0/toolchain/avr8/avr8-gnu-toolchain/bin/../lib/gcc/avr/5.4.0/../../../../avr/lib/avr51\libc.a(dtostrf.o)
                0x000082e6                dtostrf
 .text.avr-libc
                0x00008324      0x242 c:/program files (x86)/atmel/studio/7.0/toolchain/avr8/avr8-gnu-toolchain/bin/../lib/gcc/avr/5.4.0/../../../../avr/lib/avr51\libc.a(malloc.o)
                0x00008324                malloc
                0x00008454                free
 .text.avr-libc
                0x00008566      0x1c0 c:/program files (x86)/atmel/studio/7.0/toolchain/avr8/avr8-gnu-toolchain/bin/../lib/gcc/avr/5.4.0/../../../../avr/lib/avr51\libc.a(realloc.o)
                0x00008566                realloc
 .text.avr-libc
                0x00008726        0x8 c:/program files (x86)/atmel/studio/7.0/toolchain/avr8/avr8-gnu-toolchain/bin/../lib/gcc/avr/5.4.0/../../../../avr/lib/avr51\libc.a(abort.o)
                0x00008726                abort
 .text.avr-libc
                0x0000872e       0x10 c:/program files (x86)/atmel/studio/7.0/toolchain/avr8/avr8-gnu-toolchain/bin/../lib/gcc/avr/5.4.0/../../../../avr/lib/avr51\libc.a(isspace.o)
                0x0000872e                isspace
 .text.avr-libc
                0x0000873e       0x12 c:/program files (x86)/atmel/studio/7.0/toolchain/avr8/avr8-gnu-toolchain/bin/../lib/gcc/avr/5.4.0/../../../../avr/lib/avr51\libc.a(memcpy_P.o)
                0x0000873e                memcpy_P
 .text.avr-libc
                0x00008750       0x12 c:/program files (x86)/atmel/studio/7.0/toolchain/avr8/avr8-gnu-toolchain/bin/../lib/gcc/avr/5.4.0/../../../../avr/lib/avr51\libc.a(memcpy.o)
                0x00008750                memcpy
 .text.avr-libc
                0x00008762       0x12 c:/program files (x86)/atmel/studio/7.0/toolchain/avr8/avr8-gnu-toolchain/bin/../lib/gcc/avr/5.4.0/../../../../avr/lib/avr51\libc.a(strcmp.o)
                0x00008762                strcmp
 .text.avr-libc
                0x00008774        0xe c:/program files (x86)/atmel/studio/7.0/toolchain/avr8/avr8-gnu-toolchain/bin/../lib/gcc/avr/5.4.0/../../../../avr/lib/avr51\libc.a(strcpy.o)
                0x00008774                strcpy
 .text.avr-libc
                0x00008782       0x1c c:/program files (x86)/atmel/studio/7.0/toolchain/avr8/avr8-gnu-toolchain/bin/../lib/gcc/avr/5.4.0/../../../../avr/lib/avr51\libc.a(strncmp.o)
                0x00008782                strncmp
 .text.avr-libc
                0x0000879e       0x1e c:/program files (x86)/atmel/studio/7.0/toolchain/avr8/avr8-gnu-toolchain/bin/../lib/gcc/avr/5.4.0/../../../../avr/lib/avr51\libc.a(strncpy.o)
                0x0000879e                strncpy
 .text.avr-libc
                0x000087bc       0x14 c:/program files (x86)/atmel/studio/7.0/toolchain/avr8/avr8-gnu-toolchain/bin/../lib/gcc/avr/5.4.0/../../../../avr/lib/avr51\libc.a(ultoa.o)
                0x000087bc                ultoa
                0x000087bc                __ultoa
 .text.avr-libc
                0x000087d0       0x42 c:/program files (x86)/atmel/studio/7.0/toolchain/avr8/avr8-gnu-toolchain/bin/../lib/gcc/avr/5.4.0/../../../../avr/lib/avr51\libc.a(ultoa_ncheck.o)
                0x000087d0                __ultoa_ncheck
                0x000087d2                __ultoa_common
 .text.avr-libc
                0x00008812       0x14 c:/program files (x86)/atmel/studio/7.0/toolchain/avr8/avr8-gnu-toolchain/bin/../lib/gcc/avr/5.4.0/../../../../avr/lib/avr51\libc.a(utoa.o)
                0x00008812                __utoa
                0x00008812                utoa
 .text.avr-libc
                0x00008826       0x32 c:/program files (x86)/atmel/studio/7.0/toolchain/avr8/avr8-gnu-toolchain/bin/../lib/gcc/avr/5.4.0/../../../../avr/lib/avr51\libc.a(utoa_ncheck.o)
                0x00008826                __utoa_ncheck
                0x00008828                __utoa_common
 .text.avr-libc
                0x00008858      0x2ec c:/program files (x86)/atmel/studio/7.0/toolchain/avr8/avr8-gnu-toolchain/bin/../lib/gcc/avr/5.4.0/../../../../avr/lib/avr51\libc.a(dtoa_prf.o)
                0x00008858                dtoa_prf
 .text.avr-libc
                0x00008b44      0x1b0 c:/program files (x86)/atmel/studio/7.0/toolchain/avr8/avr8-gnu-toolchain/bin/../lib/gcc/avr/5.4.0/../../../../avr/lib/avr51\libc.a(ftoa_engine.o)
                0x00008b44                __ftoa_engine
 .text.avr-libc
                0x00008cf4        0x6 c:/program files (x86)/atmel/studio/7.0/toolchain/avr8/avr8-gnu-toolchain/bin/../lib/gcc/avr/5.4.0/../../../../avr/lib/avr51\libc.a(cty_isfalse.o)
                0x00008cf4                __ctype_isfalse
                0x00008cf8                __ctype_istrue
 .text.avr-libc
                0x00008cfa       0x20 c:/program files (x86)/atmel/studio/7.0/toolchain/avr8/avr8-gnu-toolchain/bin/../lib/gcc/avr/5.4.0/../../../../avr/lib/avr51\libc.a(strrev.o)
                0x00008cfa                strrev
                0x00008d1a                . = ALIGN (0x2)
 *(.fini9)
 .fini9         0x00008d1a        0x0 c:/program files (x86)/atmel/studio/7.0/toolchain/avr8/avr8-gnu-toolchain/bin/../lib/gcc/avr/5.4.0/avr51\libgcc.a(_exit.o)
                0x00008d1a                _exit
                0x00008d1a                exit
 *(.fini9)
 *(.fini8)
 *(.fini8)
 *(.fini7)
 *(.fini7)
 *(.fini6)
 .fini6         0x00008d1a       0x14 c:/program files (x86)/atmel/studio/7.0/toolchain/avr8/avr8-gnu-toolchain/bin/../lib/gcc/avr/5.4.0/avr51\libgcc.a(_dtors.o)
                0x00008d1a                __do_global_dtors
 *(.fini6)
 *(.fini5)
 *(.fini5)
 *(.fini4)
 *(.fini4)
 *(.fini3)
 *(.fini3)
 *(.fini2)
 *(.fini2)
 *(.fini1)
 *(.fini1)
 *(.fini0)
 .fini0         0x00008d2e        0x4 c:/program files (x86)/atmel/studio/7.0/toolchain/avr8/avr8-gnu-toolchain/bin/../lib/gcc/avr/5.4.0/avr51\libgcc.a(_exit.o)
 *(.fini0)
                0x00008d32                _etext = .

.data           0x00800100      0x976 load address 0x00008d32
                0x00800100                PROVIDE (__data_start, .)
 *(.data)
 .data          0x00800100        0x6 c:/program files (x86)/atmel/studio/7.0/toolchain/avr8/avr8-gnu-toolchain/bin/../lib/gcc/avr/5.4.0/../../../../avr/lib/avr51\libc.a(malloc.o)
                0x00800100                __malloc_heap_end
                0x00800102                __malloc_heap_start
                0x00800104                __malloc_margin
 *(.data*)
 .data.addr_erog
                0x00800106        0x4 Sketch.o
                0x00800106                addr_erog
 .data.MappaKeys
                0x0080010a       0x10 Sketch.o
                0x0080010a                MappaKeys
 .data.TselDistributore
                0x0080011a        0x4 Sketch.o
                0x0080011a                TselDistributore
 .data.TinputTarga
                0x0080011e        0x4 Sketch.o
                0x0080011e                TinputTarga
 .data.mac      0x00800122        0x6 Sketch.o
                0x00800122                mac
 .data.ip       0x00800128        0x4 Sketch.o
                0x00800128                ip
 .data.ImpulsiLitro
                0x0080012c        0x2 Sketch.o
                0x0080012c                ImpulsiLitro
 .data.Clessidra
                0x0080012e        0x8 Sketch.o
                0x0080012e                Clessidra
 .data.pn532response_firmwarevers
                0x00800136        0x6 src/libraries/Adafruit-PN532/Adafruit_PN532.o
                0x00800136                pn532response_firmwarevers
 .data.pn532ack
                0x0080013c        0x6 src/libraries/Adafruit-PN532/Adafruit_PN532.o
                0x0080013c                pn532ack
 .data._ZN14EthernetClient8_srcportE
                0x00800142        0x2 src/libraries/Ethernet2/src/EthernetClient.o
                0x00800142                _ZN14EthernetClient8_srcportE
 *(.gnu.linkonce.d*)
 *(.rodata)
 .rodata        0x00800144        0x6 Sketch.o
 .rodata        0x0080014a        0x8 src/libraries/LiquidCrystal/src/LCD.o
 .rodata        0x00800152       0x66 src/libraries/SPIMemory/src/SPIFlash.o
 *(.rodata*)
 .rodata.str1.1
                0x008001b8      0x7ef Sketch.o
                                0x7f8 (size before relaxing)
 .rodata.._11   0x008009a7       0x10 Sketch.o
 .rodata.str1.1
                0x008009b7        0x9 src/libraries/Adafruit-PN532/Adafruit_PN532.o
                                  0xc (size before relaxing)
 .rodata._ZTV14EthernetClient
                0x008009c0       0x22 src/libraries/Ethernet2/src/EthernetClient.o
                0x008009c0                _ZTV14EthernetClient
 .rodata._ZTV14EthernetServer
                0x008009e2        0xe src/libraries/Ethernet2/src/EthernetServer.o
                0x008009e2                _ZTV14EthernetServer
 .rodata._ZTV11EthernetUDP
                0x008009f0       0x28 src/libraries/Ethernet2/src/EthernetUdp2.o
                0x008009f0                _ZTV11EthernetUDP
 .rodata._ZTV3LCD
                0x00800a18       0x14 src/libraries/LiquidCrystal/src/LCD.o
                0x00800a18                _ZTV3LCD
 .rodata._ZTV17LiquidCrystal_I2C
                0x00800a2c       0x14 src/libraries/LiquidCrystal/src/LiquidCrystal_I2C.o
                0x00800a2c                _ZTV17LiquidCrystal_I2C
 .rodata._ZTV7TwoWire
                0x00800a40       0x12 src/libraries/Wire/src/Wire.o
                0x00800a40                _ZTV7TwoWire
 .rodata._ZTV9IPAddress