Archive member included to satisfy reference by file (symbol)

c:/program files (x86)/atmel/studio/7.0/toolchain/avr8/avr8-gnu-toolchain/bin/../lib/gcc/avr/5.4.0/../../../../avr/lib/avr51\libm.a(cmpsf2.o)
                              Sketch.o (__ltsf2)
c:/program files (x86)/atmel/studio/7.0/toolchain/avr8/avr8-gnu-toolchain/bin/../lib/gcc/avr/5.4.0/../../../../avr/lib/avr51\libm.a(divsf3.o)
                              Sketch.o (__divsf3)
c:/program files (x86)/atmel/studio/7.0/toolchain/avr8/avr8-gnu-toolchain/bin/../lib/gcc/avr/5.4.0/../../../../avr/lib/avr51\libm.a(divsf3x.o)
                              c:/program files (x86)/atmel/studio/7.0/toolchain/avr8/avr8-gnu-toolchain/bin/../lib/gcc/avr/5.4.0/../../../../avr/lib/avr51\libm.a(divsf3.o) (__divsf3x)
c:/program files (x86)/atmel/studio/7.0/toolchain/avr8/avr8-gnu-toolchain/bin/../lib/gcc/avr/5.4.0/../../../../avr/lib/avr51\libm.a(floatsisf.o)
                              Sketch.o (__floatsisf)
c:/program files (x86)/atmel/studio/7.0/toolchain/avr8/avr8-gnu-toolchain/bin/../lib/gcc/avr/5.4.0/../../../../avr/lib/avr51\libm.a(fp_cmp.o)
                              c:/program files (x86)/atmel/studio/7.0/toolchain/avr8/avr8-gnu-toolchain/bin/../lib/gcc/avr/5.4.0/../../../../avr/lib/avr51\libm.a(cmpsf2.o) (__fp_cmp)
c:/program files (x86)/atmel/studio/7.0/toolchain/avr8/avr8-gnu-toolchain/bin/../lib/gcc/avr/5.4.0/../../../../avr/lib/avr51\libm.a(fp_inf.o)
                              c:/program files (x86)/atmel/studio/7.0/toolchain/avr8/avr8-gnu-toolchain/bin/../lib/gcc/avr/5.4.0/../../../../avr/lib/avr51\libm.a(divsf3x.o) (__fp_inf)
c:/program files (x86)/atmel/studio/7.0/toolchain/avr8/avr8-gnu-toolchain/bin/../lib/gcc/avr/5.4.0/../../../../avr/lib/avr51\libm.a(fp_nan.o)
                              c:/program files (x86)/atmel/studio/7.0/toolchain/avr8/avr8-gnu-toolchain/bin/../lib/gcc/avr/5.4.0/../../../../avr/lib/avr51\libm.a(divsf3x.o) (__fp_nan)
c:/program files (x86)/atmel/studio/7.0/toolchain/avr8/avr8-gnu-toolchain/bin/../lib/gcc/avr/5.4.0/../../../../avr/lib/avr51\libm.a(fp_pscA.o)
                              c:/program files (x86)/atmel/studio/7.0/toolchain/avr8/avr8-gnu-toolchain/bin/../lib/gcc/avr/5.4.0/../../../../avr/lib/avr51\libm.a(divsf3x.o) (__fp_pscA)
c:/program files (x86)/atmel/studio/7.0/toolchain/avr8/avr8-gnu-toolchain/bin/../lib/gcc/avr/5.4.0/../../../../avr/lib/avr51\libm.a(fp_pscB.o)
                              c:/program files (x86)/atmel/studio/7.0/toolchain/avr8/avr8-gnu-toolchain/bin/../lib/gcc/avr/5.4.0/../../../../avr/lib/avr51\libm.a(divsf3x.o) (__fp_pscB)
c:/program files (x86)/atmel/studio/7.0/toolchain/avr8/avr8-gnu-toolchain/bin/../lib/gcc/avr/5.4.0/../../../../avr/lib/avr51\libm.a(fp_round.o)
                              c:/program files (x86)/atmel/studio/7.0/toolchain/avr8/avr8-gnu-toolchain/bin/../lib/gcc/avr/5.4.0/../../../../avr/lib/avr51\libm.a(divsf3.o) (__fp_round)
c:/program files (x86)/atmel/studio/7.0/toolchain/avr8/avr8-gnu-toolchain/bin/../lib/gcc/avr/5.4.0/../../../../avr/lib/avr51\libm.a(fp_split3.o)
                              c:/program files (x86)/atmel/studio/7.0/toolchain/avr8/avr8-gnu-toolchain/bin/../lib/gcc/avr/5.4.0/../../../../avr/lib/avr51\libm.a(divsf3x.o) (__fp_split3)
c:/program files (x86)/atmel/studio/7.0/toolchain/avr8/avr8-gnu-toolchain/bin/../lib/gcc/avr/5.4.0/../../../../avr/lib/avr51\libm.a(fp_zero.o)
                              c:/program files (x86)/atmel/studio/7.0/toolchain/avr8/avr8-gnu-toolchain/bin/../lib/gcc/avr/5.4.0/../../../../avr/lib/avr51\libm.a(divsf3x.o) (__fp_szero)
C:\Users\utente\Desktop\fwCCEC\TuinoDemo\ArduinoCore\Debug\libArduinoCore.a(abi.o)
                              src/libraries/LiquidCrystal/src/LCD.o (__cxa_pure_virtual)
C:\Users\utente\Desktop\fwCCEC\TuinoDemo\ArduinoCore\Debug\libArduinoCore.a(HardwareSerial.o)
                              Sketch.o (_ZN14HardwareSerial5beginEmh)
C:\Users\utente\Desktop\fwCCEC\TuinoDemo\ArduinoCore\Debug\libArduinoCore.a(HardwareSerial0.o)
                              Sketch.o (Serial)
C:\Users\utente\Desktop\fwCCEC\TuinoDemo\ArduinoCore\Debug\libArduinoCore.a(IPAddress.o)
                              Sketch.o (_ZTV9IPAddress)
C:\Users\utente\Desktop\fwCCEC\TuinoDemo\ArduinoCore\Debug\libArduinoCore.a(main.o)
                              C:/Program Files (x86)/Atmel/Studio/7.0/Packs/atmel/ATmega_DFP/1.2.209/gcc/dev/atmega1284p/avr51/crtatmega1284p.o (main)
C:\Users\utente\Desktop\fwCCEC\TuinoDemo\ArduinoCore\Debug\libArduinoCore.a(new.o)
                              src/libraries/Ethernet2/src/Ethernet2.o (_Znwj)
C:\Users\utente\Desktop\fwCCEC\TuinoDemo\ArduinoCore\Debug\libArduinoCore.a(Print.o)
                              src/libraries/LiquidCrystal/src/LCD.o (_ZN5Print5writeEPKhj)
C:\Users\utente\Desktop\fwCCEC\TuinoDemo\ArduinoCore\Debug\libArduinoCore.a(wiring.o)
                              src/libraries/Ethernet2/src/Dhcp.o (millis)
[...]
Memory Configuration

Name             Origin             Length             Attributes
text             0x00000000         0x00020000         xr
data             0x00800100         0x0000ff00         rw !x
eeprom           0x00810000         0x00010000         rw !x
fuse             0x00820000         0x00000003         rw !x
lock             0x00830000         0x00000400         rw !x
signature        0x00840000         0x00000400         rw !x
user_signatures  0x00850000         0x00000400         rw !x
*default*        0x00000000         0xffffffff

Linker script and memory map

Address of section .data set to 0x800100
LOAD C:/Program Files (x86)/Atmel/Studio/7.0/Packs/atmel/ATmega_DFP/1.2.209/gcc/dev/atmega1284p/avr51/crtatmega1284p.o
LOAD Sketch.o
LOAD src/libraries/Keypad/src/PCA9534.o
LOAD src/libraries/NFC-PN532/NFC_PN532.o
LOAD src/libraries/DS3231M/src/DS3231M.o
LOAD src/libraries/Ethernet2/src/Dhcp.o
LOAD src/libraries/Ethernet2/src/Dns.o
LOAD src/libraries/Ethernet2/src/Ethernet2.o
LOAD src/libraries/Ethernet2/src/EthernetClient.o
LOAD src/libraries/Ethernet2/src/EthernetServer.o
LOAD src/libraries/Ethernet2/src/EthernetUdp2.o
LOAD src/libraries/Ethernet2/src/utility/socket.o
LOAD src/libraries/Ethernet2/src/utility/w5500.o
LOAD src/libraries/Keypad/src/Key.o
LOAD src/libraries/Keypad/src/Keypad.o
LOAD src/libraries/LiquidCrystal/src/I2CIO.o
LOAD src/libraries/LiquidCrystal/src/LCD.o
LOAD src/libraries/LiquidCrystal/src/LiquidCrystal.o
LOAD src/libraries/LiquidCrystal/src/LiquidCrystal_I2C.o
LOAD src/libraries/SPI/src/SPI.o
LOAD src/libraries/Wire/src/utility/twi.o
LOAD src/libraries/Wire/src/Wire.o
START GROUP
LOAD c:/program files (x86)/atmel/studio/7.0/toolchain/avr8/avr8-gnu-toolchain/bin/../lib/gcc/avr/5.4.0/../../../../avr/lib/avr51\libm.a
LOAD C:\Users\utente\Desktop\fwCCEC\TuinoDemo\ArduinoCore\Debug\libArduinoCore.a
END GROUP
LOAD c:/program files (x86)/atmel/studio/7.0/toolchain/avr8/avr8-gnu-toolchain/bin/../lib/gcc/avr/5.4.0/avr51\libgcc.a
LOAD c:/program files (x86)/atmel/studio/7.0/toolchain/avr8/avr8-gnu-toolchain/bin/../lib/gcc/avr/5.4.0/../../../../avr/lib/avr51\libm.a
START GROUP
LOAD c:/program files (x86)/atmel/studio/7.0/toolchain/avr8/avr8-gnu-toolchain/bin/../lib/gcc/avr/5.4.0/avr51\libgcc.a
LOAD c:/program files (x86)/atmel/studio/7.0/toolchain/avr8/avr8-gnu-toolchain/bin/../lib/gcc/avr/5.4.0/../../../../avr/lib/avr51\libm.a
LOAD c:/program files (x86)/atmel/studio/7.0/toolchain/avr8/avr8-gnu-toolchain/bin/../lib/gcc/avr/5.4.0/../../../../avr/lib/avr51\libc.a
LOAD C:/Program Files (x86)/Atmel/Studio/7.0/Packs/atmel/ATmega_DFP/1.2.209/gcc/dev/atmega1284p/avr51\libatmega1284p.a
END GROUP
                0x00000000                __TEXT_REGION_ORIGIN__ = DEFINED (__TEXT_REGION_ORIGIN__)?__TEXT_REGION_ORIGIN__:0x0
                0x00800100                __DATA_REGION_ORIGIN__ = DEFINED (__DATA_REGION_ORIGIN__)?__DATA_REGION_ORIGIN__:0x800100
                0x00020000                __TEXT_REGION_LENGTH__ = DEFINED (__TEXT_REGION_LENGTH__)?__TEXT_REGION_LENGTH__:0x20000
                0x0000ff00                __DATA_REGION_LENGTH__ = DEFINED (__DATA_REGION_LENGTH__)?__DATA_REGION_LENGTH__:0xff00
                0x00010000                __EEPROM_REGION_LENGTH__ = DEFINED (__EEPROM_REGION_LENGTH__)?__EEPROM_REGION_LENGTH__:0x10000
                [0x00000003]                __FUSE_REGION_LENGTH__ = DEFINED (__FUSE_REGION_LENGTH__)?__FUSE_REGION_LENGTH__:0x400
                0x00000400                __LOCK_REGION_LENGTH__ = DEFINED (__LOCK_REGION_LENGTH__)?__LOCK_REGION_LENGTH__:0x400
                0x00000400                __SIGNATURE_REGION_LENGTH__ = DEFINED (__SIGNATURE_REGION_LENGTH__)?__SIGNATURE_REGION_LENGTH__:0x400
                0x00000400                __USER_SIGNATURE_REGION_LENGTH__ = DEFINED (__USER_SIGNATURE_REGION_LENGTH__)?__USER_SIGNATURE_REGION_LENGTH__:0x400

.hash
 *(.hash)

.dynsym
 *(.dynsym)

.dynstr
 *(.dynstr)

.gnu.version
 *(.gnu.version)

.gnu.version_d
 *(.gnu.version_d)

.gnu.version_r
 *(.gnu.version_r)

.rel.init
 *(.rel.init)

.rela.init
 *(.rela.init)

.rel.text
 *(.rel.text)
 *(.rel.text.*)
 *(.rel.gnu.linkonce.t*)

.rela.text
 *(.rela.text)
 *(.rela.text.*)
 *(.rela.gnu.linkonce.t*)

.rel.fini
 *(.rel.fini)

.rela.fini
 *(.rela.fini)

.rel.rodata
 *(.rel.rodata)
 *(.rel.rodata.*)
 *(.rel.gnu.linkonce.r*)

.rela.rodata
 *(.rela.rodata)
 *(.rela.rodata.*)
 *(.rela.gnu.linkonce.r*)

.rel.data
 *(.rel.data)
 *(.rel.data.*)
 *(.rel.gnu.linkonce.d*)

.rela.data
 *(.rela.data)
 *(.rela.data.*)
 *(.rela.gnu.linkonce.d*)

.rel.ctors
 *(.rel.ctors)

.rela.ctors
 *(.rela.ctors)

.rel.dtors
 *(.rel.dtors)

.rela.dtors
 *(.rela.dtors)

.rel.got
 *(.rel.got)

.rela.got
 *(.rela.got)

.rel.bss
 *(.rel.bss)

.rela.bss
 *(.rela.bss)

.rel.plt
 *(.rel.plt)

.rela.plt
 *(.rela.plt)

.text           0x00000000     0x8082
 *(.vectors)
 .vectors       0x00000000       0x8c C:/Program Files (x86)/Atmel/Studio/7.0/Packs/atmel/ATmega_DFP/1.2.209/gcc/dev/atmega1284p/avr51/crtatmega1284p.o
                0x00000000                __vector_default
                0x00000000                __vectors
 *(.vectors)
 *(.progmem.gcc*)
 .progmem.gcc_sw_table.loop
                0x0000008c       0x18 Sketch.o
 .progmem.gcc_sw_table._ZN8DateTimeC2EPK19__FlashStringHelperS2_
                0x000000a4       0x26 src/libraries/DS3231M/src/DS3231M.o
                0x000000ca                . = ALIGN (0x2)
                0x000000ca                __trampolines_start = .
 *(.trampolines)
 .trampolines   0x000000ca        0x0 linker stubs
 *(.trampolines*)
                0x000000ca                __trampolines_end = .
 *libprintf_flt.a:*(.progmem.data)
 *libc.a:*(.progmem.data)
 .progmem.data  0x000000ca       0xfa c:/program files (x86)/atmel/studio/7.0/toolchain/avr8/avr8-gnu-toolchain/bin/../lib/gcc/avr/5.4.0/../../../../avr/lib/avr51\libc.a(ftoa_engine.o)
 *(.progmem*)
 .progmem.data._ZZ5setupE3__c_0
                0x000001c4       0x1e Sketch.o
 .progmem.data._ZZ5setupE3__c
                0x000001e2       0x2f Sketch.o
 .progmem.data._ZZN13DS3231M_Class6adjustEvE3__c
                0x00000211        0xc src/libraries/DS3231M/src/DS3231M.o
 .progmem.data._ZZN13DS3231M_Class6adjustEvE3__c_0
                0x0000021d        0x9 src/libraries/DS3231M/src/DS3231M.o
 .progmem.data._ZL11daysInMonth
                0x00000226        0xc src/libraries/DS3231M/src/DS3231M.o
 .progmem.data.digital_pin_to_timer_PGM
                0x00000232       0x20 C:\Users\utente\Desktop\fwCCEC\TuinoDemo\ArduinoCore\Debug\libArduinoCore.a(wiring_digital.o)
                0x00000232                digital_pin_to_timer_PGM
 .progmem.data.digital_pin_to_bit_mask_PGM
                0x00000252       0x20 C:\Users\utente\Desktop\fwCCEC\TuinoDemo\ArduinoCore\Debug\libArduinoCore.a(wiring_digital.o)
                0x00000252                digital_pin_to_bit_mask_PGM
 .progmem.data.digital_pin_to_port_PGM
                0x00000272       0x20 C:\Users\utente\Desktop\fwCCEC\TuinoDemo\ArduinoCore\Debug\libArduinoCore.a(wiring_digital.o)
                0x00000272                digital_pin_to_port_PGM
 .progmem.data.port_to_input_PGM
                0x00000292        0xa C:\Users\utente\Desktop\fwCCEC\TuinoDemo\ArduinoCore\Debug\libArduinoCore.a(wiring_digital.o)
                0x00000292                port_to_input_PGM
 .progmem.data.port_to_output_PGM
                0x0000029c        0xa C:\Users\utente\Desktop\fwCCEC\TuinoDemo\ArduinoCore\Debug\libArduinoCore.a(wiring_digital.o)
                0x0000029c                port_to_output_PGM
 .progmem.data.port_to_mode_PGM
                0x000002a6        0xa C:\Users\utente\Desktop\fwCCEC\TuinoDemo\ArduinoCore\Debug\libArduinoCore.a(wiring_digital.o)
                0x000002a6                port_to_mode_PGM
                0x000002b0                . = ALIGN (0x2)
 *(.jumptables)
 *(.jumptables*)
 *(.lowtext)
 *(.lowtext*)
                0x000002b0                __ctors_start = .
 *(.ctors)
 .ctors         0x000002b0        0x2 Sketch.o
 .ctors         0x000002b2        0x2 src/libraries/Ethernet2/src/Dhcp.o
 .ctors         0x000002b4        0x2 src/libraries/Ethernet2/src/Dns.o
 .ctors         0x000002b6        0x2 src/libraries/Ethernet2/src/Ethernet2.o
 .ctors         0x000002b8        0x2 src/libraries/Ethernet2/src/EthernetClient.o
 .ctors         0x000002ba        0x2 src/libraries/Ethernet2/src/EthernetServer.o
 .ctors         0x000002bc        0x2 src/libraries/Ethernet2/src/EthernetUdp2.o
 .ctors         0x000002be        0x2 src/libraries/Ethernet2/src/utility/w5500.o
 .ctors         0x000002c0        0x2 src/libraries/Wire/src/Wire.o
 .ctors         0x000002c2        0x2 C:\Users\utente\Desktop\fwCCEC\TuinoDemo\ArduinoCore\Debug\libArduinoCore.a(HardwareSerial0.o)
                0x000002c4                __ctors_end = .
                0x000002c4                __dtors_start = .
 *(.dtors)
 .dtors         0x000002c4        0x2 Sketch.o
                0x000002c6                __dtors_end = .
 SORT(*)(.ctors)
 SORT(*)(.dtors)
 *(.init0)
 .init0         0x000002c6        0x0 C:/Program Files (x86)/Atmel/Studio/7.0/Packs/atmel/ATmega_DFP/1.2.209/gcc/dev/atmega1284p/avr51/crtatmega1284p.o
                0x000002c6                __init
 *(.init0)
 *(.init1)
 *(.init1)
 *(.init2)
 .init2         0x000002c6        0xc C:/Program Files (x86)/Atmel/Studio/7.0/Packs/atmel/ATmega_DFP/1.2.209/gcc/dev/atmega1284p/avr51/crtatmega1284p.o
 *(.init2)
 *(.init3)
 *(.init3)
 *(.init4)
 .init4         0x000002d2       0x1a c:/program files (x86)/atmel/studio/7.0/toolchain/avr8/avr8-gnu-toolchain/bin/../lib/gcc/avr/5.4.0/avr51\libgcc.a(_copy_data.o)
                0x000002d2                __do_copy_data
 .init4         0x000002ec       0x10 c:/program files (x86)/atmel/studio/7.0/toolchain/avr8/avr8-gnu-toolchain/bin/../lib/gcc/avr/5.4.0/avr51\libgcc.a(_clear_bss.o)
                0x000002ec                __do_clear_bss
 *(.init4)
 *(.init5)
 *(.init5)
 *(.init6)
 .init6         0x000002fc       0x16 c:/program files (x86)/atmel/studio/7.0/toolchain/avr8/avr8-gnu-toolchain/bin/../lib/gcc/avr/5.4.0/avr51\libgcc.a(_ctors.o)
                0x000002fc                __do_global_ctors
 *(.init6)
 *(.init7)
 *(.init7)
 *(.init8)
 *(.init8)
 *(.init9)
 .init9         0x00000312        0x8 C:/Program Files (x86)/Atmel/Studio/7.0/Packs/atmel/ATmega_DFP/1.2.209/gcc/dev/atmega1284p/avr51/crtatmega1284p.o
 *(.init9)
 *(.text)
 .text          0x0000031a        0x2 C:/Program Files (x86)/Atmel/Studio/7.0/Packs/atmel/ATmega_DFP/1.2.209/gcc/dev/atmega1284p/avr51/crtatmega1284p.o
                0x0000031a                __vector_22
                0x0000031a                __vector_28
                0x0000031a                __vector_1
                0x0000031a                __vector_32
                0x0000031a                __vector_34
                0x0000031a                __vector_24
                0x0000031a                __vector_12
                0x0000031a                __bad_interrupt
                0x0000031a                __vector_6
                0x0000031a                __vector_31
                0x0000031a                __vector_3
                0x0000031a                __vector_23
                0x0000031a                __vector_30
                0x0000031a                __vector_25
                0x0000031a                __vector_11
                0x0000031a                __vector_13
                0x0000031a                __vector_17
                0x0000031a                __vector_27
                0x0000031a                __vector_5
                0x0000031a                __vector_33
                0x0000031a                __vector_9
                0x0000031a                __vector_2
                0x0000031a                __vector_21
                0x0000031a                __vector_15
                0x0000031a                __vector_29
                0x0000031a                __vector_8
                0x0000031a                __vector_14
                0x0000031a                __vector_10
                0x0000031a                __vector_20
                0x0000031c                . = ALIGN (0x2)
 *(.text.*)
 .text._ZN5Print17availableForWriteEv
                0x0000031c        0x6 Sketch.o
                0x0000031c                _ZN5Print17availableForWriteEv
 .text._ZN5Print5flushEv
                0x00000322        0x2 Sketch.o
                0x00000322                _ZN5Print5flushEv
 .text._ZL11disable_ETHv
                0x00000324        0x4 Sketch.o
 .text._Z19InizializzaEthernetv
                0x00000328       0xce Sketch.o
                0x00000328                _Z19InizializzaEthernetv
 .text._Z11my_delay_msi
                0x000003f6       0x18 Sketch.o
                0x000003f6                _Z11my_delay_msi
 .text._Z9printLinev
                0x0000040e       0x26 Sketch.o
                0x0000040e                _Z9printLinev
 .text._Z8printTabh
                0x00000434       0x22 Sketch.o
                0x00000434                _Z8printTabh
 .text._Z4passb
                0x00000456       0x30 Sketch.o
                0x00000456                _Z4passb
 .text._ZN20ParametriCCEC_structC2ERKS_
                0x00000486       0x32 Sketch.o
                0x00000486                _ZN20ParametriCCEC_structC2ERKS_
                0x00000486                _ZN20ParametriCCEC_structC1ERKS_
 .text._ZN20ParametriCCEC_structD2Ev
                0x000004b8       0x16 Sketch.o
                0x000004b8                _ZN20ParametriCCEC_structD1Ev
                0x000004b8                _ZN20ParametriCCEC_structD2Ev
 .text._Z6Buzzerhm
                0x000004ce       0x3c Sketch.o
                0x000004ce                _Z6Buzzerhm
 .text._Z13getCharKeypadi
                0x0000050a      0x1cc Sketch.o
                0x0000050a                _Z13getCharKeypadi
 .text._Z10displayLCDP6Stringii
                0x000006d6       0x78 Sketch.o
                0x000006d6                _Z10displayLCDP6Stringii
 .text._Z11avanzaStatom
                0x0000074e       0x62 Sketch.o
                0x0000074e                _Z11avanzaStatom
 .text._Z14leggiTAG_Mezzob
                0x000007b0      0x1c6 Sketch.o
                0x000007b0                _Z14leggiTAG_Mezzob
 .text._Z14GetCodeRfidATev
                0x00000976       0xcc Sketch.o
                0x00000976                _Z14GetCodeRfidATev
 .text._Z19GetHTTPResponseCode6String
                0x00000a42       0xd6 Sketch.o
                0x00000a42                _Z19GetHTTPResponseCode6String
 .text._Z17PostErogazioneGACiPc14EthernetClient6String
                0x00000b18      0x324 Sketch.o
                0x00000b18                _Z17PostErogazioneGACiPc14EthernetClient6String
 .text._Z15abilitaPulsantiv
                0x00000e3c       0x14 Sketch.o
                0x00000e3c                _Z15abilitaPulsantiv
 .text._Z22abilitaContattiPistolav
                0x00000e50        0x6 Sketch.o
                0x00000e50                _Z22abilitaContattiPistolav
 .text._Z13abilitaPulserc
                0x00000e56       0x1c Sketch.o
                0x00000e56                _Z13abilitaPulserc
 .text._Z14impulsiToLitrii
                0x00000e72       0x56 Sketch.o
                0x00000e72                _Z14impulsiToLitrii
 .text._Z18Rele_Abilitazione1ii
                0x00000ec8       0x76 Sketch.o
                0x00000ec8                _Z18Rele_Abilitazione1ii
 .text._Z18Rele_Abilitazione2ii
                0x00000f3e       0x88 Sketch.o
                0x00000f3e                _Z18Rele_Abilitazione2ii
 .text._Z12Control_WIFIi
                0x00000fc6       0x26 Sketch.o
                0x00000fc6                _Z12Control_WIFIi
 .text._Z6Azzerav
                0x00000fec      0x13c Sketch.o
                0x00000fec                _Z6Azzerav
 .text._Z10inputTargac
                0x00001128      0x168 Sketch.o
                0x00001128                _Z10inputTargac
 .text._Z7inputKMc
                0x00001290      0x1a0 Sketch.o
                0x00001290                _Z7inputKMc
 .text._Z25read_eeprom_string_struct20ParametriCCEC_struct
                0x00001430      0x120 Sketch.o
                0x00001430                _Z25read_eeprom_string_struct20ParametriCCEC_struct
 .text._Z23write_erogazione_eeprom17Erogazioni_struct
                0x00001550      0x124 Sketch.o
                0x00001550                _Z23write_erogazione_eeprom17Erogazioni_struct
 .text._Z22read_erogazione_eeprom17Erogazioni_struct
                0x00001674       0xf0 Sketch.o
                0x00001674                _Z22read_erogazione_eeprom17Erogazioni_struct
 .text.loop     0x00001764      0xe90 Sketch.o
                0x00001764                loop
 .text.__vector_4
                0x000025f4       0x60 Sketch.o
                0x000025f4                __vector_4
 .text.__vector_7
                0x00002654      0x1d2 Sketch.o
                0x00002654                __vector_7
 .text.startup._GLOBAL__sub_I_ParametriCCEC
                0x00002826      0x268 Sketch.o
 .text.exit._GLOBAL__sub_D_ParametriCCEC
                0x00002a8e       0xcc Sketch.o
 .text.setup    0x00002b5a      0x516 Sketch.o
                0x00002b5a                setup
 .text._ZN7PCA9534C2Ev
                0x00003070        0xa src/libraries/Keypad/src/PCA9534.o
                0x00003070                _ZN7PCA9534C2Ev
                0x00003070                _ZN7PCA9534C1Ev
 .text._ZN7PCA95345beginEh
                0x0000307a        0xc src/libraries/Keypad/src/PCA9534.o
                0x0000307a                _ZN7PCA95345beginEh
 .text._ZN7PCA953413setporteIoExpEhhh
                0x00003086       0xa8 src/libraries/Keypad/src/PCA9534.o
                0x00003086                _ZN7PCA953413setporteIoExpEhhh
 .text._ZN7PCA953410setCONFREGEh
                0x0000312e       0x2e src/libraries/Keypad/src/PCA9534.o
                0x0000312e                _ZN7PCA953410setCONFREGEh
 .text._ZN7PCA953416Read_IP_REGISTEREv
                0x0000315c       0x54 src/libraries/Keypad/src/PCA9534.o
                0x0000315c                _ZN7PCA953416Read_IP_REGISTEREv
 .text._ZN9NFC_PN532C2Ehh
                0x000031b0       0x22 src/libraries/NFC-PN532/NFC_PN532.o
                0x000031b0                _ZN9NFC_PN532C1Ehh
                0x000031b0                _ZN9NFC_PN532C2Ehh
 .text._ZN9NFC_PN5325beginEv
                0x000031d2       0x4a src/libraries/NFC-PN532/NFC_PN532.o
                0x000031d2                _ZN9NFC_PN5325beginEv
 .text._ZN9NFC_PN53210GetHexCodeEPKhm
                0x0000321c      0x110 src/libraries/NFC-PN532/NFC_PN532.o
                0x0000321c                _ZN9NFC_PN53210GetHexCodeEPKhm
 .text._ZN9NFC_PN5327isreadyEv
                0x0000332c       0x12 src/libraries/NFC-PN532/NFC_PN532.o
                0x0000332c                _ZN9NFC_PN5327isreadyEv
 .text._ZN9NFC_PN5329waitreadyEj
                0x0000333e       0x5c src/libraries/NFC-PN532/NFC_PN532.o
                0x0000333e                _ZN9NFC_PN5329waitreadyEj
 .text._ZN9NFC_PN5328readdataEPhh
                0x0000339a       0x68 src/libraries/NFC-PN532/NFC_PN532.o
                0x0000339a                _ZN9NFC_PN5328readdataEPhh
 .text._ZN9NFC_PN5327readackEv
                0x00003402       0x44 src/libraries/NFC-PN532/NFC_PN532.o
                0x00003402                _ZN9NFC_PN5327readackEv
 .text._ZL8i2c_sendh
                0x00003446        0xa src/libraries/NFC-PN532/NFC_PN532.o
 .text._ZN9NFC_PN53212writecommandEPhh
                0x00003450       0x92 src/libraries/NFC-PN532/NFC_PN532.o
                0x00003450                _ZN9NFC_PN53212writecommandEPhh
 .text._ZN9NFC_PN53219sendCommandCheckAckEPhhj
                0x000034e2       0x30 src/libraries/NFC-PN532/NFC_PN532.o
                0x000034e2                _ZN9NFC_PN53219sendCommandCheckAckEPhhj
 .text._ZN9NFC_PN53218getFirmwareVersionEv
                0x00003512       0x90 src/libraries/NFC-PN532/NFC_PN532.o
                0x00003512                _ZN9NFC_PN53218getFirmwareVersionEv
 .text._ZN9NFC_PN5329SAMConfigEv
                0x000035a2       0x5c src/libraries/NFC-PN532/NFC_PN532.o
                0x000035a2                _ZN9NFC_PN5329SAMConfigEv
 .text._ZN9NFC_PN53227setPassiveActivationRetriesEh
                0x000035fe       0x20 src/libraries/NFC-PN532/NFC_PN532.o
                0x000035fe                _ZN9NFC_PN53227setPassiveActivationRetriesEh
 .text._ZN9NFC_PN53219readPassiveTargetIDEhPhS0_j
                0x0000361e       0xa8 src/libraries/NFC-PN532/NFC_PN532.o
                0x0000361e                _ZN9NFC_PN53219readPassiveTargetIDEhPhS0_j
 .text._ZN9NFC_PN53231mifareclassic_AuthenticateBlockEPhhmhS0_
                0x000036c6       0xc0 src/libraries/NFC-PN532/NFC_PN532.o
                0x000036c6                _ZN9NFC_PN53231mifareclassic_AuthenticateBlockEPhhmhS0_
 .text._ZN9NFC_PN53227mifareclassic_ReadDataBlockEhPh
                0x00003786       0x66 src/libraries/NFC-PN532/NFC_PN532.o
                0x00003786                _ZN9NFC_PN53227mifareclassic_ReadDataBlockEhPh
 .text._ZN9NFC_PN53228mifareclassic_WriteDataBlockEhPh
                0x000037ec       0x60 src/libraries/NFC-PN532/NFC_PN532.o
                0x000037ec                _ZN9NFC_PN53228mifareclassic_WriteDataBlockEhPh
 .text._ZL9date2daysjhh
                0x0000384c       0x64 src/libraries/DS3231M/src/DS3231M.o
 .text._ZL6conv2dPKc
                0x000038b0       0x1a src/libraries/DS3231M/src/DS3231M.o
 .text._ZN8DateTimeC2Em
                0x000038ca       0xf2 src/libraries/DS3231M/src/DS3231M.o
                0x000038ca                _ZN8DateTimeC2Em
                0x000038ca                _ZN8DateTimeC1Em
 .text._ZN8DateTimeC2EPK19__FlashStringHelperS2_
                0x000039bc       0xea src/libraries/DS3231M/src/DS3231M.o
                0x000039bc                _ZN8DateTimeC2EPK19__FlashStringHelperS2_
                0x000039bc                _ZN8DateTimeC1EPK19__FlashStringHelperS2_
 .text._ZNK8DateTime12dayOfTheWeekEv
                0x00003aa6       0x18 src/libraries/DS3231M/src/DS3231M.o
                0x00003aa6                _ZNK8DateTime12dayOfTheWeekEv
 .text._ZNK8DateTime8unixtimeEv
                0x00003abe       0x7a src/libraries/DS3231M/src/DS3231M.o
                0x00003abe                _ZNK8DateTime8unixtimeEv
 .text._ZNK8DateTime11secondstimeEv
                0x00003b38       0x6a src/libraries/DS3231M/src/DS3231M.o
                0x00003b38                _ZNK8DateTime11secondstimeEv
 .text._ZN13DS3231M_ClassC2Ev
                0x00003ba2        0xe src/libraries/DS3231M/src/DS3231M.o
                0x00003ba2                _ZN13DS3231M_ClassC2Ev
                0x00003ba2                _ZN13DS3231M_ClassC1Ev
 .text._ZN13DS3231M_ClassD2Ev
                0x00003bb0        0x2 src/libraries/DS3231M/src/DS3231M.o
                0x00003bb0                _ZN13DS3231M_ClassD2Ev
                0x00003bb0                _ZN13DS3231M_ClassD1Ev
 .text._ZN13DS3231M_Class9writeByteEhh
                0x00003bb2       0x40 src/libraries/DS3231M/src/DS3231M.o
                0x00003bb2                _ZN13DS3231M_Class9writeByteEhh
 .text._ZN13DS3231M_Class8readByteEh
                0x00003bf2       0x44 src/libraries/DS3231M/src/DS3231M.o
                0x00003bf2                _ZN13DS3231M_Class8readByteEh
 .text._ZN13DS3231M_Class5beginEm
                0x00003c36       0x60 src/libraries/DS3231M/src/DS3231M.o
                0x00003c36                _ZN13DS3231M_Class5beginEm
 .text._ZN13DS3231M_Class3nowEv
                0x00003c96      0x140 src/libraries/DS3231M/src/DS3231M.o
                0x00003c96                _ZN13DS3231M_Class3nowEv
 .text._ZN13DS3231M_Class6adjustERK8DateTime
                0x00003dd6      0x11c src/libraries/DS3231M/src/DS3231M.o
                0x00003dd6                _ZN13DS3231M_Class6adjustERK8DateTime
 .text._ZN13DS3231M_Class6adjustEv
                0x00003ef2       0x42 src/libraries/DS3231M/src/DS3231M.o
                0x00003ef2                _ZN13DS3231M_Class6adjustEv
 .text.startup._GLOBAL__sub_I__ZN9DhcpClass13beginWithDHCPEPhmm
                0x00003f34       0x16 src/libraries/Ethernet2/src/Dhcp.o
 .text._ZN9DNSClient5beginERK9IPAddress
                0x00003f4a       0x1a src/libraries/Ethernet2/src/Dns.o
                0x00003f4a                _ZN9DNSClient5beginERK9IPAddress
 .text._ZN9DNSClient9inet_atonEPKcR9IPAddress
                0x00003f64       0x80 src/libraries/Ethernet2/src/Dns.o
                0x00003f64                _ZN9DNSClient9inet_atonEPKcR9IPAddress
 .text.startup._GLOBAL__sub_I__ZN9DNSClient5beginERK9IPAddress
                0x00003fe4       0x16 src/libraries/Ethernet2/src/Dns.o
 .text._ZN9DNSClient12BuildRequestEPKc
                0x00003ffa      0x142 src/libraries/Ethernet2/src/Dns.o
                0x00003ffa                _ZN9DNSClient12BuildRequestEPKc
 .text._ZN9DNSClient15ProcessResponseEjR9IPAddress
                0x0000413c      0x2c2 src/libraries/Ethernet2/src/Dns.o
                0x0000413c                _ZN9DNSClient15ProcessResponseEjR9IPAddress
 .text._ZN9DNSClient13getHostByNameEPKcR9IPAddress
                0x000043fe      0x112 src/libraries/Ethernet2/src/Dns.o
                0x000043fe                _ZN9DNSClient13getHostByNameEPKcR9IPAddress
 .text._ZN10W5500Class8writeGAREPh
                0x00004510        0xe src/libraries/Ethernet2/src/Ethernet2.o
                0x00004510                _ZN10W5500Class8writeGAREPh
 .text._ZN10W5500Class9writeSUBREPh
                0x0000451e        0xe src/libraries/Ethernet2/src/Ethernet2.o
                0x0000451e                _ZN10W5500Class9writeSUBREPh
 .text._ZN10W5500Class9writeSHAREPh
                0x0000452c        0xe src/libraries/Ethernet2/src/Ethernet2.o
                0x0000452c                _ZN10W5500Class9writeSHAREPh
 .text._ZN10W5500Class9writeSIPREPh
                0x0000453a        0xe src/libraries/Ethernet2/src/Ethernet2.o
                0x0000453a                _ZN10W5500Class9writeSIPREPh
 .text._ZN13EthernetClass5beginEPh9IPAddressS1_S1_S1_
                0x00004548       0x6c src/libraries/Ethernet2/src/Ethernet2.o
                0x00004548                _ZN13EthernetClass5beginEPh9IPAddressS1_S1_S1_
 .text._ZN13EthernetClass11dnsServerIPEv
                0x000045b4       0x20 src/libraries/Ethernet2/src/Ethernet2.o
                0x000045b4                _ZN13EthernetClass11dnsServerIPEv
 .text.startup._GLOBAL__sub_I__ZN13EthernetClass6_stateE
                0x000045d4       0x2a src/libraries/Ethernet2/src/Ethernet2.o
 .text._ZN14EthernetClientneERKS_
                0x000045fe       0x14 src/libraries/Ethernet2/src/EthernetClient.o
                0x000045fe                _ZN14EthernetClientneERKS_
 .text._ZN14EthernetClient5writeEh
                0x00004612       0x2c src/libraries/Ethernet2/src/EthernetClient.o
                0x00004612                _ZN14EthernetClient5writeEh
 .text._ZN14EthernetClientcvbEv
                0x0000463e       0x10 src/libraries/Ethernet2/src/EthernetClient.o
                0x0000463e                _ZN14EthernetClientcvbEv
 .text._ZN14EthernetClienteqERKS_
                0x0000464e       0x16 src/libraries/Ethernet2/src/EthernetClient.o
                0x0000464e                _ZN14EthernetClienteqERKS_
 .text._ZN14EthernetClient7connectEPKcj
                0x00004664       0xb4 src/libraries/Ethernet2/src/EthernetClient.o
                0x00004664                _ZN14EthernetClient7connectEPKcj
 .text._ZN14EthernetClient5writeEPKhj
                0x00004718       0x3a src/libraries/Ethernet2/src/EthernetClient.o
                0x00004718                _ZN14EthernetClient5writeEPKhj
 .text._ZN14EthernetClient9availableEv
                0x00004752       0x14 src/libraries/Ethernet2/src/EthernetClient.o
                0x00004752                _ZN14EthernetClient9availableEv
 .text._ZN14EthernetClient4readEv
                0x00004766       0x32 src/libraries/Ethernet2/src/EthernetClient.o
                0x00004766                _ZN14EthernetClient4readEv
 .text._ZN14EthernetClient4readEPhj
                0x00004798        0x6 src/libraries/Ethernet2/src/EthernetClient.o
                0x00004798                _ZN14EthernetClient4readEPhj
 .text._ZN14EthernetClient4peekEv
                0x0000479e       0x44 src/libraries/Ethernet2/src/EthernetClient.o
                0x0000479e                _ZN14EthernetClient4peekEv
 .text._ZN14EthernetClient5flushEv
                0x000047e2        0x6 src/libraries/Ethernet2/src/EthernetClient.o
                0x000047e2                _ZN14EthernetClient5flushEv
 .text._ZN14EthernetClientC2Ev
                0x000047e8       0x24 src/libraries/Ethernet2/src/EthernetClient.o
                0x000047e8                _ZN14EthernetClientC2Ev
                0x000047e8                _ZN14EthernetClientC1Ev
 .text._ZN14EthernetClient6statusEv
                0x0000480c       0x1a src/libraries/Ethernet2/src/EthernetClient.o
                0x0000480c                _ZN14EthernetClient6statusEv
 .text._ZN14EthernetClient9connectedEv
                0x00004826       0x46 src/libraries/Ethernet2/src/EthernetClient.o
                0x00004826                _ZN14EthernetClient9connectedEv
 .text._ZN14EthernetClient4stopEv
                0x0000486c       0x7c src/libraries/Ethernet2/src/EthernetClient.o
                0x0000486c                _ZN14EthernetClient4stopEv
 .text._ZN14EthernetClient7connectE9IPAddressj
                0x000048e8       0xba src/libraries/Ethernet2/src/EthernetClient.o
                0x000048e8                _ZN14EthernetClient7connectE9IPAddressj
 .text.startup._GLOBAL__sub_I__ZN14EthernetClient8_srcportE
                0x000049a2       0x16 src/libraries/Ethernet2/src/EthernetClient.o
 .text.startup._GLOBAL__sub_I__ZN14EthernetServerC2Ej
                0x000049b8       0x16 src/libraries/Ethernet2/src/EthernetServer.o
 .text._ZN3UDP14beginMulticastE9IPAddressj
                0x000049ce        0x4 src/libraries/Ethernet2/src/EthernetUdp2.o
                0x000049ce                _ZN3UDP14beginMulticastE9IPAddressj
 .text._ZN11EthernetUDP4readEPcj
                0x000049d2        0xe src/libraries/Ethernet2/src/EthernetUdp2.o
                0x000049d2                _ZN11EthernetUDP4readEPcj
 .text._ZN11EthernetUDP8remoteIPEv
                0x000049e0       0x20 src/libraries/Ethernet2/src/EthernetUdp2.o
                0x000049e0                _ZN11EthernetUDP8remoteIPEv
 .text._ZN11EthernetUDP10remotePortEv
                0x00004a00        0x8 src/libraries/Ethernet2/src/EthernetUdp2.o
                0x00004a00                _ZN11EthernetUDP10remotePortEv
 .text._ZN11EthernetUDP9availableEv
                0x00004a08        0x8 src/libraries/Ethernet2/src/EthernetUdp2.o
                0x00004a08                _ZN11EthernetUDP9availableEv
 .text._ZN11EthernetUDP5writeEh
                0x00004a10       0x2c src/libraries/Ethernet2/src/EthernetUdp2.o
                0x00004a10                _ZN11EthernetUDP5writeEh
 .text._ZN11EthernetUDP5flushEv
                0x00004a3c       0x24 src/libraries/Ethernet2/src/EthernetUdp2.o
                0x00004a3c                _ZN11EthernetUDP5flushEv
 .text._ZN11EthernetUDP4stopEv
                0x00004a60       0x28 src/libraries/Ethernet2/src/EthernetUdp2.o
                0x00004a60                _ZN11EthernetUDP4stopEv
 .text._ZN11EthernetUDP11beginPacketE9IPAddressj
                0x00004a88        0xe src/libraries/Ethernet2/src/EthernetUdp2.o
                0x00004a88                _ZN11EthernetUDP11beginPacketE9IPAddressj
 .text._ZN11EthernetUDP9endPacketEv
                0x00004a96        0x6 src/libraries/Ethernet2/src/EthernetUdp2.o
                0x00004a96                _ZN11EthernetUDP9endPacketEv
 .text._ZN11EthernetUDP5writeEPKhj
                0x00004a9c       0x26 src/libraries/Ethernet2/src/EthernetUdp2.o
                0x00004a9c                _ZN11EthernetUDP5writeEPKhj
 .text._ZN11EthernetUDP4readEv
                0x00004ac2       0x50 src/libraries/Ethernet2/src/EthernetUdp2.o
                0x00004ac2                _ZN11EthernetUDP4readEv
 .text._ZN11EthernetUDP4readEPhj
                0x00004b12       0x3c src/libraries/Ethernet2/src/EthernetUdp2.o
                0x00004b12                _ZN11EthernetUDP4readEPhj
 .text._ZN11EthernetUDP4peekEv
                0x00004b4e       0x30 src/libraries/Ethernet2/src/EthernetUdp2.o
                0x00004b4e                _ZN11EthernetUDP4peekEv
 .text._ZN11EthernetUDP5beginEj
                0x00004b7e       0x62 src/libraries/Ethernet2/src/EthernetUdp2.o
                0x00004b7e                _ZN11EthernetUDP5beginEj
 .text._ZN11EthernetUDP11parsePacketEv
                0x00004be0       0x9e src/libraries/Ethernet2/src/EthernetUdp2.o
                0x00004be0                _ZN11EthernetUDP11parsePacketEv
 .text._ZN11EthernetUDPC2Ev
                0x00004c7e       0x2a src/libraries/Ethernet2/src/EthernetUdp2.o
                0x00004c7e                _ZN11EthernetUDPC1Ev
                0x00004c7e                _ZN11EthernetUDPC2Ev
 .text._ZN11EthernetUDP11beginPacketEPKcj
                0x00004ca8       0xb4 src/libraries/Ethernet2/src/EthernetUdp2.o
                0x00004ca8                _ZN11EthernetUDP11beginPacketEPKcj
 .text.startup._GLOBAL__sub_I__ZN11EthernetUDPC2Ev
                0x00004d5c       0x16 src/libraries/Ethernet2/src/EthernetUdp2.o
 .text._ZN10W5500Class11writeSnDIPREhPh
                0x00004d72       0x16 src/libraries/Ethernet2/src/utility/socket.o
                0x00004d72                _ZN10W5500Class11writeSnDIPREhPh
 .text._ZN10W5500Class6readSnEhj
                0x00004d88       0x10 src/libraries/Ethernet2/src/utility/socket.o
                0x00004d88                _ZN10W5500Class6readSnEhj
 .text._ZN10W5500Class8readSnIREh
                0x00004d98        0x6 src/libraries/Ethernet2/src/utility/socket.o
                0x00004d98                _ZN10W5500Class8readSnIREh
 .text._ZN10W5500Class7writeSnEhjh
                0x00004d9e       0x10 src/libraries/Ethernet2/src/utility/socket.o
                0x00004d9e                _ZN10W5500Class7writeSnEhjh
 .text._ZN10W5500Class11writeSnPORTEhj
                0x00004dae       0x1e src/libraries/Ethernet2/src/utility/socket.o
                0x00004dae                _ZN10W5500Class11writeSnPORTEhj
 .text._ZN10W5500Class9writeSnIREhh
                0x00004dcc        0x8 src/libraries/Ethernet2/src/utility/socket.o
                0x00004dcc                _ZN10W5500Class9writeSnIREhh
 .text._ZN10W5500Class12writeSnDPORTEhj
                0x00004dd4       0x1e src/libraries/Ethernet2/src/utility/socket.o
                0x00004dd4                _ZN10W5500Class12writeSnDPORTEhj
 .text._Z5closeh
                0x00004df2       0x16 src/libraries/Ethernet2/src/utility/socket.o
                0x00004df2                _Z5closeh
 .text._Z6sockethhjh
                0x00004e08       0x66 src/libraries/Ethernet2/src/utility/socket.o
                0x00004e08                _Z6sockethhjh
 .text._Z7connecthPhj
                0x00004e6e       0x66 src/libraries/Ethernet2/src/utility/socket.o
                0x00004e6e                _Z7connecthPhj
 .text._Z10disconnecth
                0x00004ed4        0xa src/libraries/Ethernet2/src/utility/socket.o
                0x00004ed4                _Z10disconnecth
 .text._Z4sendhPKhj
                0x00004ede       0x90 src/libraries/Ethernet2/src/utility/socket.o
                0x00004ede                _Z4sendhPKhj
 .text._Z4recvhPhi
                0x00004f6e       0x82 src/libraries/Ethernet2/src/utility/socket.o
                0x00004f6e                _Z4recvhPhi
 .text._Z4peekhPh
                0x00004ff0       0x1a src/libraries/Ethernet2/src/utility/socket.o
                0x00004ff0                _Z4peekhPh
 .text._Z5flushh
                0x0000500a        0x2 src/libraries/Ethernet2/src/utility/socket.o
                0x0000500a                _Z5flushh
 .text._Z10bufferDatahjPKhj
                0x0000500c       0x56 src/libraries/Ethernet2/src/utility/socket.o
                0x0000500c                _Z10bufferDatahjPKhj
 .text._Z8startUDPhPhj
                0x00005062       0x46 src/libraries/Ethernet2/src/utility/socket.o
                0x00005062                _Z8startUDPhPhj
 .text._Z7sendUDPh
                0x000050a8       0x38 src/libraries/Ethernet2/src/utility/socket.o
                0x000050a8                _Z7sendUDPh
 .text._ZN8SPIClass16beginTransactionE11SPISettings
                0x000050e0       0x34 src/libraries/Ethernet2/src/utility/w5500.o
                0x000050e0                _ZN8SPIClass16beginTransactionE11SPISettings
 .text._ZN8SPIClass8transferEh
                0x00005114        0xe src/libraries/Ethernet2/src/utility/w5500.o
                0x00005114                _ZN8SPIClass8transferEh
 .text._ZN8SPIClass14endTransactionEv
                0x00005122       0x22 src/libraries/Ethernet2/src/utility/w5500.o
                0x00005122                _ZN8SPIClass14endTransactionEv
 .text._ZN10W5500Class5setSSEv
                0x00005144        0x4 src/libraries/Ethernet2/src/utility/w5500.o
                0x00005144                _ZN10W5500Class5setSSEv
 .text._ZN10W5500Class7resetSSEv
                0x00005148        0x4 src/libraries/Ethernet2/src/utility/w5500.o
                0x00005148                _ZN10W5500Class7resetSSEv
 .text._ZN10W5500Class5writeEjhh
                0x0000514c       0x3c src/libraries/Ethernet2/src/utility/w5500.o
                0x0000514c                _ZN10W5500Class5writeEjhh
 .text._ZN10W5500Class5writeEjhPKhj
                0x00005188       0x58 src/libraries/Ethernet2/src/utility/w5500.o
                0x00005188                _ZN10W5500Class5writeEjhPKhj
 .text._ZN10W5500Class4readEjh
                0x000051e0       0x38 src/libraries/Ethernet2/src/utility/w5500.o
                0x000051e0                _ZN10W5500Class4readEjh
 .text._ZN10W5500Class4initEh
                0x00005218       0x58 src/libraries/Ethernet2/src/utility/w5500.o
                0x00005218                _ZN10W5500Class4initEh
 .text._ZN10W5500Class12readSnTX_FSREh
                0x00005270       0x2e src/libraries/Ethernet2/src/utility/w5500.o
                0x00005270                _ZN10W5500Class12readSnTX_FSREh
 .text._ZN10W5500Class13getTXFreeSizeEh
                0x0000529e       0x34 src/libraries/Ethernet2/src/utility/w5500.o
                0x0000529e                _ZN10W5500Class13getTXFreeSizeEh
 .text._ZN10W5500Class12readSnRX_RSREh
                0x000052d2       0x2e src/libraries/Ethernet2/src/utility/w5500.o
                0x000052d2                _ZN10W5500Class12readSnRX_RSREh
 .text._ZN10W5500Class17getRXReceivedSizeEh
                0x00005300       0x34 src/libraries/Ethernet2/src/utility/w5500.o
                0x00005300                _ZN10W5500Class17getRXReceivedSizeEh
 .text._ZN10W5500Class27send_data_processing_offsetEhjPKhj
                0x00005334       0x74 src/libraries/Ethernet2/src/utility/w5500.o
                0x00005334                _ZN10W5500Class27send_data_processing_offsetEhjPKhj
 .text._ZN10W5500Class20send_data_processingEhPKhj
                0x000053a8       0x14 src/libraries/Ethernet2/src/utility/w5500.o
                0x000053a8                _ZN10W5500Class20send_data_processingEhPKhj
 .text._ZN10W5500Class4readEjhPhj
                0x000053bc       0x5a src/libraries/Ethernet2/src/utility/w5500.o
                0x000053bc                _ZN10W5500Class4readEjhPhj
 .text._ZN10W5500Class9read_dataEhjPVhj
                0x00005416       0x30 src/libraries/Ethernet2/src/utility/w5500.o
                0x00005416                _ZN10W5500Class9read_dataEhjPVhj
 .text._ZN10W5500Class20recv_data_processingEhPhjh
                0x00005446       0x9a src/libraries/Ethernet2/src/utility/w5500.o
                0x00005446                _ZN10W5500Class20recv_data_processingEhPhjh
 .text._ZN10W5500Class9execCmdSnEh7SockCMD
                0x000054e0       0x1c src/libraries/Ethernet2/src/utility/w5500.o
                0x000054e0                _ZN10W5500Class9execCmdSnEh7SockCMD
 .text.startup._GLOBAL__sub_I_w5500
                0x000054fc        0xe src/libraries/Ethernet2/src/utility/w5500.o
 .text._ZN5I2CIOC2Ev
                0x0000550a        0xe src/libraries/LiquidCrystal/src/I2CIO.o
                0x0000550a                _ZN5I2CIOC2Ev
                0x0000550a                _ZN5I2CIOC1Ev
 .text._ZN5I2CIO8portModeEh
                0x00005518       0x16 src/libraries/LiquidCrystal/src/I2CIO.o
                0x00005518                _ZN5I2CIO8portModeEh
 .text._ZN5I2CIO11isAvailableEh
                0x0000552e       0x16 src/libraries/LiquidCrystal/src/I2CIO.o
                0x0000552e                _ZN5I2CIO11isAvailableEh
 .text._ZN5I2CIO5beginEh
                0x00005544       0x2c src/libraries/LiquidCrystal/src/I2CIO.o
                0x00005544                _ZN5I2CIO5beginEh
 .text._ZN5I2CIO5writeEh
                0x00005570       0x48 src/libraries/LiquidCrystal/src/I2CIO.o
                0x00005570                _ZN5I2CIO5writeEh
 .text._ZN3LCD15setBacklightPinEh13t_backlighPol
                0x000055b8        0x2 src/libraries/LiquidCrystal/src/LCD.o
                0x000055b8                _ZN3LCD15setBacklightPinEh13t_backlighPol
 .text._ZN3LCD12setBacklightEh
                0x000055ba        0x2 src/libraries/LiquidCrystal/src/LCD.o
                0x000055ba                _ZN3LCD12setBacklightEh
 .text._ZN3LCD5writeEh
                0x000055bc       0x16 src/libraries/LiquidCrystal/src/LCD.o
                0x000055bc                _ZN3LCD5writeEh
 .text._ZN3LCDC2Ev
                0x000055d2       0x10 src/libraries/LiquidCrystal/src/LCD.o
                0x000055d2                _ZN3LCDC1Ev
                0x000055d2                _ZN3LCDC2Ev
 .text._ZN3LCD9backlightEv
                0x000055e2       0x10 src/libraries/LiquidCrystal/src/LCD.o
                0x000055e2                _ZN3LCD9backlightEv
 .text._ZN3LCD11noBacklightEv
                0x000055f2       0x10 src/libraries/LiquidCrystal/src/LCD.o
                0x000055f2                _ZN3LCD11noBacklightEv
 .text._ZN3LCD7commandEh
                0x00005602       0x10 src/libraries/LiquidCrystal/src/LCD.o
                0x00005602                _ZN3LCD7commandEh
 .text._ZN3LCD5clearEv
                0x00005612        0xc src/libraries/LiquidCrystal/src/LCD.o
                0x00005612                _ZN3LCD5clearEv
 .text._ZN3LCD9setCursorEhh
                0x0000561e       0x84 src/libraries/LiquidCrystal/src/LCD.o
                0x0000561e                _ZN3LCD9setCursorEhh
 .text._ZN3LCD9noDisplayEv
                0x000056a2        0xc src/libraries/LiquidCrystal/src/LCD.o
                0x000056a2                _ZN3LCD9noDisplayEv
 .text._ZN3LCD7displayEv
                0x000056ae        0xe src/libraries/LiquidCrystal/src/LCD.o
                0x000056ae                _ZN3LCD7displayEv
 .text._ZN3LCD5beginEhhh
                0x000056bc       0xf2 src/libraries/LiquidCrystal/src/LCD.o
                0x000056bc                _ZN3LCD5beginEhhh
 .text._ZN3LCD10createCharEhPh
                0x000057ae       0x5e src/libraries/LiquidCrystal/src/LCD.o
                0x000057ae                _ZN3LCD10createCharEhPh
 .text._ZN17LiquidCrystal_I2C15setBacklightPinEh13t_backlighPol
                0x0000580c       0x26 src/libraries/LiquidCrystal/src/LiquidCrystal_I2C.o
                0x0000580c                _ZN17LiquidCrystal_I2C15setBacklightPinEh13t_backlighPol
 .text._ZN17LiquidCrystal_I2C12setBacklightEh
                0x00005832       0x2c src/libraries/LiquidCrystal/src/LiquidCrystal_I2C.o
                0x00005832                _ZN17LiquidCrystal_I2C12setBacklightEh
 .text._ZN17LiquidCrystal_I2C4initEv
                0x0000585e       0x3e src/libraries/LiquidCrystal/src/LiquidCrystal_I2C.o
                0x0000585e                _ZN17LiquidCrystal_I2C4initEv
 .text._ZN17LiquidCrystal_I2C6configEhhhhhhhh
                0x0000589c       0x80 src/libraries/LiquidCrystal/src/LiquidCrystal_I2C.o
                0x0000589c                _ZN17LiquidCrystal_I2C6configEhhhhhhhh
 .text._ZN17LiquidCrystal_I2CC2Ehhhhhhhhh13t_backlighPol
                0x0000591c       0x6c src/libraries/LiquidCrystal/src/LiquidCrystal_I2C.o
                0x0000591c                _ZN17LiquidCrystal_I2CC1Ehhhhhhhhh13t_backlighPol
                0x0000591c                _ZN17LiquidCrystal_I2CC2Ehhhhhhhhh13t_backlighPol
 .text._ZN17LiquidCrystal_I2C11pulseEnableEh
                0x00005988       0x36 src/libraries/LiquidCrystal/src/LiquidCrystal_I2C.o
                0x00005988                _ZN17LiquidCrystal_I2C11pulseEnableEh
 .text._ZN17LiquidCrystal_I2C10write4bitsEhh
                0x000059be       0x30 src/libraries/LiquidCrystal/src/LiquidCrystal_I2C.o
                0x000059be                _ZN17LiquidCrystal_I2C10write4bitsEhh
 .text._ZN17LiquidCrystal_I2C4sendEhh
                0x000059ee       0x3a src/libraries/LiquidCrystal/src/LiquidCrystal_I2C.o
                0x000059ee                _ZN17LiquidCrystal_I2C4sendEhh
 .text._ZN17LiquidCrystal_I2C5beginEhhh
                0x00005a28       0x28 src/libraries/LiquidCrystal/src/LiquidCrystal_I2C.o
                0x00005a28                _ZN17LiquidCrystal_I2C5beginEhhh
 .text._ZN8SPIClass5beginEv
                0x00005a50       0x6c src/libraries/SPI/src/SPI.o
                0x00005a50                _ZN8SPIClass5beginEv
 .text.twi_init
                0x00005abc       0x3c src/libraries/Wire/src/utility/twi.o
                0x00005abc                twi_init
 .text.twi_disable
                0x00005af8       0x1a src/libraries/Wire/src/utility/twi.o
                0x00005af8                twi_disable
 .text.twi_setFrequency
                0x00005b12       0x28 src/libraries/Wire/src/utility/twi.o
                0x00005b12                twi_setFrequency
 .text.twi_readFrom
                0x00005b3a       0x90 src/libraries/Wire/src/utility/twi.o
                0x00005b3a                twi_readFrom
 .text.twi_writeTo
                0x00005bca       0xac src/libraries/Wire/src/utility/twi.o
                0x00005bca                twi_writeTo
 .text.twi_transmit
                0x00005c76       0x50 src/libraries/Wire/src/utility/twi.o
                0x00005c76                twi_transmit
 .text.twi_attachSlaveRxEvent
                0x00005cc6        0xa src/libraries/Wire/src/utility/twi.o
                0x00005cc6                twi_attachSlaveRxEvent
 .text.twi_attachSlaveTxEvent
                0x00005cd0        0xa src/libraries/Wire/src/utility/twi.o
                0x00005cd0                twi_attachSlaveTxEvent
 .text.twi_stop
                0x00005cda       0x14 src/libraries/Wire/src/utility/twi.o
                0x00005cda                twi_stop
 .text.twi_releaseBus
                0x00005cee        0xc src/libraries/Wire/src/utility/twi.o
                0x00005cee                twi_releaseBus
 .text.__vector_26
                0x00005cfa      0x25c src/libraries/Wire/src/utility/twi.o
                0x00005cfa                __vector_26
 .text._ZN7TwoWire9availableEv
                0x00005f56       0x10 src/libraries/Wire/src/Wire.o
                0x00005f56                _ZN7TwoWire9availableEv
 .text._ZN7TwoWire4readEv
                0x00005f66       0x28 src/libraries/Wire/src/Wire.o
                0x00005f66                _ZN7TwoWire4readEv
 .text._ZN7TwoWire4peekEv
                0x00005f8e       0x1e src/libraries/Wire/src/Wire.o
                0x00005f8e                _ZN7TwoWire4peekEv
 .text._ZN7TwoWire5flushEv
                0x00005fac        0x2 src/libraries/Wire/src/Wire.o
                0x00005fac                _ZN7TwoWire5flushEv
 .text._ZN7TwoWire16onReceiveServiceEPhi
                0x00005fae       0x54 src/libraries/Wire/src/Wire.o
                0x00005fae                _ZN7TwoWire16onReceiveServiceEPhi
 .text._ZN7TwoWire16onRequestServiceEv
                0x00006002       0x18 src/libraries/Wire/src/Wire.o
                0x00006002                _ZN7TwoWire16onRequestServiceEv
 .text._ZN7TwoWire5writeEPKhj
                0x0000601a       0x58 src/libraries/Wire/src/Wire.o
                0x0000601a                _ZN7TwoWire5writeEPKhj
 .text._ZN7TwoWire5writeEh
                0x00006072       0x5c src/libraries/Wire/src/Wire.o
                0x00006072                _ZN7TwoWire5writeEh
 .text._ZN7TwoWireC2Ev
                0x000060ce       0x20 src/libraries/Wire/src/Wire.o
                0x000060ce                _ZN7TwoWireC1Ev
                0x000060ce                _ZN7TwoWireC2Ev
 .text._ZN7TwoWire5beginEv
                0x000060ee       0x1e src/libraries/Wire/src/Wire.o
                0x000060ee                _ZN7TwoWire5beginEv
 .text._ZN7TwoWire3endEv
                0x0000610c        0x2 src/libraries/Wire/src/Wire.o
                0x0000610c                _ZN7TwoWire3endEv
 .text._ZN7TwoWire8setClockEm
                0x0000610e        0x6 src/libraries/Wire/src/Wire.o
                0x0000610e                _ZN7TwoWire8setClockEm
 .text._ZN7TwoWire17beginTransmissionEh
                0x00006114       0x14 src/libraries/Wire/src/Wire.o
                0x00006114                _ZN7TwoWire17beginTransmissionEh
 .text._ZN7TwoWire17beginTransmissionEi
                0x00006128        0x2 src/libraries/Wire/src/Wire.o
                0x00006128                _ZN7TwoWire17beginTransmissionEi
 .text._ZN7TwoWire15endTransmissionEh
                0x0000612a       0x24 src/libraries/Wire/src/Wire.o
                0x0000612a                _ZN7TwoWire15endTransmissionEh
 .text._ZN7TwoWire11requestFromEhhmhh
                0x0000614e       0xa2 src/libraries/Wire/src/Wire.o
                0x0000614e                _ZN7TwoWire11requestFromEhhmhh
 .text._ZN7TwoWire11requestFromEhhh
                0x000061f0       0x1e src/libraries/Wire/src/Wire.o
                0x000061f0                _ZN7TwoWire11requestFromEhhh
 .text._ZN7TwoWire11requestFromEhh
                0x0000620e        0x4 src/libraries/Wire/src/Wire.o
                0x0000620e                _ZN7TwoWire11requestFromEhh
 .text._ZN7TwoWire11requestFromEii
                0x00006212        0x4 src/libraries/Wire/src/Wire.o
                0x00006212                _ZN7TwoWire11requestFromEii
 .text._ZN7TwoWire15endTransmissionEv
                0x00006216        0x4 src/libraries/Wire/src/Wire.o
                0x00006216                _ZN7TwoWire15endTransmissionEv
 .text.startup._GLOBAL__sub_I__ZN7TwoWire8rxBufferE
                0x0000621a        0x6 src/libraries/Wire/src/Wire.o
 .text.avr-libc.fplib
                0x00006220        0x8 c:/program files (x86)/atmel/studio/7.0/toolchain/avr8/avr8-gnu-toolchain/bin/../lib/gcc/avr/5.4.0/../../../../avr/lib/avr51\libm.a(cmpsf2.o)
                0x00006220                __nesf2
                0x00006220                __eqsf2
                0x00006220                __cmpsf2
                0x00006220                __ltsf2
                0x00006220                __lesf2
 .text.avr-libc.fplib
                0x00006228        0x4 c:/program files (x86)/atmel/studio/7.0/toolchain/avr8/avr8-gnu-toolchain/bin/../lib/gcc/avr/5.4.0/../../../../avr/lib/avr51\libm.a(divsf3.o)
                0x00006228                __divsf3
 .text.avr-libc.fplib
                0x0000622c       0xcc c:/program files (x86)/atmel/studio/7.0/toolchain/avr8/avr8-gnu-toolchain/bin/../lib/gcc/avr/5.4.0/../../../../avr/lib/avr51\libm.a(divsf3x.o)
                0x00006242                __divsf3x
                0x00006246                __divsf3_pse
 .text.avr-libc.fplib
                0x000062f8       0x7a c:/program files (x86)/atmel/studio/7.0/toolchain/avr8/avr8-gnu-toolchain/bin/../lib/gcc/avr/5.4.0/../../../../avr/lib/avr51\libm.a(floatsisf.o)
                0x000062f8                __floatunsisf
                0x000062fc                __floatsisf
 .text.avr-libc.fplib
                0x00006372       0x48 c:/program files (x86)/atmel/studio/7.0/toolchain/avr8/avr8-gnu-toolchain/bin/../lib/gcc/avr/5.4.0/../../../../avr/lib/avr51\libm.a(fp_cmp.o)
                0x00006372                __fp_cmp
 .text.avr-libc.fplib
                0x000063ba        0xc c:/program files (x86)/atmel/studio/7.0/toolchain/avr8/avr8-gnu-toolchain/bin/../lib/gcc/avr/5.4.0/../../../../avr/lib/avr51\libm.a(fp_inf.o)
                0x000063ba                __fp_inf
 .text.avr-libc.fplib
                0x000063c6        0x6 c:/program files (x86)/atmel/studio/7.0/toolchain/avr8/avr8-gnu-toolchain/bin/../lib/gcc/avr/5.4.0/../../../../avr/lib/avr51\libm.a(fp_nan.o)
                0x000063c6                __fp_nan
 .text.avr-libc.fplib
                0x000063cc        0xe c:/program files (x86)/atmel/studio/7.0/toolchain/avr8/avr8-gnu-toolchain/bin/../lib/gcc/avr/5.4.0/../../../../avr/lib/avr51\libm.a(fp_pscA.o)
                0x000063cc                __fp_pscA
 .text.avr-libc.fplib
                0x000063da        0xe c:/program files (x86)/atmel/studio/7.0/toolchain/avr8/avr8-gnu-toolchain/bin/../lib/gcc/avr/5.4.0/../../../../avr/lib/avr51\libm.a(fp_pscB.o)
                0x000063da                __fp_pscB
 .text.avr-libc.fplib
                0x000063e8       0x22 c:/program files (x86)/atmel/studio/7.0/toolchain/avr8/avr8-gnu-toolchain/bin/../lib/gcc/avr/5.4.0/../../../../avr/lib/avr51\libm.a(fp_round.o)
                0x000063e8                __fp_round
 .text.avr-libc.fplib
                0x0000640a       0x44 c:/program files (x86)/atmel/studio/7.0/toolchain/avr8/avr8-gnu-toolchain/bin/../lib/gcc/avr/5.4.0/../../../../avr/lib/avr51\libm.a(fp_split3.o)
                0x0000640a                __fp_split3
                0x0000641a                __fp_splitA
 .text.avr-libc.fplib
                0x0000644e        0xe c:/program files (x86)/atmel/studio/7.0/toolchain/avr8/avr8-gnu-toolchain/bin/../lib/gcc/avr/5.4.0/../../../../avr/lib/avr51\libm.a(fp_zero.o)
                0x0000644e                __fp_zero
                0x00006450                __fp_szero
 .text.__cxa_pure_virtual
                0x0000645c        0x4 C:\Users\utente\Desktop\fwCCEC\TuinoDemo\ArduinoCore\Debug\libArduinoCore.a(abi.o)
                0x0000645c                __cxa_pure_virtual
 .text._ZN14HardwareSerial9availableEv
                0x00006460       0x18 C:\Users\utente\Desktop\fwCCEC\TuinoDemo\ArduinoCore\Debug\libArduinoCore.a(HardwareSerial.o)
                0x00006460                _ZN14HardwareSerial9availableEv
 .text._ZN14HardwareSerial4peekEv
                0x00006478       0x1c C:\Users\utente\Desktop\fwCCEC\TuinoDemo\ArduinoCore\Debug\libArduinoCore.a(HardwareSerial.o)
                0x00006478                _ZN14HardwareSerial4peekEv
 .text._ZN14HardwareSerial4readEv
                0x00006494       0x28 C:\Users\utente\Desktop\fwCCEC\TuinoDemo\ArduinoCore\Debug\libArduinoCore.a(HardwareSerial.o)
                0x00006494                _ZN14HardwareSerial4readEv
 .text._ZN14HardwareSerial17availableForWriteEv
                0x000064bc       0x1e C:\Users\utente\Desktop\fwCCEC\TuinoDemo\ArduinoCore\Debug\libArduinoCore.a(HardwareSerial.o)
                0x000064bc                _ZN14HardwareSerial17availableForWriteEv
 .text._Z14serialEventRunv
                0x000064da       0x1a C:\Users\utente\Desktop\fwCCEC\TuinoDemo\ArduinoCore\Debug\libArduinoCore.a(HardwareSerial.o)
                0x000064da                _Z14serialEventRunv
 .text._ZN14HardwareSerial17_tx_udr_empty_irqEv
                0x000064f4       0x44 C:\Users\utente\Desktop\fwCCEC\TuinoDemo\ArduinoCore\Debug\libArduinoCore.a(HardwareSerial.o)
                0x000064f4                _ZN14HardwareSerial17_tx_udr_empty_irqEv
 .text._ZN14HardwareSerial5writeEh
                0x00006538       0x98 C:\Users\utente\Desktop\fwCCEC\TuinoDemo\ArduinoCore\Debug\libArduinoCore.a(HardwareSerial.o)
                0x00006538                _ZN14HardwareSerial5writeEh
 .text._ZN14HardwareSerial5flushEv
                0x000065d0       0x42 C:\Users\utente\Desktop\fwCCEC\TuinoDemo\ArduinoCore\Debug\libArduinoCore.a(HardwareSerial.o)
                0x000065d0                _ZN14HardwareSerial5flushEv
 .text._ZN14HardwareSerial5beginEmh
                0x00006612       0xc6 C:\Users\utente\Desktop\fwCCEC\TuinoDemo\ArduinoCore\Debug\libArduinoCore.a(HardwareSerial.o)
                0x00006612                _ZN14HardwareSerial5beginEmh
 .text.__vector_18
                0x000066d8       0x64 C:\Users\utente\Desktop\fwCCEC\TuinoDemo\ArduinoCore\Debug\libArduinoCore.a(HardwareSerial0.o)
                0x000066d8                __vector_18
 .text.__vector_19
                0x0000673c       0x4a C:\Users\utente\Desktop\fwCCEC\TuinoDemo\ArduinoCore\Debug\libArduinoCore.a(HardwareSerial0.o)
                0x0000673c                __vector_19
 .text._Z17Serial0_availablev
                0x00006786       0x12 C:\Users\utente\Desktop\fwCCEC\TuinoDemo\ArduinoCore\Debug\libArduinoCore.a(HardwareSerial0.o)
                0x00006786                _Z17Serial0_availablev
 .text.startup._GLOBAL__sub_I___vector_18
                0x00006798       0x5a C:\Users\utente\Desktop\fwCCEC\TuinoDemo\ArduinoCore\Debug\libArduinoCore.a(HardwareSerial0.o)
 .text._ZNK9IPAddress7printToER5Print
                0x000067f2       0x7e C:\Users\utente\Desktop\fwCCEC\TuinoDemo\ArduinoCore\Debug\libArduinoCore.a(IPAddress.o)
                0x000067f2                _ZNK9IPAddress7printToER5Print
 .text._ZN9IPAddressC2Ev
                0x00006870       0x14 C:\Users\utente\Desktop\fwCCEC\TuinoDemo\ArduinoCore\Debug\libArduinoCore.a(IPAddress.o)
                0x00006870                _ZN9IPAddressC1Ev
                0x00006870                _ZN9IPAddressC2Ev
 .text._ZN9IPAddressC2Ehhhh
                0x00006884       0x18 C:\Users\utente\Desktop\fwCCEC\TuinoDemo\ArduinoCore\Debug\libArduinoCore.a(IPAddress.o)
                0x00006884                _ZN9IPAddressC2Ehhhh
                0x00006884                _ZN9IPAddressC1Ehhhh
 .text._ZN9IPAddressaSEPKh
                0x0000689c       0x12 C:\Users\utente\Desktop\fwCCEC\TuinoDemo\ArduinoCore\Debug\libArduinoCore.a(IPAddress.o)
                0x0000689c                _ZN9IPAddressaSEPKh
 .text.initVariant
                0x000068ae        0x2 C:\Users\utente\Desktop\fwCCEC\TuinoDemo\ArduinoCore\Debug\libArduinoCore.a(main.o)
                0x000068ae                initVariant
 .text.startup.main
                0x000068b0       0x18 C:\Users\utente\Desktop\fwCCEC\TuinoDemo\ArduinoCore\Debug\libArduinoCore.a(main.o)
                0x000068b0                main
 .text._ZN5Print5writeEPKhj
                0x000068c8       0x54 C:\Users\utente\Desktop\fwCCEC\TuinoDemo\ArduinoCore\Debug\libArduinoCore.a(Print.o)
                0x000068c8                _ZN5Print5writeEPKhj
 .text._ZN5Print5writeEPKc
                0x0000691c       0x2a C:\Users\utente\Desktop\fwCCEC\TuinoDemo\ArduinoCore\Debug\libArduinoCore.a(Print.o)
                0x0000691c                _ZN5Print5writeEPKc
 .text._ZN5Print5printEPK19__FlashStringHelper
                0x00006946       0x48 C:\Users\utente\Desktop\fwCCEC\TuinoDemo\ArduinoCore\Debug\libArduinoCore.a(Print.o)
                0x00006946                _ZN5Print5printEPK19__FlashStringHelper
 .text._ZN5Print5printERK6String
                0x0000698e       0x1c C:\Users\utente\Desktop\fwCCEC\TuinoDemo\ArduinoCore\Debug\libArduinoCore.a(Print.o)
                0x0000698e                _ZN5Print5printERK6String
 .text._ZN5Print5printEPKc
                0x000069aa        0x2 C:\Users\utente\Desktop\fwCCEC\TuinoDemo\ArduinoCore\Debug\libArduinoCore.a(Print.o)
                0x000069aa                _ZN5Print5printEPKc
 .text._ZN5Print5printEc
                0x000069ac        0xe C:\Users\utente\Desktop\fwCCEC\TuinoDemo\ArduinoCore\Debug\libArduinoCore.a(Print.o)
                0x000069ac                _ZN5Print5printEc
 .text._ZN5Print7printlnEv
                0x000069ba        0x6 C:\Users\utente\Desktop\fwCCEC\TuinoDemo\ArduinoCore\Debug\libArduinoCore.a(Print.o)
                0x000069ba                _ZN5Print7printlnEv
 .text._ZN5Print7printlnEPK19__FlashStringHelper
                0x000069c0       0x20 C:\Users\utente\Desktop\fwCCEC\TuinoDemo\ArduinoCore\Debug\libArduinoCore.a(Print.o)
                0x000069c0                _ZN5Print7printlnEPK19__FlashStringHelper
 .text._ZN5Print7printlnERK6String
                0x000069e0       0x20 C:\Users\utente\Desktop\fwCCEC\TuinoDemo\ArduinoCore\Debug\libArduinoCore.a(Print.o)
                0x000069e0                _ZN5Print7printlnERK6String
 .text._ZN5Print7printlnEPKc
                0x00006a00       0x20 C:\Users\utente\Desktop\fwCCEC\TuinoDemo\ArduinoCore\Debug\libArduinoCore.a(Print.o)
                0x00006a00                _ZN5Print7printlnEPKc
 .text._ZN5Print11printNumberEmh
                0x00006a20       0x8e C:\Users\utente\Desktop\fwCCEC\TuinoDemo\ArduinoCore\Debug\libArduinoCore.a(Print.o)
                0x00006a20                _ZN5Print11printNumberEmh
 .text._ZN5Print5printEmi
                0x00006aae       0x18 C:\Users\utente\Desktop\fwCCEC\TuinoDemo\ArduinoCore\Debug\libArduinoCore.a(Print.o)
                0x00006aae                _ZN5Print5printEmi
 .text._ZN5Print5printEhi
                0x00006ac6        0xc C:\Users\utente\Desktop\fwCCEC\TuinoDemo\ArduinoCore\Debug\libArduinoCore.a(Print.o)
                0x00006ac6                _ZN5Print5printEhi
 .text._ZN5Print5printEji
                0x00006ad2        0xa C:\Users\utente\Desktop\fwCCEC\TuinoDemo\ArduinoCore\Debug\libArduinoCore.a(Print.o)
                0x00006ad2                _ZN5Print5printEji
 .text._ZN5Print7printlnEmi
                0x00006adc       0x20 C:\Users\utente\Desktop\fwCCEC\TuinoDemo\ArduinoCore\Debug\libArduinoCore.a(Print.o)
                0x00006adc                _ZN5Print7printlnEmi
 .text.__vector_16
                0x00006afc       0x94 C:\Users\utente\Desktop\fwCCEC\TuinoDemo\ArduinoCore\Debug\libArduinoCore.a(wiring.o)
                0x00006afc                __vector_16
 .text.millis   0x00006b90       0x18 C:\Users\utente\Desktop\fwCCEC\TuinoDemo\ArduinoCore\Debug\libArduinoCore.a(wiring.o)
                0x00006b90                millis
 .text.micros   0x00006ba8       0x4a C:\Users\utente\Desktop\fwCCEC\TuinoDemo\ArduinoCore\Debug\libArduinoCore.a(wiring.o)
                0x00006ba8                micros
 .text.delay    0x00006bf2       0x72 C:\Users\utente\Desktop\fwCCEC\TuinoDemo\ArduinoCore\Debug\libArduinoCore.a(wiring.o)
                0x00006bf2                delay
 .text.delayMicroseconds
                0x00006c64       0x16 C:\Users\utente\Desktop\fwCCEC\TuinoDemo\ArduinoCore\Debug\libArduinoCore.a(wiring.o)
                0x00006c64                delayMicroseconds
 .text.init     0x00006c7a       0x76 C:\Users\utente\Desktop\fwCCEC\TuinoDemo\ArduinoCore\Debug\libArduinoCore.a(wiring.o)
                0x00006c7a                init
 .text.turnOffPWM
                0x00006cf0       0x52 C:\Users\utente\Desktop\fwCCEC\TuinoDemo\ArduinoCore\Debug\libArduinoCore.a(wiring_digital.o)
 .text.pinMode  0x00006d42       0x78 C:\Users\utente\Desktop\fwCCEC\TuinoDemo\ArduinoCore\Debug\libArduinoCore.a(wiring_digital.o)
                0x00006d42                pinMode
 .text.digitalWrite
                0x00006dba       0x5c C:\Users\utente\Desktop\fwCCEC\TuinoDemo\ArduinoCore\Debug\libArduinoCore.a(wiring_digital.o)
                0x00006dba                digitalWrite
 .text.digitalRead
                0x00006e16       0x50 C:\Users\utente\Desktop\fwCCEC\TuinoDemo\ArduinoCore\Debug\libArduinoCore.a(wiring_digital.o)
                0x00006e16                digitalRead
 .text._ZNK6String14StringIfHelperEv
                0x00006e66        0x2 C:\Users\utente\Desktop\fwCCEC\TuinoDemo\ArduinoCore\Debug\libArduinoCore.a(WString.o)
                0x00006e66                _ZNK6String14StringIfHelperEv
 .text._ZN6StringD2Ev
                0x00006e68        0x8 C:\Users\utente\Desktop\fwCCEC\TuinoDemo\ArduinoCore\Debug\libArduinoCore.a(WString.o)
                0x00006e68                _ZN6StringD2Ev
                0x00006e68                _ZN6StringD1Ev
 .text._ZN6String10invalidateEv
                0x00006e70       0x22 C:\Users\utente\Desktop\fwCCEC\TuinoDemo\ArduinoCore\Debug\libArduinoCore.a(WString.o)
                0x00006e70                _ZN6String10invalidateEv
 .text._ZN6String12changeBufferEj
                0x00006e92       0x32 C:\Users\utente\Desktop\fwCCEC\TuinoDemo\ArduinoCore\Debug\libArduinoCore.a(WString.o)
                0x00006e92                _ZN6String12changeBufferEj
 .text._ZN6String7reserveEj
                0x00006ec4       0x36 C:\Users\utente\Desktop\fwCCEC\TuinoDemo\ArduinoCore\Debug\libArduinoCore.a(WString.o)
                0x00006ec4                _ZN6String7reserveEj
 .text._ZN6String4copyEPKcj
                0x00006efa       0x3c C:\Users\utente\Desktop\fwCCEC\TuinoDemo\ArduinoCore\Debug\libArduinoCore.a(WString.o)
                0x00006efa                _ZN6String4copyEPKcj
 .text._ZN6StringC2EPKc
                0x00006f36       0x28 C:\Users\utente\Desktop\fwCCEC\TuinoDemo\ArduinoCore\Debug\libArduinoCore.a(WString.o)
                0x00006f36                _ZN6StringC2EPKc
                0x00006f36                _ZN6StringC1EPKc
 .text._ZN6String4moveERS_
                0x00006f5e       0x76 C:\Users\utente\Desktop\fwCCEC\TuinoDemo\ArduinoCore\Debug\libArduinoCore.a(WString.o)
                0x00006f5e                _ZN6String4moveERS_
 .text._ZN6StringC2EOS_
                0x00006fd4       0x10 C:\Users\utente\Desktop\fwCCEC\TuinoDemo\ArduinoCore\Debug\libArduinoCore.a(WString.o)
                0x00006fd4                _ZN6StringC1EOS_
                0x00006fd4                _ZN6StringC2EOS_
 .text._ZN6StringaSERKS_
                0x00006fe4       0x2a C:\Users\utente\Desktop\fwCCEC\TuinoDemo\ArduinoCore\Debug\libArduinoCore.a(WString.o)
                0x00006fe4                _ZN6StringaSERKS_
 .text._ZN6StringC2ERKS_
                0x0000700e       0x10 C:\Users\utente\Desktop\fwCCEC\TuinoDemo\ArduinoCore\Debug\libArduinoCore.a(WString.o)
                0x0000700e                _ZN6StringC2ERKS_
                0x0000700e                _ZN6StringC1ERKS_
 .text._ZN6StringaSEOS_
                0x0000701e       0x16 C:\Users\utente\Desktop\fwCCEC\TuinoDemo\ArduinoCore\Debug\libArduinoCore.a(WString.o)
                0x0000701e                _ZN6StringaSEOS_
 .text._ZN6StringaSEPKc
                0x00007034       0x2a C:\Users\utente\Desktop\fwCCEC\TuinoDemo\ArduinoCore\Debug\libArduinoCore.a(WString.o)
                0x00007034                _ZN6StringaSEPKc
 .text._ZN6StringC2Ec
                0x0000705e       0x2e C:\Users\utente\Desktop\fwCCEC\TuinoDemo\ArduinoCore\Debug\libArduinoCore.a(WString.o)
                0x0000705e                _ZN6StringC1Ec
                0x0000705e                _ZN6StringC2Ec
 .text._ZN6StringC2Ehh
                0x0000708c       0x56 C:\Users\utente\Desktop\fwCCEC\TuinoDemo\ArduinoCore\Debug\libArduinoCore.a(WString.o)
                0x0000708c                _ZN6StringC2Ehh
                0x0000708c                _ZN6StringC1Ehh
 .text._ZN6StringC2Eih
                0x000070e2       0x54 C:\Users\utente\Desktop\fwCCEC\TuinoDemo\ArduinoCore\Debug\libArduinoCore.a(WString.o)
                0x000070e2                _ZN6StringC2Eih
                0x000070e2                _ZN6StringC1Eih
 .text._ZN6StringC2Ejh
                0x00007136       0x54 C:\Users\utente\Desktop\fwCCEC\TuinoDemo\ArduinoCore\Debug\libArduinoCore.a(WString.o)
                0x00007136                _ZN6StringC1Ejh
                0x00007136                _ZN6StringC2Ejh
 .text._ZN6StringC2Emh
                0x0000718a       0x56 C:\Users\utente\Desktop\fwCCEC\TuinoDemo\ArduinoCore\Debug\libArduinoCore.a(WString.o)
                0x0000718a                _ZN6StringC1Emh
                0x0000718a                _ZN6StringC2Emh
 .text._ZN6StringC2Edh
                0x000071e0       0x5c C:\Users\utente\Desktop\fwCCEC\TuinoDemo\ArduinoCore\Debug\libArduinoCore.a(WString.o)
                0x000071e0                _ZN6StringC1Edh
                0x000071e0                _ZN6StringC2Edh
 .text._ZN6String6concatEPKcj
                0x0000723c       0x58 C:\Users\utente\Desktop\fwCCEC\TuinoDemo\ArduinoCore\Debug\libArduinoCore.a(WString.o)
                0x0000723c                _ZN6String6concatEPKcj
 .text._ZN6String6concatERKS_
                0x00007294        0xc C:\Users\utente\Desktop\fwCCEC\TuinoDemo\ArduinoCore\Debug\libArduinoCore.a(WString.o)
                0x00007294                _ZN6String6concatERKS_
 .text._ZN6String6concatEPKc
                0x000072a0       0x1c C:\Users\utente\Desktop\fwCCEC\TuinoDemo\ArduinoCore\Debug\libArduinoCore.a(WString.o)
                0x000072a0                _ZN6String6concatEPKc
 .text._ZN6String6concatEc
                0x000072bc       0x24 C:\Users\utente\Desktop\fwCCEC\TuinoDemo\ArduinoCore\Debug\libArduinoCore.a(WString.o)
                0x000072bc                _ZN6String6concatEc
 .text._ZplRK15StringSumHelperRK6String
                0x000072e0       0x22 C:\Users\utente\Desktop\fwCCEC\TuinoDemo\ArduinoCore\Debug\libArduinoCore.a(WString.o)
                0x000072e0                _ZplRK15StringSumHelperRK6String
 .text._ZplRK15StringSumHelperPKc
                0x00007302       0x2e C:\Users\utente\Desktop\fwCCEC\TuinoDemo\ArduinoCore\Debug\libArduinoCore.a(WString.o)
                0x00007302                _ZplRK15StringSumHelperPKc
 .text._ZplRK15StringSumHelperc
                0x00007330       0x18 C:\Users\utente\Desktop\fwCCEC\TuinoDemo\ArduinoCore\Debug\libArduinoCore.a(WString.o)
                0x00007330                _ZplRK15StringSumHelperc
 .text._ZNK6String6equalsEPKc
                0x00007348       0x3c C:\Users\utente\Desktop\fwCCEC\TuinoDemo\ArduinoCore\Debug\libArduinoCore.a(WString.o)
                0x00007348                _ZNK6String6equalsEPKc
 .text._ZNK6String8getBytesEPhjj
                0x00007384       0x5c C:\Users\utente\Desktop\fwCCEC\TuinoDemo\ArduinoCore\Debug\libArduinoCore.a(WString.o)
                0x00007384                _ZNK6String8getBytesEPhjj
 .text._ZNK6String9substringEjj
                0x000073e0       0x86 C:\Users\utente\Desktop\fwCCEC\TuinoDemo\ArduinoCore\Debug\libArduinoCore.a(WString.o)
                0x000073e0                _ZNK6String9substringEjj
 .text._ZN6String4trimEv
                0x00007466       0xb2 C:\Users\utente\Desktop\fwCCEC\TuinoDemo\ArduinoCore\Debug\libArduinoCore.a(WString.o)
                0x00007466                _ZN6String4trimEv
 .text.__empty  0x00007518        0x2 C:\Users\utente\Desktop\fwCCEC\TuinoDemo\ArduinoCore\Debug\libArduinoCore.a(hooks.o)
                0x00007518                yield
 .text.libgcc.div
                0x0000751a       0x18 c:/program files (x86)/atmel/studio/7.0/toolchain/avr8/avr8-gnu-toolchain/bin/../lib/gcc/avr/5.4.0/avr51\libgcc.a(_udivmodqi4.o)
                0x0000751a                __udivmodqi4
 .text.libgcc.div
                0x00007532       0x28 c:/program files (x86)/atmel/studio/7.0/toolchain/avr8/avr8-gnu-toolchain/bin/../lib/gcc/avr/5.4.0/avr51\libgcc.a(_udivmodhi4.o)
                0x00007532                __udivmodhi4
 .text.libgcc.div
                0x0000755a       0x44 c:/program files (x86)/atmel/studio/7.0/toolchain/avr8/avr8-gnu-toolchain/bin/../lib/gcc/avr/5.4.0/avr51\libgcc.a(_udivmodsi4.o)
                0x0000755a                __udivmodsi4
 .text.libgcc   0x0000759e       0x12 c:/program files (x86)/atmel/studio/7.0/toolchain/avr8/avr8-gnu-toolchain/bin/../lib/gcc/avr/5.4.0/avr51\libgcc.a(_tablejump2.o)
                0x0000759e                __tablejump2__
 .text.libgcc.mul
                0x000075b0       0x1e c:/program files (x86)/atmel/studio/7.0/toolchain/avr8/avr8-gnu-toolchain/bin/../lib/gcc/avr/5.4.0/avr51\libgcc.a(_umulhisi3.o)
                0x000075b0                __umulhisi3
 .text.libgcc.mul
                0x000075ce       0x14 c:/program files (x86)/atmel/studio/7.0/toolchain/avr8/avr8-gnu-toolchain/bin/../lib/gcc/avr/5.4.0/avr51\libgcc.a(_muluhisi3.o)
                0x000075ce                __muluhisi3
 .text.avr-libc
                0x000075e2       0x3e c:/program files (x86)/atmel/studio/7.0/toolchain/avr8/avr8-gnu-toolchain/bin/../lib/gcc/avr/5.4.0/../../../../avr/lib/avr51\libc.a(dtostrf.o)
                0x000075e2                dtostrf
 .text.avr-libc
                0x00007620      0x242 c:/program files (x86)/atmel/studio/7.0/toolchain/avr8/avr8-gnu-toolchain/bin/../lib/gcc/avr/5.4.0/../../../../avr/lib/avr51\libc.a(malloc.o)
                0x00007620                malloc
                0x00007750                free
 .text.avr-libc
                0x00007862      0x1c0 c:/program files (x86)/atmel/studio/7.0/toolchain/avr8/avr8-gnu-toolchain/bin/../lib/gcc/avr/5.4.0/../../../../avr/lib/avr51\libc.a(realloc.o)
                0x00007862                realloc
 .text.avr-libc
                0x00007a22        0x8 c:/program files (x86)/atmel/studio/7.0/toolchain/avr8/avr8-gnu-toolchain/bin/../lib/gcc/avr/5.4.0/../../../../avr/lib/avr51\libc.a(abort.o)
                0x00007a22                abort
 .text.avr-libc
                0x00007a2a       0x10 c:/program files (x86)/atmel/studio/7.0/toolchain/avr8/avr8-gnu-toolchain/bin/../lib/gcc/avr/5.4.0/../../../../avr/lib/avr51\libc.a(isspace.o)
                0x00007a2a                isspace
 .text.avr-libc
                0x00007a3a       0x12 c:/program files (x86)/atmel/studio/7.0/toolchain/avr8/avr8-gnu-toolchain/bin/../lib/gcc/avr/5.4.0/../../../../avr/lib/avr51\libc.a(memcpy_P.o)
                0x00007a3a                memcpy_P
 .text.avr-libc
                0x00007a4c       0x12 c:/program files (x86)/atmel/studio/7.0/toolchain/avr8/avr8-gnu-toolchain/bin/../lib/gcc/avr/5.4.0/../../../../avr/lib/avr51\libc.a(memcpy.o)
                0x00007a4c                memcpy
 .text.avr-libc
                0x00007a5e       0x12 c:/program files (x86)/atmel/studio/7.0/toolchain/avr8/avr8-gnu-toolchain/bin/../lib/gcc/avr/5.4.0/../../../../avr/lib/avr51\libc.a(strcmp.o)
                0x00007a5e                strcmp
 .text.avr-libc
                0x00007a70        0xe c:/program files (x86)/atmel/studio/7.0/toolchain/avr8/avr8-gnu-toolchain/bin/../lib/gcc/avr/5.4.0/../../../../avr/lib/avr51\libc.a(strcpy.o)
                0x00007a70                strcpy
 .text.avr-libc
                0x00007a7e       0x1c c:/program files (x86)/atmel/studio/7.0/toolchain/avr8/avr8-gnu-toolchain/bin/../lib/gcc/avr/5.4.0/../../../../avr/lib/avr51\libc.a(strncmp.o)
                0x00007a7e                strncmp
 .text.avr-libc
                0x00007a9a       0x1e c:/program files (x86)/atmel/studio/7.0/toolchain/avr8/avr8-gnu-toolchain/bin/../lib/gcc/avr/5.4.0/../../../../avr/lib/avr51\libc.a(strncpy.o)
                0x00007a9a                strncpy
 .text.avr-libc
                0x00007ab8       0x14 c:/program files (x86)/atmel/studio/7.0/toolchain/avr8/avr8-gnu-toolchain/bin/../lib/gcc/avr/5.4.0/../../../../avr/lib/avr51\libc.a(itoa.o)
                0x00007ab8                __itoa
                0x00007ab8                itoa
 .text.avr-libc
                0x00007acc       0x14 c:/program files (x86)/atmel/studio/7.0/toolchain/avr8/avr8-gnu-toolchain/bin/../lib/gcc/avr/5.4.0/../../../../avr/lib/avr51\libc.a(itoa_ncheck.o)
                0x00007acc                __itoa_ncheck
 .text.avr-libc
                0x00007ae0       0x14 c:/program files (x86)/atmel/studio/7.0/toolchain/avr8/avr8-gnu-toolchain/bin/../lib/gcc/avr/5.4.0/../../../../avr/lib/avr51\libc.a(ultoa.o)
                0x00007ae0                ultoa
                0x00007ae0                __ultoa
 .text.avr-libc
                0x00007af4       0x42 c:/program files (x86)/atmel/studio/7.0/toolchain/avr8/avr8-gnu-toolchain/bin/../lib/gcc/avr/5.4.0/../../../../avr/lib/avr51\libc.a(ultoa_ncheck.o)
                0x00007af4                __ultoa_ncheck
                0x00007af6                __ultoa_common
 .text.avr-libc
                0x00007b36       0x14 c:/program files (x86)/atmel/studio/7.0/toolchain/avr8/avr8-gnu-toolchain/bin/../lib/gcc/avr/5.4.0/../../../../avr/lib/avr51\libc.a(utoa.o)
                0x00007b36                __utoa
                0x00007b36                utoa
 .text.avr-libc
                0x00007b4a       0x32 c:/program files (x86)/atmel/studio/7.0/toolchain/avr8/avr8-gnu-toolchain/bin/../lib/gcc/avr/5.4.0/../../../../avr/lib/avr51\libc.a(utoa_ncheck.o)
                0x00007b4a                __utoa_ncheck
                0x00007b4c                __utoa_common
 .text.avr-libc
                0x00007b7c      0x2ec c:/program files (x86)/atmel/studio/7.0/toolchain/avr8/avr8-gnu-toolchain/bin/../lib/gcc/avr/5.4.0/../../../../avr/lib/avr51\libc.a(dtoa_prf.o)
                0x00007b7c                dtoa_prf
 .text.avr-libc
                0x00007e68      0x1b0 c:/program files (x86)/atmel/studio/7.0/toolchain/avr8/avr8-gnu-toolchain/bin/../lib/gcc/avr/5.4.0/../../../../avr/lib/avr51\libc.a(ftoa_engine.o)
                0x00007e68                __ftoa_engine
 .text.avr-libc
                0x00008018        0x6 c:/program files (x86)/atmel/studio/7.0/toolchain/avr8/avr8-gnu-toolchain/bin/../lib/gcc/avr/5.4.0/../../../../avr/lib/avr51\libc.a(cty_isfalse.o)
                0x00008018                __ctype_isfalse
                0x0000801c                __ctype_istrue
 .text.avr-libc
                0x0000801e       0x20 c:/program files (x86)/atmel/studio/7.0/toolchain/avr8/avr8-gnu-toolchain/bin/../lib/gcc/avr/5.4.0/../../../../avr/lib/avr51\libc.a(strrev.o)
                0x0000801e                strrev
 .text.avr-libc
                0x0000803e       0x10 C:/Program Files (x86)/Atmel/Studio/7.0/Packs/atmel/ATmega_DFP/1.2.209/gcc/dev/atmega1284p/avr51\libatmega1284p.a(eerd_byte.o)
                0x0000803e                eeprom_read_byte
 .text.avr-libc
                0x0000804e       0x1c C:/Program Files (x86)/Atmel/Studio/7.0/Packs/atmel/ATmega_DFP/1.2.209/gcc/dev/atmega1284p/avr51\libatmega1284p.a(eewr_byte.o)
                0x0000804e                eeprom_write_byte
                0x00008050                eeprom_write_r18
                0x0000806a                . = ALIGN (0x2)
 *(.fini9)
 .fini9         0x0000806a        0x0 c:/program files (x86)/atmel/studio/7.0/toolchain/avr8/avr8-gnu-toolchain/bin/../lib/gcc/avr/5.4.0/avr51\libgcc.a(_exit.o)
                0x0000806a                _exit
                0x0000806a                exit
 *(.fini9)
 *(.fini8)
 *(.fini8)
 *(.fini7)
 *(.fini7)
 *(.fini6)
 .fini6         0x0000806a       0x14 c:/program files (x86)/atmel/studio/7.0/toolchain/avr8/avr8-gnu-toolchain/bin/../lib/gcc/avr/5.4.0/avr51\libgcc.a(_dtors.o)
                0x0000806a                __do_global_dtors
 *(.fini6)
 *(.fini5)
 *(.fini5)
 *(.fini4)
 *(.fini4)
 *(.fini3)
 *(.fini3)
 *(.fini2)
 *(.fini2)
 *(.fini1)
 *(.fini1)
 *(.fini0)
 .fini0         0x0000807e        0x4 c:/program files (x86)/atmel/studio/7.0/toolchain/avr8/avr8-gnu-toolchain/bin/../lib/gcc/avr/5.4.0/avr51\libgcc.a(_exit.o)
 *(.fini0)
                0x00008082                _etext = .

.data           0x00800100      0x8f6 load address 0x00008082
                0x00800100                PROVIDE (__data_start, .)
 *(.data)
 .data          0x00800100        0x6 c:/program files (x86)/atmel/studio/7.0/toolchain/avr8/avr8-gnu-toolchain/bin/../lib/gcc/avr/5.4.0/../../../../avr/lib/avr51\libc.a(malloc.o)
                0x00800100                __malloc_heap_end
                0x00800102                __malloc_heap_start
                0x00800104                __malloc_margin
 *(.data*)
 .data.MappaKeys
                0x00800106       0x10 Sketch.o
                0x00800106                MappaKeys
 .data.TmaxSalvataggio
                0x00800116        0x4 Sketch.o
                0x00800116                TmaxSalvataggio
 .data.TmaxInviodati
                0x0080011a        0x4 Sketch.o
                0x0080011a                TmaxInviodati
 .data.TselDistributore
                0x0080011e        0x4 Sketch.o
                0x0080011e                TselDistributore
 .data.TinputTarga
                0x00800122        0x4 Sketch.o
                0x00800122                TinputTarga
 .data.mac      0x00800126        0x6 Sketch.o
                0x00800126                mac
 .data.serverREST
                0x0080012c       0x12 Sketch.o
                0x0080012c                serverREST
 .data.CodSede  0x0080013e        0x7 Sketch.o
                0x0080013e                CodSede
 .data.ImpulsiLitro
                0x00800145        0x2 Sketch.o
                0x00800145                ImpulsiLitro
 .data.HTTP_len_response
                0x00800147        0x2 Sketch.o
                0x00800147                HTTP_len_response
 .data.Clessidra
                0x00800149        0x8 Sketch.o
                0x00800149                Clessidra
 .data.pn532response_firmwarevers
                0x00800151        0x6 src/libraries/NFC-PN532/NFC_PN532.o
                0x00800151                pn532response_firmwarevers
 .data.pn532ack
                0x00800157        0x6 src/libraries/NFC-PN532/NFC_PN532.o
                0x00800157                pn532ack
 .data._ZN14EthernetClient8_srcportE
                0x0080015d        0x2 src/libraries/Ethernet2/src/EthernetClient.o
                0x0080015d                _ZN14EthernetClient8_srcportE
 *(.gnu.linkonce.d*)
 *(.rodata)
 .rodata        0x0080015f       0xd0 Sketch.o
 .rodata        0x0080022f        0x8 src/libraries/LiquidCrystal/src/LCD.o
 *(.rodata*)
 .rodata.str1.1
                0x00800237      0x6fd Sketch.o
                                0x713 (size before relaxing)
 .rodata.._11   0x00800934       0x10 Sketch.o
 .rodata.str1.1
                0x00800944        0x9 src/libraries/NFC-PN532/NFC_PN532.o
                                  0xc (size before relaxing)
 .rodata._ZTV14EthernetClient
                0x0080094d       0x22 src/libraries/Ethernet2/src/EthernetClient.o
                0x0080094d                _ZTV14EthernetClient
 .rodata._ZTV11EthernetUDP
                0x0080096f       0x28 src/libraries/Ethernet2/src/EthernetUdp2.o
                0x0080096f                _ZTV11EthernetUDP
 .rodata._ZTV3LCD
                0x00800997       0x14 src/libraries/LiquidCrystal/src/LCD.o
                0x00800997                _ZTV3LCD
 .rodata._ZTV17LiquidCrystal_I2C
                0x008009ab       0x14 src/libraries/LiquidCrystal/src/LiquidCrystal_I2C.o
                0x008009ab                _ZTV17LiquidCrystal_I2C
 .rodata._ZTV7TwoWire
                0x008009bf       0x12 src/libraries/Wire/src/Wire.o
                0x008009bf                _ZTV7TwoWire
 .rodata._ZTV14HardwareSerial
                0x008009d1       0x12 C:\Users\utente\Desktop\fwCCEC\TuinoDemo\ArduinoCore\Debug\libArduinoCore.a(HardwareSerial.o)
                0x008009d1                _ZTV14HardwareSerial
 .rodata._ZTV9IPAddress
                0x008009e3        0x6 C:\Users\utente\Desktop\fwCCEC\TuinoDemo\ArduinoCore\Debug\libArduinoCore.a(IPAddress.o)
                0x008009e3                _ZTV9IPAddress
 .rodata.str1.1
                0x008009e9        0xc C:\Users\utente\Desktop\fwCCEC\TuinoDemo\ArduinoCore\Debug\libArduinoCore.a(Print.o)
                                  0xf (size before relaxing)
 .rodata.str1.1
                0x008009f5        0x1 C:\Users\utente\Desktop\fwCCEC\TuinoDemo\ArduinoCore\Debug\libArduinoCore.a(WString.o)
 *(.gnu.linkonce.r*)
                0x008009f6                . = ALIGN (0x2)
 *fill*         0x008009f5        0x1 
                0x008009f6                _edata = .
                0x008009f6                PROVIDE (__data_end, .)

.bss            0x008009f6      0x359
                0x008009f6                PROVIDE (__bss_start, .)
 *(.bss)
 *(.bss*)
 .bss.gpio      0x008009f6        0x3 Sketch.o
                0x008009f6                gpio
 .bss.KM        0x008009f9        0x6 Sketch.o
                0x008009f9                KM
 .bss.TARGA     0x008009ff        0x6 Sketch.o
                0x008009ff                TARGA
 .bss.nowTimer  0x00800a05        0x6 Sketch.o
                0x00800a05                nowTimer
 .bss.Timer     0x00800a0b        0x4 Sketch.o
                0x00800a0b                Timer
 .bss.UltimoPassaggioStato
                0x00800a0f        0x4 Sketch.o
                0x00800a0f                UltimoPassaggioStato
 .bss.secs      0x00800a13        0x4 Sketch.o
                0x00800a13                secs
 .bss.DS3231M   0x00800a17        0xc Sketch.o
                0x00800a17                DS3231M
 .bss.clientATE
                0x00800a23        0xd Sketch.o
                0x00800a23                clientATE
 .bss.clientLOCAL
                0x00800a30        0xd Sketch.o
                0x00800a30                clientLOCAL
 .bss.subnet    0x00800a3d        0x6 Sketch.o
                0x00800a3d                subnet
 .bss.gateway   0x00800a43        0x6 Sketch.o
                0x00800a43                gateway
 .bss.myDns     0x00800a49        0x6 Sketch.o
                0x00800a49                myDns
 .bss.ipCCEC    0x00800a4f        0x6 Sketch.o
                0x00800a4f                ipCCEC
 .bss.righeDisplay
                0x00800a55       0x18 Sketch.o
                0x00800a55                righeDisplay
 .bss.Messaggio
                0x00800a6d        0x6 Sketch.o
                0x00800a6d                Messaggio
 .bss.Risposta  0x00800a73        0x6 Sketch.o
                0x00800a73                Risposta
 .bss.Carburante
                0x00800a79        0x6 Sketch.o
                0x00800a79                Carburante
 .bss.RaccoltaDati
                0x00800a7f       0x24 Sketch.o
                0x00800a7f                RaccoltaDati
 .bss.RispostaHTTP
                0x00800aa3        0x6 Sketch.o
                0x00800aa3                RispostaHTTP
 .bss.impulsi   0x00800aa9        0x2 Sketch.o
                0x00800aa9                impulsi
 .bss.stato_procedura
                0x00800aab        0x2 Sketch.o
                0x00800aab                stato_procedura
 .bss.Connected
                0x00800aad        0x2 Sketch.o
                0x00800aad                Connected
 .bss.strURLAPI
                0x00800aaf        0x6 Sketch.o
                0x00800aaf                strURLAPI
 .bss.StatoAttuale
                0x00800ab5        0x6 Sketch.o
                0x00800ab5                StatoAttuale
 .bss.nfc       0x00800abb       0x17 Sketch.o
                0x00800abb                nfc
 .bss.lcd       0x00800ad2       0x18 Sketch.o
                0x00800ad2                lcd
 .bss.alreadyTimbrata
                0x00800aea        0x1 Sketch.o
                0x00800aea                alreadyTimbrata
 .bss.uidMezzo  0x00800aeb        0x7 Sketch.o
                0x00800aeb                uidMezzo
 .bss.uidLength
                0x00800af2        0x1 Sketch.o
                0x00800af2                uidLength
 .bss.success   0x00800af3        0x1 Sketch.o
                0x00800af3                success
 .bss.mezzo     0x00800af4       0x12 Sketch.o
                0x00800af4                mezzo
 .bss.intConsecutiveNonPresses
                0x00800b06        0x2 Sketch.o
                0x00800b06                intConsecutiveNonPresses
 .bss.intConsecutivePresses
                0x00800b08        0x2 Sketch.o
                0x00800b08                intConsecutivePresses
 .bss.Erogazioni
                0x00800b0a       0x18 Sketch.o
                0x00800b0a                Erogazioni
 .bss.Parametri
                0x00800b22       0x2a Sketch.o
                0x00800b22                Parametri
 .bss.ErogazioniEEPROM
                0x00800b4c        0x2 Sketch.o
                0x00800b4c                ErogazioniEEPROM
 .bss.ParametriCCEC
                0x00800b4e        0x2 Sketch.o
                0x00800b4e                ParametriCCEC
 .bss._ZL11INADDR_NONE
                0x00800b50        0x6 Sketch.o
 .bss.pn532_packetbuffer
                0x00800b56       0x40 src/libraries/NFC-PN532/NFC_PN532.o
                0x00800b56                pn532_packetbuffer
 .bss._ZL11INADDR_NONE
                0x00800b96        0x6 src/libraries/Ethernet2/src/Dhcp.o
 .bss._ZL11INADDR_NONE
                0x00800b9c        0x6 src/libraries/Ethernet2/src/Dns.o
 .bss.Ethernet  0x00800ba2        0xd src/libraries/Ethernet2/src/Ethernet2.o
                0x00800ba2                Ethernet
 .bss._ZN13EthernetClass12_server_portE
                0x00800baf       0x10 src/libraries/Ethernet2/src/Ethernet2.o
                0x00800baf                _ZN13EthernetClass12_server_portE
 .bss._ZL11INADDR_NONE
                0x00800bbf        0x6 src/libraries/Ethernet2/src/Ethernet2.o
 .bss._ZL11INADDR_NONE
                0x00800bc5        0x6 src/libraries/Ethernet2/src/EthernetClient.o
 .bss._ZL11INADDR_NONE
                0x00800bcb        0x6 src/libraries/Ethernet2/src/EthernetServer.o
 .bss._ZL11INADDR_NONE
                0x00800bd1        0x6 src/libraries/Ethernet2/src/EthernetUdp2.o
 .bss._ZL10local_port
                0x00800bd7        0x2 src/libraries/Ethernet2/src/utility/socket.o
 .bss.SPI_CS    0x00800bd9        0x1 src/libraries/Ethernet2/src/utility/w5500.o
                0x00800bd9                SPI_CS
 .bss.wiznet_SPI_settings
                0x00800bda        0x2 src/libraries/Ethernet2/src/utility/w5500.o
                0x00800bda                wiznet_SPI_settings
 .bss.w5500     0x00800bdc        0x1 src/libraries/Ethernet2/src/utility/w5500.o
                0x00800bdc                w5500
 .bss._ZN8SPIClass13interruptSaveE
                0x00800bdd        0x1 src/libraries/SPI/src/SPI.o
                0x00800bdd                _ZN8SPIClass13interruptSaveE
 .bss._ZN8SPIClass13interruptMaskE
                0x00800bde        0x1 src/libraries/SPI/src/SPI.o
                0x00800bde                _ZN8SPIClass13interruptMaskE
 .bss._ZN8SPIClass13interruptModeE
                0x00800bdf        0x1 src/libraries/SPI/src/SPI.o
                0x00800bdf                _ZN8SPIClass13interruptModeE
 .bss._ZN8SPIClass11initializedE
                0x00800be0        0x1 src/libraries/SPI/src/SPI.o
                0x00800be0                _ZN8SPIClass11initializedE
 .bss.twi_error
                0x00800be1        0x1 src/libraries/Wire/src/utility/twi.o
 .bss.twi_rxBufferIndex
                0x00800be2        0x1 src/libraries/Wire/src/utility/twi.o
 .bss.twi_rxBuffer
                0x00800be3       0x20 src/libraries/Wire/src/utility/twi.o
 .bss.twi_txBufferLength
                0x00800c03        0x1 src/libraries/Wire/src/utility/twi.o
 .bss.twi_txBufferIndex
                0x00800c04        0x1 src/libraries/Wire/src/utility/twi.o
 .bss.twi_txBuffer
                0x00800c05       0x20 src/libraries/Wire/src/utility/twi.o
 .bss.twi_masterBufferLength
                0x00800c25        0x1 src/libraries/Wire/src/utility/twi.o
 .bss.twi_masterBufferIndex
                0x00800c26        0x1 src/libraries/Wire/src/utility/twi.o
 .bss.twi_masterBuffer
                0x00800c27       0x20 src/libraries/Wire/src/utility/twi.o
 .bss.twi_onSlaveReceive
                0x00800c47        0x2 src/libraries/Wire/src/utility/twi.o
 .bss.twi_onSlaveTransmit
                0x00800c49        0x2 src/libraries/Wire/src/utility/twi.o
 .bss.twi_inRepStart
                0x00800c4b        0x1 src/libraries/Wire/src/utility/twi.o
 .bss.twi_sendStop
                0x00800c4c        0x1 src/libraries/Wire/src/utility/twi.o
 .bss.twi_slarw
                0x00800c4d        0x1 src/libraries/Wire/src/utility/twi.o
 .bss.twi_state
                0x00800c4e        0x1 src/libraries/Wire/src/utility/twi.o
 .bss.Wire      0x00800c4f        0xc src/libraries/Wire/src/Wire.o
                0x00800c4f                Wire
 .bss._ZN7TwoWire14user_onReceiveE
                0x00800c5b        0x2 src/libraries/Wire/src/Wire.o
                0x00800c5b                _ZN7TwoWire14user_onReceiveE
 .bss._ZN7TwoWire14user_onRequestE
                0x00800c5d        0x2 src/libraries/Wire/src/Wire.o
                0x00800c5d                _ZN7TwoWire14user_onRequestE
 .bss._ZN7TwoWire12transmittingE
                0x00800c5f        0x1 src/libraries/Wire/src/Wire.o
                0x00800c5f                _ZN7TwoWire12transmittingE
 .bss._ZN7TwoWire14txBufferLengthE
                0x00800c60        0x1 src/libraries/Wire/src/Wire.o
                0x00800c60                _ZN7TwoWire14txBufferLengthE
 .bss._ZN7TwoWire13txBufferIndexE
                0x00800c61        0x1 src/libraries/Wire/src/Wire.o
                0x00800c61                _ZN7TwoWire13txBufferIndexE
 .bss._ZN7TwoWire8txBufferE
                0x00800c62       0x20 src/libraries/Wire/src/Wire.o
                0x00800c62                _ZN7TwoWire8txBufferE
 .bss._ZN7TwoWire9txAddressE
                0x00800c82        0x1 src/libraries/Wire/src/Wire.o
                0x00800c82                _ZN7TwoWire9txAddressE
 .bss._ZN7TwoWire14rxBufferLengthE
                0x00800c83        0x1 src/libraries/Wire/src/Wire.o
                0x00800c83                _ZN7TwoWire14rxBufferLengthE
 .bss._ZN7TwoWire13rxBufferIndexE
                0x00800c84        0x1 src/libraries/Wire/src/Wire.o
                0x00800c84                _ZN7TwoWire13rxBufferIndexE
 .bss._ZN7TwoWire8rxBufferE
                0x00800c85       0x20 src/libraries/Wire/src/Wire.o
                0x00800c85                _ZN7TwoWire8rxBufferE
 .bss.Serial    0x00800ca5       0x9d C:\Users\utente\Desktop\fwCCEC\TuinoDemo\ArduinoCore\Debug\libArduinoCore.a(HardwareSerial0.o)