Archive member included to satisfy reference by file (symbol)

c:/program files (x86)/atmel/studio/7.0/toolchain/avr8/avr8-gnu-toolchain/bin/../lib/gcc/avr/5.4.0/../../../../avr/lib/avr51\libm.a(cmpsf2.o)
                              src/libraries/SPIMemory/src/SPIFlash.o (__nesf2)
c:/program files (x86)/atmel/studio/7.0/toolchain/avr8/avr8-gnu-toolchain/bin/../lib/gcc/avr/5.4.0/../../../../avr/lib/avr51\libm.a(divsf3.o)
                              Sketch.o (__divsf3)
c:/program files (x86)/atmel/studio/7.0/toolchain/avr8/avr8-gnu-toolchain/bin/../lib/gcc/avr/5.4.0/../../../../avr/lib/avr51\libm.a(divsf3x.o)
                              c:/program files (x86)/atmel/studio/7.0/toolchain/avr8/avr8-gnu-toolchain/bin/../lib/gcc/avr/5.4.0/../../../../avr/lib/avr51\libm.a(divsf3.o) (__divsf3x)
c:/program files (x86)/atmel/studio/7.0/toolchain/avr8/avr8-gnu-toolchain/bin/../lib/gcc/avr/5.4.0/../../../../avr/lib/avr51\libm.a(floatsisf.o)
                              Sketch.o (__floatsisf)
c:/program files (x86)/atmel/studio/7.0/toolchain/avr8/avr8-gnu-toolchain/bin/../lib/gcc/avr/5.4.0/../../../../avr/lib/avr51\libm.a(fp_cmp.o)
                              c:/program files (x86)/atmel/studio/7.0/toolchain/avr8/avr8-gnu-toolchain/bin/../lib/gcc/avr/5.4.0/../../../../avr/lib/avr51\libm.a(cmpsf2.o) (__fp_cmp)
c:/program files (x86)/atmel/studio/7.0/toolchain/avr8/avr8-gnu-toolchain/bin/../lib/gcc/avr/5.4.0/../../../../avr/lib/avr51\libm.a(fp_inf.o)
                              c:/program files (x86)/atmel/studio/7.0/toolchain/avr8/avr8-gnu-toolchain/bin/../lib/gcc/avr/5.4.0/../../../../avr/lib/avr51\libm.a(divsf3x.o) (__fp_inf)
c:/program files (x86)/atmel/studio/7.0/toolchain/avr8/avr8-gnu-toolchain/bin/../lib/gcc/avr/5.4.0/../../../../avr/lib/avr51\libm.a(fp_nan.o)
                              c:/program files (x86)/atmel/studio/7.0/toolchain/avr8/avr8-gnu-toolchain/bin/../lib/gcc/avr/5.4.0/../../../../avr/lib/avr51\libm.a(divsf3x.o) (__fp_nan)
c:/program files (x86)/atmel/studio/7.0/toolchain/avr8/avr8-gnu-toolchain/bin/../lib/gcc/avr/5.4.0/../../../../avr/lib/avr51\libm.a(fp_pscA.o)
                              c:/program files (x86)/atmel/studio/7.0/toolchain/avr8/avr8-gnu-toolchain/bin/../lib/gcc/avr/5.4.0/../../../../avr/lib/avr51\libm.a(divsf3x.o) (__fp_pscA)
c:/program files (x86)/atmel/studio/7.0/toolchain/avr8/avr8-gnu-toolchain/bin/../lib/gcc/avr/5.4.0/../../../../avr/lib/avr51\libm.a(fp_pscB.o)
                              c:/program files (x86)/atmel/studio/7.0/toolchain/avr8/avr8-gnu-toolchain/bin/../lib/gcc/avr/5.4.0/../../../../avr/lib/avr51\libm.a(divsf3x.o) (__fp_pscB)
c:/program files (x86)/atmel/studio/7.0/toolchain/avr8/avr8-gnu-toolchain/bin/../lib/gcc/avr/5.4.0/../../../../avr/lib/avr51\libm.a(fp_round.o)
                              c:/program files (x86)/atmel/studio/7.0/toolchain/avr8/avr8-gnu-toolchain/bin/../lib/gcc/avr/5.4.0/../../../../avr/lib/avr51\libm.a(divsf3.o) (__fp_round)
c:/program files (x86)/atmel/studio/7.0/toolchain/avr8/avr8-gnu-toolchain/bin/../lib/gcc/avr/5.4.0/../../../../avr/lib/avr51\libm.a(fp_split3.o)
                              c:/program files (x86)/atmel/studio/7.0/toolchain/avr8/avr8-gnu-toolchain/bin/../lib/gcc/avr/5.4.0/../../../../avr/lib/avr51\libm.a(divsf3x.o) (__fp_split3)
c:/program files (x86)/atmel/studio/7.0/toolchain/avr8/avr8-gnu-toolchain/bin/../lib/gcc/avr/5.4.0/../../../../avr/lib/avr51\libm.a(fp_zero.o)
                              c:/program files (x86)/atmel/studio/7.0/toolchain/avr8/avr8-gnu-toolchain/bin/../lib/gcc/avr/5.4.0/../../../../avr/lib/avr51\libm.a(divsf3x.o) (__fp_szero)
C:\Users\ADMINI~1\DOCUME~1\PROGET~1\FUELCO~1\Firmware\repo\fwCCEC\TUINOD~1\ARDUIN~1\Debug\libArduinoCore.a(abi.o)
                              src/libraries/LiquidCrystal/src/LCD.o (__cxa_pure_virtual)
C:\Users\ADMINI~1\DOCUME~1\PROGET~1\FUELCO~1\Firmware\repo\fwCCEC\TUINOD~1\ARDUIN~1\Debug\libArduinoCore.a(HardwareSerial0.o)
                              Sketch.o (Serial)
C:\Users\ADMINI~1\DOCUME~1\PROGET~1\FUELCO~1\Firmware\repo\fwCCEC\TUINOD~1\ARDUIN~1\Debug\libArduinoCore.a(IPAddress.o)
                              Sketch.o (_ZTV9IPAddress)
C:\Users\ADMINI~1\DOCUME~1\PROGET~1\FUELCO~1\Firmware\repo\fwCCEC\TUINOD~1\ARDUIN~1\Debug\libArduinoCore.a(main.o)
                              C:/Program Files (x86)/Atmel/Studio/7.0/Packs/atmel/ATmega_DFP/1.2.209/gcc/dev/atmega1284p/avr51/crtatmega1284p.o (main)
C:\Users\ADMINI~1\DOCUME~1\PROGET~1\FUELCO~1\Firmware\repo\fwCCEC\TUINOD~1\ARDUIN~1\Debug\libArduinoCore.a(new.o)
                              src/libraries/Ethernet2/src/Ethernet2.o (_Znwj)
C:\Users\ADMINI~1\DOCUME~1\PROGET~1\FUELCO~1\Firmware\repo\fwCCEC\TUINOD~1\ARDUIN~1\Debug\libArduinoCore.a(Print.o)
                              src/libraries/LiquidCrystal/src/LCD.o (_ZN5Print5writeEPKhj)
C:\Users\ADMINI~1\DOCUME~1\PROGET~1\FUELCO~1\Firmware\repo\fwCCEC\TUINOD~1\ARDUIN~1\Debug\libArduinoCore.a(wiring.o)
[...]
Memory Configuration

Name             Origin             Length             Attributes
text             0x00000000         0x00020000         xr
data             0x00800100         0x0000ff00         rw !x
eeprom           0x00810000         0x00010000         rw !x
fuse             0x00820000         0x00000003         rw !x
lock             0x00830000         0x00000400         rw !x
signature        0x00840000         0x00000400         rw !x
user_signatures  0x00850000         0x00000400         rw !x
*default*        0x00000000         0xffffffff

Linker script and memory map

Address of section .data set to 0x800100
LOAD C:/Program Files (x86)/Atmel/Studio/7.0/Packs/atmel/ATmega_DFP/1.2.209/gcc/dev/atmega1284p/avr51/crtatmega1284p.o
LOAD Sketch.o
LOAD src/libraries/Adafruit-PN532/Adafruit_PN532.o
LOAD src/libraries/DS3231M/src/DS3231M.o
LOAD src/libraries/Ethernet2/src/Dhcp.o
LOAD src/libraries/Ethernet2/src/Dns.o
LOAD src/libraries/Ethernet2/src/Ethernet2.o
LOAD src/libraries/Ethernet2/src/EthernetClient.o
LOAD src/libraries/Ethernet2/src/EthernetServer.o
LOAD src/libraries/Ethernet2/src/EthernetUdp2.o
LOAD src/libraries/Ethernet2/src/Twitter.o
LOAD src/libraries/Ethernet2/src/utility/socket.o
LOAD src/libraries/Ethernet2/src/utility/w5500.o
LOAD src/libraries/Keypad/src/i2ckeypad.o
LOAD src/libraries/Keypad/src/Key.o
LOAD src/libraries/Keypad/src/Keypad.o
LOAD src/libraries/Keypad/src/Keypad_I2C.o
LOAD src/libraries/LiquidCrystal/src/I2CIO.o
LOAD src/libraries/LiquidCrystal/src/LCD.o
LOAD src/libraries/LiquidCrystal/src/LiquidCrystal.o
LOAD src/libraries/LiquidCrystal/src/LiquidCrystal_I2C.o
LOAD src/libraries/SPIMemory/src/diagnostics.o
LOAD src/libraries/SPIMemory/src/DMASAM.o
LOAD src/libraries/SPIMemory/src/SPIFlash.o
LOAD src/libraries/SPIMemory/src/SPIFlashIO.o
LOAD src/libraries/SPIMemory/src/SPIFlashSFDP.o
LOAD src/libraries/SPIMemory/src/SPIFram.o
LOAD src/libraries/SPIMemory/src/SPIFramIO.o
LOAD src/libraries/SPIMemory/src/SPIMemory.o
LOAD src/libraries/SPI/src/SPI.o
LOAD src/libraries/Wire/src/utility/twi.o
LOAD src/libraries/Wire/src/Wire.o
START GROUP
LOAD c:/program files (x86)/atmel/studio/7.0/toolchain/avr8/avr8-gnu-toolchain/bin/../lib/gcc/avr/5.4.0/../../../../avr/lib/avr51\libm.a
LOAD C:\Users\ADMINI~1\DOCUME~1\PROGET~1\FUELCO~1\Firmware\repo\fwCCEC\TUINOD~1\ARDUIN~1\Debug\libArduinoCore.a
END GROUP
LOAD c:/program files (x86)/atmel/studio/7.0/toolchain/avr8/avr8-gnu-toolchain/bin/../lib/gcc/avr/5.4.0/avr51\libgcc.a
LOAD c:/program files (x86)/atmel/studio/7.0/toolchain/avr8/avr8-gnu-toolchain/bin/../lib/gcc/avr/5.4.0/../../../../avr/lib/avr51\libm.a
START GROUP
LOAD c:/program files (x86)/atmel/studio/7.0/toolchain/avr8/avr8-gnu-toolchain/bin/../lib/gcc/avr/5.4.0/avr51\libgcc.a
LOAD c:/program files (x86)/atmel/studio/7.0/toolchain/avr8/avr8-gnu-toolchain/bin/../lib/gcc/avr/5.4.0/../../../../avr/lib/avr51\libm.a
LOAD c:/program files (x86)/atmel/studio/7.0/toolchain/avr8/avr8-gnu-toolchain/bin/../lib/gcc/avr/5.4.0/../../../../avr/lib/avr51\libc.a
LOAD C:/Program Files (x86)/Atmel/Studio/7.0/Packs/atmel/ATmega_DFP/1.2.209/gcc/dev/atmega1284p/avr51\libatmega1284p.a
END GROUP
                0x00020000                __TEXT_REGION_LENGTH__ = DEFINED (__TEXT_REGION_LENGTH__)?__TEXT_REGION_LENGTH__:0x20000
                0x0000ff00                __DATA_REGION_LENGTH__ = DEFINED (__DATA_REGION_LENGTH__)?__DATA_REGION_LENGTH__:0xff00
                0x00010000                __EEPROM_REGION_LENGTH__ = DEFINED (__EEPROM_REGION_LENGTH__)?__EEPROM_REGION_LENGTH__:0x10000
                [0x00000003]                __FUSE_REGION_LENGTH__ = DEFINED (__FUSE_REGION_LENGTH__)?__FUSE_REGION_LENGTH__:0x400
                0x00000400                __LOCK_REGION_LENGTH__ = DEFINED (__LOCK_REGION_LENGTH__)?__LOCK_REGION_LENGTH__:0x400
                0x00000400                __SIGNATURE_REGION_LENGTH__ = DEFINED (__SIGNATURE_REGION_LENGTH__)?__SIGNATURE_REGION_LENGTH__:0x400
                0x00000400                __USER_SIGNATURE_REGION_LENGTH__ = DEFINED (__USER_SIGNATURE_REGION_LENGTH__)?__USER_SIGNATURE_REGION_LENGTH__:0x400

.hash
 *(.hash)

.dynsym
 *(.dynsym)

.dynstr
 *(.dynstr)

.gnu.version
 *(.gnu.version)

.gnu.version_d
 *(.gnu.version_d)

.gnu.version_r
 *(.gnu.version_r)

.rel.init
 *(.rel.init)

.rela.init
 *(.rela.init)

.rel.text
 *(.rel.text)
 *(.rel.text.*)
 *(.rel.gnu.linkonce.t*)

.rela.text
 *(.rela.text)
 *(.rela.text.*)
 *(.rela.gnu.linkonce.t*)

.rel.fini
 *(.rel.fini)

.rela.fini
 *(.rela.fini)

.rel.rodata
 *(.rel.rodata)
 *(.rel.rodata.*)
 *(.rel.gnu.linkonce.r*)

.rela.rodata
 *(.rela.rodata)
 *(.rela.rodata.*)
 *(.rela.gnu.linkonce.r*)

.rel.data
 *(.rel.data)
 *(.rel.data.*)
 *(.rel.gnu.linkonce.d*)

.rela.data
 *(.rela.data)
 *(.rela.data.*)
 *(.rela.gnu.linkonce.d*)

.rel.ctors
 *(.rel.ctors)

.rela.ctors
 *(.rela.ctors)

.rel.dtors
 *(.rel.dtors)

.rela.dtors
 *(.rela.dtors)

.rel.got
 *(.rel.got)

.rela.got
 *(.rela.got)

.rel.bss
 *(.rel.bss)

.rela.bss
 *(.rela.bss)

.rel.plt
 *(.rel.plt)

.rela.plt
 *(.rela.plt)

.text           0x00000000     0x8f8e
 *(.vectors)
 .vectors       0x00000000       0x8c C:/Program Files (x86)/Atmel/Studio/7.0/Packs/atmel/ATmega_DFP/1.2.209/gcc/dev/atmega1284p/avr51/crtatmega1284p.o
                0x00000000                __vector_default
                0x00000000                __vectors
 *(.vectors)
 *(.progmem.gcc*)
 .progmem.gcc_sw_table.loop
                0x0000008c       0x18 Sketch.o
 .progmem.gcc_sw_table._ZN8DateTimeC2EPK19__FlashStringHelperS2_
                0x000000a4       0x26 src/libraries/DS3231M/src/DS3231M.o
                0x000000ca                . = ALIGN (0x2)
                0x000000ca                __trampolines_start = .
 *(.trampolines)
 .trampolines   0x000000ca        0x0 linker stubs
 *(.trampolines*)
                0x000000ca                __trampolines_end = .
 *libprintf_flt.a:*(.progmem.data)
 *libc.a:*(.progmem.data)
 .progmem.data  0x000000ca       0xfa c:/program files (x86)/atmel/studio/7.0/toolchain/avr8/avr8-gnu-toolchain/bin/../lib/gcc/avr/5.4.0/../../../../avr/lib/avr51\libc.a(ftoa_engine.o)
 *(.progmem*)
 .progmem.data._ZZ5setupE3__c_0
                0x000001c4       0x15 Sketch.o
 .progmem.data._ZZ5setupE3__c
                0x000001d9       0x2f Sketch.o
 .progmem.data._ZZN13DS3231M_Class6adjustEvE3__c
                0x00000208        0xc src/libraries/DS3231M/src/DS3231M.o
 .progmem.data._ZZN13DS3231M_Class6adjustEvE3__c_0
                0x00000214        0x9 src/libraries/DS3231M/src/DS3231M.o
 .progmem.data._ZL11daysInMonth
                0x0000021d        0xc src/libraries/DS3231M/src/DS3231M.o
 .progmem.data._ZZN11Diagnostics15_printErrorCodeEvE3__c_0
                0x00000229        0x2 src/libraries/SPIMemory/src/diagnostics.o
 .progmem.data._ZZN11Diagnostics15_printErrorCodeEvE3__c
                0x0000022b        0xf src/libraries/SPIMemory/src/diagnostics.o
 .progmem.data.digital_pin_to_timer_PGM
                0x0000023a       0x20 C:\Users\ADMINI~1\DOCUME~1\PROGET~1\FUELCO~1\Firmware\repo\fwCCEC\TUINOD~1\ARDUIN~1\Debug\libArduinoCore.a(wiring_digital.o)
                0x0000023a                digital_pin_to_timer_PGM
 .progmem.data.digital_pin_to_bit_mask_PGM
                0x0000025a       0x20 C:\Users\ADMINI~1\DOCUME~1\PROGET~1\FUELCO~1\Firmware\repo\fwCCEC\TUINOD~1\ARDUIN~1\Debug\libArduinoCore.a(wiring_digital.o)
                0x0000025a                digital_pin_to_bit_mask_PGM
 .progmem.data.digital_pin_to_port_PGM
                0x0000027a       0x20 C:\Users\ADMINI~1\DOCUME~1\PROGET~1\FUELCO~1\Firmware\repo\fwCCEC\TUINOD~1\ARDUIN~1\Debug\libArduinoCore.a(wiring_digital.o)
                0x0000027a                digital_pin_to_port_PGM
 .progmem.data.port_to_input_PGM
                0x0000029a        0xa C:\Users\ADMINI~1\DOCUME~1\PROGET~1\FUELCO~1\Firmware\repo\fwCCEC\TUINOD~1\ARDUIN~1\Debug\libArduinoCore.a(wiring_digital.o)
                0x0000029a                port_to_input_PGM
 .progmem.data.port_to_output_PGM
                0x000002a4        0xa C:\Users\ADMINI~1\DOCUME~1\PROGET~1\FUELCO~1\Firmware\repo\fwCCEC\TUINOD~1\ARDUIN~1\Debug\libArduinoCore.a(wiring_digital.o)
                0x000002a4                port_to_output_PGM
 .progmem.data.port_to_mode_PGM
                0x000002ae        0xa C:\Users\ADMINI~1\DOCUME~1\PROGET~1\FUELCO~1\Firmware\repo\fwCCEC\TUINOD~1\ARDUIN~1\Debug\libArduinoCore.a(wiring_digital.o)
                0x000002ae                port_to_mode_PGM
                0x000002b8                . = ALIGN (0x2)
 *(.jumptables)
 *(.jumptables*)
 *(.lowtext)
 *(.lowtext*)
                0x000002b8                __ctors_start = .
 *(.ctors)
 .ctors         0x000002b8        0x2 Sketch.o
 .ctors         0x000002ba        0x2 src/libraries/Ethernet2/src/Dhcp.o
 .ctors         0x000002bc        0x2 src/libraries/Ethernet2/src/Dns.o
 .ctors         0x000002be        0x2 src/libraries/Ethernet2/src/Ethernet2.o
 .ctors         0x000002c0        0x2 src/libraries/Ethernet2/src/EthernetClient.o
 .ctors         0x000002c2        0x2 src/libraries/Ethernet2/src/EthernetServer.o
 .ctors         0x000002c4        0x2 src/libraries/Ethernet2/src/EthernetUdp2.o
 .ctors         0x000002c6        0x2 src/libraries/Ethernet2/src/Twitter.o
 .ctors         0x000002c8        0x2 src/libraries/Ethernet2/src/utility/w5500.o
 .ctors         0x000002ca        0x2 src/libraries/Wire/src/Wire.o
 .ctors         0x000002cc        0x2 C:\Users\ADMINI~1\DOCUME~1\PROGET~1\FUELCO~1\Firmware\repo\fwCCEC\TUINOD~1\ARDUIN~1\Debug\libArduinoCore.a(HardwareSerial0.o)
                0x000002ce                __ctors_end = .
                0x000002ce                __dtors_start = .
 *(.dtors)
 .dtors         0x000002ce        0x2 Sketch.o
                0x000002d0                __dtors_end = .
 SORT(*)(.ctors)
 SORT(*)(.dtors)
 *(.init0)
 .init0         0x000002d0        0x0 C:/Program Files (x86)/Atmel/Studio/7.0/Packs/atmel/ATmega_DFP/1.2.209/gcc/dev/atmega1284p/avr51/crtatmega1284p.o
                0x000002d0                __init
 *(.init0)
 *(.init1)
 *(.init1)
 *(.init2)
 .init2         0x000002d0        0xc C:/Program Files (x86)/Atmel/Studio/7.0/Packs/atmel/ATmega_DFP/1.2.209/gcc/dev/atmega1284p/avr51/crtatmega1284p.o
 *(.init2)
 *(.init3)
 *(.init3)
 *(.init4)
 .init4         0x000002dc       0x1a c:/program files (x86)/atmel/studio/7.0/toolchain/avr8/avr8-gnu-toolchain/bin/../lib/gcc/avr/5.4.0/avr51\libgcc.a(_copy_data.o)
                0x000002dc                __do_copy_data
 .init4         0x000002f6       0x10 c:/program files (x86)/atmel/studio/7.0/toolchain/avr8/avr8-gnu-toolchain/bin/../lib/gcc/avr/5.4.0/avr51\libgcc.a(_clear_bss.o)
                0x000002f6                __do_clear_bss
 *(.init4)
 *(.init5)
 *(.init5)
 *(.init6)
 .init6         0x00000306       0x16 c:/program files (x86)/atmel/studio/7.0/toolchain/avr8/avr8-gnu-toolchain/bin/../lib/gcc/avr/5.4.0/avr51\libgcc.a(_ctors.o)
                0x00000306                __do_global_ctors
 *(.init6)
 *(.init7)
 *(.init7)
 *(.init8)
 *(.init8)
 *(.init9)
 .init9         0x0000031c        0x8 C:/Program Files (x86)/Atmel/Studio/7.0/Packs/atmel/ATmega_DFP/1.2.209/gcc/dev/atmega1284p/avr51/crtatmega1284p.o
 *(.init9)
 *(.text)
 .text          0x00000324        0x2 C:/Program Files (x86)/Atmel/Studio/7.0/Packs/atmel/ATmega_DFP/1.2.209/gcc/dev/atmega1284p/avr51/crtatmega1284p.o
                0x00000324                __vector_22
                0x00000324                __vector_28
                0x00000324                __vector_1
                0x00000324                __vector_32
                0x00000324                __vector_34
                0x00000324                __vector_24
                0x00000324                __vector_12
                0x00000324                __bad_interrupt
                0x00000324                __vector_6
                0x00000324                __vector_31
                0x00000324                __vector_3
                0x00000324                __vector_23
                0x00000324                __vector_30
                0x00000324                __vector_25
                0x00000324                __vector_11
                0x00000324                __vector_13
                0x00000324                __vector_17
                0x00000324                __vector_27
                0x00000324                __vector_5
                0x00000324                __vector_33
                0x00000324                __vector_9
                0x00000324                __vector_2
                0x00000324                __vector_21
                0x00000324                __vector_15
                0x00000324                __vector_29
                0x00000324                __vector_8
                0x00000324                __vector_14
                0x00000324                __vector_10
                0x00000324                __vector_20
                0x00000326                . = ALIGN (0x2)
 *(.text.*)
 .text._ZL11disable_ETHv
                0x00000326        0x4 Sketch.o
 .text._ZL13disable_FLASHv
                0x0000032a        0x4 Sketch.o
 .text._ZN7TwoWire5writeEi
                0x0000032e        0xe Sketch.o
                0x0000032e                _ZN7TwoWire5writeEi
 .text._Z14initIOExpanderv
                0x0000033c       0xb6 Sketch.o
                0x0000033c                _Z14initIOExpanderv
 .text._Z11my_delay_msi
                0x000003f2       0x18 Sketch.o
                0x000003f2                _Z11my_delay_msi
 .text._Z9printLinev
                0x0000040a       0x26 Sketch.o
                0x0000040a                _Z9printLinev
 .text._Z8printTabh
                0x00000430       0x22 Sketch.o
                0x00000430                _Z8printTabh
 .text._Z4passb
                0x00000452       0x30 Sketch.o
                0x00000452                _Z4passb
 .text._Z13printUniqueIDv
                0x00000482      0x11e Sketch.o
                0x00000482                _Z13printUniqueIDv
 .text._Z16FlasheraseSectormj
                0x000005a0       0x6c Sketch.o
                0x000005a0                _Z16FlasheraseSectormj
 .text._Z15erogazioniSaverm6String
                0x0000060c       0xfc Sketch.o
                0x0000060c                _Z15erogazioniSaverm6String
 .text._Z14FlashpowerDownj
                0x00000708       0x50 Sketch.o
                0x00000708                _Z14FlashpowerDownj
 .text._Z12FlashpowerUpj
                0x00000758       0x50 Sketch.o
                0x00000758                _Z12FlashpowerUpj
 .text._Z13eraseChipTestj
                0x000007a8       0x4c Sketch.o
                0x000007a8                _Z13eraseChipTestj
 .text._Z5getIDv
                0x000007f4      0x1a8 Sketch.o
                0x000007f4                _Z5getIDv
 .text._Z10leggiRighev
                0x0000099c       0x34 Sketch.o
                0x0000099c                _Z10leggiRighev
 .text._Z12leggiColonnev
                0x000009d0       0x34 Sketch.o
                0x000009d0                _Z12leggiColonnev
 .text._Z17leggi_IP_REGISTERv
                0x00000a04       0x2a Sketch.o
                0x00000a04                _Z17leggi_IP_REGISTERv
 .text._Z17leggi_OP_REGISTERv
                0x00000a2e       0x2a Sketch.o
                0x00000a2e                _Z17leggi_OP_REGISTERv
 .text._Z10displayLCDP6Stringii
                0x00000a58      0x140 Sketch.o
                0x00000a58                _Z10displayLCDP6Stringii
 .text._Z11avanzaStatom
                0x00000b98       0x3c Sketch.o
                0x00000b98                _Z11avanzaStatom
 .text._Z14leggiTAG_Mezzob
                0x00000bd4      0x1ba Sketch.o
                0x00000bd4                _Z14leggiTAG_Mezzob
 .text._Z14GetCodeRfidATev
                0x00000d8e       0xcc Sketch.o
                0x00000d8e                _Z14GetCodeRfidATev
 .text._Z15abilitaPulsantiv
                0x00000e5a       0x14 Sketch.o
                0x00000e5a                _Z15abilitaPulsantiv
 .text._Z22abilitaContattiPistolav
                0x00000e6e        0x6 Sketch.o
                0x00000e6e                _Z22abilitaContattiPistolav
 .text._Z13abilitaPulserc
                0x00000e74       0x1c Sketch.o
                0x00000e74                _Z13abilitaPulserc
 .text._Z14impulsiToLitrii
                0x00000e90       0x56 Sketch.o
                0x00000e90                _Z14impulsiToLitrii
 .text._Z18Rele_Abilitazione1ii
                0x00000ee6       0x76 Sketch.o
                0x00000ee6                _Z18Rele_Abilitazione1ii
 .text._Z18Rele_Abilitazione2ii
                0x00000f5c       0x88 Sketch.o
                0x00000f5c                _Z18Rele_Abilitazione2ii
 .text._Z12Control_WIFIi
                0x00000fe4       0x26 Sketch.o
                0x00000fe4                _Z12Control_WIFIi
 .text._Z32CompletoRifornimentoPerInvioDatii
                0x0000100a       0x42 Sketch.o
                0x0000100a                _Z32CompletoRifornimentoPerInvioDatii
 .text.__vector_4
                0x0000104c       0x48 Sketch.o
                0x0000104c                __vector_4
 .text.__vector_7
                0x00001094      0x162 Sketch.o
                0x00001094                __vector_7
 .text.startup._GLOBAL__sub_I_intConsecutivePresses
                0x000011f6      0x1e4 Sketch.o
 .text.exit._GLOBAL__sub_D_intConsecutivePresses
                0x000013da       0xa4 Sketch.o
 .text._Z19InizializzaEthernetv
                0x0000147e      0x12c Sketch.o
                0x0000147e                _Z19InizializzaEthernetv
 .text.setup    0x000015aa      0x486 Sketch.o
                0x000015aa                setup
 .text._Z23getTastoPremuto_x_targav
                0x00001a30      0x3f8 Sketch.o
                0x00001a30                _Z23getTastoPremuto_x_targav
 .text._Z6Azzerav
                0x00001e28      0x12c Sketch.o
                0x00001e28                _Z6Azzerav
 .text._Z17InviaRifornimentoiiPci6String
                0x00001f54      0x104 Sketch.o
                0x00001f54                _Z17InviaRifornimentoiiPci6String
 .text.loop     0x00002058      0xac2 Sketch.o
                0x00002058                loop
 .text._ZN8SPIClass16beginTransactionE11SPISettings
                0x00002b1a       0x34 src/libraries/Adafruit-PN532/Adafruit_PN532.o
                0x00002b1a                _ZN8SPIClass16beginTransactionE11SPISettings
 .text._ZN8SPIClass14endTransactionEv
                0x00002b4e       0x22 src/libraries/Adafruit-PN532/Adafruit_PN532.o
                0x00002b4e                _ZN8SPIClass14endTransactionEv
 .text._ZN14Adafruit_PN532C2Ehh
                0x00002b70       0x2a src/libraries/Adafruit-PN532/Adafruit_PN532.o
                0x00002b70                _ZN14Adafruit_PN532C2Ehh
                0x00002b70                _ZN14Adafruit_PN532C1Ehh
 .text._ZN14Adafruit_PN53210GetHexCodeEPKhm
                0x00002b9a      0x110 src/libraries/Adafruit-PN532/Adafruit_PN532.o
                0x00002b9a                _ZN14Adafruit_PN53210GetHexCodeEPKhm
 .text._ZN14Adafruit_PN5329spi_writeEh
                0x00002caa       0x7e src/libraries/Adafruit-PN532/Adafruit_PN532.o
                0x00002caa                _ZN14Adafruit_PN5329spi_writeEh
 .text._ZN14Adafruit_PN5328spi_readEv
                0x00002d28       0x82 src/libraries/Adafruit-PN532/Adafruit_PN532.o
                0x00002d28                _ZN14Adafruit_PN5328spi_readEv
 .text._ZN14Adafruit_PN5327isreadyEv
                0x00002daa       0x66 src/libraries/Adafruit-PN532/Adafruit_PN532.o
                0x00002daa                _ZN14Adafruit_PN5327isreadyEv
 .text._ZN14Adafruit_PN5329waitreadyEj
                0x00002e10       0x5c src/libraries/Adafruit-PN532/Adafruit_PN532.o
                0x00002e10                _ZN14Adafruit_PN5329waitreadyEj
 .text._ZN14Adafruit_PN5328readdataEPhh
                0x00002e6c       0xe2 src/libraries/Adafruit-PN532/Adafruit_PN532.o
                0x00002e6c                _ZN14Adafruit_PN5328readdataEPhh
 .text._ZN14Adafruit_PN5327readackEv
                0x00002f4e       0x44 src/libraries/Adafruit-PN532/Adafruit_PN532.o
                0x00002f4e                _ZN14Adafruit_PN5327readackEv
 .text._ZL8i2c_sendh
                0x00002f92        0xa src/libraries/Adafruit-PN532/Adafruit_PN532.o
 .text._ZN14Adafruit_PN53212writecommandEPhh
                0x00002f9c      0x16c src/libraries/Adafruit-PN532/Adafruit_PN532.o
                0x00002f9c                _ZN14Adafruit_PN53212writecommandEPhh
 .text._ZN14Adafruit_PN53219sendCommandCheckAckEPhhj
                0x00003108       0x42 src/libraries/Adafruit-PN532/Adafruit_PN532.o
                0x00003108                _ZN14Adafruit_PN53219sendCommandCheckAckEPhhj
 .text._ZN14Adafruit_PN5325beginEv
                0x0000314a       0x9a src/libraries/Adafruit-PN532/Adafruit_PN532.o
                0x0000314a                _ZN14Adafruit_PN5325beginEv
 .text._ZN14Adafruit_PN53218getFirmwareVersionEv
                0x000031e4       0x90 src/libraries/Adafruit-PN532/Adafruit_PN532.o
                0x000031e4                _ZN14Adafruit_PN53218getFirmwareVersionEv
 .text._ZN14Adafruit_PN5329SAMConfigEv
                0x00003274       0x5c src/libraries/Adafruit-PN532/Adafruit_PN532.o
                0x00003274                _ZN14Adafruit_PN5329SAMConfigEv
 .text._ZN14Adafruit_PN53227setPassiveActivationRetriesEh
                0x000032d0       0x20 src/libraries/Adafruit-PN532/Adafruit_PN532.o
                0x000032d0                _ZN14Adafruit_PN53227setPassiveActivationRetriesEh
 .text._ZN14Adafruit_PN53219readPassiveTargetIDEhPhS0_j
                0x000032f0       0xa8 src/libraries/Adafruit-PN532/Adafruit_PN532.o
                0x000032f0                _ZN14Adafruit_PN53219readPassiveTargetIDEhPhS0_j
 .text._ZN14Adafruit_PN53231mifareclassic_AuthenticateBlockEPhhmhS0_
                0x00003398       0xc0 src/libraries/Adafruit-PN532/Adafruit_PN532.o
                0x00003398                _ZN14Adafruit_PN53231mifareclassic_AuthenticateBlockEPhhmhS0_
 .text._ZN14Adafruit_PN53227mifareclassic_ReadDataBlockEhPh
                0x00003458       0x66 src/libraries/Adafruit-PN532/Adafruit_PN532.o
                0x00003458                _ZN14Adafruit_PN53227mifareclassic_ReadDataBlockEhPh
 .text._ZN14Adafruit_PN53228mifareclassic_WriteDataBlockEhPh
                0x000034be       0x60 src/libraries/Adafruit-PN532/Adafruit_PN532.o
                0x000034be                _ZN14Adafruit_PN53228mifareclassic_WriteDataBlockEhPh
 .text._ZL9date2daysjhh
                0x0000351e       0x64 src/libraries/DS3231M/src/DS3231M.o
 .text._ZL6conv2dPKc
                0x00003582       0x1a src/libraries/DS3231M/src/DS3231M.o
 .text._ZN8DateTimeC2Em
                0x0000359c       0xf2 src/libraries/DS3231M/src/DS3231M.o
                0x0000359c                _ZN8DateTimeC2Em
                0x0000359c                _ZN8DateTimeC1Em
 .text._ZN8DateTimeC2EPK19__FlashStringHelperS2_
                0x0000368e       0xea src/libraries/DS3231M/src/DS3231M.o
                0x0000368e                _ZN8DateTimeC2EPK19__FlashStringHelperS2_
                0x0000368e                _ZN8DateTimeC1EPK19__FlashStringHelperS2_
 .text._ZNK8DateTime12dayOfTheWeekEv
                0x00003778       0x18 src/libraries/DS3231M/src/DS3231M.o
                0x00003778                _ZNK8DateTime12dayOfTheWeekEv
 .text._ZNK8DateTime8unixtimeEv
                0x00003790       0x7a src/libraries/DS3231M/src/DS3231M.o
                0x00003790                _ZNK8DateTime8unixtimeEv
 .text._ZNK8DateTime11secondstimeEv
                0x0000380a       0x6a src/libraries/DS3231M/src/DS3231M.o
                0x0000380a                _ZNK8DateTime11secondstimeEv
 .text._ZN13DS3231M_ClassC2Ev
                0x00003874        0xe src/libraries/DS3231M/src/DS3231M.o
                0x00003874                _ZN13DS3231M_ClassC2Ev
                0x00003874                _ZN13DS3231M_ClassC1Ev
 .text._ZN13DS3231M_ClassD2Ev
                0x00003882        0x2 src/libraries/DS3231M/src/DS3231M.o
                0x00003882                _ZN13DS3231M_ClassD2Ev
                0x00003882                _ZN13DS3231M_ClassD1Ev
 .text._ZN13DS3231M_Class9writeByteEhh
                0x00003884       0x40 src/libraries/DS3231M/src/DS3231M.o
                0x00003884                _ZN13DS3231M_Class9writeByteEhh
 .text._ZN13DS3231M_Class8readByteEh
                0x000038c4       0x44 src/libraries/DS3231M/src/DS3231M.o
                0x000038c4                _ZN13DS3231M_Class8readByteEh
 .text._ZN13DS3231M_Class5beginEm
                0x00003908       0x60 src/libraries/DS3231M/src/DS3231M.o
                0x00003908                _ZN13DS3231M_Class5beginEm
 .text._ZN13DS3231M_Class3nowEv
                0x00003968      0x140 src/libraries/DS3231M/src/DS3231M.o
                0x00003968                _ZN13DS3231M_Class3nowEv
 .text._ZN13DS3231M_Class6adjustERK8DateTime
                0x00003aa8      0x11c src/libraries/DS3231M/src/DS3231M.o
                0x00003aa8                _ZN13DS3231M_Class6adjustERK8DateTime
 .text._ZN13DS3231M_Class6adjustEv
                0x00003bc4       0x42 src/libraries/DS3231M/src/DS3231M.o
                0x00003bc4                _ZN13DS3231M_Class6adjustEv
 .text.startup._GLOBAL__sub_I__ZN9DhcpClass13beginWithDHCPEPhmm
                0x00003c06       0x16 src/libraries/Ethernet2/src/Dhcp.o
 .text._ZN9DNSClient5beginERK9IPAddress
                0x00003c1c       0x1a src/libraries/Ethernet2/src/Dns.o
                0x00003c1c                _ZN9DNSClient5beginERK9IPAddress
 .text._ZN9DNSClient9inet_atonEPKcR9IPAddress
                0x00003c36       0x80 src/libraries/Ethernet2/src/Dns.o
                0x00003c36                _ZN9DNSClient9inet_atonEPKcR9IPAddress
 .text.startup._GLOBAL__sub_I__ZN9DNSClient5beginERK9IPAddress
                0x00003cb6       0x16 src/libraries/Ethernet2/src/Dns.o
 .text._ZN9DNSClient12BuildRequestEPKc
                0x00003ccc      0x142 src/libraries/Ethernet2/src/Dns.o
                0x00003ccc                _ZN9DNSClient12BuildRequestEPKc
 .text._ZN9DNSClient15ProcessResponseEjR9IPAddress
                0x00003e0e      0x2c2 src/libraries/Ethernet2/src/Dns.o
                0x00003e0e                _ZN9DNSClient15ProcessResponseEjR9IPAddress
 .text._ZN9DNSClient13getHostByNameEPKcR9IPAddress
                0x000040d0      0x112 src/libraries/Ethernet2/src/Dns.o
                0x000040d0                _ZN9DNSClient13getHostByNameEPKcR9IPAddress
 .text._ZN10W5500Class8writeGAREPh
                0x000041e2        0xe src/libraries/Ethernet2/src/Ethernet2.o
                0x000041e2                _ZN10W5500Class8writeGAREPh
 .text._ZN10W5500Class9writeSUBREPh
                0x000041f0        0xe src/libraries/Ethernet2/src/Ethernet2.o
                0x000041f0                _ZN10W5500Class9writeSUBREPh
 .text._ZN10W5500Class9writeSHAREPh
                0x000041fe        0xe src/libraries/Ethernet2/src/Ethernet2.o
                0x000041fe                _ZN10W5500Class9writeSHAREPh
 .text._ZN10W5500Class9writeSIPREPh
                0x0000420c        0xe src/libraries/Ethernet2/src/Ethernet2.o
                0x0000420c                _ZN10W5500Class9writeSIPREPh
 .text._ZN13EthernetClass5beginEPh9IPAddressS1_S1_S1_
                0x0000421a       0x6c src/libraries/Ethernet2/src/Ethernet2.o
                0x0000421a                _ZN13EthernetClass5beginEPh9IPAddressS1_S1_S1_
 .text._ZN13EthernetClass11dnsServerIPEv
                0x00004286       0x20 src/libraries/Ethernet2/src/Ethernet2.o
                0x00004286                _ZN13EthernetClass11dnsServerIPEv
 .text.startup._GLOBAL__sub_I__ZN13EthernetClass6_stateE
                0x000042a6       0x2a src/libraries/Ethernet2/src/Ethernet2.o
 .text._ZN5Print17availableForWriteEv
                0x000042d0        0x6 src/libraries/Ethernet2/src/EthernetClient.o
                0x000042d0                _ZN5Print17availableForWriteEv
 .text._ZN5Print5flushEv
                0x000042d6        0x2 src/libraries/Ethernet2/src/EthernetClient.o
                0x000042d6                _ZN5Print5flushEv
 .text._ZN14EthernetClientneERKS_
                0x000042d8       0x14 src/libraries/Ethernet2/src/EthernetClient.o
                0x000042d8                _ZN14EthernetClientneERKS_
 .text._ZN14EthernetClient5writeEh
                0x000042ec       0x2c src/libraries/Ethernet2/src/EthernetClient.o
                0x000042ec                _ZN14EthernetClient5writeEh
 .text._ZN14EthernetClientcvbEv
                0x00004318       0x10 src/libraries/Ethernet2/src/EthernetClient.o
                0x00004318                _ZN14EthernetClientcvbEv
 .text._ZN14EthernetClienteqERKS_
                0x00004328       0x16 src/libraries/Ethernet2/src/EthernetClient.o
                0x00004328                _ZN14EthernetClienteqERKS_
 .text._ZN14EthernetClient7connectEPKcj
                0x0000433e       0xb4 src/libraries/Ethernet2/src/EthernetClient.o
                0x0000433e                _ZN14EthernetClient7connectEPKcj
 .text._ZN14EthernetClient5writeEPKhj
                0x000043f2       0x3a src/libraries/Ethernet2/src/EthernetClient.o
                0x000043f2                _ZN14EthernetClient5writeEPKhj
 .text._ZN14EthernetClient9availableEv
                0x0000442c       0x14 src/libraries/Ethernet2/src/EthernetClient.o
                0x0000442c                _ZN14EthernetClient9availableEv
 .text._ZN14EthernetClient4readEv
                0x00004440       0x32 src/libraries/Ethernet2/src/EthernetClient.o
                0x00004440                _ZN14EthernetClient4readEv
 .text._ZN14EthernetClient4readEPhj
                0x00004472        0x6 src/libraries/Ethernet2/src/EthernetClient.o
                0x00004472                _ZN14EthernetClient4readEPhj
 .text._ZN14EthernetClient4peekEv
                0x00004478       0x44 src/libraries/Ethernet2/src/EthernetClient.o
                0x00004478                _ZN14EthernetClient4peekEv
 .text._ZN14EthernetClient5flushEv
                0x000044bc        0x6 src/libraries/Ethernet2/src/EthernetClient.o
                0x000044bc                _ZN14EthernetClient5flushEv
 .text._ZN14EthernetClientC2Ev
                0x000044c2       0x24 src/libraries/Ethernet2/src/EthernetClient.o
                0x000044c2                _ZN14EthernetClientC2Ev
                0x000044c2                _ZN14EthernetClientC1Ev
 .text._ZN14EthernetClientC2Eh
                0x000044e6       0x22 src/libraries/Ethernet2/src/EthernetClient.o
                0x000044e6                _ZN14EthernetClientC1Eh
                0x000044e6                _ZN14EthernetClientC2Eh
 .text._ZN14EthernetClient6statusEv
                0x00004508       0x1a src/libraries/Ethernet2/src/EthernetClient.o
                0x00004508                _ZN14EthernetClient6statusEv
 .text._ZN14EthernetClient9connectedEv
                0x00004522       0x46 src/libraries/Ethernet2/src/EthernetClient.o
                0x00004522                _ZN14EthernetClient9connectedEv
 .text._ZN14EthernetClient4stopEv
                0x00004568       0x7c src/libraries/Ethernet2/src/EthernetClient.o
                0x00004568                _ZN14EthernetClient4stopEv
 .text._ZN14EthernetClient7connectE9IPAddressj
                0x000045e4       0xba src/libraries/Ethernet2/src/EthernetClient.o
                0x000045e4                _ZN14EthernetClient7connectE9IPAddressj
 .text.startup._GLOBAL__sub_I__ZN14EthernetClient8_srcportE
                0x0000469e       0x16 src/libraries/Ethernet2/src/EthernetClient.o
 .text._ZN14EthernetServer5writeEh
                0x000046b4       0x2c src/libraries/Ethernet2/src/EthernetServer.o
                0x000046b4                _ZN14EthernetServer5writeEh
 .text._ZN14EthernetServer5beginEv
                0x000046e0       0x80 src/libraries/Ethernet2/src/EthernetServer.o
                0x000046e0                _ZN14EthernetServer5beginEv
 .text._ZN14EthernetServerC2Ej
                0x00004760       0x14 src/libraries/Ethernet2/src/EthernetServer.o
                0x00004760                _ZN14EthernetServerC1Ej
                0x00004760                _ZN14EthernetServerC2Ej
 .text._ZN14EthernetServer6acceptEv
                0x00004774       0xb8 src/libraries/Ethernet2/src/EthernetServer.o
                0x00004774                _ZN14EthernetServer6acceptEv
 .text._ZN14EthernetServer5writeEPKhj
                0x0000482c       0xa8 src/libraries/Ethernet2/src/EthernetServer.o
                0x0000482c                _ZN14EthernetServer5writeEPKhj
 .text.startup._GLOBAL__sub_I__ZN14EthernetServerC2Ej
                0x000048d4       0x16 src/libraries/Ethernet2/src/EthernetServer.o
 .text._ZN3UDP14beginMulticastE9IPAddressj
                0x000048ea        0x4 src/libraries/Ethernet2/src/EthernetUdp2.o
                0x000048ea                _ZN3UDP14beginMulticastE9IPAddressj
 .text._ZN11EthernetUDP4readEPcj
                0x000048ee        0xe src/libraries/Ethernet2/src/EthernetUdp2.o
                0x000048ee                _ZN11EthernetUDP4readEPcj
 .text._ZN11EthernetUDP8remoteIPEv
                0x000048fc       0x20 src/libraries/Ethernet2/src/EthernetUdp2.o
                0x000048fc                _ZN11EthernetUDP8remoteIPEv
 .text._ZN11EthernetUDP10remotePortEv
                0x0000491c        0x8 src/libraries/Ethernet2/src/EthernetUdp2.o
                0x0000491c                _ZN11EthernetUDP10remotePortEv
 .text._ZN11EthernetUDP9availableEv
                0x00004924        0x8 src/libraries/Ethernet2/src/EthernetUdp2.o
                0x00004924                _ZN11EthernetUDP9availableEv
 .text._ZN11EthernetUDP5writeEh
                0x0000492c       0x2c src/libraries/Ethernet2/src/EthernetUdp2.o
                0x0000492c                _ZN11EthernetUDP5writeEh
 .text._ZN11EthernetUDP5flushEv
                0x00004958       0x24 src/libraries/Ethernet2/src/EthernetUdp2.o
                0x00004958                _ZN11EthernetUDP5flushEv
 .text._ZN11EthernetUDP4stopEv
                0x0000497c       0x28 src/libraries/Ethernet2/src/EthernetUdp2.o
                0x0000497c                _ZN11EthernetUDP4stopEv
 .text._ZN11EthernetUDP11beginPacketE9IPAddressj
                0x000049a4        0xe src/libraries/Ethernet2/src/EthernetUdp2.o
                0x000049a4                _ZN11EthernetUDP11beginPacketE9IPAddressj
 .text._ZN11EthernetUDP9endPacketEv
                0x000049b2        0x6 src/libraries/Ethernet2/src/EthernetUdp2.o
                0x000049b2                _ZN11EthernetUDP9endPacketEv
 .text._ZN11EthernetUDP5writeEPKhj
                0x000049b8       0x26 src/libraries/Ethernet2/src/EthernetUdp2.o
                0x000049b8                _ZN11EthernetUDP5writeEPKhj
 .text._ZN11EthernetUDP4readEv
                0x000049de       0x50 src/libraries/Ethernet2/src/EthernetUdp2.o
                0x000049de                _ZN11EthernetUDP4readEv
 .text._ZN11EthernetUDP4readEPhj
                0x00004a2e       0x3c src/libraries/Ethernet2/src/EthernetUdp2.o
                0x00004a2e                _ZN11EthernetUDP4readEPhj
 .text._ZN11EthernetUDP4peekEv
                0x00004a6a       0x30 src/libraries/Ethernet2/src/EthernetUdp2.o
                0x00004a6a                _ZN11EthernetUDP4peekEv
 .text._ZN11EthernetUDP5beginEj
                0x00004a9a       0x62 src/libraries/Ethernet2/src/EthernetUdp2.o
                0x00004a9a                _ZN11EthernetUDP5beginEj
 .text._ZN11EthernetUDP11parsePacketEv
                0x00004afc       0x9e src/libraries/Ethernet2/src/EthernetUdp2.o
                0x00004afc                _ZN11EthernetUDP11parsePacketEv
 .text._ZN11EthernetUDPC2Ev
                0x00004b9a       0x2a src/libraries/Ethernet2/src/EthernetUdp2.o
                0x00004b9a                _ZN11EthernetUDPC1Ev
                0x00004b9a                _ZN11EthernetUDPC2Ev
 .text._ZN11EthernetUDP11beginPacketEPKcj
                0x00004bc4       0xb4 src/libraries/Ethernet2/src/EthernetUdp2.o
                0x00004bc4                _ZN11EthernetUDP11beginPacketEPKcj
 .text.startup._GLOBAL__sub_I__ZN11EthernetUDPC2Ev
                0x00004c78       0x16 src/libraries/Ethernet2/src/EthernetUdp2.o
 .text.startup._GLOBAL__sub_I__ZN7TwitterC2EPKc
                0x00004c8e       0x16 src/libraries/Ethernet2/src/Twitter.o
 .text._ZN10W5500Class11writeSnDIPREhPh
                0x00004ca4       0x16 src/libraries/Ethernet2/src/utility/socket.o
                0x00004ca4                _ZN10W5500Class11writeSnDIPREhPh
 .text._ZN10W5500Class6readSnEhj
                0x00004cba       0x10 src/libraries/Ethernet2/src/utility/socket.o
                0x00004cba                _ZN10W5500Class6readSnEhj
 .text._ZN10W5500Class8readSnIREh
                0x00004cca        0x6 src/libraries/Ethernet2/src/utility/socket.o
                0x00004cca                _ZN10W5500Class8readSnIREh
 .text._ZN10W5500Class7writeSnEhjh
                0x00004cd0       0x10 src/libraries/Ethernet2/src/utility/socket.o
                0x00004cd0                _ZN10W5500Class7writeSnEhjh
 .text._ZN10W5500Class11writeSnPORTEhj
                0x00004ce0       0x1e src/libraries/Ethernet2/src/utility/socket.o
                0x00004ce0                _ZN10W5500Class11writeSnPORTEhj
 .text._ZN10W5500Class9writeSnIREhh
                0x00004cfe        0x8 src/libraries/Ethernet2/src/utility/socket.o
                0x00004cfe                _ZN10W5500Class9writeSnIREhh
 .text._ZN10W5500Class12writeSnDPORTEhj
                0x00004d06       0x1e src/libraries/Ethernet2/src/utility/socket.o
                0x00004d06                _ZN10W5500Class12writeSnDPORTEhj
 .text._Z5closeh
                0x00004d24       0x16 src/libraries/Ethernet2/src/utility/socket.o
                0x00004d24                _Z5closeh
 .text._Z6sockethhjh
                0x00004d3a       0x66 src/libraries/Ethernet2/src/utility/socket.o
                0x00004d3a                _Z6sockethhjh
 .text._Z6listenh
                0x00004da0       0x22 src/libraries/Ethernet2/src/utility/socket.o
                0x00004da0                _Z6listenh
 .text._Z7connecthPhj
                0x00004dc2       0x66 src/libraries/Ethernet2/src/utility/socket.o
                0x00004dc2                _Z7connecthPhj
 .text._Z10disconnecth
                0x00004e28        0xa src/libraries/Ethernet2/src/utility/socket.o
                0x00004e28                _Z10disconnecth
 .text._Z4sendhPKhj
                0x00004e32       0x90 src/libraries/Ethernet2/src/utility/socket.o
                0x00004e32                _Z4sendhPKhj
 .text._Z4recvhPhi
                0x00004ec2       0x82 src/libraries/Ethernet2/src/utility/socket.o
                0x00004ec2                _Z4recvhPhi
 .text._Z4peekhPh
                0x00004f44       0x1a src/libraries/Ethernet2/src/utility/socket.o
                0x00004f44                _Z4peekhPh
 .text._Z5flushh
                0x00004f5e        0x2 src/libraries/Ethernet2/src/utility/socket.o
                0x00004f5e                _Z5flushh
 .text._Z10bufferDatahjPKhj
                0x00004f60       0x56 src/libraries/Ethernet2/src/utility/socket.o
                0x00004f60                _Z10bufferDatahjPKhj
 .text._Z8startUDPhPhj
                0x00004fb6       0x46 src/libraries/Ethernet2/src/utility/socket.o
                0x00004fb6                _Z8startUDPhPhj
 .text._Z7sendUDPh
                0x00004ffc       0x38 src/libraries/Ethernet2/src/utility/socket.o
                0x00004ffc                _Z7sendUDPh
 .text._ZN8SPIClass8transferEh
                0x00005034        0xe src/libraries/Ethernet2/src/utility/w5500.o
                0x00005034                _ZN8SPIClass8transferEh
 .text._ZN10W5500Class5setSSEv
                0x00005042        0x4 src/libraries/Ethernet2/src/utility/w5500.o
                0x00005042                _ZN10W5500Class5setSSEv
 .text._ZN10W5500Class7resetSSEv
                0x00005046        0x4 src/libraries/Ethernet2/src/utility/w5500.o
                0x00005046                _ZN10W5500Class7resetSSEv
 .text._ZN10W5500Class5writeEjhh
                0x0000504a       0x40 src/libraries/Ethernet2/src/utility/w5500.o
                0x0000504a                _ZN10W5500Class5writeEjhh
 .text._ZN10W5500Class5writeEjhPKhj
                0x0000508a       0x5c src/libraries/Ethernet2/src/utility/w5500.o
                0x0000508a                _ZN10W5500Class5writeEjhPKhj
 .text._ZN10W5500Class4readEjh
                0x000050e6       0x3c src/libraries/Ethernet2/src/utility/w5500.o
                0x000050e6                _ZN10W5500Class4readEjh
 .text._ZN10W5500Class4initEh
                0x00005122       0x5a src/libraries/Ethernet2/src/utility/w5500.o
                0x00005122                _ZN10W5500Class4initEh
 .text._ZN10W5500Class12readSnTX_FSREh
                0x0000517c       0x2e src/libraries/Ethernet2/src/utility/w5500.o
                0x0000517c                _ZN10W5500Class12readSnTX_FSREh
 .text._ZN10W5500Class13getTXFreeSizeEh
                0x000051aa       0x34 src/libraries/Ethernet2/src/utility/w5500.o
                0x000051aa                _ZN10W5500Class13getTXFreeSizeEh
 .text._ZN10W5500Class12readSnRX_RSREh
                0x000051de       0x2e src/libraries/Ethernet2/src/utility/w5500.o
                0x000051de                _ZN10W5500Class12readSnRX_RSREh
 .text._ZN10W5500Class17getRXReceivedSizeEh
                0x0000520c       0x34 src/libraries/Ethernet2/src/utility/w5500.o
                0x0000520c                _ZN10W5500Class17getRXReceivedSizeEh
 .text._ZN10W5500Class27send_data_processing_offsetEhjPKhj
                0x00005240       0x74 src/libraries/Ethernet2/src/utility/w5500.o
                0x00005240                _ZN10W5500Class27send_data_processing_offsetEhjPKhj
 .text._ZN10W5500Class20send_data_processingEhPKhj
                0x000052b4       0x14 src/libraries/Ethernet2/src/utility/w5500.o
                0x000052b4                _ZN10W5500Class20send_data_processingEhPKhj
 .text._ZN10W5500Class4readEjhPhj
                0x000052c8       0x5e src/libraries/Ethernet2/src/utility/w5500.o
                0x000052c8                _ZN10W5500Class4readEjhPhj
 .text._ZN10W5500Class9read_dataEhjPVhj
                0x00005326       0x30 src/libraries/Ethernet2/src/utility/w5500.o
                0x00005326                _ZN10W5500Class9read_dataEhjPVhj
 .text._ZN10W5500Class20recv_data_processingEhPhjh
                0x00005356       0x9a src/libraries/Ethernet2/src/utility/w5500.o
                0x00005356                _ZN10W5500Class20recv_data_processingEhPhjh
 .text._ZN10W5500Class9execCmdSnEh7SockCMD
                0x000053f0       0x1c src/libraries/Ethernet2/src/utility/w5500.o
                0x000053f0                _ZN10W5500Class9execCmdSnEh7SockCMD
 .text.startup._GLOBAL__sub_I_w5500
                0x0000540c        0xe src/libraries/Ethernet2/src/utility/w5500.o
 .text._ZN5I2CIOC2Ev
                0x0000541a        0xe src/libraries/LiquidCrystal/src/I2CIO.o
                0x0000541a                _ZN5I2CIOC2Ev
                0x0000541a                _ZN5I2CIOC1Ev
 .text._ZN5I2CIO8portModeEh
                0x00005428       0x16 src/libraries/LiquidCrystal/src/I2CIO.o
                0x00005428                _ZN5I2CIO8portModeEh
 .text._ZN5I2CIO11isAvailableEh
                0x0000543e       0x1a src/libraries/LiquidCrystal/src/I2CIO.o
                0x0000543e                _ZN5I2CIO11isAvailableEh
 .text._ZN5I2CIO5beginEh
                0x00005458       0x30 src/libraries/LiquidCrystal/src/I2CIO.o
                0x00005458                _ZN5I2CIO5beginEh
 .text._ZN5I2CIO5writeEh
                0x00005488       0x4e src/libraries/LiquidCrystal/src/I2CIO.o
                0x00005488                _ZN5I2CIO5writeEh
 .text._ZN3LCD15setBacklightPinEh13t_backlighPol
                0x000054d6        0x2 src/libraries/LiquidCrystal/src/LCD.o
                0x000054d6                _ZN3LCD15setBacklightPinEh13t_backlighPol
 .text._ZN3LCD12setBacklightEh
                0x000054d8        0x2 src/libraries/LiquidCrystal/src/LCD.o
                0x000054d8                _ZN3LCD12setBacklightEh
 .text._ZN3LCD5writeEh
                0x000054da       0x16 src/libraries/LiquidCrystal/src/LCD.o
                0x000054da                _ZN3LCD5writeEh
 .text._ZN3LCDC2Ev
                0x000054f0       0x10 src/libraries/LiquidCrystal/src/LCD.o
                0x000054f0                _ZN3LCDC1Ev
                0x000054f0                _ZN3LCDC2Ev
 .text._ZN3LCD9backlightEv
                0x00005500       0x10 src/libraries/LiquidCrystal/src/LCD.o
                0x00005500                _ZN3LCD9backlightEv
 .text._ZN3LCD11noBacklightEv
                0x00005510       0x10 src/libraries/LiquidCrystal/src/LCD.o
                0x00005510                _ZN3LCD11noBacklightEv
 .text._ZN3LCD7commandEh
                0x00005520       0x10 src/libraries/LiquidCrystal/src/LCD.o
                0x00005520                _ZN3LCD7commandEh
 .text._ZN3LCD5clearEv
                0x00005530        0xc src/libraries/LiquidCrystal/src/LCD.o
                0x00005530                _ZN3LCD5clearEv
 .text._ZN3LCD9setCursorEhh
                0x0000553c       0x84 src/libraries/LiquidCrystal/src/LCD.o
                0x0000553c                _ZN3LCD9setCursorEhh
 .text._ZN3LCD9noDisplayEv
                0x000055c0        0xc src/libraries/LiquidCrystal/src/LCD.o
                0x000055c0                _ZN3LCD9noDisplayEv
 .text._ZN3LCD7displayEv
                0x000055cc        0xe src/libraries/LiquidCrystal/src/LCD.o
                0x000055cc                _ZN3LCD7displayEv
 .text._ZN3LCD5beginEhhh
                0x000055da       0xf2 src/libraries/LiquidCrystal/src/LCD.o
                0x000055da                _ZN3LCD5beginEhhh
 .text._ZN3LCD10createCharEhPh
                0x000056cc       0x5e src/libraries/LiquidCrystal/src/LCD.o
                0x000056cc                _ZN3LCD10createCharEhPh
 .text._ZN17LiquidCrystal_I2C15setBacklightPinEh13t_backlighPol
                0x0000572a       0x26 src/libraries/LiquidCrystal/src/LiquidCrystal_I2C.o
                0x0000572a                _ZN17LiquidCrystal_I2C15setBacklightPinEh13t_backlighPol
 .text._ZN17LiquidCrystal_I2C12setBacklightEh
                0x00005750       0x2c src/libraries/LiquidCrystal/src/LiquidCrystal_I2C.o
                0x00005750                _ZN17LiquidCrystal_I2C12setBacklightEh
 .text._ZN17LiquidCrystal_I2C4initEv
                0x0000577c       0x3e src/libraries/LiquidCrystal/src/LiquidCrystal_I2C.o
                0x0000577c                _ZN17LiquidCrystal_I2C4initEv
 .text._ZN17LiquidCrystal_I2C6configEhhhhhhhh
                0x000057ba       0x80 src/libraries/LiquidCrystal/src/LiquidCrystal_I2C.o
                0x000057ba                _ZN17LiquidCrystal_I2C6configEhhhhhhhh
 .text._ZN17LiquidCrystal_I2CC2Ehhhhhhhhh13t_backlighPol
                0x0000583a       0x6c src/libraries/LiquidCrystal/src/LiquidCrystal_I2C.o
                0x0000583a                _ZN17LiquidCrystal_I2CC1Ehhhhhhhhh13t_backlighPol
                0x0000583a                _ZN17LiquidCrystal_I2CC2Ehhhhhhhhh13t_backlighPol
 .text._ZN17LiquidCrystal_I2C11pulseEnableEh
                0x000058a6       0x36 src/libraries/LiquidCrystal/src/LiquidCrystal_I2C.o
                0x000058a6                _ZN17LiquidCrystal_I2C11pulseEnableEh
 .text._ZN17LiquidCrystal_I2C10write4bitsEhh
                0x000058dc       0x30 src/libraries/LiquidCrystal/src/LiquidCrystal_I2C.o
                0x000058dc                _ZN17LiquidCrystal_I2C10write4bitsEhh
 .text._ZN17LiquidCrystal_I2C4sendEhh
                0x0000590c       0x3a src/libraries/LiquidCrystal/src/LiquidCrystal_I2C.o
                0x0000590c                _ZN17LiquidCrystal_I2C4sendEhh
 .text._ZN17LiquidCrystal_I2C5beginEhhh
                0x00005946       0x28 src/libraries/LiquidCrystal/src/LiquidCrystal_I2C.o
                0x00005946                _ZN17LiquidCrystal_I2C5beginEhhh
 .text._ZN11Diagnostics15_printErrorCodeEv
                0x0000596e       0x36 src/libraries/SPIMemory/src/diagnostics.o
                0x0000596e                _ZN11Diagnostics15_printErrorCodeEv
 .text._ZN11Diagnostics12troubleshootEhb
                0x000059a4        0xa src/libraries/SPIMemory/src/diagnostics.o
                0x000059a4                _ZN11Diagnostics12troubleshootEhb
 .text._ZN8SPIFlashC2Eh
                0x000059ae       0xbc src/libraries/SPIMemory/src/SPIFlash.o
                0x000059ae                _ZN8SPIFlashC1Eh
                0x000059ae                _ZN8SPIFlashC2Eh
 .text._ZN8SPIFlash5beginEm
                0x00005a6a       0x50 src/libraries/SPIMemory/src/SPIFlash.o
                0x00005a6a                _ZN8SPIFlash5beginEm
 .text._ZN8SPIFlash5errorEb
                0x00005aba       0x12 src/libraries/SPIMemory/src/SPIFlash.o
                0x00005aba                _ZN8SPIFlash5errorEb
 .text._ZN8SPIFlash11getCapacityEv
                0x00005acc        0xc src/libraries/SPIMemory/src/SPIFlash.o
                0x00005acc                _ZN8SPIFlash11getCapacityEv
 .text._ZN8SPIFlash10getMaxPageEv
                0x00005ad8       0x22 src/libraries/SPIMemory/src/SPIFlash.o
                0x00005ad8                _ZN8SPIFlash10getMaxPageEv
 .text._ZN8SPIFlash10getJEDECIDEv
                0x00005afa       0x24 src/libraries/SPIMemory/src/SPIFlash.o
                0x00005afa                _ZN8SPIFlash10getJEDECIDEv
 .text._ZN8SPIFlash11getUniqueIDEv
                0x00005b1e       0xea src/libraries/SPIMemory/src/SPIFlash.o
                0x00005b1e                _ZN8SPIFlash11getUniqueIDEv
 .text._ZN8SPIFlash7readStrEmR6Stringb
                0x00005c08      0x172 src/libraries/SPIMemory/src/SPIFlash.o
                0x00005c08                _ZN8SPIFlash7readStrEmR6Stringb
 .text._ZN8SPIFlash8writeStrEmR6Stringb
                0x00005d7a      0x388 src/libraries/SPIMemory/src/SPIFlash.o
                0x00005d7a                _ZN8SPIFlash8writeStrEmR6Stringb
 .text._ZN8SPIFlash11eraseSectorEm
                0x00006102       0x68 src/libraries/SPIMemory/src/SPIFlash.o
                0x00006102                _ZN8SPIFlash11eraseSectorEm
 .text._ZN8SPIFlash9eraseChipEv
                0x0000616a       0x54 src/libraries/SPIMemory/src/SPIFlash.o
                0x0000616a                _ZN8SPIFlash9eraseChipEv
 .text._ZN8SPIFlash9powerDownEv
                0x000061be       0x54 src/libraries/SPIMemory/src/SPIFlash.o
                0x000061be                _ZN8SPIFlash9powerDownEv
 .text._ZN8SPIFlash7powerUpEv
                0x00006212       0x32 src/libraries/SPIMemory/src/SPIFlash.o
                0x00006212                _ZN8SPIFlash7powerUpEv
 .text._ZN8SPIClass8transferEPvj.part.0
                0x00006244       0x34 src/libraries/SPIMemory/src/SPIFlashIO.o
 .text._ZN8SPIFlash13_addressCheckEmm
                0x00006278       0xaa src/libraries/SPIMemory/src/SPIFlashIO.o
                0x00006278                _ZN8SPIFlash13_addressCheckEmm
 .text._ZN8SPIFlash16_transferAddressEv
                0x00006322       0x42 src/libraries/SPIMemory/src/SPIFlashIO.o
                0x00006322                _ZN8SPIFlash16_transferAddressEv
 .text._ZN8SPIFlash12_startSPIBusEv
                0x00006364       0x46 src/libraries/SPIMemory/src/SPIFlashIO.o
                0x00006364                _ZN8SPIFlash12_startSPIBusEv
 .text._ZN8SPIFlash9_beginSPIEh
                0x000063aa       0x6c src/libraries/SPIMemory/src/SPIFlashIO.o
                0x000063aa                _ZN8SPIFlash9_beginSPIEh
 .text._ZN8SPIFlash15_notPrevWrittenEmm
                0x00006416       0x6c src/libraries/SPIMemory/src/SPIFlashIO.o
                0x00006416                _ZN8SPIFlash15_notPrevWrittenEmm
 .text._ZN8SPIFlash9_nextByteEch
                0x00006482        0x6 src/libraries/SPIMemory/src/SPIFlashIO.o
                0x00006482                _ZN8SPIFlash9_nextByteEch
 .text._ZN8SPIFlash8_nextBufEhPhm
                0x00006488       0x22 src/libraries/SPIMemory/src/SPIFlashIO.o
                0x00006488                _ZN8SPIFlash8_nextBufEhPhm
 .text._ZN8SPIFlash7_endSPIEv
                0x000064aa       0x30 src/libraries/SPIMemory/src/SPIFlashIO.o
                0x000064aa                _ZN8SPIFlash7_endSPIEv
 .text._ZN8SPIFlash10_readStat1Ev
                0x000064da       0x1c src/libraries/SPIMemory/src/SPIFlashIO.o
                0x000064da                _ZN8SPIFlash10_readStat1Ev
 .text._ZN8SPIFlash18_isChipPoweredDownEv
                0x000064f6       0x1a src/libraries/SPIMemory/src/SPIFlashIO.o
                0x000064f6                _ZN8SPIFlash18_isChipPoweredDownEv
 .text._ZN8SPIFlash8_notBusyEm
                0x00006510       0x8e src/libraries/SPIMemory/src/SPIFlashIO.o
                0x00006510                _ZN8SPIFlash8_notBusyEm
 .text._ZN8SPIFlash12_writeEnableEb
                0x0000659e       0x36 src/libraries/SPIMemory/src/SPIFlashIO.o
                0x0000659e                _ZN8SPIFlash12_writeEnableEb
 .text._ZN8SPIFlash5_prepEhmm
                0x000065d4       0xc4 src/libraries/SPIMemory/src/SPIFlashIO.o
                0x000065d4                _ZN8SPIFlash5_prepEhmm
 .text._ZN8SPIFlash13_writeDisableEv
                0x00006698        0xa src/libraries/SPIMemory/src/SPIFlashIO.o
                0x00006698                _ZN8SPIFlash13_writeDisableEv
 .text._ZN8SPIFlash11_getJedecIdEv
                0x000066a2       0x54 src/libraries/SPIMemory/src/SPIFlashIO.o
                0x000066a2                _ZN8SPIFlash11_getJedecIdEv
 .text._ZN8SPIFlash26_disableGlobalBlockProtectEv
                0x000066f6       0x78 src/libraries/SPIMemory/src/SPIFlashIO.o
                0x000066f6                _ZN8SPIFlash26_disableGlobalBlockProtectEv
 .text._ZN8SPIFlash7_chipIDEm
                0x0000676e      0x1ae src/libraries/SPIMemory/src/SPIFlashIO.o
                0x0000676e                _ZN8SPIFlash7_chipIDEm
 .text._ZN8SPIFlash13_troubleshootEhb
                0x0000691c        0x6 src/libraries/SPIMemory/src/SPIFlashIO.o
                0x0000691c                _ZN8SPIFlash13_troubleshootEhb
 .text._ZN8SPIClass5beginEv
                0x00006922       0x6c src/libraries/SPI/src/SPI.o
                0x00006922                _ZN8SPIClass5beginEv
 .text.twi_init
                0x0000698e       0x3c src/libraries/Wire/src/utility/twi.o
                0x0000698e                twi_init
 .text.twi_disable
                0x000069ca       0x1a src/libraries/Wire/src/utility/twi.o
                0x000069ca                twi_disable
 .text.twi_setFrequency
                0x000069e4       0x28 src/libraries/Wire/src/utility/twi.o
                0x000069e4                twi_setFrequency
 .text.twi_readFrom
                0x00006a0c       0x90 src/libraries/Wire/src/utility/twi.o
                0x00006a0c                twi_readFrom
 .text.twi_writeTo
                0x00006a9c       0xac src/libraries/Wire/src/utility/twi.o
                0x00006a9c                twi_writeTo
 .text.twi_transmit
                0x00006b48       0x50 src/libraries/Wire/src/utility/twi.o
                0x00006b48                twi_transmit
 .text.twi_attachSlaveRxEvent
                0x00006b98        0xa src/libraries/Wire/src/utility/twi.o
                0x00006b98                twi_attachSlaveRxEvent
 .text.twi_attachSlaveTxEvent
                0x00006ba2        0xa src/libraries/Wire/src/utility/twi.o
                0x00006ba2                twi_attachSlaveTxEvent
 .text.twi_stop
                0x00006bac       0x14 src/libraries/Wire/src/utility/twi.o
                0x00006bac                twi_stop
 .text.twi_releaseBus
                0x00006bc0        0xc src/libraries/Wire/src/utility/twi.o
                0x00006bc0                twi_releaseBus
 .text.__vector_26
                0x00006bcc      0x25c src/libraries/Wire/src/utility/twi.o
                0x00006bcc                __vector_26
 .text._ZN7TwoWire9availableEv
                0x00006e28       0x10 src/libraries/Wire/src/Wire.o
                0x00006e28                _ZN7TwoWire9availableEv
 .text._ZN7TwoWire4readEv
                0x00006e38       0x28 src/libraries/Wire/src/Wire.o
                0x00006e38                _ZN7TwoWire4readEv
 .text._ZN7TwoWire4peekEv
                0x00006e60       0x1e src/libraries/Wire/src/Wire.o
                0x00006e60                _ZN7TwoWire4peekEv
 .text._ZN7TwoWire5flushEv
                0x00006e7e        0x2 src/libraries/Wire/src/Wire.o
                0x00006e7e                _ZN7TwoWire5flushEv
 .text._ZN7TwoWire16onReceiveServiceEPhi
                0x00006e80       0x54 src/libraries/Wire/src/Wire.o
                0x00006e80                _ZN7TwoWire16onReceiveServiceEPhi
 .text._ZN7TwoWire16onRequestServiceEv
                0x00006ed4       0x18 src/libraries/Wire/src/Wire.o
                0x00006ed4                _ZN7TwoWire16onRequestServiceEv
 .text._ZN7TwoWire5writeEPKhj
                0x00006eec       0x58 src/libraries/Wire/src/Wire.o
                0x00006eec                _ZN7TwoWire5writeEPKhj
 .text._ZN7TwoWire5writeEh
                0x00006f44       0x5c src/libraries/Wire/src/Wire.o
                0x00006f44                _ZN7TwoWire5writeEh
 .text._ZN7TwoWireC2Ev
                0x00006fa0       0x20 src/libraries/Wire/src/Wire.o
                0x00006fa0                _ZN7TwoWireC1Ev
                0x00006fa0                _ZN7TwoWireC2Ev
 .text._ZN7TwoWire5beginEv
                0x00006fc0       0x1e src/libraries/Wire/src/Wire.o
                0x00006fc0                _ZN7TwoWire5beginEv
 .text._ZN7TwoWire3endEv
                0x00006fde        0x2 src/libraries/Wire/src/Wire.o
                0x00006fde                _ZN7TwoWire3endEv
 .text._ZN7TwoWire8setClockEm
                0x00006fe0        0x6 src/libraries/Wire/src/Wire.o
                0x00006fe0                _ZN7TwoWire8setClockEm
 .text._ZN7TwoWire17beginTransmissionEh
                0x00006fe6       0x14 src/libraries/Wire/src/Wire.o
                0x00006fe6                _ZN7TwoWire17beginTransmissionEh
 .text._ZN7TwoWire17beginTransmissionEi
                0x00006ffa        0x2 src/libraries/Wire/src/Wire.o
                0x00006ffa                _ZN7TwoWire17beginTransmissionEi
 .text._ZN7TwoWire15endTransmissionEh
                0x00006ffc       0x24 src/libraries/Wire/src/Wire.o
                0x00006ffc                _ZN7TwoWire15endTransmissionEh
 .text._ZN7TwoWire11requestFromEhhmhh
                0x00007020       0xa2 src/libraries/Wire/src/Wire.o
                0x00007020                _ZN7TwoWire11requestFromEhhmhh
 .text._ZN7TwoWire11requestFromEhhh
                0x000070c2       0x1e src/libraries/Wire/src/Wire.o
                0x000070c2                _ZN7TwoWire11requestFromEhhh
 .text._ZN7TwoWire11requestFromEhh
                0x000070e0        0x4 src/libraries/Wire/src/Wire.o
                0x000070e0                _ZN7TwoWire11requestFromEhh
 .text._ZN7TwoWire11requestFromEii
                0x000070e4        0x4 src/libraries/Wire/src/Wire.o
                0x000070e4                _ZN7TwoWire11requestFromEii
 .text._ZN7TwoWire15endTransmissionEv
                0x000070e8        0x4 src/libraries/Wire/src/Wire.o
                0x000070e8                _ZN7TwoWire15endTransmissionEv
 .text.startup._GLOBAL__sub_I__ZN7TwoWire8rxBufferE
                0x000070ec        0x6 src/libraries/Wire/src/Wire.o
 .text.avr-libc.fplib
                0x000070f2        0x8 c:/program files (x86)/atmel/studio/7.0/toolchain/avr8/avr8-gnu-toolchain/bin/../lib/gcc/avr/5.4.0/../../../../avr/lib/avr51\libm.a(cmpsf2.o)
                0x000070f2                __nesf2
                0x000070f2                __eqsf2
                0x000070f2                __cmpsf2
                0x000070f2                __ltsf2
                0x000070f2                __lesf2
 .text.avr-libc.fplib
                0x000070fa        0x4 c:/program files (x86)/atmel/studio/7.0/toolchain/avr8/avr8-gnu-toolchain/bin/../lib/gcc/avr/5.4.0/../../../../avr/lib/avr51\libm.a(divsf3.o)
                0x000070fa                __divsf3
 .text.avr-libc.fplib
                0x000070fe       0xcc c:/program files (x86)/atmel/studio/7.0/toolchain/avr8/avr8-gnu-toolchain/bin/../lib/gcc/avr/5.4.0/../../../../avr/lib/avr51\libm.a(divsf3x.o)
                0x00007114                __divsf3x
                0x00007118                __divsf3_pse
 .text.avr-libc.fplib
                0x000071ca       0x7a c:/program files (x86)/atmel/studio/7.0/toolchain/avr8/avr8-gnu-toolchain/bin/../lib/gcc/avr/5.4.0/../../../../avr/lib/avr51\libm.a(floatsisf.o)
                0x000071ca                __floatunsisf
                0x000071ce                __floatsisf
 .text.avr-libc.fplib
                0x00007244       0x48 c:/program files (x86)/atmel/studio/7.0/toolchain/avr8/avr8-gnu-toolchain/bin/../lib/gcc/avr/5.4.0/../../../../avr/lib/avr51\libm.a(fp_cmp.o)
                0x00007244                __fp_cmp
 .text.avr-libc.fplib
                0x0000728c        0xc c:/program files (x86)/atmel/studio/7.0/toolchain/avr8/avr8-gnu-toolchain/bin/../lib/gcc/avr/5.4.0/../../../../avr/lib/avr51\libm.a(fp_inf.o)
                0x0000728c                __fp_inf
 .text.avr-libc.fplib
                0x00007298        0x6 c:/program files (x86)/atmel/studio/7.0/toolchain/avr8/avr8-gnu-toolchain/bin/../lib/gcc/avr/5.4.0/../../../../avr/lib/avr51\libm.a(fp_nan.o)
                0x00007298                __fp_nan
 .text.avr-libc.fplib
                0x0000729e        0xe c:/program files (x86)/atmel/studio/7.0/toolchain/avr8/avr8-gnu-toolchain/bin/../lib/gcc/avr/5.4.0/../../../../avr/lib/avr51\libm.a(fp_pscA.o)
                0x0000729e                __fp_pscA
 .text.avr-libc.fplib
                0x000072ac        0xe c:/program files (x86)/atmel/studio/7.0/toolchain/avr8/avr8-gnu-toolchain/bin/../lib/gcc/avr/5.4.0/../../../../avr/lib/avr51\libm.a(fp_pscB.o)
                0x000072ac                __fp_pscB
 .text.avr-libc.fplib
                0x000072ba       0x22 c:/program files (x86)/atmel/studio/7.0/toolchain/avr8/avr8-gnu-toolchain/bin/../lib/gcc/avr/5.4.0/../../../../avr/lib/avr51\libm.a(fp_round.o)
                0x000072ba                __fp_round
 .text.avr-libc.fplib
                0x000072dc       0x44 c:/program files (x86)/atmel/studio/7.0/toolchain/avr8/avr8-gnu-toolchain/bin/../lib/gcc/avr/5.4.0/../../../../avr/lib/avr51\libm.a(fp_split3.o)
                0x000072dc                __fp_split3
                0x000072ec                __fp_splitA
 .text.avr-libc.fplib
                0x00007320        0xe c:/program files (x86)/atmel/studio/7.0/toolchain/avr8/avr8-gnu-toolchain/bin/../lib/gcc/avr/5.4.0/../../../../avr/lib/avr51\libm.a(fp_zero.o)
                0x00007320                __fp_zero
                0x00007322                __fp_szero
 .text.__cxa_pure_virtual
                0x0000732e        0x4 C:\Users\ADMINI~1\DOCUME~1\PROGET~1\FUELCO~1\Firmware\repo\fwCCEC\TUINOD~1\ARDUIN~1\Debug\libArduinoCore.a(abi.o)
                0x0000732e                __cxa_pure_virtual
 .text.__vector_18
                0x00007332       0x64 C:\Users\ADMINI~1\DOCUME~1\PROGET~1\FUELCO~1\Firmware\repo\fwCCEC\TUINOD~1\ARDUIN~1\Debug\libArduinoCore.a(HardwareSerial0.o)
                0x00007332                __vector_18
 .text.__vector_19
                0x00007396       0x4a C:\Users\ADMINI~1\DOCUME~1\PROGET~1\FUELCO~1\Firmware\repo\fwCCEC\TUINOD~1\ARDUIN~1\Debug\libArduinoCore.a(HardwareSerial0.o)
                0x00007396                __vector_19
 .text._Z17Serial0_availablev
                0x000073e0       0x12 C:\Users\ADMINI~1\DOCUME~1\PROGET~1\FUELCO~1\Firmware\repo\fwCCEC\TUINOD~1\ARDUIN~1\Debug\libArduinoCore.a(HardwareSerial0.o)
                0x000073e0                _Z17Serial0_availablev
 .text.startup._GLOBAL__sub_I___vector_18
                0x000073f2       0x5a C:\Users\ADMINI~1\DOCUME~1\PROGET~1\FUELCO~1\Firmware\repo\fwCCEC\TUINOD~1\ARDUIN~1\Debug\libArduinoCore.a(HardwareSerial0.o)
 .text._ZNK9IPAddress7printToER5Print
                0x0000744c       0x7e C:\Users\ADMINI~1\DOCUME~1\PROGET~1\FUELCO~1\Firmware\repo\fwCCEC\TUINOD~1\ARDUIN~1\Debug\libArduinoCore.a(IPAddress.o)
                0x0000744c                _ZNK9IPAddress7printToER5Print
 .text._ZN9IPAddressC2Ev
                0x000074ca       0x14 C:\Users\ADMINI~1\DOCUME~1\PROGET~1\FUELCO~1\Firmware\repo\fwCCEC\TUINOD~1\ARDUIN~1\Debug\libArduinoCore.a(IPAddress.o)
                0x000074ca                _ZN9IPAddressC1Ev
                0x000074ca                _ZN9IPAddressC2Ev
 .text._ZN9IPAddressC2Ehhhh
                0x000074de       0x18 C:\Users\ADMINI~1\DOCUME~1\PROGET~1\FUELCO~1\Firmware\repo\fwCCEC\TUINOD~1\ARDUIN~1\Debug\libArduinoCore.a(IPAddress.o)
                0x000074de                _ZN9IPAddressC2Ehhhh
                0x000074de                _ZN9IPAddressC1Ehhhh
 .text._ZN9IPAddressC2EPKh
                0x000074f6       0x18 C:\Users\ADMINI~1\DOCUME~1\PROGET~1\FUELCO~1\Firmware\repo\fwCCEC\TUINOD~1\ARDUIN~1\Debug\libArduinoCore.a(IPAddress.o)
                0x000074f6                _ZN9IPAddressC2EPKh
                0x000074f6                _ZN9IPAddressC1EPKh
 .text._ZN9IPAddressaSEPKh
                0x0000750e       0x12 C:\Users\ADMINI~1\DOCUME~1\PROGET~1\FUELCO~1\Firmware\repo\fwCCEC\TUINOD~1\ARDUIN~1\Debug\libArduinoCore.a(IPAddress.o)
                0x0000750e                _ZN9IPAddressaSEPKh
 .text.initVariant
                0x00007520        0x2 C:\Users\ADMINI~1\DOCUME~1\PROGET~1\FUELCO~1\Firmware\repo\fwCCEC\TUINOD~1\ARDUIN~1\Debug\libArduinoCore.a(main.o)
                0x00007520                initVariant
 .text.startup.main
                0x00007522       0x18 C:\Users\ADMINI~1\DOCUME~1\PROGET~1\FUELCO~1\Firmware\repo\fwCCEC\TUINOD~1\ARDUIN~1\Debug\libArduinoCore.a(main.o)
                0x00007522                main
 .text._ZN5Print5writeEPKhj
                0x0000753a       0x54 C:\Users\ADMINI~1\DOCUME~1\PROGET~1\FUELCO~1\Firmware\repo\fwCCEC\TUINOD~1\ARDUIN~1\Debug\libArduinoCore.a(Print.o)
                0x0000753a                _ZN5Print5writeEPKhj
 .text._ZN5Print5writeEPKc
                0x0000758e       0x2a C:\Users\ADMINI~1\DOCUME~1\PROGET~1\FUELCO~1\Firmware\repo\fwCCEC\TUINOD~1\ARDUIN~1\Debug\libArduinoCore.a(Print.o)
                0x0000758e                _ZN5Print5writeEPKc
 .text._ZN5Print5printEPK19__FlashStringHelper
                0x000075b8       0x48 C:\Users\ADMINI~1\DOCUME~1\PROGET~1\FUELCO~1\Firmware\repo\fwCCEC\TUINOD~1\ARDUIN~1\Debug\libArduinoCore.a(Print.o)
                0x000075b8                _ZN5Print5printEPK19__FlashStringHelper
 .text._ZN5Print5printERK6String
                0x00007600       0x1c C:\Users\ADMINI~1\DOCUME~1\PROGET~1\FUELCO~1\Firmware\repo\fwCCEC\TUINOD~1\ARDUIN~1\Debug\libArduinoCore.a(Print.o)
                0x00007600                _ZN5Print5printERK6String
 .text._ZN5Print5printEPKc
                0x0000761c        0x2 C:\Users\ADMINI~1\DOCUME~1\PROGET~1\FUELCO~1\Firmware\repo\fwCCEC\TUINOD~1\ARDUIN~1\Debug\libArduinoCore.a(Print.o)
                0x0000761c                _ZN5Print5printEPKc
 .text._ZN5Print5printEc
                0x0000761e        0xe C:\Users\ADMINI~1\DOCUME~1\PROGET~1\FUELCO~1\Firmware\repo\fwCCEC\TUINOD~1\ARDUIN~1\Debug\libArduinoCore.a(Print.o)
                0x0000761e                _ZN5Print5printEc
 .text._ZN5Print7printlnEv
                0x0000762c        0x6 C:\Users\ADMINI~1\DOCUME~1\PROGET~1\FUELCO~1\Firmware\repo\fwCCEC\TUINOD~1\ARDUIN~1\Debug\libArduinoCore.a(Print.o)
                0x0000762c                _ZN5Print7printlnEv
 .text._ZN5Print7printlnEPK19__FlashStringHelper
                0x00007632       0x20 C:\Users\ADMINI~1\DOCUME~1\PROGET~1\FUELCO~1\Firmware\repo\fwCCEC\TUINOD~1\ARDUIN~1\Debug\libArduinoCore.a(Print.o)
                0x00007632                _ZN5Print7printlnEPK19__FlashStringHelper
 .text._ZN5Print7printlnERK6String
                0x00007652       0x20 C:\Users\ADMINI~1\DOCUME~1\PROGET~1\FUELCO~1\Firmware\repo\fwCCEC\TUINOD~1\ARDUIN~1\Debug\libArduinoCore.a(Print.o)
                0x00007652                _ZN5Print7printlnERK6String
 .text._ZN5Print7printlnEPKc
                0x00007672       0x20 C:\Users\ADMINI~1\DOCUME~1\PROGET~1\FUELCO~1\Firmware\repo\fwCCEC\TUINOD~1\ARDUIN~1\Debug\libArduinoCore.a(Print.o)
                0x00007672                _ZN5Print7printlnEPKc
 .text._ZN5Print11printNumberEmh
                0x00007692       0x8e C:\Users\ADMINI~1\DOCUME~1\PROGET~1\FUELCO~1\Firmware\repo\fwCCEC\TUINOD~1\ARDUIN~1\Debug\libArduinoCore.a(Print.o)
                0x00007692                _ZN5Print11printNumberEmh
 .text._ZN5Print5printEmi
                0x00007720       0x18 C:\Users\ADMINI~1\DOCUME~1\PROGET~1\FUELCO~1\Firmware\repo\fwCCEC\TUINOD~1\ARDUIN~1\Debug\libArduinoCore.a(Print.o)
                0x00007720                _ZN5Print5printEmi
 .text._ZN5Print5printEhi
                0x00007738        0xc C:\Users\ADMINI~1\DOCUME~1\PROGET~1\FUELCO~1\Firmware\repo\fwCCEC\TUINOD~1\ARDUIN~1\Debug\libArduinoCore.a(Print.o)
                0x00007738                _ZN5Print5printEhi
 .text._ZN5Print7printlnEhi
                0x00007744       0x20 C:\Users\ADMINI~1\DOCUME~1\PROGET~1\FUELCO~1\Firmware\repo\fwCCEC\TUINOD~1\ARDUIN~1\Debug\libArduinoCore.a(Print.o)
                0x00007744                _ZN5Print7printlnEhi
 .text._ZN5Print7printlnEmi
                0x00007764       0x20 C:\Users\ADMINI~1\DOCUME~1\PROGET~1\FUELCO~1\Firmware\repo\fwCCEC\TUINOD~1\ARDUIN~1\Debug\libArduinoCore.a(Print.o)
                0x00007764                _ZN5Print7printlnEmi
 .text.__vector_16
                0x00007784       0x94 C:\Users\ADMINI~1\DOCUME~1\PROGET~1\FUELCO~1\Firmware\repo\fwCCEC\TUINOD~1\ARDUIN~1\Debug\libArduinoCore.a(wiring.o)
                0x00007784                __vector_16
 .text.millis   0x00007818       0x18 C:\Users\ADMINI~1\DOCUME~1\PROGET~1\FUELCO~1\Firmware\repo\fwCCEC\TUINOD~1\ARDUIN~1\Debug\libArduinoCore.a(wiring.o)
                0x00007818                millis
 .text.micros   0x00007830       0x4a C:\Users\ADMINI~1\DOCUME~1\PROGET~1\FUELCO~1\Firmware\repo\fwCCEC\TUINOD~1\ARDUIN~1\Debug\libArduinoCore.a(wiring.o)
                0x00007830                micros
 .text.delay    0x0000787a       0x72 C:\Users\ADMINI~1\DOCUME~1\PROGET~1\FUELCO~1\Firmware\repo\fwCCEC\TUINOD~1\ARDUIN~1\Debug\libArduinoCore.a(wiring.o)
                0x0000787a                delay
 .text.delayMicroseconds
                0x000078ec       0x16 C:\Users\ADMINI~1\DOCUME~1\PROGET~1\FUELCO~1\Firmware\repo\fwCCEC\TUINOD~1\ARDUIN~1\Debug\libArduinoCore.a(wiring.o)
                0x000078ec                delayMicroseconds
 .text.init     0x00007902       0x76 C:\Users\ADMINI~1\DOCUME~1\PROGET~1\FUELCO~1\Firmware\repo\fwCCEC\TUINOD~1\ARDUIN~1\Debug\libArduinoCore.a(wiring.o)
                0x00007902                init
 .text.turnOffPWM
                0x00007978       0x52 C:\Users\ADMINI~1\DOCUME~1\PROGET~1\FUELCO~1\Firmware\repo\fwCCEC\TUINOD~1\ARDUIN~1\Debug\libArduinoCore.a(wiring_digital.o)
 .text.pinMode  0x000079ca       0x78 C:\Users\ADMINI~1\DOCUME~1\PROGET~1\FUELCO~1\Firmware\repo\fwCCEC\TUINOD~1\ARDUIN~1\Debug\libArduinoCore.a(wiring_digital.o)
                0x000079ca                pinMode
 .text.digitalWrite
                0x00007a42       0x5c C:\Users\ADMINI~1\DOCUME~1\PROGET~1\FUELCO~1\Firmware\repo\fwCCEC\TUINOD~1\ARDUIN~1\Debug\libArduinoCore.a(wiring_digital.o)
                0x00007a42                digitalWrite
 .text.digitalRead
                0x00007a9e       0x50 C:\Users\ADMINI~1\DOCUME~1\PROGET~1\FUELCO~1\Firmware\repo\fwCCEC\TUINOD~1\ARDUIN~1\Debug\libArduinoCore.a(wiring_digital.o)
                0x00007a9e                digitalRead
 .text._ZNK6String14StringIfHelperEv
                0x00007aee        0x2 C:\Users\ADMINI~1\DOCUME~1\PROGET~1\FUELCO~1\Firmware\repo\fwCCEC\TUINOD~1\ARDUIN~1\Debug\libArduinoCore.a(WString.o)
                0x00007aee                _ZNK6String14StringIfHelperEv
 .text._ZN6StringD2Ev
                0x00007af0        0x8 C:\Users\ADMINI~1\DOCUME~1\PROGET~1\FUELCO~1\Firmware\repo\fwCCEC\TUINOD~1\ARDUIN~1\Debug\libArduinoCore.a(WString.o)
                0x00007af0                _ZN6StringD2Ev
                0x00007af0                _ZN6StringD1Ev
 .text._ZN6String10invalidateEv
                0x00007af8       0x22 C:\Users\ADMINI~1\DOCUME~1\PROGET~1\FUELCO~1\Firmware\repo\fwCCEC\TUINOD~1\ARDUIN~1\Debug\libArduinoCore.a(WString.o)
                0x00007af8                _ZN6String10invalidateEv
 .text._ZN6String12changeBufferEj
                0x00007b1a       0x32 C:\Users\ADMINI~1\DOCUME~1\PROGET~1\FUELCO~1\Firmware\repo\fwCCEC\TUINOD~1\ARDUIN~1\Debug\libArduinoCore.a(WString.o)
                0x00007b1a                _ZN6String12changeBufferEj
 .text._ZN6String7reserveEj
                0x00007b4c       0x36 C:\Users\ADMINI~1\DOCUME~1\PROGET~1\FUELCO~1\Firmware\repo\fwCCEC\TUINOD~1\ARDUIN~1\Debug\libArduinoCore.a(WString.o)
                0x00007b4c                _ZN6String7reserveEj
 .text._ZN6String4copyEPKcj
                0x00007b82       0x3c C:\Users\ADMINI~1\DOCUME~1\PROGET~1\FUELCO~1\Firmware\repo\fwCCEC\TUINOD~1\ARDUIN~1\Debug\libArduinoCore.a(WString.o)
                0x00007b82                _ZN6String4copyEPKcj
 .text._ZN6StringC2EPKc
                0x00007bbe       0x28 C:\Users\ADMINI~1\DOCUME~1\PROGET~1\FUELCO~1\Firmware\repo\fwCCEC\TUINOD~1\ARDUIN~1\Debug\libArduinoCore.a(WString.o)
                0x00007bbe                _ZN6StringC2EPKc
                0x00007bbe                _ZN6StringC1EPKc
 .text._ZN6String4moveERS_
                0x00007be6       0x76 C:\Users\ADMINI~1\DOCUME~1\PROGET~1\FUELCO~1\Firmware\repo\fwCCEC\TUINOD~1\ARDUIN~1\Debug\libArduinoCore.a(WString.o)
                0x00007be6                _ZN6String4moveERS_
 .text._ZN6StringC2EOS_
                0x00007c5c       0x10 C:\Users\ADMINI~1\DOCUME~1\PROGET~1\FUELCO~1\Firmware\repo\fwCCEC\TUINOD~1\ARDUIN~1\Debug\libArduinoCore.a(WString.o)
                0x00007c5c                _ZN6StringC1EOS_
                0x00007c5c                _ZN6StringC2EOS_
 .text._ZN6StringaSERKS_
                0x00007c6c       0x2a C:\Users\ADMINI~1\DOCUME~1\PROGET~1\FUELCO~1\Firmware\repo\fwCCEC\TUINOD~1\ARDUIN~1\Debug\libArduinoCore.a(WString.o)
                0x00007c6c                _ZN6StringaSERKS_
 .text._ZN6StringC2ERKS_
                0x00007c96       0x10 C:\Users\ADMINI~1\DOCUME~1\PROGET~1\FUELCO~1\Firmware\repo\fwCCEC\TUINOD~1\ARDUIN~1\Debug\libArduinoCore.a(WString.o)
                0x00007c96                _ZN6StringC2ERKS_
                0x00007c96                _ZN6StringC1ERKS_
 .text._ZN6StringaSEOS_
                0x00007ca6       0x16 C:\Users\ADMINI~1\DOCUME~1\PROGET~1\FUELCO~1\Firmware\repo\fwCCEC\TUINOD~1\ARDUIN~1\Debug\libArduinoCore.a(WString.o)
                0x00007ca6                _ZN6StringaSEOS_
 .text._ZN6StringaSEPKc
                0x00007cbc       0x2a C:\Users\ADMINI~1\DOCUME~1\PROGET~1\FUELCO~1\Firmware\repo\fwCCEC\TUINOD~1\ARDUIN~1\Debug\libArduinoCore.a(WString.o)
                0x00007cbc                _ZN6StringaSEPKc
 .text._ZN6StringC2Ehh
                0x00007ce6       0x56 C:\Users\ADMINI~1\DOCUME~1\PROGET~1\FUELCO~1\Firmware\repo\fwCCEC\TUINOD~1\ARDUIN~1\Debug\libArduinoCore.a(WString.o)
                0x00007ce6                _ZN6StringC2Ehh
                0x00007ce6                _ZN6StringC1Ehh
 .text._ZN6StringC2Emh
                0x00007d3c       0x56 C:\Users\ADMINI~1\DOCUME~1\PROGET~1\FUELCO~1\Firmware\repo\fwCCEC\TUINOD~1\ARDUIN~1\Debug\libArduinoCore.a(WString.o)
                0x00007d3c                _ZN6StringC1Emh
                0x00007d3c                _ZN6StringC2Emh
 .text._ZN6StringC2Edh
                0x00007d92       0x5c C:\Users\ADMINI~1\DOCUME~1\PROGET~1\FUELCO~1\Firmware\repo\fwCCEC\TUINOD~1\ARDUIN~1\Debug\libArduinoCore.a(WString.o)
                0x00007d92                _ZN6StringC1Edh
                0x00007d92                _ZN6StringC2Edh
 .text._ZN6String6concatEPKcj
                0x00007dee       0x58 C:\Users\ADMINI~1\DOCUME~1\PROGET~1\FUELCO~1\Firmware\repo\fwCCEC\TUINOD~1\ARDUIN~1\Debug\libArduinoCore.a(WString.o)
                0x00007dee                _ZN6String6concatEPKcj
 .text._ZN6String6concatERKS_
                0x00007e46        0xc C:\Users\ADMINI~1\DOCUME~1\PROGET~1\FUELCO~1\Firmware\repo\fwCCEC\TUINOD~1\ARDUIN~1\Debug\libArduinoCore.a(WString.o)
                0x00007e46                _ZN6String6concatERKS_
 .text._ZN6String6concatEPKc
                0x00007e52       0x1c C:\Users\ADMINI~1\DOCUME~1\PROGET~1\FUELCO~1\Firmware\repo\fwCCEC\TUINOD~1\ARDUIN~1\Debug\libArduinoCore.a(WString.o)
                0x00007e52                _ZN6String6concatEPKc
 .text._ZplRK15StringSumHelperRK6String
                0x00007e6e       0x22 C:\Users\ADMINI~1\DOCUME~1\PROGET~1\FUELCO~1\Firmware\repo\fwCCEC\TUINOD~1\ARDUIN~1\Debug\libArduinoCore.a(WString.o)
                0x00007e6e                _ZplRK15StringSumHelperRK6String
 .text._ZplRK15StringSumHelperPKc
                0x00007e90       0x2e C:\Users\ADMINI~1\DOCUME~1\PROGET~1\FUELCO~1\Firmware\repo\fwCCEC\TUINOD~1\ARDUIN~1\Debug\libArduinoCore.a(WString.o)
                0x00007e90                _ZplRK15StringSumHelperPKc
 .text._ZNK6String6equalsEPKc
                0x00007ebe       0x3c C:\Users\ADMINI~1\DOCUME~1\PROGET~1\FUELCO~1\Firmware\repo\fwCCEC\TUINOD~1\ARDUIN~1\Debug\libArduinoCore.a(WString.o)
                0x00007ebe                _ZNK6String6equalsEPKc
 .text._ZNK6String8getBytesEPhjj
                0x00007efa       0x5c C:\Users\ADMINI~1\DOCUME~1\PROGET~1\FUELCO~1\Firmware\repo\fwCCEC\TUINOD~1\ARDUIN~1\Debug\libArduinoCore.a(WString.o)
                0x00007efa                _ZNK6String8getBytesEPhjj
 .text._ZNK6String9substringEjj
                0x00007f56       0x86 C:\Users\ADMINI~1\DOCUME~1\PROGET~1\FUELCO~1\Firmware\repo\fwCCEC\TUINOD~1\ARDUIN~1\Debug\libArduinoCore.a(WString.o)
                0x00007f56                _ZNK6String9substringEjj
 .text._ZN6String4trimEv
                0x00007fdc       0xb2 C:\Users\ADMINI~1\DOCUME~1\PROGET~1\FUELCO~1\Firmware\repo\fwCCEC\TUINOD~1\ARDUIN~1\Debug\libArduinoCore.a(WString.o)
                0x00007fdc                _ZN6String4trimEv
 .text._ZN14HardwareSerial9availableEv
                0x0000808e       0x18 C:\Users\ADMINI~1\DOCUME~1\PROGET~1\FUELCO~1\Firmware\repo\fwCCEC\TUINOD~1\ARDUIN~1\Debug\libArduinoCore.a(HardwareSerial.o)
                0x0000808e                _ZN14HardwareSerial9availableEv
 .text._ZN14HardwareSerial4peekEv
                0x000080a6       0x1c C:\Users\ADMINI~1\DOCUME~1\PROGET~1\FUELCO~1\Firmware\repo\fwCCEC\TUINOD~1\ARDUIN~1\Debug\libArduinoCore.a(HardwareSerial.o)
                0x000080a6                _ZN14HardwareSerial4peekEv
 .text._ZN14HardwareSerial4readEv
                0x000080c2       0x28 C:\Users\ADMINI~1\DOCUME~1\PROGET~1\FUELCO~1\Firmware\repo\fwCCEC\TUINOD~1\ARDUIN~1\Debug\libArduinoCore.a(HardwareSerial.o)
                0x000080c2                _ZN14HardwareSerial4readEv
 .text._ZN14HardwareSerial17availableForWriteEv
                0x000080ea       0x1e C:\Users\ADMINI~1\DOCUME~1\PROGET~1\FUELCO~1\Firmware\repo\fwCCEC\TUINOD~1\ARDUIN~1\Debug\libArduinoCore.a(HardwareSerial.o)
                0x000080ea                _ZN14HardwareSerial17availableForWriteEv
 .text._Z14serialEventRunv
                0x00008108       0x1a C:\Users\ADMINI~1\DOCUME~1\PROGET~1\FUELCO~1\Firmware\repo\fwCCEC\TUINOD~1\ARDUIN~1\Debug\libArduinoCore.a(HardwareSerial.o)
                0x00008108                _Z14serialEventRunv
 .text._ZN14HardwareSerial17_tx_udr_empty_irqEv
                0x00008122       0x44 C:\Users\ADMINI~1\DOCUME~1\PROGET~1\FUELCO~1\Firmware\repo\fwCCEC\TUINOD~1\ARDUIN~1\Debug\libArduinoCore.a(HardwareSerial.o)
                0x00008122                _ZN14HardwareSerial17_tx_udr_empty_irqEv
 .text._ZN14HardwareSerial5writeEh
                0x00008166       0x98 C:\Users\ADMINI~1\DOCUME~1\PROGET~1\FUELCO~1\Firmware\repo\fwCCEC\TUINOD~1\ARDUIN~1\Debug\libArduinoCore.a(HardwareSerial.o)
                0x00008166                _ZN14HardwareSerial5writeEh
 .text._ZN14HardwareSerial5flushEv
                0x000081fe       0x42 C:\Users\ADMINI~1\DOCUME~1\PROGET~1\FUELCO~1\Firmware\repo\fwCCEC\TUINOD~1\ARDUIN~1\Debug\libArduinoCore.a(HardwareSerial.o)
                0x000081fe                _ZN14HardwareSerial5flushEv
 .text.__empty  0x00008240        0x2 C:\Users\ADMINI~1\DOCUME~1\PROGET~1\FUELCO~1\Firmware\repo\fwCCEC\TUINOD~1\ARDUIN~1\Debug\libArduinoCore.a(hooks.o)
                0x00008240                yield
 .text.libgcc.div
                0x00008242       0x18 c:/program files (x86)/atmel/studio/7.0/toolchain/avr8/avr8-gnu-toolchain/bin/../lib/gcc/avr/5.4.0/avr51\libgcc.a(_udivmodqi4.o)
                0x00008242                __udivmodqi4
 .text.libgcc.div
                0x0000825a       0x28 c:/program files (x86)/atmel/studio/7.0/toolchain/avr8/avr8-gnu-toolchain/bin/../lib/gcc/avr/5.4.0/avr51\libgcc.a(_udivmodhi4.o)
                0x0000825a                __udivmodhi4
 .text.libgcc.div
                0x00008282       0x44 c:/program files (x86)/atmel/studio/7.0/toolchain/avr8/avr8-gnu-toolchain/bin/../lib/gcc/avr/5.4.0/avr51\libgcc.a(_udivmodsi4.o)
                0x00008282                __udivmodsi4
 .text.libgcc   0x000082c6       0x12 c:/program files (x86)/atmel/studio/7.0/toolchain/avr8/avr8-gnu-toolchain/bin/../lib/gcc/avr/5.4.0/avr51\libgcc.a(_tablejump2.o)
                0x000082c6                __tablejump2__
 .text.libgcc.mul
                0x000082d8       0x1e c:/program files (x86)/atmel/studio/7.0/toolchain/avr8/avr8-gnu-toolchain/bin/../lib/gcc/avr/5.4.0/avr51\libgcc.a(_umulhisi3.o)
                0x000082d8                __umulhisi3
 .text.libgcc.mul
                0x000082f6       0x14 c:/program files (x86)/atmel/studio/7.0/toolchain/avr8/avr8-gnu-toolchain/bin/../lib/gcc/avr/5.4.0/avr51\libgcc.a(_muluhisi3.o)
                0x000082f6                __muluhisi3
 .text.libgcc.div
                0x0000830a       0x56 c:/program files (x86)/atmel/studio/7.0/toolchain/avr8/avr8-gnu-toolchain/bin/../lib/gcc/avr/5.4.0/avr51\libgcc.a(_divdi3.o)
                0x0000830a                __moddi3
                0x0000830e                __divdi3
                0x00008310                __divdi3_moddi3
 .text.libgcc.div
                0x00008360       0x1a c:/program files (x86)/atmel/studio/7.0/toolchain/avr8/avr8-gnu-toolchain/bin/../lib/gcc/avr/5.4.0/avr51\libgcc.a(_udivdi3.o)
                0x00008360                __umoddi3
                0x00008364                __udivdi3
                0x00008366                __udivdi3_umoddi3
 .text.libgcc.div
                0x0000837a       0xa2 c:/program files (x86)/atmel/studio/7.0/toolchain/avr8/avr8-gnu-toolchain/bin/../lib/gcc/avr/5.4.0/avr51\libgcc.a(_udivmod64.o)
                0x0000837a                __udivmod64
 .text.libgcc   0x0000841c       0x20 c:/program files (x86)/atmel/studio/7.0/toolchain/avr8/avr8-gnu-toolchain/bin/../lib/gcc/avr/5.4.0/avr51\libgcc.a(_negdi2.o)
                0x0000841c                __negdi2
 .text.libgcc.prologue
                0x0000843c       0x38 c:/program files (x86)/atmel/studio/7.0/toolchain/avr8/avr8-gnu-toolchain/bin/../lib/gcc/avr/5.4.0/avr51\libgcc.a(_prologue.o)
                0x0000843c                __prologue_saves__
 .text.libgcc.prologue
                0x00008474       0x36 c:/program files (x86)/atmel/studio/7.0/toolchain/avr8/avr8-gnu-toolchain/bin/../lib/gcc/avr/5.4.0/avr51\libgcc.a(_epilogue.o)
                0x00008474                __epilogue_restores__
 .text.libgcc.builtins
                0x000084aa       0x32 c:/program files (x86)/atmel/studio/7.0/toolchain/avr8/avr8-gnu-toolchain/bin/../lib/gcc/avr/5.4.0/avr51\libgcc.a(_ashldi3.o)
                0x000084aa                __ashldi3
 .text.libgcc.builtins
                0x000084dc       0x3c c:/program files (x86)/atmel/studio/7.0/toolchain/avr8/avr8-gnu-toolchain/bin/../lib/gcc/avr/5.4.0/avr51\libgcc.a(_ashrdi3.o)
                0x000084dc                __ashrdi3
                0x000084e0                __lshrdi3
 .text.libgcc   0x00008518       0x12 c:/program files (x86)/atmel/studio/7.0/toolchain/avr8/avr8-gnu-toolchain/bin/../lib/gcc/avr/5.4.0/avr51\libgcc.a(_adddi3.o)
                0x00008518                __adddi3
 .text.libgcc   0x0000852a       0x18 c:/program files (x86)/atmel/studio/7.0/toolchain/avr8/avr8-gnu-toolchain/bin/../lib/gcc/avr/5.4.0/avr51\libgcc.a(_cmpdi2_s8.o)
                0x0000852a                __cmpdi2_s8
 .text.avr-libc
                0x00008542       0x3e c:/program files (x86)/atmel/studio/7.0/toolchain/avr8/avr8-gnu-toolchain/bin/../lib/gcc/avr/5.4.0/../../../../avr/lib/avr51\libc.a(dtostrf.o)
                0x00008542                dtostrf
 .text.avr-libc
                0x00008580      0x242 c:/program files (x86)/atmel/studio/7.0/toolchain/avr8/avr8-gnu-toolchain/bin/../lib/gcc/avr/5.4.0/../../../../avr/lib/avr51\libc.a(malloc.o)
                0x00008580                malloc
                0x000086b0                free
 .text.avr-libc
                0x000087c2      0x1c0 c:/program files (x86)/atmel/studio/7.0/toolchain/avr8/avr8-gnu-toolchain/bin/../lib/gcc/avr/5.4.0/../../../../avr/lib/avr51\libc.a(realloc.o)
                0x000087c2                realloc
 .text.avr-libc
                0x00008982        0x8 c:/program files (x86)/atmel/studio/7.0/toolchain/avr8/avr8-gnu-toolchain/bin/../lib/gcc/avr/5.4.0/../../../../avr/lib/avr51\libc.a(abort.o)
                0x00008982                abort
 .text.avr-libc
                0x0000898a       0x10 c:/program files (x86)/atmel/studio/7.0/toolchain/avr8/avr8-gnu-toolchain/bin/../lib/gcc/avr/5.4.0/../../../../avr/lib/avr51\libc.a(isspace.o)
                0x0000898a                isspace
 .text.avr-libc
                0x0000899a       0x12 c:/program files (x86)/atmel/studio/7.0/toolchain/avr8/avr8-gnu-toolchain/bin/../lib/gcc/avr/5.4.0/../../../../avr/lib/avr51\libc.a(memcpy_P.o)
                0x0000899a                memcpy_P
 .text.avr-libc
                0x000089ac       0x12 c:/program files (x86)/atmel/studio/7.0/toolchain/avr8/avr8-gnu-toolchain/bin/../lib/gcc/avr/5.4.0/../../../../avr/lib/avr51\libc.a(memcpy.o)
                0x000089ac                memcpy
 .text.avr-libc
                0x000089be       0x12 c:/program files (x86)/atmel/studio/7.0/toolchain/avr8/avr8-gnu-toolchain/bin/../lib/gcc/avr/5.4.0/../../../../avr/lib/avr51\libc.a(strcmp.o)
                0x000089be                strcmp
 .text.avr-libc
                0x000089d0        0xe c:/program files (x86)/atmel/studio/7.0/toolchain/avr8/avr8-gnu-toolchain/bin/../lib/gcc/avr/5.4.0/../../../../avr/lib/avr51\libc.a(strcpy.o)
                0x000089d0                strcpy
 .text.avr-libc
                0x000089de       0x1c c:/program files (x86)/atmel/studio/7.0/toolchain/avr8/avr8-gnu-toolchain/bin/../lib/gcc/avr/5.4.0/../../../../avr/lib/avr51\libc.a(strncmp.o)
                0x000089de                strncmp
 .text.avr-libc
                0x000089fa       0x1e c:/program files (x86)/atmel/studio/7.0/toolchain/avr8/avr8-gnu-toolchain/bin/../lib/gcc/avr/5.4.0/../../../../avr/lib/avr51\libc.a(strncpy.o)
                0x000089fa                strncpy
 .text.avr-libc
                0x00008a18       0x14 c:/program files (x86)/atmel/studio/7.0/toolchain/avr8/avr8-gnu-toolchain/bin/../lib/gcc/avr/5.4.0/../../../../avr/lib/avr51\libc.a(ultoa.o)
                0x00008a18                ultoa
                0x00008a18                __ultoa
 .text.avr-libc
                0x00008a2c       0x42 c:/program files (x86)/atmel/studio/7.0/toolchain/avr8/avr8-gnu-toolchain/bin/../lib/gcc/avr/5.4.0/../../../../avr/lib/avr51\libc.a(ultoa_ncheck.o)
                0x00008a2c                __ultoa_ncheck
                0x00008a2e                __ultoa_common
 .text.avr-libc
                0x00008a6e       0x14 c:/program files (x86)/atmel/studio/7.0/toolchain/avr8/avr8-gnu-toolchain/bin/../lib/gcc/avr/5.4.0/../../../../avr/lib/avr51\libc.a(utoa.o)
                0x00008a6e                __utoa
                0x00008a6e                utoa
 .text.avr-libc
                0x00008a82       0x32 c:/program files (x86)/atmel/studio/7.0/toolchain/avr8/avr8-gnu-toolchain/bin/../lib/gcc/avr/5.4.0/../../../../avr/lib/avr51\libc.a(utoa_ncheck.o)
                0x00008a82                __utoa_ncheck
                0x00008a84                __utoa_common
 .text.avr-libc
                0x00008ab4      0x2ec c:/program files (x86)/atmel/studio/7.0/toolchain/avr8/avr8-gnu-toolchain/bin/../lib/gcc/avr/5.4.0/../../../../avr/lib/avr51\libc.a(dtoa_prf.o)
                0x00008ab4                dtoa_prf
 .text.avr-libc
                0x00008da0      0x1b0 c:/program files (x86)/atmel/studio/7.0/toolchain/avr8/avr8-gnu-toolchain/bin/../lib/gcc/avr/5.4.0/../../../../avr/lib/avr51\libc.a(ftoa_engine.o)
                0x00008da0                __ftoa_engine
 .text.avr-libc
                0x00008f50        0x6 c:/program files (x86)/atmel/studio/7.0/toolchain/avr8/avr8-gnu-toolchain/bin/../lib/gcc/avr/5.4.0/../../../../avr/lib/avr51\libc.a(cty_isfalse.o)
                0x00008f50                __ctype_isfalse
                0x00008f54                __ctype_istrue
 .text.avr-libc
                0x00008f56       0x20 c:/program files (x86)/atmel/studio/7.0/toolchain/avr8/avr8-gnu-toolchain/bin/../lib/gcc/avr/5.4.0/../../../../avr/lib/avr51\libc.a(strrev.o)
                0x00008f56                strrev
                0x00008f76                . = ALIGN (0x2)
 *(.fini9)
 .fini9         0x00008f76        0x0 c:/program files (x86)/atmel/studio/7.0/toolchain/avr8/avr8-gnu-toolchain/bin/../lib/gcc/avr/5.4.0/avr51\libgcc.a(_exit.o)
                0x00008f76                _exit
                0x00008f76                exit
 *(.fini9)
 *(.fini8)
 *(.fini8)
 *(.fini7)
 *(.fini7)
 *(.fini6)
 .fini6         0x00008f76       0x14 c:/program files (x86)/atmel/studio/7.0/toolchain/avr8/avr8-gnu-toolchain/bin/../lib/gcc/avr/5.4.0/avr51\libgcc.a(_dtors.o)
                0x00008f76                __do_global_dtors
 *(.fini6)
 *(.fini5)
 *(.fini5)
 *(.fini4)
 *(.fini4)
 *(.fini3)
 *(.fini3)
 *(.fini2)
 *(.fini2)
 *(.fini1)
 *(.fini1)
 *(.fini0)
 .fini0         0x00008f8a        0x4 c:/program files (x86)/atmel/studio/7.0/toolchain/avr8/avr8-gnu-toolchain/bin/../lib/gcc/avr/5.4.0/avr51\libgcc.a(_exit.o)
 *(.fini0)
                0x00008f8e                _etext = .

.data           0x00800100      0x87a load address 0x00008f8e
                0x00800100                PROVIDE (__data_start, .)
 *(.data)
 .data          0x00800100        0x6 c:/program files (x86)/atmel/studio/7.0/toolchain/avr8/avr8-gnu-toolchain/bin/../lib/gcc/avr/5.4.0/../../../../avr/lib/avr51\libc.a(malloc.o)
                0x00800100                __malloc_heap_end
                0x00800102                __malloc_heap_start
                0x00800104                __malloc_margin
 *(.data*)
 .data.addr_erog
                0x00800106        0x4 Sketch.o
                0x00800106                addr_erog
 .data.MappaKeys
                0x0080010a       0x10 Sketch.o
                0x0080010a                MappaKeys
 .data.TmaxSalvataggio
                0x0080011a        0x4 Sketch.o
                0x0080011a                TmaxSalvataggio
 .data.TmaxInviodati
                0x0080011e        0x4 Sketch.o
                0x0080011e                TmaxInviodati
 .data.TselDistributore
                0x00800122        0x4 Sketch.o
                0x00800122                TselDistributore
 .data.TinputTarga
                0x00800126        0x4 Sketch.o
                0x00800126                TinputTarga
 .data.mac      0x0080012a        0x6 Sketch.o
                0x0080012a                mac
 .data.ip       0x00800130        0x4 Sketch.o
                0x00800130                ip
 .data.ImpulsiLitro
                0x00800134        0x2 Sketch.o
                0x00800134                ImpulsiLitro
 .data.Clessidra
                0x00800136        0x8 Sketch.o
                0x00800136                Clessidra
 .data.pn532response_firmwarevers
                0x0080013e        0x6 src/libraries/Adafruit-PN532/Adafruit_PN532.o
                0x0080013e                pn532response_firmwarevers
 .data.pn532ack
                0x00800144        0x6 src/libraries/Adafruit-PN532/Adafruit_PN532.o
                0x00800144                pn532ack
 .data._ZN14EthernetClient8_srcportE
                0x0080014a        0x2 src/libraries/Ethernet2/src/EthernetClient.o
                0x0080014a                _ZN14EthernetClient8_srcportE
 *(.gnu.linkonce.d*)
 *(.rodata)
 .rodata        0x0080014c        0x6 Sketch.o
 .rodata        0x00800152        0x8 src/libraries/LiquidCrystal/src/LCD.o
 .rodata        0x0080015a       0x66 src/libraries/SPIMemory/src/SPIFlash.o
 *(.rodata*)
 .rodata.str1.1
                0x008001c0      0x6eb Sketch.o
                                0x6f6 (size before relaxing)
 .rodata.._11   0x008008ab       0x10 Sketch.o
 .rodata.str1.1
                0x008008bb        0x9 src/libraries/Adafruit-PN532/Adafruit_PN532.o
                                  0xc (size before relaxing)
 .rodata._ZTV14EthernetClient
                0x008008c4       0x22 src/libraries/Ethernet2/src/EthernetClient.o
                0x008008c4                _ZTV14EthernetClient
 .rodata._ZTV14EthernetServer
                0x008008e6        0xe src/libraries/Ethernet2/src/EthernetServer.o
                0x008008e6                _ZTV14EthernetServer
 .rodata._ZTV11EthernetUDP
                0x008008f4       0x28 src/libraries/Ethernet2/src/EthernetUdp2.o