Archive member included to satisfy reference by file (symbol)

c:/program files (x86)/atmel/studio/7.0/toolchain/avr8/avr8-gnu-toolchain/bin/../lib/gcc/avr/5.4.0/../../../../avr/lib/avr51\libm.a(cmpsf2.o)
                              src/libraries/SPIMemory/src/SPIFlash.o (__nesf2)
c:/program files (x86)/atmel/studio/7.0/toolchain/avr8/avr8-gnu-toolchain/bin/../lib/gcc/avr/5.4.0/../../../../avr/lib/avr51\libm.a(divsf3.o)
                              Sketch.o (__divsf3)
c:/program files (x86)/atmel/studio/7.0/toolchain/avr8/avr8-gnu-toolchain/bin/../lib/gcc/avr/5.4.0/../../../../avr/lib/avr51\libm.a(divsf3x.o)
                              c:/program files (x86)/atmel/studio/7.0/toolchain/avr8/avr8-gnu-toolchain/bin/../lib/gcc/avr/5.4.0/../../../../avr/lib/avr51\libm.a(divsf3.o) (__divsf3x)
c:/program files (x86)/atmel/studio/7.0/toolchain/avr8/avr8-gnu-toolchain/bin/../lib/gcc/avr/5.4.0/../../../../avr/lib/avr51\libm.a(floatsisf.o)
                              Sketch.o (__floatsisf)
c:/program files (x86)/atmel/studio/7.0/toolchain/avr8/avr8-gnu-toolchain/bin/../lib/gcc/avr/5.4.0/../../../../avr/lib/avr51\libm.a(fp_cmp.o)
                              c:/program files (x86)/atmel/studio/7.0/toolchain/avr8/avr8-gnu-toolchain/bin/../lib/gcc/avr/5.4.0/../../../../avr/lib/avr51\libm.a(cmpsf2.o) (__fp_cmp)
c:/program files (x86)/atmel/studio/7.0/toolchain/avr8/avr8-gnu-toolchain/bin/../lib/gcc/avr/5.4.0/../../../../avr/lib/avr51\libm.a(fp_inf.o)
                              c:/program files (x86)/atmel/studio/7.0/toolchain/avr8/avr8-gnu-toolchain/bin/../lib/gcc/avr/5.4.0/../../../../avr/lib/avr51\libm.a(divsf3x.o) (__fp_inf)
c:/program files (x86)/atmel/studio/7.0/toolchain/avr8/avr8-gnu-toolchain/bin/../lib/gcc/avr/5.4.0/../../../../avr/lib/avr51\libm.a(fp_nan.o)
                              c:/program files (x86)/atmel/studio/7.0/toolchain/avr8/avr8-gnu-toolchain/bin/../lib/gcc/avr/5.4.0/../../../../avr/lib/avr51\libm.a(divsf3x.o) (__fp_nan)
c:/program files (x86)/atmel/studio/7.0/toolchain/avr8/avr8-gnu-toolchain/bin/../lib/gcc/avr/5.4.0/../../../../avr/lib/avr51\libm.a(fp_pscA.o)
                              c:/program files (x86)/atmel/studio/7.0/toolchain/avr8/avr8-gnu-toolchain/bin/../lib/gcc/avr/5.4.0/../../../../avr/lib/avr51\libm.a(divsf3x.o) (__fp_pscA)
c:/program files (x86)/atmel/studio/7.0/toolchain/avr8/avr8-gnu-toolchain/bin/../lib/gcc/avr/5.4.0/../../../../avr/lib/avr51\libm.a(fp_pscB.o)
                              c:/program files (x86)/atmel/studio/7.0/toolchain/avr8/avr8-gnu-toolchain/bin/../lib/gcc/avr/5.4.0/../../../../avr/lib/avr51\libm.a(divsf3x.o) (__fp_pscB)
c:/program files (x86)/atmel/studio/7.0/toolchain/avr8/avr8-gnu-toolchain/bin/../lib/gcc/avr/5.4.0/../../../../avr/lib/avr51\libm.a(fp_round.o)
                              c:/program files (x86)/atmel/studio/7.0/toolchain/avr8/avr8-gnu-toolchain/bin/../lib/gcc/avr/5.4.0/../../../../avr/lib/avr51\libm.a(divsf3.o) (__fp_round)
c:/program files (x86)/atmel/studio/7.0/toolchain/avr8/avr8-gnu-toolchain/bin/../lib/gcc/avr/5.4.0/../../../../avr/lib/avr51\libm.a(fp_split3.o)
                              c:/program files (x86)/atmel/studio/7.0/toolchain/avr8/avr8-gnu-toolchain/bin/../lib/gcc/avr/5.4.0/../../../../avr/lib/avr51\libm.a(divsf3x.o) (__fp_split3)
c:/program files (x86)/atmel/studio/7.0/toolchain/avr8/avr8-gnu-toolchain/bin/../lib/gcc/avr/5.4.0/../../../../avr/lib/avr51\libm.a(fp_zero.o)
                              c:/program files (x86)/atmel/studio/7.0/toolchain/avr8/avr8-gnu-toolchain/bin/../lib/gcc/avr/5.4.0/../../../../avr/lib/avr51\libm.a(divsf3x.o) (__fp_szero)
C:\Users\ADMINI~1\DOCUME~1\PROGET~1\FUELCO~1\Firmware\repo\CCEC\TUINOD~1\ARDUIN~1\Debug\libArduinoCore.a(abi.o)
                              src/libraries/LiquidCrystal/src/LCD.o (__cxa_pure_virtual)
C:\Users\ADMINI~1\DOCUME~1\PROGET~1\FUELCO~1\Firmware\repo\CCEC\TUINOD~1\ARDUIN~1\Debug\libArduinoCore.a(HardwareSerial0.o)
                              Sketch.o (Serial)
C:\Users\ADMINI~1\DOCUME~1\PROGET~1\FUELCO~1\Firmware\repo\CCEC\TUINOD~1\ARDUIN~1\Debug\libArduinoCore.a(IPAddress.o)
                              Sketch.o (_ZTV9IPAddress)
C:\Users\ADMINI~1\DOCUME~1\PROGET~1\FUELCO~1\Firmware\repo\CCEC\TUINOD~1\ARDUIN~1\Debug\libArduinoCore.a(main.o)
                              C:/Program Files (x86)/Atmel/Studio/7.0/Packs/atmel/ATmega_DFP/1.2.209/gcc/dev/atmega1284p/avr51/crtatmega1284p.o (main)
C:\Users\ADMINI~1\DOCUME~1\PROGET~1\FUELCO~1\Firmware\repo\CCEC\TUINOD~1\ARDUIN~1\Debug\libArduinoCore.a(new.o)
                              src/libraries/Ethernet2/src/Ethernet2.o (_Znwj)
C:\Users\ADMINI~1\DOCUME~1\PROGET~1\FUELCO~1\Firmware\repo\CCEC\TUINOD~1\ARDUIN~1\Debug\libArduinoCore.a(Print.o)
                              src/libraries/LiquidCrystal/src/LCD.o (_ZN5Print5writeEPKhj)
C:\Users\ADMINI~1\DOCUME~1\PROGET~1\FUELCO~1\Firmware\repo\CCEC\TUINOD~1\ARDUIN~1\Debug\libArduinoCore.a(wiring.o)
[...]
Memory Configuration

Name             Origin             Length             Attributes
text             0x00000000         0x00020000         xr
data             0x00800100         0x0000ff00         rw !x
eeprom           0x00810000         0x00010000         rw !x
fuse             0x00820000         0x00000003         rw !x
lock             0x00830000         0x00000400         rw !x
signature        0x00840000         0x00000400         rw !x
user_signatures  0x00850000         0x00000400         rw !x
*default*        0x00000000         0xffffffff

Linker script and memory map

Address of section .data set to 0x800100
LOAD C:/Program Files (x86)/Atmel/Studio/7.0/Packs/atmel/ATmega_DFP/1.2.209/gcc/dev/atmega1284p/avr51/crtatmega1284p.o
LOAD Sketch.o
LOAD src/libraries/Adafruit-PN532/Adafruit_PN532.o
LOAD src/libraries/DS3231M/src/DS3231M.o
LOAD src/libraries/Ethernet2/src/Dhcp.o
LOAD src/libraries/Ethernet2/src/Dns.o
LOAD src/libraries/Ethernet2/src/Ethernet2.o
LOAD src/libraries/Ethernet2/src/EthernetClient.o
LOAD src/libraries/Ethernet2/src/EthernetServer.o
LOAD src/libraries/Ethernet2/src/EthernetUdp2.o
LOAD src/libraries/Ethernet2/src/Twitter.o
LOAD src/libraries/Ethernet2/src/utility/socket.o
LOAD src/libraries/Ethernet2/src/utility/w5500.o
LOAD src/libraries/Keypad/src/i2ckeypad.o
LOAD src/libraries/Keypad/src/Key.o
LOAD src/libraries/Keypad/src/Keypad.o
LOAD src/libraries/Keypad/src/Keypad_I2C.o
LOAD src/libraries/LiquidCrystal/src/I2CIO.o
LOAD src/libraries/LiquidCrystal/src/LCD.o
LOAD src/libraries/LiquidCrystal/src/LiquidCrystal.o
LOAD src/libraries/LiquidCrystal/src/LiquidCrystal_I2C.o
LOAD src/libraries/SPIMemory/src/diagnostics.o
LOAD src/libraries/SPIMemory/src/DMASAM.o
LOAD src/libraries/SPIMemory/src/SPIFlash.o
LOAD src/libraries/SPIMemory/src/SPIFlashIO.o
LOAD src/libraries/SPIMemory/src/SPIFlashSFDP.o
LOAD src/libraries/SPIMemory/src/SPIFram.o
LOAD src/libraries/SPIMemory/src/SPIFramIO.o
LOAD src/libraries/SPIMemory/src/SPIMemory.o
LOAD src/libraries/SPI/src/SPI.o
LOAD src/libraries/Wire/src/utility/twi.o
LOAD src/libraries/Wire/src/Wire.o
START GROUP
LOAD c:/program files (x86)/atmel/studio/7.0/toolchain/avr8/avr8-gnu-toolchain/bin/../lib/gcc/avr/5.4.0/../../../../avr/lib/avr51\libm.a
LOAD C:\Users\ADMINI~1\DOCUME~1\PROGET~1\FUELCO~1\Firmware\repo\CCEC\TUINOD~1\ARDUIN~1\Debug\libArduinoCore.a
END GROUP
LOAD c:/program files (x86)/atmel/studio/7.0/toolchain/avr8/avr8-gnu-toolchain/bin/../lib/gcc/avr/5.4.0/avr51\libgcc.a
LOAD c:/program files (x86)/atmel/studio/7.0/toolchain/avr8/avr8-gnu-toolchain/bin/../lib/gcc/avr/5.4.0/../../../../avr/lib/avr51\libm.a
START GROUP
LOAD c:/program files (x86)/atmel/studio/7.0/toolchain/avr8/avr8-gnu-toolchain/bin/../lib/gcc/avr/5.4.0/avr51\libgcc.a
LOAD c:/program files (x86)/atmel/studio/7.0/toolchain/avr8/avr8-gnu-toolchain/bin/../lib/gcc/avr/5.4.0/../../../../avr/lib/avr51\libm.a
LOAD c:/program files (x86)/atmel/studio/7.0/toolchain/avr8/avr8-gnu-toolchain/bin/../lib/gcc/avr/5.4.0/../../../../avr/lib/avr51\libc.a
LOAD C:/Program Files (x86)/Atmel/Studio/7.0/Packs/atmel/ATmega_DFP/1.2.209/gcc/dev/atmega1284p/avr51\libatmega1284p.a
END GROUP
                0x00020000                __TEXT_REGION_LENGTH__ = DEFINED (__TEXT_REGION_LENGTH__)?__TEXT_REGION_LENGTH__:0x20000
                0x0000ff00                __DATA_REGION_LENGTH__ = DEFINED (__DATA_REGION_LENGTH__)?__DATA_REGION_LENGTH__:0xff00
                0x00010000                __EEPROM_REGION_LENGTH__ = DEFINED (__EEPROM_REGION_LENGTH__)?__EEPROM_REGION_LENGTH__:0x10000
                [0x00000003]                __FUSE_REGION_LENGTH__ = DEFINED (__FUSE_REGION_LENGTH__)?__FUSE_REGION_LENGTH__:0x400
                0x00000400                __LOCK_REGION_LENGTH__ = DEFINED (__LOCK_REGION_LENGTH__)?__LOCK_REGION_LENGTH__:0x400
                0x00000400                __SIGNATURE_REGION_LENGTH__ = DEFINED (__SIGNATURE_REGION_LENGTH__)?__SIGNATURE_REGION_LENGTH__:0x400
                0x00000400                __USER_SIGNATURE_REGION_LENGTH__ = DEFINED (__USER_SIGNATURE_REGION_LENGTH__)?__USER_SIGNATURE_REGION_LENGTH__:0x400

.hash
 *(.hash)

.dynsym
 *(.dynsym)

.dynstr
 *(.dynstr)

.gnu.version
 *(.gnu.version)

.gnu.version_d
 *(.gnu.version_d)

.gnu.version_r
 *(.gnu.version_r)

.rel.init
 *(.rel.init)

.rela.init
 *(.rela.init)

.rel.text
 *(.rel.text)
 *(.rel.text.*)
 *(.rel.gnu.linkonce.t*)

.rela.text
 *(.rela.text)
 *(.rela.text.*)
 *(.rela.gnu.linkonce.t*)

.rel.fini
 *(.rel.fini)

.rela.fini
 *(.rela.fini)

.rel.rodata
 *(.rel.rodata)
 *(.rel.rodata.*)
 *(.rel.gnu.linkonce.r*)

.rela.rodata
 *(.rela.rodata)
 *(.rela.rodata.*)
 *(.rela.gnu.linkonce.r*)

.rel.data
 *(.rel.data)
 *(.rel.data.*)
 *(.rel.gnu.linkonce.d*)

.rela.data
 *(.rela.data)
 *(.rela.data.*)
 *(.rela.gnu.linkonce.d*)

.rel.ctors
 *(.rel.ctors)

.rela.ctors
 *(.rela.ctors)

.rel.dtors
 *(.rel.dtors)

.rela.dtors
 *(.rela.dtors)

.rel.got
 *(.rel.got)

.rela.got
 *(.rela.got)

.rel.bss
 *(.rel.bss)

.rela.bss
 *(.rela.bss)

.rel.plt
 *(.rel.plt)

.rela.plt
 *(.rela.plt)

.text           0x00000000     0x8fd2
 *(.vectors)
 .vectors       0x00000000       0x8c C:/Program Files (x86)/Atmel/Studio/7.0/Packs/atmel/ATmega_DFP/1.2.209/gcc/dev/atmega1284p/avr51/crtatmega1284p.o
                0x00000000                __vector_default
                0x00000000                __vectors
 *(.vectors)
 *(.progmem.gcc*)
 .progmem.gcc_sw_table.loop
                0x0000008c       0x16 Sketch.o
 .progmem.gcc_sw_table._ZN8DateTimeC2EPK19__FlashStringHelperS2_
                0x000000a2       0x26 src/libraries/DS3231M/src/DS3231M.o
                0x000000c8                . = ALIGN (0x2)
                0x000000c8                __trampolines_start = .
 *(.trampolines)
 .trampolines   0x000000c8        0x0 linker stubs
 *(.trampolines*)
                0x000000c8                __trampolines_end = .
 *libprintf_flt.a:*(.progmem.data)
 *libc.a:*(.progmem.data)
 .progmem.data  0x000000c8       0xfa c:/program files (x86)/atmel/studio/7.0/toolchain/avr8/avr8-gnu-toolchain/bin/../lib/gcc/avr/5.4.0/../../../../avr/lib/avr51\libc.a(ftoa_engine.o)
 *(.progmem*)
 .progmem.data._ZZ5setupE3__c_0
                0x000001c2       0x15 Sketch.o
 .progmem.data._ZZ5setupE3__c
                0x000001d7       0x2f Sketch.o
 .progmem.data._ZZN13DS3231M_Class6adjustEvE3__c
                0x00000206        0xc src/libraries/DS3231M/src/DS3231M.o
 .progmem.data._ZZN13DS3231M_Class6adjustEvE3__c_0
                0x00000212        0x9 src/libraries/DS3231M/src/DS3231M.o
 .progmem.data._ZL11daysInMonth
                0x0000021b        0xc src/libraries/DS3231M/src/DS3231M.o
 .progmem.data._ZZN11Diagnostics15_printErrorCodeEvE3__c_0
                0x00000227        0x2 src/libraries/SPIMemory/src/diagnostics.o
 .progmem.data._ZZN11Diagnostics15_printErrorCodeEvE3__c
                0x00000229        0xf src/libraries/SPIMemory/src/diagnostics.o
 .progmem.data.digital_pin_to_timer_PGM
                0x00000238       0x20 C:\Users\ADMINI~1\DOCUME~1\PROGET~1\FUELCO~1\Firmware\repo\CCEC\TUINOD~1\ARDUIN~1\Debug\libArduinoCore.a(wiring_digital.o)
                0x00000238                digital_pin_to_timer_PGM
 .progmem.data.digital_pin_to_bit_mask_PGM
                0x00000258       0x20 C:\Users\ADMINI~1\DOCUME~1\PROGET~1\FUELCO~1\Firmware\repo\CCEC\TUINOD~1\ARDUIN~1\Debug\libArduinoCore.a(wiring_digital.o)
                0x00000258                digital_pin_to_bit_mask_PGM
 .progmem.data.digital_pin_to_port_PGM
                0x00000278       0x20 C:\Users\ADMINI~1\DOCUME~1\PROGET~1\FUELCO~1\Firmware\repo\CCEC\TUINOD~1\ARDUIN~1\Debug\libArduinoCore.a(wiring_digital.o)
                0x00000278                digital_pin_to_port_PGM
 .progmem.data.port_to_input_PGM
                0x00000298        0xa C:\Users\ADMINI~1\DOCUME~1\PROGET~1\FUELCO~1\Firmware\repo\CCEC\TUINOD~1\ARDUIN~1\Debug\libArduinoCore.a(wiring_digital.o)
                0x00000298                port_to_input_PGM
 .progmem.data.port_to_output_PGM
                0x000002a2        0xa C:\Users\ADMINI~1\DOCUME~1\PROGET~1\FUELCO~1\Firmware\repo\CCEC\TUINOD~1\ARDUIN~1\Debug\libArduinoCore.a(wiring_digital.o)
                0x000002a2                port_to_output_PGM
 .progmem.data.port_to_mode_PGM
                0x000002ac        0xa C:\Users\ADMINI~1\DOCUME~1\PROGET~1\FUELCO~1\Firmware\repo\CCEC\TUINOD~1\ARDUIN~1\Debug\libArduinoCore.a(wiring_digital.o)
                0x000002ac                port_to_mode_PGM
                0x000002b6                . = ALIGN (0x2)
 *(.jumptables)
 *(.jumptables*)
 *(.lowtext)
 *(.lowtext*)
                0x000002b6                __ctors_start = .
 *(.ctors)
 .ctors         0x000002b6        0x2 Sketch.o
 .ctors         0x000002b8        0x2 src/libraries/Ethernet2/src/Dhcp.o
 .ctors         0x000002ba        0x2 src/libraries/Ethernet2/src/Dns.o
 .ctors         0x000002bc        0x2 src/libraries/Ethernet2/src/Ethernet2.o
 .ctors         0x000002be        0x2 src/libraries/Ethernet2/src/EthernetClient.o
 .ctors         0x000002c0        0x2 src/libraries/Ethernet2/src/EthernetServer.o
 .ctors         0x000002c2        0x2 src/libraries/Ethernet2/src/EthernetUdp2.o
 .ctors         0x000002c4        0x2 src/libraries/Ethernet2/src/Twitter.o
 .ctors         0x000002c6        0x2 src/libraries/Ethernet2/src/utility/w5500.o
 .ctors         0x000002c8        0x2 src/libraries/Wire/src/Wire.o
 .ctors         0x000002ca        0x2 C:\Users\ADMINI~1\DOCUME~1\PROGET~1\FUELCO~1\Firmware\repo\CCEC\TUINOD~1\ARDUIN~1\Debug\libArduinoCore.a(HardwareSerial0.o)
                0x000002cc                __ctors_end = .
                0x000002cc                __dtors_start = .
 *(.dtors)
 .dtors         0x000002cc        0x2 Sketch.o
                0x000002ce                __dtors_end = .
 SORT(*)(.ctors)
 SORT(*)(.dtors)
 *(.init0)
 .init0         0x000002ce        0x0 C:/Program Files (x86)/Atmel/Studio/7.0/Packs/atmel/ATmega_DFP/1.2.209/gcc/dev/atmega1284p/avr51/crtatmega1284p.o
                0x000002ce                __init
 *(.init0)
 *(.init1)
 *(.init1)
 *(.init2)
 .init2         0x000002ce        0xc C:/Program Files (x86)/Atmel/Studio/7.0/Packs/atmel/ATmega_DFP/1.2.209/gcc/dev/atmega1284p/avr51/crtatmega1284p.o
 *(.init2)
 *(.init3)
 *(.init3)
 *(.init4)
 .init4         0x000002da       0x1a c:/program files (x86)/atmel/studio/7.0/toolchain/avr8/avr8-gnu-toolchain/bin/../lib/gcc/avr/5.4.0/avr51\libgcc.a(_copy_data.o)
                0x000002da                __do_copy_data
 .init4         0x000002f4       0x10 c:/program files (x86)/atmel/studio/7.0/toolchain/avr8/avr8-gnu-toolchain/bin/../lib/gcc/avr/5.4.0/avr51\libgcc.a(_clear_bss.o)
                0x000002f4                __do_clear_bss
 *(.init4)
 *(.init5)
 *(.init5)
 *(.init6)
 .init6         0x00000304       0x16 c:/program files (x86)/atmel/studio/7.0/toolchain/avr8/avr8-gnu-toolchain/bin/../lib/gcc/avr/5.4.0/avr51\libgcc.a(_ctors.o)
                0x00000304                __do_global_ctors
 *(.init6)
 *(.init7)
 *(.init7)
 *(.init8)
 *(.init8)
 *(.init9)
 .init9         0x0000031a        0x8 C:/Program Files (x86)/Atmel/Studio/7.0/Packs/atmel/ATmega_DFP/1.2.209/gcc/dev/atmega1284p/avr51/crtatmega1284p.o
 *(.init9)
 *(.text)
 .text          0x00000322        0x2 C:/Program Files (x86)/Atmel/Studio/7.0/Packs/atmel/ATmega_DFP/1.2.209/gcc/dev/atmega1284p/avr51/crtatmega1284p.o
                0x00000322                __vector_22
                0x00000322                __vector_28
                0x00000322                __vector_1
                0x00000322                __vector_32
                0x00000322                __vector_34
                0x00000322                __vector_24
                0x00000322                __vector_12
                0x00000322                __bad_interrupt
                0x00000322                __vector_6
                0x00000322                __vector_31
                0x00000322                __vector_3
                0x00000322                __vector_23
                0x00000322                __vector_30
                0x00000322                __vector_25
                0x00000322                __vector_11
                0x00000322                __vector_13
                0x00000322                __vector_17
                0x00000322                __vector_27
                0x00000322                __vector_5
                0x00000322                __vector_33
                0x00000322                __vector_9
                0x00000322                __vector_2
                0x00000322                __vector_21
                0x00000322                __vector_15
                0x00000322                __vector_29
                0x00000322                __vector_8
                0x00000322                __vector_14
                0x00000322                __vector_10
                0x00000322                __vector_20
                0x00000324                . = ALIGN (0x2)
 *(.text.*)
 .text._ZL11disable_ETHv
                0x00000324        0x4 Sketch.o
 .text._ZL13disable_FLASHv
                0x00000328        0x4 Sketch.o
 .text._ZN7TwoWire5writeEi
                0x0000032c        0xe Sketch.o
                0x0000032c                _ZN7TwoWire5writeEi
 .text._Z14initIOExpanderv
                0x0000033a       0xb6 Sketch.o
                0x0000033a                _Z14initIOExpanderv
 .text._Z9printLinev
                0x000003f0       0x26 Sketch.o
                0x000003f0                _Z9printLinev
 .text._Z8printTabh
                0x00000416       0x22 Sketch.o
                0x00000416                _Z8printTabh
 .text._Z4passb
                0x00000438       0x30 Sketch.o
                0x00000438                _Z4passb
 .text._Z13printUniqueIDv
                0x00000468      0x11e Sketch.o
                0x00000468                _Z13printUniqueIDv
 .text._Z16FlasheraseSectorm
                0x00000586       0x6e Sketch.o
                0x00000586                _Z16FlasheraseSectorm
 .text._Z15erogazioniSaverm6String
                0x000005f4       0xf8 Sketch.o
                0x000005f4                _Z15erogazioniSaverm6String
 .text._Z14FlashpowerDownv
                0x000006ec       0x50 Sketch.o
                0x000006ec                _Z14FlashpowerDownv
 .text._Z12FlashpowerUpv
                0x0000073c       0x50 Sketch.o
                0x0000073c                _Z12FlashpowerUpv
 .text._Z13eraseChipTestv
                0x0000078c       0x4c Sketch.o
                0x0000078c                _Z13eraseChipTestv
 .text._Z5getIDv
                0x000007d8      0x1a8 Sketch.o
                0x000007d8                _Z5getIDv
 .text._Z11my_delay_msi
                0x00000980       0x18 Sketch.o
                0x00000980                _Z11my_delay_msi
 .text._Z6Buzzerhm
                0x00000998       0x52 Sketch.o
                0x00000998                _Z6Buzzerhm
 .text._Z10leggiRighev
                0x000009ea       0x34 Sketch.o
                0x000009ea                _Z10leggiRighev
 .text._Z12leggiColonnev
                0x00000a1e       0x34 Sketch.o
                0x00000a1e                _Z12leggiColonnev
 .text._Z17leggi_IP_REGISTERv
                0x00000a52       0x2a Sketch.o
                0x00000a52                _Z17leggi_IP_REGISTERv
 .text._Z17leggi_OP_REGISTERv
                0x00000a7c       0x2a Sketch.o
                0x00000a7c                _Z17leggi_OP_REGISTERv
 .text._Z10displayLCDP6Stringii
                0x00000aa6      0x140 Sketch.o
                0x00000aa6                _Z10displayLCDP6Stringii
 .text._Z11avanzaStatom
                0x00000be6       0x3c Sketch.o
                0x00000be6                _Z11avanzaStatom
 .text._Z14leggiTAG_Mezzob
                0x00000c22      0x1c6 Sketch.o
                0x00000c22                _Z14leggiTAG_Mezzob
 .text._Z14GetCodeRfidATev
                0x00000de8       0xcc Sketch.o
                0x00000de8                _Z14GetCodeRfidATev
 .text._Z15abilitaPulsantiv
                0x00000eb4       0x14 Sketch.o
                0x00000eb4                _Z15abilitaPulsantiv
 .text._Z22abilitaContattiPistolav
                0x00000ec8        0x6 Sketch.o
                0x00000ec8                _Z22abilitaContattiPistolav
 .text._Z13abilitaPulserc
                0x00000ece       0x1c Sketch.o
                0x00000ece                _Z13abilitaPulserc
 .text._Z14impulsiToLitrii
                0x00000eea       0x56 Sketch.o
                0x00000eea                _Z14impulsiToLitrii
 .text._Z18Rele_Abilitazione1ii
                0x00000f40       0x76 Sketch.o
                0x00000f40                _Z18Rele_Abilitazione1ii
 .text._Z18Rele_Abilitazione2ii
                0x00000fb6       0x88 Sketch.o
                0x00000fb6                _Z18Rele_Abilitazione2ii
 .text._Z12Control_WIFIi
                0x0000103e       0x26 Sketch.o
                0x0000103e                _Z12Control_WIFIi
 .text.__vector_4
                0x00001064       0x48 Sketch.o
                0x00001064                __vector_4
 .text.__vector_7
                0x000010ac      0x162 Sketch.o
                0x000010ac                __vector_7
 .text.startup._GLOBAL__sub_I_intConsecutivePresses
                0x0000120e      0x1e4 Sketch.o
 .text.exit._GLOBAL__sub_D_intConsecutivePresses
                0x000013f2       0xa4 Sketch.o
 .text._Z19InizializzaEthernetv
                0x00001496      0x12c Sketch.o
                0x00001496                _Z19InizializzaEthernetv
 .text.setup    0x000015c2      0x490 Sketch.o
                0x000015c2                setup
 .text._Z23getTastoPremuto_x_targav
                0x00001a52      0x424 Sketch.o
                0x00001a52                _Z23getTastoPremuto_x_targav
 .text._Z6Azzerav
                0x00001e76      0x12c Sketch.o
                0x00001e76                _Z6Azzerav
 .text._Z17InviaRifornimentoiiPci6String
                0x00001fa2      0x104 Sketch.o
                0x00001fa2                _Z17InviaRifornimentoiiPci6String
 .text.loop     0x000020a6      0xab8 Sketch.o
                0x000020a6                loop
 .text._ZN8SPIClass16beginTransactionE11SPISettings
                0x00002b5e       0x34 src/libraries/Adafruit-PN532/Adafruit_PN532.o
                0x00002b5e                _ZN8SPIClass16beginTransactionE11SPISettings
 .text._ZN8SPIClass14endTransactionEv
                0x00002b92       0x22 src/libraries/Adafruit-PN532/Adafruit_PN532.o
                0x00002b92                _ZN8SPIClass14endTransactionEv
 .text._ZN14Adafruit_PN532C2Ehh
                0x00002bb4       0x2a src/libraries/Adafruit-PN532/Adafruit_PN532.o
                0x00002bb4                _ZN14Adafruit_PN532C2Ehh
                0x00002bb4                _ZN14Adafruit_PN532C1Ehh
 .text._ZN14Adafruit_PN53210GetHexCodeEPKhm
                0x00002bde      0x110 src/libraries/Adafruit-PN532/Adafruit_PN532.o
                0x00002bde                _ZN14Adafruit_PN53210GetHexCodeEPKhm
 .text._ZN14Adafruit_PN5329spi_writeEh
                0x00002cee       0x7e src/libraries/Adafruit-PN532/Adafruit_PN532.o
                0x00002cee                _ZN14Adafruit_PN5329spi_writeEh
 .text._ZN14Adafruit_PN5328spi_readEv
                0x00002d6c       0x82 src/libraries/Adafruit-PN532/Adafruit_PN532.o
                0x00002d6c                _ZN14Adafruit_PN5328spi_readEv
 .text._ZN14Adafruit_PN5327isreadyEv
                0x00002dee       0x66 src/libraries/Adafruit-PN532/Adafruit_PN532.o
                0x00002dee                _ZN14Adafruit_PN5327isreadyEv
 .text._ZN14Adafruit_PN5329waitreadyEj
                0x00002e54       0x5c src/libraries/Adafruit-PN532/Adafruit_PN532.o
                0x00002e54                _ZN14Adafruit_PN5329waitreadyEj
 .text._ZN14Adafruit_PN5328readdataEPhh
                0x00002eb0       0xe2 src/libraries/Adafruit-PN532/Adafruit_PN532.o
                0x00002eb0                _ZN14Adafruit_PN5328readdataEPhh
 .text._ZN14Adafruit_PN5327readackEv
                0x00002f92       0x44 src/libraries/Adafruit-PN532/Adafruit_PN532.o
                0x00002f92                _ZN14Adafruit_PN5327readackEv
 .text._ZL8i2c_sendh
                0x00002fd6        0xa src/libraries/Adafruit-PN532/Adafruit_PN532.o
 .text._ZN14Adafruit_PN53212writecommandEPhh
                0x00002fe0      0x16c src/libraries/Adafruit-PN532/Adafruit_PN532.o
                0x00002fe0                _ZN14Adafruit_PN53212writecommandEPhh
 .text._ZN14Adafruit_PN53219sendCommandCheckAckEPhhj
                0x0000314c       0x42 src/libraries/Adafruit-PN532/Adafruit_PN532.o
                0x0000314c                _ZN14Adafruit_PN53219sendCommandCheckAckEPhhj
 .text._ZN14Adafruit_PN5325beginEv
                0x0000318e       0x9a src/libraries/Adafruit-PN532/Adafruit_PN532.o
                0x0000318e                _ZN14Adafruit_PN5325beginEv
 .text._ZN14Adafruit_PN53218getFirmwareVersionEv
                0x00003228       0x90 src/libraries/Adafruit-PN532/Adafruit_PN532.o
                0x00003228                _ZN14Adafruit_PN53218getFirmwareVersionEv
 .text._ZN14Adafruit_PN5329SAMConfigEv
                0x000032b8       0x5c src/libraries/Adafruit-PN532/Adafruit_PN532.o
                0x000032b8                _ZN14Adafruit_PN5329SAMConfigEv
 .text._ZN14Adafruit_PN53227setPassiveActivationRetriesEh
                0x00003314       0x20 src/libraries/Adafruit-PN532/Adafruit_PN532.o
                0x00003314                _ZN14Adafruit_PN53227setPassiveActivationRetriesEh
 .text._ZN14Adafruit_PN53219readPassiveTargetIDEhPhS0_j
                0x00003334       0xa8 src/libraries/Adafruit-PN532/Adafruit_PN532.o
                0x00003334                _ZN14Adafruit_PN53219readPassiveTargetIDEhPhS0_j
 .text._ZN14Adafruit_PN53231mifareclassic_AuthenticateBlockEPhhmhS0_
                0x000033dc       0xc0 src/libraries/Adafruit-PN532/Adafruit_PN532.o
                0x000033dc                _ZN14Adafruit_PN53231mifareclassic_AuthenticateBlockEPhhmhS0_
 .text._ZN14Adafruit_PN53227mifareclassic_ReadDataBlockEhPh
                0x0000349c       0x66 src/libraries/Adafruit-PN532/Adafruit_PN532.o
                0x0000349c                _ZN14Adafruit_PN53227mifareclassic_ReadDataBlockEhPh
 .text._ZN14Adafruit_PN53228mifareclassic_WriteDataBlockEhPh
                0x00003502       0x60 src/libraries/Adafruit-PN532/Adafruit_PN532.o
                0x00003502                _ZN14Adafruit_PN53228mifareclassic_WriteDataBlockEhPh
 .text._ZL9date2daysjhh
                0x00003562       0x64 src/libraries/DS3231M/src/DS3231M.o
 .text._ZL6conv2dPKc
                0x000035c6       0x1a src/libraries/DS3231M/src/DS3231M.o
 .text._ZN8DateTimeC2Em
                0x000035e0       0xf2 src/libraries/DS3231M/src/DS3231M.o
                0x000035e0                _ZN8DateTimeC2Em
                0x000035e0                _ZN8DateTimeC1Em
 .text._ZN8DateTimeC2EPK19__FlashStringHelperS2_
                0x000036d2       0xea src/libraries/DS3231M/src/DS3231M.o
                0x000036d2                _ZN8DateTimeC2EPK19__FlashStringHelperS2_
                0x000036d2                _ZN8DateTimeC1EPK19__FlashStringHelperS2_
 .text._ZNK8DateTime12dayOfTheWeekEv
                0x000037bc       0x18 src/libraries/DS3231M/src/DS3231M.o
                0x000037bc                _ZNK8DateTime12dayOfTheWeekEv
 .text._ZNK8DateTime8unixtimeEv
                0x000037d4       0x7a src/libraries/DS3231M/src/DS3231M.o
                0x000037d4                _ZNK8DateTime8unixtimeEv
 .text._ZNK8DateTime11secondstimeEv
                0x0000384e       0x6a src/libraries/DS3231M/src/DS3231M.o
                0x0000384e                _ZNK8DateTime11secondstimeEv
 .text._ZN13DS3231M_ClassC2Ev
                0x000038b8        0xe src/libraries/DS3231M/src/DS3231M.o
                0x000038b8                _ZN13DS3231M_ClassC2Ev
                0x000038b8                _ZN13DS3231M_ClassC1Ev
 .text._ZN13DS3231M_ClassD2Ev
                0x000038c6        0x2 src/libraries/DS3231M/src/DS3231M.o
                0x000038c6                _ZN13DS3231M_ClassD2Ev
                0x000038c6                _ZN13DS3231M_ClassD1Ev
 .text._ZN13DS3231M_Class9writeByteEhh
                0x000038c8       0x40 src/libraries/DS3231M/src/DS3231M.o
                0x000038c8                _ZN13DS3231M_Class9writeByteEhh
 .text._ZN13DS3231M_Class8readByteEh
                0x00003908       0x44 src/libraries/DS3231M/src/DS3231M.o
                0x00003908                _ZN13DS3231M_Class8readByteEh
 .text._ZN13DS3231M_Class5beginEm
                0x0000394c       0x60 src/libraries/DS3231M/src/DS3231M.o
                0x0000394c                _ZN13DS3231M_Class5beginEm
 .text._ZN13DS3231M_Class3nowEv
                0x000039ac      0x140 src/libraries/DS3231M/src/DS3231M.o
                0x000039ac                _ZN13DS3231M_Class3nowEv
 .text._ZN13DS3231M_Class6adjustERK8DateTime
                0x00003aec      0x11c src/libraries/DS3231M/src/DS3231M.o
                0x00003aec                _ZN13DS3231M_Class6adjustERK8DateTime
 .text._ZN13DS3231M_Class6adjustEv
                0x00003c08       0x42 src/libraries/DS3231M/src/DS3231M.o
                0x00003c08                _ZN13DS3231M_Class6adjustEv
 .text.startup._GLOBAL__sub_I__ZN9DhcpClass13beginWithDHCPEPhmm
                0x00003c4a       0x16 src/libraries/Ethernet2/src/Dhcp.o
 .text._ZN9DNSClient5beginERK9IPAddress
                0x00003c60       0x1a src/libraries/Ethernet2/src/Dns.o
                0x00003c60                _ZN9DNSClient5beginERK9IPAddress
 .text._ZN9DNSClient9inet_atonEPKcR9IPAddress
                0x00003c7a       0x80 src/libraries/Ethernet2/src/Dns.o
                0x00003c7a                _ZN9DNSClient9inet_atonEPKcR9IPAddress
 .text.startup._GLOBAL__sub_I__ZN9DNSClient5beginERK9IPAddress
                0x00003cfa       0x16 src/libraries/Ethernet2/src/Dns.o
 .text._ZN9DNSClient12BuildRequestEPKc
                0x00003d10      0x142 src/libraries/Ethernet2/src/Dns.o
                0x00003d10                _ZN9DNSClient12BuildRequestEPKc
 .text._ZN9DNSClient15ProcessResponseEjR9IPAddress
                0x00003e52      0x2c2 src/libraries/Ethernet2/src/Dns.o
                0x00003e52                _ZN9DNSClient15ProcessResponseEjR9IPAddress
 .text._ZN9DNSClient13getHostByNameEPKcR9IPAddress
                0x00004114      0x112 src/libraries/Ethernet2/src/Dns.o
                0x00004114                _ZN9DNSClient13getHostByNameEPKcR9IPAddress
 .text._ZN10W5500Class8writeGAREPh
                0x00004226        0xe src/libraries/Ethernet2/src/Ethernet2.o
                0x00004226                _ZN10W5500Class8writeGAREPh
 .text._ZN10W5500Class9writeSUBREPh
                0x00004234        0xe src/libraries/Ethernet2/src/Ethernet2.o
                0x00004234                _ZN10W5500Class9writeSUBREPh
 .text._ZN10W5500Class9writeSHAREPh
                0x00004242        0xe src/libraries/Ethernet2/src/Ethernet2.o
                0x00004242                _ZN10W5500Class9writeSHAREPh
 .text._ZN10W5500Class9writeSIPREPh
                0x00004250        0xe src/libraries/Ethernet2/src/Ethernet2.o
                0x00004250                _ZN10W5500Class9writeSIPREPh
 .text._ZN13EthernetClass5beginEPh9IPAddressS1_S1_S1_
                0x0000425e       0x6c src/libraries/Ethernet2/src/Ethernet2.o
                0x0000425e                _ZN13EthernetClass5beginEPh9IPAddressS1_S1_S1_
 .text._ZN13EthernetClass11dnsServerIPEv
                0x000042ca       0x20 src/libraries/Ethernet2/src/Ethernet2.o
                0x000042ca                _ZN13EthernetClass11dnsServerIPEv
 .text.startup._GLOBAL__sub_I__ZN13EthernetClass6_stateE
                0x000042ea       0x2a src/libraries/Ethernet2/src/Ethernet2.o
 .text._ZN5Print17availableForWriteEv
                0x00004314        0x6 src/libraries/Ethernet2/src/EthernetClient.o
                0x00004314                _ZN5Print17availableForWriteEv
 .text._ZN5Print5flushEv
                0x0000431a        0x2 src/libraries/Ethernet2/src/EthernetClient.o
                0x0000431a                _ZN5Print5flushEv
 .text._ZN14EthernetClientneERKS_
                0x0000431c       0x14 src/libraries/Ethernet2/src/EthernetClient.o
                0x0000431c                _ZN14EthernetClientneERKS_
 .text._ZN14EthernetClient5writeEh
                0x00004330       0x2c src/libraries/Ethernet2/src/EthernetClient.o
                0x00004330                _ZN14EthernetClient5writeEh
 .text._ZN14EthernetClientcvbEv
                0x0000435c       0x10 src/libraries/Ethernet2/src/EthernetClient.o
                0x0000435c                _ZN14EthernetClientcvbEv
 .text._ZN14EthernetClienteqERKS_
                0x0000436c       0x16 src/libraries/Ethernet2/src/EthernetClient.o
                0x0000436c                _ZN14EthernetClienteqERKS_
 .text._ZN14EthernetClient7connectEPKcj
                0x00004382       0xb4 src/libraries/Ethernet2/src/EthernetClient.o
                0x00004382                _ZN14EthernetClient7connectEPKcj
 .text._ZN14EthernetClient5writeEPKhj
                0x00004436       0x3a src/libraries/Ethernet2/src/EthernetClient.o
                0x00004436                _ZN14EthernetClient5writeEPKhj
 .text._ZN14EthernetClient9availableEv
                0x00004470       0x14 src/libraries/Ethernet2/src/EthernetClient.o
                0x00004470                _ZN14EthernetClient9availableEv
 .text._ZN14EthernetClient4readEv
                0x00004484       0x32 src/libraries/Ethernet2/src/EthernetClient.o
                0x00004484                _ZN14EthernetClient4readEv
 .text._ZN14EthernetClient4readEPhj
                0x000044b6        0x6 src/libraries/Ethernet2/src/EthernetClient.o
                0x000044b6                _ZN14EthernetClient4readEPhj
 .text._ZN14EthernetClient4peekEv
                0x000044bc       0x44 src/libraries/Ethernet2/src/EthernetClient.o
                0x000044bc                _ZN14EthernetClient4peekEv
 .text._ZN14EthernetClient5flushEv
                0x00004500        0x6 src/libraries/Ethernet2/src/EthernetClient.o
                0x00004500                _ZN14EthernetClient5flushEv
 .text._ZN14EthernetClientC2Ev
                0x00004506       0x24 src/libraries/Ethernet2/src/EthernetClient.o
                0x00004506                _ZN14EthernetClientC2Ev
                0x00004506                _ZN14EthernetClientC1Ev
 .text._ZN14EthernetClientC2Eh
                0x0000452a       0x22 src/libraries/Ethernet2/src/EthernetClient.o
                0x0000452a                _ZN14EthernetClientC1Eh
                0x0000452a                _ZN14EthernetClientC2Eh
 .text._ZN14EthernetClient6statusEv
                0x0000454c       0x1a src/libraries/Ethernet2/src/EthernetClient.o
                0x0000454c                _ZN14EthernetClient6statusEv
 .text._ZN14EthernetClient9connectedEv
                0x00004566       0x46 src/libraries/Ethernet2/src/EthernetClient.o
                0x00004566                _ZN14EthernetClient9connectedEv
 .text._ZN14EthernetClient4stopEv
                0x000045ac       0x7c src/libraries/Ethernet2/src/EthernetClient.o
                0x000045ac                _ZN14EthernetClient4stopEv
 .text._ZN14EthernetClient7connectE9IPAddressj
                0x00004628       0xba src/libraries/Ethernet2/src/EthernetClient.o
                0x00004628                _ZN14EthernetClient7connectE9IPAddressj
 .text.startup._GLOBAL__sub_I__ZN14EthernetClient8_srcportE
                0x000046e2       0x16 src/libraries/Ethernet2/src/EthernetClient.o
 .text._ZN14EthernetServer5writeEh
                0x000046f8       0x2c src/libraries/Ethernet2/src/EthernetServer.o
                0x000046f8                _ZN14EthernetServer5writeEh
 .text._ZN14EthernetServer5beginEv
                0x00004724       0x80 src/libraries/Ethernet2/src/EthernetServer.o
                0x00004724                _ZN14EthernetServer5beginEv
 .text._ZN14EthernetServerC2Ej
                0x000047a4       0x14 src/libraries/Ethernet2/src/EthernetServer.o
                0x000047a4                _ZN14EthernetServerC1Ej
                0x000047a4                _ZN14EthernetServerC2Ej
 .text._ZN14EthernetServer6acceptEv
                0x000047b8       0xb8 src/libraries/Ethernet2/src/EthernetServer.o
                0x000047b8                _ZN14EthernetServer6acceptEv
 .text._ZN14EthernetServer5writeEPKhj
                0x00004870       0xa8 src/libraries/Ethernet2/src/EthernetServer.o
                0x00004870                _ZN14EthernetServer5writeEPKhj
 .text.startup._GLOBAL__sub_I__ZN14EthernetServerC2Ej
                0x00004918       0x16 src/libraries/Ethernet2/src/EthernetServer.o
 .text._ZN3UDP14beginMulticastE9IPAddressj
                0x0000492e        0x4 src/libraries/Ethernet2/src/EthernetUdp2.o
                0x0000492e                _ZN3UDP14beginMulticastE9IPAddressj
 .text._ZN11EthernetUDP4readEPcj
                0x00004932        0xe src/libraries/Ethernet2/src/EthernetUdp2.o
                0x00004932                _ZN11EthernetUDP4readEPcj
 .text._ZN11EthernetUDP8remoteIPEv
                0x00004940       0x20 src/libraries/Ethernet2/src/EthernetUdp2.o
                0x00004940                _ZN11EthernetUDP8remoteIPEv
 .text._ZN11EthernetUDP10remotePortEv
                0x00004960        0x8 src/libraries/Ethernet2/src/EthernetUdp2.o
                0x00004960                _ZN11EthernetUDP10remotePortEv
 .text._ZN11EthernetUDP9availableEv
                0x00004968        0x8 src/libraries/Ethernet2/src/EthernetUdp2.o
                0x00004968                _ZN11EthernetUDP9availableEv
 .text._ZN11EthernetUDP5writeEh
                0x00004970       0x2c src/libraries/Ethernet2/src/EthernetUdp2.o
                0x00004970                _ZN11EthernetUDP5writeEh
 .text._ZN11EthernetUDP5flushEv
                0x0000499c       0x24 src/libraries/Ethernet2/src/EthernetUdp2.o
                0x0000499c                _ZN11EthernetUDP5flushEv
 .text._ZN11EthernetUDP4stopEv
                0x000049c0       0x28 src/libraries/Ethernet2/src/EthernetUdp2.o
                0x000049c0                _ZN11EthernetUDP4stopEv
 .text._ZN11EthernetUDP11beginPacketE9IPAddressj
                0x000049e8        0xe src/libraries/Ethernet2/src/EthernetUdp2.o
                0x000049e8                _ZN11EthernetUDP11beginPacketE9IPAddressj
 .text._ZN11EthernetUDP9endPacketEv
                0x000049f6        0x6 src/libraries/Ethernet2/src/EthernetUdp2.o
                0x000049f6                _ZN11EthernetUDP9endPacketEv
 .text._ZN11EthernetUDP5writeEPKhj
                0x000049fc       0x26 src/libraries/Ethernet2/src/EthernetUdp2.o
                0x000049fc                _ZN11EthernetUDP5writeEPKhj
 .text._ZN11EthernetUDP4readEv
                0x00004a22       0x50 src/libraries/Ethernet2/src/EthernetUdp2.o
                0x00004a22                _ZN11EthernetUDP4readEv
 .text._ZN11EthernetUDP4readEPhj
                0x00004a72       0x3c src/libraries/Ethernet2/src/EthernetUdp2.o
                0x00004a72                _ZN11EthernetUDP4readEPhj
 .text._ZN11EthernetUDP4peekEv
                0x00004aae       0x30 src/libraries/Ethernet2/src/EthernetUdp2.o
                0x00004aae                _ZN11EthernetUDP4peekEv
 .text._ZN11EthernetUDP5beginEj
                0x00004ade       0x62 src/libraries/Ethernet2/src/EthernetUdp2.o
                0x00004ade                _ZN11EthernetUDP5beginEj
 .text._ZN11EthernetUDP11parsePacketEv
                0x00004b40       0x9e src/libraries/Ethernet2/src/EthernetUdp2.o
                0x00004b40                _ZN11EthernetUDP11parsePacketEv
 .text._ZN11EthernetUDPC2Ev
                0x00004bde       0x2a src/libraries/Ethernet2/src/EthernetUdp2.o
                0x00004bde                _ZN11EthernetUDPC1Ev
                0x00004bde                _ZN11EthernetUDPC2Ev
 .text._ZN11EthernetUDP11beginPacketEPKcj
                0x00004c08       0xb4 src/libraries/Ethernet2/src/EthernetUdp2.o
                0x00004c08                _ZN11EthernetUDP11beginPacketEPKcj
 .text.startup._GLOBAL__sub_I__ZN11EthernetUDPC2Ev
                0x00004cbc       0x16 src/libraries/Ethernet2/src/EthernetUdp2.o
 .text.startup._GLOBAL__sub_I__ZN7TwitterC2EPKc
                0x00004cd2       0x16 src/libraries/Ethernet2/src/Twitter.o
 .text._ZN10W5500Class11writeSnDIPREhPh
                0x00004ce8       0x16 src/libraries/Ethernet2/src/utility/socket.o
                0x00004ce8                _ZN10W5500Class11writeSnDIPREhPh
 .text._ZN10W5500Class6readSnEhj
                0x00004cfe       0x10 src/libraries/Ethernet2/src/utility/socket.o
                0x00004cfe                _ZN10W5500Class6readSnEhj
 .text._ZN10W5500Class8readSnIREh
                0x00004d0e        0x6 src/libraries/Ethernet2/src/utility/socket.o
                0x00004d0e                _ZN10W5500Class8readSnIREh
 .text._ZN10W5500Class7writeSnEhjh
                0x00004d14       0x10 src/libraries/Ethernet2/src/utility/socket.o
                0x00004d14                _ZN10W5500Class7writeSnEhjh
 .text._ZN10W5500Class11writeSnPORTEhj
                0x00004d24       0x1e src/libraries/Ethernet2/src/utility/socket.o
                0x00004d24                _ZN10W5500Class11writeSnPORTEhj
 .text._ZN10W5500Class9writeSnIREhh
                0x00004d42        0x8 src/libraries/Ethernet2/src/utility/socket.o
                0x00004d42                _ZN10W5500Class9writeSnIREhh
 .text._ZN10W5500Class12writeSnDPORTEhj
                0x00004d4a       0x1e src/libraries/Ethernet2/src/utility/socket.o
                0x00004d4a                _ZN10W5500Class12writeSnDPORTEhj
 .text._Z5closeh
                0x00004d68       0x16 src/libraries/Ethernet2/src/utility/socket.o
                0x00004d68                _Z5closeh
 .text._Z6sockethhjh
                0x00004d7e       0x66 src/libraries/Ethernet2/src/utility/socket.o
                0x00004d7e                _Z6sockethhjh
 .text._Z6listenh
                0x00004de4       0x22 src/libraries/Ethernet2/src/utility/socket.o
                0x00004de4                _Z6listenh
 .text._Z7connecthPhj
                0x00004e06       0x66 src/libraries/Ethernet2/src/utility/socket.o
                0x00004e06                _Z7connecthPhj
 .text._Z10disconnecth
                0x00004e6c        0xa src/libraries/Ethernet2/src/utility/socket.o
                0x00004e6c                _Z10disconnecth
 .text._Z4sendhPKhj
                0x00004e76       0x90 src/libraries/Ethernet2/src/utility/socket.o
                0x00004e76                _Z4sendhPKhj
 .text._Z4recvhPhi
                0x00004f06       0x82 src/libraries/Ethernet2/src/utility/socket.o
                0x00004f06                _Z4recvhPhi
 .text._Z4peekhPh
                0x00004f88       0x1a src/libraries/Ethernet2/src/utility/socket.o
                0x00004f88                _Z4peekhPh
 .text._Z5flushh
                0x00004fa2        0x2 src/libraries/Ethernet2/src/utility/socket.o
                0x00004fa2                _Z5flushh
 .text._Z10bufferDatahjPKhj
                0x00004fa4       0x56 src/libraries/Ethernet2/src/utility/socket.o
                0x00004fa4                _Z10bufferDatahjPKhj
 .text._Z8startUDPhPhj
                0x00004ffa       0x46 src/libraries/Ethernet2/src/utility/socket.o
                0x00004ffa                _Z8startUDPhPhj
 .text._Z7sendUDPh
                0x00005040       0x38 src/libraries/Ethernet2/src/utility/socket.o
                0x00005040                _Z7sendUDPh
 .text._ZN8SPIClass8transferEh
                0x00005078        0xe src/libraries/Ethernet2/src/utility/w5500.o
                0x00005078                _ZN8SPIClass8transferEh
 .text._ZN10W5500Class5setSSEv
                0x00005086        0x4 src/libraries/Ethernet2/src/utility/w5500.o
                0x00005086                _ZN10W5500Class5setSSEv
 .text._ZN10W5500Class7resetSSEv
                0x0000508a        0x4 src/libraries/Ethernet2/src/utility/w5500.o
                0x0000508a                _ZN10W5500Class7resetSSEv
 .text._ZN10W5500Class5writeEjhh
                0x0000508e       0x40 src/libraries/Ethernet2/src/utility/w5500.o
                0x0000508e                _ZN10W5500Class5writeEjhh
 .text._ZN10W5500Class5writeEjhPKhj
                0x000050ce       0x5c src/libraries/Ethernet2/src/utility/w5500.o
                0x000050ce                _ZN10W5500Class5writeEjhPKhj
 .text._ZN10W5500Class4readEjh
                0x0000512a       0x3c src/libraries/Ethernet2/src/utility/w5500.o
                0x0000512a                _ZN10W5500Class4readEjh
 .text._ZN10W5500Class4initEh
                0x00005166       0x5a src/libraries/Ethernet2/src/utility/w5500.o
                0x00005166                _ZN10W5500Class4initEh
 .text._ZN10W5500Class12readSnTX_FSREh
                0x000051c0       0x2e src/libraries/Ethernet2/src/utility/w5500.o
                0x000051c0                _ZN10W5500Class12readSnTX_FSREh
 .text._ZN10W5500Class13getTXFreeSizeEh
                0x000051ee       0x34 src/libraries/Ethernet2/src/utility/w5500.o
                0x000051ee                _ZN10W5500Class13getTXFreeSizeEh
 .text._ZN10W5500Class12readSnRX_RSREh
                0x00005222       0x2e src/libraries/Ethernet2/src/utility/w5500.o
                0x00005222                _ZN10W5500Class12readSnRX_RSREh
 .text._ZN10W5500Class17getRXReceivedSizeEh
                0x00005250       0x34 src/libraries/Ethernet2/src/utility/w5500.o
                0x00005250                _ZN10W5500Class17getRXReceivedSizeEh
 .text._ZN10W5500Class27send_data_processing_offsetEhjPKhj
                0x00005284       0x74 src/libraries/Ethernet2/src/utility/w5500.o
                0x00005284                _ZN10W5500Class27send_data_processing_offsetEhjPKhj
 .text._ZN10W5500Class20send_data_processingEhPKhj
                0x000052f8       0x14 src/libraries/Ethernet2/src/utility/w5500.o
                0x000052f8                _ZN10W5500Class20send_data_processingEhPKhj
 .text._ZN10W5500Class4readEjhPhj
                0x0000530c       0x5e src/libraries/Ethernet2/src/utility/w5500.o
                0x0000530c                _ZN10W5500Class4readEjhPhj
 .text._ZN10W5500Class9read_dataEhjPVhj
                0x0000536a       0x30 src/libraries/Ethernet2/src/utility/w5500.o
                0x0000536a                _ZN10W5500Class9read_dataEhjPVhj
 .text._ZN10W5500Class20recv_data_processingEhPhjh
                0x0000539a       0x9a src/libraries/Ethernet2/src/utility/w5500.o
                0x0000539a                _ZN10W5500Class20recv_data_processingEhPhjh
 .text._ZN10W5500Class9execCmdSnEh7SockCMD
                0x00005434       0x1c src/libraries/Ethernet2/src/utility/w5500.o
                0x00005434                _ZN10W5500Class9execCmdSnEh7SockCMD
 .text.startup._GLOBAL__sub_I_w5500
                0x00005450        0xe src/libraries/Ethernet2/src/utility/w5500.o
 .text._ZN5I2CIOC2Ev
                0x0000545e        0xe src/libraries/LiquidCrystal/src/I2CIO.o
                0x0000545e                _ZN5I2CIOC2Ev
                0x0000545e                _ZN5I2CIOC1Ev
 .text._ZN5I2CIO8portModeEh
                0x0000546c       0x16 src/libraries/LiquidCrystal/src/I2CIO.o
                0x0000546c                _ZN5I2CIO8portModeEh
 .text._ZN5I2CIO11isAvailableEh
                0x00005482       0x1a src/libraries/LiquidCrystal/src/I2CIO.o
                0x00005482                _ZN5I2CIO11isAvailableEh
 .text._ZN5I2CIO5beginEh
                0x0000549c       0x30 src/libraries/LiquidCrystal/src/I2CIO.o
                0x0000549c                _ZN5I2CIO5beginEh
 .text._ZN5I2CIO5writeEh
                0x000054cc       0x4e src/libraries/LiquidCrystal/src/I2CIO.o
                0x000054cc                _ZN5I2CIO5writeEh
 .text._ZN3LCD15setBacklightPinEh13t_backlighPol
                0x0000551a        0x2 src/libraries/LiquidCrystal/src/LCD.o
                0x0000551a                _ZN3LCD15setBacklightPinEh13t_backlighPol
 .text._ZN3LCD12setBacklightEh
                0x0000551c        0x2 src/libraries/LiquidCrystal/src/LCD.o
                0x0000551c                _ZN3LCD12setBacklightEh
 .text._ZN3LCD5writeEh
                0x0000551e       0x16 src/libraries/LiquidCrystal/src/LCD.o
                0x0000551e                _ZN3LCD5writeEh
 .text._ZN3LCDC2Ev
                0x00005534       0x10 src/libraries/LiquidCrystal/src/LCD.o
                0x00005534                _ZN3LCDC1Ev
                0x00005534                _ZN3LCDC2Ev
 .text._ZN3LCD9backlightEv
                0x00005544       0x10 src/libraries/LiquidCrystal/src/LCD.o
                0x00005544                _ZN3LCD9backlightEv
 .text._ZN3LCD11noBacklightEv
                0x00005554       0x10 src/libraries/LiquidCrystal/src/LCD.o
                0x00005554                _ZN3LCD11noBacklightEv
 .text._ZN3LCD7commandEh
                0x00005564       0x10 src/libraries/LiquidCrystal/src/LCD.o
                0x00005564                _ZN3LCD7commandEh
 .text._ZN3LCD5clearEv
                0x00005574        0xc src/libraries/LiquidCrystal/src/LCD.o
                0x00005574                _ZN3LCD5clearEv
 .text._ZN3LCD9setCursorEhh
                0x00005580       0x84 src/libraries/LiquidCrystal/src/LCD.o
                0x00005580                _ZN3LCD9setCursorEhh
 .text._ZN3LCD9noDisplayEv
                0x00005604        0xc src/libraries/LiquidCrystal/src/LCD.o
                0x00005604                _ZN3LCD9noDisplayEv
 .text._ZN3LCD7displayEv
                0x00005610        0xe src/libraries/LiquidCrystal/src/LCD.o
                0x00005610                _ZN3LCD7displayEv
 .text._ZN3LCD5beginEhhh
                0x0000561e       0xf2 src/libraries/LiquidCrystal/src/LCD.o
                0x0000561e                _ZN3LCD5beginEhhh
 .text._ZN3LCD10createCharEhPh
                0x00005710       0x5e src/libraries/LiquidCrystal/src/LCD.o
                0x00005710                _ZN3LCD10createCharEhPh
 .text._ZN17LiquidCrystal_I2C15setBacklightPinEh13t_backlighPol
                0x0000576e       0x26 src/libraries/LiquidCrystal/src/LiquidCrystal_I2C.o
                0x0000576e                _ZN17LiquidCrystal_I2C15setBacklightPinEh13t_backlighPol
 .text._ZN17LiquidCrystal_I2C12setBacklightEh
                0x00005794       0x2c src/libraries/LiquidCrystal/src/LiquidCrystal_I2C.o
                0x00005794                _ZN17LiquidCrystal_I2C12setBacklightEh
 .text._ZN17LiquidCrystal_I2C4initEv
                0x000057c0       0x3e src/libraries/LiquidCrystal/src/LiquidCrystal_I2C.o
                0x000057c0                _ZN17LiquidCrystal_I2C4initEv
 .text._ZN17LiquidCrystal_I2C6configEhhhhhhhh
                0x000057fe       0x80 src/libraries/LiquidCrystal/src/LiquidCrystal_I2C.o
                0x000057fe                _ZN17LiquidCrystal_I2C6configEhhhhhhhh
 .text._ZN17LiquidCrystal_I2CC2Ehhhhhhhhh13t_backlighPol
                0x0000587e       0x6c src/libraries/LiquidCrystal/src/LiquidCrystal_I2C.o
                0x0000587e                _ZN17LiquidCrystal_I2CC1Ehhhhhhhhh13t_backlighPol
                0x0000587e                _ZN17LiquidCrystal_I2CC2Ehhhhhhhhh13t_backlighPol
 .text._ZN17LiquidCrystal_I2C11pulseEnableEh
                0x000058ea       0x36 src/libraries/LiquidCrystal/src/LiquidCrystal_I2C.o
                0x000058ea                _ZN17LiquidCrystal_I2C11pulseEnableEh
 .text._ZN17LiquidCrystal_I2C10write4bitsEhh
                0x00005920       0x30 src/libraries/LiquidCrystal/src/LiquidCrystal_I2C.o
                0x00005920                _ZN17LiquidCrystal_I2C10write4bitsEhh
 .text._ZN17LiquidCrystal_I2C4sendEhh
                0x00005950       0x3a src/libraries/LiquidCrystal/src/LiquidCrystal_I2C.o
                0x00005950                _ZN17LiquidCrystal_I2C4sendEhh
 .text._ZN17LiquidCrystal_I2C5beginEhhh
                0x0000598a       0x28 src/libraries/LiquidCrystal/src/LiquidCrystal_I2C.o
                0x0000598a                _ZN17LiquidCrystal_I2C5beginEhhh
 .text._ZN11Diagnostics15_printErrorCodeEv
                0x000059b2       0x36 src/libraries/SPIMemory/src/diagnostics.o
                0x000059b2                _ZN11Diagnostics15_printErrorCodeEv
 .text._ZN11Diagnostics12troubleshootEhb
                0x000059e8        0xa src/libraries/SPIMemory/src/diagnostics.o
                0x000059e8                _ZN11Diagnostics12troubleshootEhb
 .text._ZN8SPIFlashC2Eh
                0x000059f2       0xbc src/libraries/SPIMemory/src/SPIFlash.o
                0x000059f2                _ZN8SPIFlashC1Eh
                0x000059f2                _ZN8SPIFlashC2Eh
 .text._ZN8SPIFlash5beginEm
                0x00005aae       0x50 src/libraries/SPIMemory/src/SPIFlash.o
                0x00005aae                _ZN8SPIFlash5beginEm
 .text._ZN8SPIFlash5errorEb
                0x00005afe       0x12 src/libraries/SPIMemory/src/SPIFlash.o
                0x00005afe                _ZN8SPIFlash5errorEb
 .text._ZN8SPIFlash11getCapacityEv
                0x00005b10        0xc src/libraries/SPIMemory/src/SPIFlash.o
                0x00005b10                _ZN8SPIFlash11getCapacityEv
 .text._ZN8SPIFlash10getMaxPageEv
                0x00005b1c       0x22 src/libraries/SPIMemory/src/SPIFlash.o
                0x00005b1c                _ZN8SPIFlash10getMaxPageEv
 .text._ZN8SPIFlash10getJEDECIDEv
                0x00005b3e       0x24 src/libraries/SPIMemory/src/SPIFlash.o
                0x00005b3e                _ZN8SPIFlash10getJEDECIDEv
 .text._ZN8SPIFlash11getUniqueIDEv
                0x00005b62       0xea src/libraries/SPIMemory/src/SPIFlash.o
                0x00005b62                _ZN8SPIFlash11getUniqueIDEv
 .text._ZN8SPIFlash7readStrEmR6Stringb
                0x00005c4c      0x172 src/libraries/SPIMemory/src/SPIFlash.o
                0x00005c4c                _ZN8SPIFlash7readStrEmR6Stringb
 .text._ZN8SPIFlash8writeStrEmR6Stringb
                0x00005dbe      0x388 src/libraries/SPIMemory/src/SPIFlash.o
                0x00005dbe                _ZN8SPIFlash8writeStrEmR6Stringb
 .text._ZN8SPIFlash11eraseSectorEm
                0x00006146       0x68 src/libraries/SPIMemory/src/SPIFlash.o
                0x00006146                _ZN8SPIFlash11eraseSectorEm
 .text._ZN8SPIFlash9eraseChipEv
                0x000061ae       0x54 src/libraries/SPIMemory/src/SPIFlash.o
                0x000061ae                _ZN8SPIFlash9eraseChipEv
 .text._ZN8SPIFlash9powerDownEv
                0x00006202       0x54 src/libraries/SPIMemory/src/SPIFlash.o
                0x00006202                _ZN8SPIFlash9powerDownEv
 .text._ZN8SPIFlash7powerUpEv
                0x00006256       0x32 src/libraries/SPIMemory/src/SPIFlash.o
                0x00006256                _ZN8SPIFlash7powerUpEv
 .text._ZN8SPIClass8transferEPvj.part.0
                0x00006288       0x34 src/libraries/SPIMemory/src/SPIFlashIO.o
 .text._ZN8SPIFlash13_addressCheckEmm
                0x000062bc       0xaa src/libraries/SPIMemory/src/SPIFlashIO.o
                0x000062bc                _ZN8SPIFlash13_addressCheckEmm
 .text._ZN8SPIFlash16_transferAddressEv
                0x00006366       0x42 src/libraries/SPIMemory/src/SPIFlashIO.o
                0x00006366                _ZN8SPIFlash16_transferAddressEv
 .text._ZN8SPIFlash12_startSPIBusEv
                0x000063a8       0x46 src/libraries/SPIMemory/src/SPIFlashIO.o
                0x000063a8                _ZN8SPIFlash12_startSPIBusEv
 .text._ZN8SPIFlash9_beginSPIEh
                0x000063ee       0x6c src/libraries/SPIMemory/src/SPIFlashIO.o
                0x000063ee                _ZN8SPIFlash9_beginSPIEh
 .text._ZN8SPIFlash15_notPrevWrittenEmm
                0x0000645a       0x6c src/libraries/SPIMemory/src/SPIFlashIO.o
                0x0000645a                _ZN8SPIFlash15_notPrevWrittenEmm
 .text._ZN8SPIFlash9_nextByteEch
                0x000064c6        0x6 src/libraries/SPIMemory/src/SPIFlashIO.o
                0x000064c6                _ZN8SPIFlash9_nextByteEch
 .text._ZN8SPIFlash8_nextBufEhPhm
                0x000064cc       0x22 src/libraries/SPIMemory/src/SPIFlashIO.o
                0x000064cc                _ZN8SPIFlash8_nextBufEhPhm
 .text._ZN8SPIFlash7_endSPIEv
                0x000064ee       0x30 src/libraries/SPIMemory/src/SPIFlashIO.o
                0x000064ee                _ZN8SPIFlash7_endSPIEv
 .text._ZN8SPIFlash10_readStat1Ev
                0x0000651e       0x1c src/libraries/SPIMemory/src/SPIFlashIO.o
                0x0000651e                _ZN8SPIFlash10_readStat1Ev
 .text._ZN8SPIFlash18_isChipPoweredDownEv
                0x0000653a       0x1a src/libraries/SPIMemory/src/SPIFlashIO.o
                0x0000653a                _ZN8SPIFlash18_isChipPoweredDownEv
 .text._ZN8SPIFlash8_notBusyEm
                0x00006554       0x8e src/libraries/SPIMemory/src/SPIFlashIO.o
                0x00006554                _ZN8SPIFlash8_notBusyEm
 .text._ZN8SPIFlash12_writeEnableEb
                0x000065e2       0x36 src/libraries/SPIMemory/src/SPIFlashIO.o
                0x000065e2                _ZN8SPIFlash12_writeEnableEb
 .text._ZN8SPIFlash5_prepEhmm
                0x00006618       0xc4 src/libraries/SPIMemory/src/SPIFlashIO.o
                0x00006618                _ZN8SPIFlash5_prepEhmm
 .text._ZN8SPIFlash13_writeDisableEv
                0x000066dc        0xa src/libraries/SPIMemory/src/SPIFlashIO.o
                0x000066dc                _ZN8SPIFlash13_writeDisableEv
 .text._ZN8SPIFlash11_getJedecIdEv
                0x000066e6       0x54 src/libraries/SPIMemory/src/SPIFlashIO.o
                0x000066e6                _ZN8SPIFlash11_getJedecIdEv
 .text._ZN8SPIFlash26_disableGlobalBlockProtectEv
                0x0000673a       0x78 src/libraries/SPIMemory/src/SPIFlashIO.o
                0x0000673a                _ZN8SPIFlash26_disableGlobalBlockProtectEv
 .text._ZN8SPIFlash7_chipIDEm
                0x000067b2      0x1ae src/libraries/SPIMemory/src/SPIFlashIO.o
                0x000067b2                _ZN8SPIFlash7_chipIDEm
 .text._ZN8SPIFlash13_troubleshootEhb
                0x00006960        0x6 src/libraries/SPIMemory/src/SPIFlashIO.o
                0x00006960                _ZN8SPIFlash13_troubleshootEhb
 .text._ZN8SPIClass5beginEv
                0x00006966       0x6c src/libraries/SPI/src/SPI.o
                0x00006966                _ZN8SPIClass5beginEv
 .text.twi_init
                0x000069d2       0x3c src/libraries/Wire/src/utility/twi.o
                0x000069d2                twi_init
 .text.twi_disable
                0x00006a0e       0x1a src/libraries/Wire/src/utility/twi.o
                0x00006a0e                twi_disable
 .text.twi_setFrequency
                0x00006a28       0x28 src/libraries/Wire/src/utility/twi.o
                0x00006a28                twi_setFrequency
 .text.twi_readFrom
                0x00006a50       0x90 src/libraries/Wire/src/utility/twi.o
                0x00006a50                twi_readFrom
 .text.twi_writeTo
                0x00006ae0       0xac src/libraries/Wire/src/utility/twi.o
                0x00006ae0                twi_writeTo
 .text.twi_transmit
                0x00006b8c       0x50 src/libraries/Wire/src/utility/twi.o
                0x00006b8c                twi_transmit
 .text.twi_attachSlaveRxEvent
                0x00006bdc        0xa src/libraries/Wire/src/utility/twi.o
                0x00006bdc                twi_attachSlaveRxEvent
 .text.twi_attachSlaveTxEvent
                0x00006be6        0xa src/libraries/Wire/src/utility/twi.o
                0x00006be6                twi_attachSlaveTxEvent
 .text.twi_stop
                0x00006bf0       0x14 src/libraries/Wire/src/utility/twi.o
                0x00006bf0                twi_stop
 .text.twi_releaseBus
                0x00006c04        0xc src/libraries/Wire/src/utility/twi.o
                0x00006c04                twi_releaseBus
 .text.__vector_26
                0x00006c10      0x25c src/libraries/Wire/src/utility/twi.o
                0x00006c10                __vector_26
 .text._ZN7TwoWire9availableEv
                0x00006e6c       0x10 src/libraries/Wire/src/Wire.o
                0x00006e6c                _ZN7TwoWire9availableEv
 .text._ZN7TwoWire4readEv
                0x00006e7c       0x28 src/libraries/Wire/src/Wire.o
                0x00006e7c                _ZN7TwoWire4readEv
 .text._ZN7TwoWire4peekEv
                0x00006ea4       0x1e src/libraries/Wire/src/Wire.o
                0x00006ea4                _ZN7TwoWire4peekEv
 .text._ZN7TwoWire5flushEv
                0x00006ec2        0x2 src/libraries/Wire/src/Wire.o
                0x00006ec2                _ZN7TwoWire5flushEv
 .text._ZN7TwoWire16onReceiveServiceEPhi
                0x00006ec4       0x54 src/libraries/Wire/src/Wire.o
                0x00006ec4                _ZN7TwoWire16onReceiveServiceEPhi
 .text._ZN7TwoWire16onRequestServiceEv
                0x00006f18       0x18 src/libraries/Wire/src/Wire.o
                0x00006f18                _ZN7TwoWire16onRequestServiceEv
 .text._ZN7TwoWire5writeEPKhj
                0x00006f30       0x58 src/libraries/Wire/src/Wire.o
                0x00006f30                _ZN7TwoWire5writeEPKhj
 .text._ZN7TwoWire5writeEh
                0x00006f88       0x5c src/libraries/Wire/src/Wire.o
                0x00006f88                _ZN7TwoWire5writeEh
 .text._ZN7TwoWireC2Ev
                0x00006fe4       0x20 src/libraries/Wire/src/Wire.o
                0x00006fe4                _ZN7TwoWireC1Ev
                0x00006fe4                _ZN7TwoWireC2Ev
 .text._ZN7TwoWire5beginEv
                0x00007004       0x1e src/libraries/Wire/src/Wire.o
                0x00007004                _ZN7TwoWire5beginEv
 .text._ZN7TwoWire3endEv
                0x00007022        0x2 src/libraries/Wire/src/Wire.o
                0x00007022                _ZN7TwoWire3endEv
 .text._ZN7TwoWire8setClockEm
                0x00007024        0x6 src/libraries/Wire/src/Wire.o
                0x00007024                _ZN7TwoWire8setClockEm
 .text._ZN7TwoWire17beginTransmissionEh
                0x0000702a       0x14 src/libraries/Wire/src/Wire.o
                0x0000702a                _ZN7TwoWire17beginTransmissionEh
 .text._ZN7TwoWire17beginTransmissionEi
                0x0000703e        0x2 src/libraries/Wire/src/Wire.o
                0x0000703e                _ZN7TwoWire17beginTransmissionEi
 .text._ZN7TwoWire15endTransmissionEh
                0x00007040       0x24 src/libraries/Wire/src/Wire.o
                0x00007040                _ZN7TwoWire15endTransmissionEh
 .text._ZN7TwoWire11requestFromEhhmhh
                0x00007064       0xa2 src/libraries/Wire/src/Wire.o
                0x00007064                _ZN7TwoWire11requestFromEhhmhh
 .text._ZN7TwoWire11requestFromEhhh
                0x00007106       0x1e src/libraries/Wire/src/Wire.o
                0x00007106                _ZN7TwoWire11requestFromEhhh
 .text._ZN7TwoWire11requestFromEhh
                0x00007124        0x4 src/libraries/Wire/src/Wire.o
                0x00007124                _ZN7TwoWire11requestFromEhh
 .text._ZN7TwoWire11requestFromEii
                0x00007128        0x4 src/libraries/Wire/src/Wire.o
                0x00007128                _ZN7TwoWire11requestFromEii
 .text._ZN7TwoWire15endTransmissionEv
                0x0000712c        0x4 src/libraries/Wire/src/Wire.o
                0x0000712c                _ZN7TwoWire15endTransmissionEv
 .text.startup._GLOBAL__sub_I__ZN7TwoWire8rxBufferE
                0x00007130        0x6 src/libraries/Wire/src/Wire.o
 .text.avr-libc.fplib
                0x00007136        0x8 c:/program files (x86)/atmel/studio/7.0/toolchain/avr8/avr8-gnu-toolchain/bin/../lib/gcc/avr/5.4.0/../../../../avr/lib/avr51\libm.a(cmpsf2.o)
                0x00007136                __nesf2
                0x00007136                __eqsf2
                0x00007136                __cmpsf2
                0x00007136                __ltsf2
                0x00007136                __lesf2
 .text.avr-libc.fplib
                0x0000713e        0x4 c:/program files (x86)/atmel/studio/7.0/toolchain/avr8/avr8-gnu-toolchain/bin/../lib/gcc/avr/5.4.0/../../../../avr/lib/avr51\libm.a(divsf3.o)
                0x0000713e                __divsf3
 .text.avr-libc.fplib
                0x00007142       0xcc c:/program files (x86)/atmel/studio/7.0/toolchain/avr8/avr8-gnu-toolchain/bin/../lib/gcc/avr/5.4.0/../../../../avr/lib/avr51\libm.a(divsf3x.o)
                0x00007158                __divsf3x
                0x0000715c                __divsf3_pse
 .text.avr-libc.fplib
                0x0000720e       0x7a c:/program files (x86)/atmel/studio/7.0/toolchain/avr8/avr8-gnu-toolchain/bin/../lib/gcc/avr/5.4.0/../../../../avr/lib/avr51\libm.a(floatsisf.o)
                0x0000720e                __floatunsisf
                0x00007212                __floatsisf
 .text.avr-libc.fplib
                0x00007288       0x48 c:/program files (x86)/atmel/studio/7.0/toolchain/avr8/avr8-gnu-toolchain/bin/../lib/gcc/avr/5.4.0/../../../../avr/lib/avr51\libm.a(fp_cmp.o)
                0x00007288                __fp_cmp
 .text.avr-libc.fplib
                0x000072d0        0xc c:/program files (x86)/atmel/studio/7.0/toolchain/avr8/avr8-gnu-toolchain/bin/../lib/gcc/avr/5.4.0/../../../../avr/lib/avr51\libm.a(fp_inf.o)
                0x000072d0                __fp_inf
 .text.avr-libc.fplib
                0x000072dc        0x6 c:/program files (x86)/atmel/studio/7.0/toolchain/avr8/avr8-gnu-toolchain/bin/../lib/gcc/avr/5.4.0/../../../../avr/lib/avr51\libm.a(fp_nan.o)
                0x000072dc                __fp_nan
 .text.avr-libc.fplib
                0x000072e2        0xe c:/program files (x86)/atmel/studio/7.0/toolchain/avr8/avr8-gnu-toolchain/bin/../lib/gcc/avr/5.4.0/../../../../avr/lib/avr51\libm.a(fp_pscA.o)
                0x000072e2                __fp_pscA
 .text.avr-libc.fplib
                0x000072f0        0xe c:/program files (x86)/atmel/studio/7.0/toolchain/avr8/avr8-gnu-toolchain/bin/../lib/gcc/avr/5.4.0/../../../../avr/lib/avr51\libm.a(fp_pscB.o)
                0x000072f0                __fp_pscB
 .text.avr-libc.fplib
                0x000072fe       0x22 c:/program files (x86)/atmel/studio/7.0/toolchain/avr8/avr8-gnu-toolchain/bin/../lib/gcc/avr/5.4.0/../../../../avr/lib/avr51\libm.a(fp_round.o)
                0x000072fe                __fp_round
 .text.avr-libc.fplib
                0x00007320       0x44 c:/program files (x86)/atmel/studio/7.0/toolchain/avr8/avr8-gnu-toolchain/bin/../lib/gcc/avr/5.4.0/../../../../avr/lib/avr51\libm.a(fp_split3.o)
                0x00007320                __fp_split3
                0x00007330                __fp_splitA
 .text.avr-libc.fplib
                0x00007364        0xe c:/program files (x86)/atmel/studio/7.0/toolchain/avr8/avr8-gnu-toolchain/bin/../lib/gcc/avr/5.4.0/../../../../avr/lib/avr51\libm.a(fp_zero.o)
                0x00007364                __fp_zero
                0x00007366                __fp_szero
 .text.__cxa_pure_virtual
                0x00007372        0x4 C:\Users\ADMINI~1\DOCUME~1\PROGET~1\FUELCO~1\Firmware\repo\CCEC\TUINOD~1\ARDUIN~1\Debug\libArduinoCore.a(abi.o)
                0x00007372                __cxa_pure_virtual
 .text.__vector_18
                0x00007376       0x64 C:\Users\ADMINI~1\DOCUME~1\PROGET~1\FUELCO~1\Firmware\repo\CCEC\TUINOD~1\ARDUIN~1\Debug\libArduinoCore.a(HardwareSerial0.o)
                0x00007376                __vector_18
 .text.__vector_19
                0x000073da       0x4a C:\Users\ADMINI~1\DOCUME~1\PROGET~1\FUELCO~1\Firmware\repo\CCEC\TUINOD~1\ARDUIN~1\Debug\libArduinoCore.a(HardwareSerial0.o)
                0x000073da                __vector_19
 .text._Z17Serial0_availablev
                0x00007424       0x12 C:\Users\ADMINI~1\DOCUME~1\PROGET~1\FUELCO~1\Firmware\repo\CCEC\TUINOD~1\ARDUIN~1\Debug\libArduinoCore.a(HardwareSerial0.o)
                0x00007424                _Z17Serial0_availablev
 .text.startup._GLOBAL__sub_I___vector_18
                0x00007436       0x5a C:\Users\ADMINI~1\DOCUME~1\PROGET~1\FUELCO~1\Firmware\repo\CCEC\TUINOD~1\ARDUIN~1\Debug\libArduinoCore.a(HardwareSerial0.o)
 .text._ZNK9IPAddress7printToER5Print
                0x00007490       0x7e C:\Users\ADMINI~1\DOCUME~1\PROGET~1\FUELCO~1\Firmware\repo\CCEC\TUINOD~1\ARDUIN~1\Debug\libArduinoCore.a(IPAddress.o)
                0x00007490                _ZNK9IPAddress7printToER5Print
 .text._ZN9IPAddressC2Ev
                0x0000750e       0x14 C:\Users\ADMINI~1\DOCUME~1\PROGET~1\FUELCO~1\Firmware\repo\CCEC\TUINOD~1\ARDUIN~1\Debug\libArduinoCore.a(IPAddress.o)
                0x0000750e                _ZN9IPAddressC1Ev
                0x0000750e                _ZN9IPAddressC2Ev
 .text._ZN9IPAddressC2Ehhhh
                0x00007522       0x18 C:\Users\ADMINI~1\DOCUME~1\PROGET~1\FUELCO~1\Firmware\repo\CCEC\TUINOD~1\ARDUIN~1\Debug\libArduinoCore.a(IPAddress.o)
                0x00007522                _ZN9IPAddressC2Ehhhh
                0x00007522                _ZN9IPAddressC1Ehhhh
 .text._ZN9IPAddressC2EPKh
                0x0000753a       0x18 C:\Users\ADMINI~1\DOCUME~1\PROGET~1\FUELCO~1\Firmware\repo\CCEC\TUINOD~1\ARDUIN~1\Debug\libArduinoCore.a(IPAddress.o)
                0x0000753a                _ZN9IPAddressC2EPKh
                0x0000753a                _ZN9IPAddressC1EPKh
 .text._ZN9IPAddressaSEPKh
                0x00007552       0x12 C:\Users\ADMINI~1\DOCUME~1\PROGET~1\FUELCO~1\Firmware\repo\CCEC\TUINOD~1\ARDUIN~1\Debug\libArduinoCore.a(IPAddress.o)
                0x00007552                _ZN9IPAddressaSEPKh
 .text.initVariant
                0x00007564        0x2 C:\Users\ADMINI~1\DOCUME~1\PROGET~1\FUELCO~1\Firmware\repo\CCEC\TUINOD~1\ARDUIN~1\Debug\libArduinoCore.a(main.o)
                0x00007564                initVariant
 .text.startup.main
                0x00007566       0x18 C:\Users\ADMINI~1\DOCUME~1\PROGET~1\FUELCO~1\Firmware\repo\CCEC\TUINOD~1\ARDUIN~1\Debug\libArduinoCore.a(main.o)
                0x00007566                main
 .text._ZN5Print5writeEPKhj
                0x0000757e       0x54 C:\Users\ADMINI~1\DOCUME~1\PROGET~1\FUELCO~1\Firmware\repo\CCEC\TUINOD~1\ARDUIN~1\Debug\libArduinoCore.a(Print.o)
                0x0000757e                _ZN5Print5writeEPKhj
 .text._ZN5Print5writeEPKc
                0x000075d2       0x2a C:\Users\ADMINI~1\DOCUME~1\PROGET~1\FUELCO~1\Firmware\repo\CCEC\TUINOD~1\ARDUIN~1\Debug\libArduinoCore.a(Print.o)
                0x000075d2                _ZN5Print5writeEPKc
 .text._ZN5Print5printEPK19__FlashStringHelper
                0x000075fc       0x48 C:\Users\ADMINI~1\DOCUME~1\PROGET~1\FUELCO~1\Firmware\repo\CCEC\TUINOD~1\ARDUIN~1\Debug\libArduinoCore.a(Print.o)
                0x000075fc                _ZN5Print5printEPK19__FlashStringHelper
 .text._ZN5Print5printERK6String
                0x00007644       0x1c C:\Users\ADMINI~1\DOCUME~1\PROGET~1\FUELCO~1\Firmware\repo\CCEC\TUINOD~1\ARDUIN~1\Debug\libArduinoCore.a(Print.o)
                0x00007644                _ZN5Print5printERK6String
 .text._ZN5Print5printEPKc
                0x00007660        0x2 C:\Users\ADMINI~1\DOCUME~1\PROGET~1\FUELCO~1\Firmware\repo\CCEC\TUINOD~1\ARDUIN~1\Debug\libArduinoCore.a(Print.o)
                0x00007660                _ZN5Print5printEPKc
 .text._ZN5Print5printEc
                0x00007662        0xe C:\Users\ADMINI~1\DOCUME~1\PROGET~1\FUELCO~1\Firmware\repo\CCEC\TUINOD~1\ARDUIN~1\Debug\libArduinoCore.a(Print.o)
                0x00007662                _ZN5Print5printEc
 .text._ZN5Print7printlnEv
                0x00007670        0x6 C:\Users\ADMINI~1\DOCUME~1\PROGET~1\FUELCO~1\Firmware\repo\CCEC\TUINOD~1\ARDUIN~1\Debug\libArduinoCore.a(Print.o)
                0x00007670                _ZN5Print7printlnEv
 .text._ZN5Print7printlnEPK19__FlashStringHelper
                0x00007676       0x20 C:\Users\ADMINI~1\DOCUME~1\PROGET~1\FUELCO~1\Firmware\repo\CCEC\TUINOD~1\ARDUIN~1\Debug\libArduinoCore.a(Print.o)
                0x00007676                _ZN5Print7printlnEPK19__FlashStringHelper
 .text._ZN5Print7printlnERK6String
                0x00007696       0x20 C:\Users\ADMINI~1\DOCUME~1\PROGET~1\FUELCO~1\Firmware\repo\CCEC\TUINOD~1\ARDUIN~1\Debug\libArduinoCore.a(Print.o)
                0x00007696                _ZN5Print7printlnERK6String
 .text._ZN5Print7printlnEPKc
                0x000076b6       0x20 C:\Users\ADMINI~1\DOCUME~1\PROGET~1\FUELCO~1\Firmware\repo\CCEC\TUINOD~1\ARDUIN~1\Debug\libArduinoCore.a(Print.o)
                0x000076b6                _ZN5Print7printlnEPKc
 .text._ZN5Print11printNumberEmh
                0x000076d6       0x8e C:\Users\ADMINI~1\DOCUME~1\PROGET~1\FUELCO~1\Firmware\repo\CCEC\TUINOD~1\ARDUIN~1\Debug\libArduinoCore.a(Print.o)
                0x000076d6                _ZN5Print11printNumberEmh
 .text._ZN5Print5printEmi
                0x00007764       0x18 C:\Users\ADMINI~1\DOCUME~1\PROGET~1\FUELCO~1\Firmware\repo\CCEC\TUINOD~1\ARDUIN~1\Debug\libArduinoCore.a(Print.o)
                0x00007764                _ZN5Print5printEmi
 .text._ZN5Print5printEhi
                0x0000777c        0xc C:\Users\ADMINI~1\DOCUME~1\PROGET~1\FUELCO~1\Firmware\repo\CCEC\TUINOD~1\ARDUIN~1\Debug\libArduinoCore.a(Print.o)
                0x0000777c                _ZN5Print5printEhi
 .text._ZN5Print7printlnEhi
                0x00007788       0x20 C:\Users\ADMINI~1\DOCUME~1\PROGET~1\FUELCO~1\Firmware\repo\CCEC\TUINOD~1\ARDUIN~1\Debug\libArduinoCore.a(Print.o)
                0x00007788                _ZN5Print7printlnEhi
 .text._ZN5Print7printlnEmi
                0x000077a8       0x20 C:\Users\ADMINI~1\DOCUME~1\PROGET~1\FUELCO~1\Firmware\repo\CCEC\TUINOD~1\ARDUIN~1\Debug\libArduinoCore.a(Print.o)
                0x000077a8                _ZN5Print7printlnEmi
 .text.__vector_16
                0x000077c8       0x94 C:\Users\ADMINI~1\DOCUME~1\PROGET~1\FUELCO~1\Firmware\repo\CCEC\TUINOD~1\ARDUIN~1\Debug\libArduinoCore.a(wiring.o)
                0x000077c8                __vector_16
 .text.millis   0x0000785c       0x18 C:\Users\ADMINI~1\DOCUME~1\PROGET~1\FUELCO~1\Firmware\repo\CCEC\TUINOD~1\ARDUIN~1\Debug\libArduinoCore.a(wiring.o)
                0x0000785c                millis
 .text.micros   0x00007874       0x4a C:\Users\ADMINI~1\DOCUME~1\PROGET~1\FUELCO~1\Firmware\repo\CCEC\TUINOD~1\ARDUIN~1\Debug\libArduinoCore.a(wiring.o)
                0x00007874                micros
 .text.delay    0x000078be       0x72 C:\Users\ADMINI~1\DOCUME~1\PROGET~1\FUELCO~1\Firmware\repo\CCEC\TUINOD~1\ARDUIN~1\Debug\libArduinoCore.a(wiring.o)
                0x000078be                delay
 .text.delayMicroseconds
                0x00007930       0x16 C:\Users\ADMINI~1\DOCUME~1\PROGET~1\FUELCO~1\Firmware\repo\CCEC\TUINOD~1\ARDUIN~1\Debug\libArduinoCore.a(wiring.o)
                0x00007930                delayMicroseconds
 .text.init     0x00007946       0x76 C:\Users\ADMINI~1\DOCUME~1\PROGET~1\FUELCO~1\Firmware\repo\CCEC\TUINOD~1\ARDUIN~1\Debug\libArduinoCore.a(wiring.o)
                0x00007946                init
 .text.turnOffPWM
                0x000079bc       0x52 C:\Users\ADMINI~1\DOCUME~1\PROGET~1\FUELCO~1\Firmware\repo\CCEC\TUINOD~1\ARDUIN~1\Debug\libArduinoCore.a(wiring_digital.o)
 .text.pinMode  0x00007a0e       0x78 C:\Users\ADMINI~1\DOCUME~1\PROGET~1\FUELCO~1\Firmware\repo\CCEC\TUINOD~1\ARDUIN~1\Debug\libArduinoCore.a(wiring_digital.o)
                0x00007a0e                pinMode
 .text.digitalWrite
                0x00007a86       0x5c C:\Users\ADMINI~1\DOCUME~1\PROGET~1\FUELCO~1\Firmware\repo\CCEC\TUINOD~1\ARDUIN~1\Debug\libArduinoCore.a(wiring_digital.o)
                0x00007a86                digitalWrite
 .text.digitalRead
                0x00007ae2       0x50 C:\Users\ADMINI~1\DOCUME~1\PROGET~1\FUELCO~1\Firmware\repo\CCEC\TUINOD~1\ARDUIN~1\Debug\libArduinoCore.a(wiring_digital.o)
                0x00007ae2                digitalRead
 .text._ZNK6String14StringIfHelperEv
                0x00007b32        0x2 C:\Users\ADMINI~1\DOCUME~1\PROGET~1\FUELCO~1\Firmware\repo\CCEC\TUINOD~1\ARDUIN~1\Debug\libArduinoCore.a(WString.o)
                0x00007b32                _ZNK6String14StringIfHelperEv
 .text._ZN6StringD2Ev
                0x00007b34        0x8 C:\Users\ADMINI~1\DOCUME~1\PROGET~1\FUELCO~1\Firmware\repo\CCEC\TUINOD~1\ARDUIN~1\Debug\libArduinoCore.a(WString.o)
                0x00007b34                _ZN6StringD2Ev
                0x00007b34                _ZN6StringD1Ev
 .text._ZN6String10invalidateEv
                0x00007b3c       0x22 C:\Users\ADMINI~1\DOCUME~1\PROGET~1\FUELCO~1\Firmware\repo\CCEC\TUINOD~1\ARDUIN~1\Debug\libArduinoCore.a(WString.o)
                0x00007b3c                _ZN6String10invalidateEv
 .text._ZN6String12changeBufferEj
                0x00007b5e       0x32 C:\Users\ADMINI~1\DOCUME~1\PROGET~1\FUELCO~1\Firmware\repo\CCEC\TUINOD~1\ARDUIN~1\Debug\libArduinoCore.a(WString.o)
                0x00007b5e                _ZN6String12changeBufferEj
 .text._ZN6String7reserveEj
                0x00007b90       0x36 C:\Users\ADMINI~1\DOCUME~1\PROGET~1\FUELCO~1\Firmware\repo\CCEC\TUINOD~1\ARDUIN~1\Debug\libArduinoCore.a(WString.o)
                0x00007b90                _ZN6String7reserveEj
 .text._ZN6String4copyEPKcj
                0x00007bc6       0x3c C:\Users\ADMINI~1\DOCUME~1\PROGET~1\FUELCO~1\Firmware\repo\CCEC\TUINOD~1\ARDUIN~1\Debug\libArduinoCore.a(WString.o)
                0x00007bc6                _ZN6String4copyEPKcj
 .text._ZN6StringC2EPKc
                0x00007c02       0x28 C:\Users\ADMINI~1\DOCUME~1\PROGET~1\FUELCO~1\Firmware\repo\CCEC\TUINOD~1\ARDUIN~1\Debug\libArduinoCore.a(WString.o)
                0x00007c02                _ZN6StringC2EPKc
                0x00007c02                _ZN6StringC1EPKc
 .text._ZN6String4moveERS_
                0x00007c2a       0x76 C:\Users\ADMINI~1\DOCUME~1\PROGET~1\FUELCO~1\Firmware\repo\CCEC\TUINOD~1\ARDUIN~1\Debug\libArduinoCore.a(WString.o)
                0x00007c2a                _ZN6String4moveERS_
 .text._ZN6StringC2EOS_
                0x00007ca0       0x10 C:\Users\ADMINI~1\DOCUME~1\PROGET~1\FUELCO~1\Firmware\repo\CCEC\TUINOD~1\ARDUIN~1\Debug\libArduinoCore.a(WString.o)
                0x00007ca0                _ZN6StringC1EOS_
                0x00007ca0                _ZN6StringC2EOS_
 .text._ZN6StringaSERKS_
                0x00007cb0       0x2a C:\Users\ADMINI~1\DOCUME~1\PROGET~1\FUELCO~1\Firmware\repo\CCEC\TUINOD~1\ARDUIN~1\Debug\libArduinoCore.a(WString.o)
                0x00007cb0                _ZN6StringaSERKS_
 .text._ZN6StringC2ERKS_
                0x00007cda       0x10 C:\Users\ADMINI~1\DOCUME~1\PROGET~1\FUELCO~1\Firmware\repo\CCEC\TUINOD~1\ARDUIN~1\Debug\libArduinoCore.a(WString.o)
                0x00007cda                _ZN6StringC2ERKS_
                0x00007cda                _ZN6StringC1ERKS_
 .text._ZN6StringaSEOS_
                0x00007cea       0x16 C:\Users\ADMINI~1\DOCUME~1\PROGET~1\FUELCO~1\Firmware\repo\CCEC\TUINOD~1\ARDUIN~1\Debug\libArduinoCore.a(WString.o)
                0x00007cea                _ZN6StringaSEOS_
 .text._ZN6StringaSEPKc
                0x00007d00       0x2a C:\Users\ADMINI~1\DOCUME~1\PROGET~1\FUELCO~1\Firmware\repo\CCEC\TUINOD~1\ARDUIN~1\Debug\libArduinoCore.a(WString.o)
                0x00007d00                _ZN6StringaSEPKc
 .text._ZN6StringC2Ehh
                0x00007d2a       0x56 C:\Users\ADMINI~1\DOCUME~1\PROGET~1\FUELCO~1\Firmware\repo\CCEC\TUINOD~1\ARDUIN~1\Debug\libArduinoCore.a(WString.o)
                0x00007d2a                _ZN6StringC2Ehh
                0x00007d2a                _ZN6StringC1Ehh
 .text._ZN6StringC2Emh
                0x00007d80       0x56 C:\Users\ADMINI~1\DOCUME~1\PROGET~1\FUELCO~1\Firmware\repo\CCEC\TUINOD~1\ARDUIN~1\Debug\libArduinoCore.a(WString.o)
                0x00007d80                _ZN6StringC1Emh
                0x00007d80                _ZN6StringC2Emh
 .text._ZN6StringC2Edh
                0x00007dd6       0x5c C:\Users\ADMINI~1\DOCUME~1\PROGET~1\FUELCO~1\Firmware\repo\CCEC\TUINOD~1\ARDUIN~1\Debug\libArduinoCore.a(WString.o)
                0x00007dd6                _ZN6StringC1Edh
                0x00007dd6                _ZN6StringC2Edh
 .text._ZN6String6concatEPKcj
                0x00007e32       0x58 C:\Users\ADMINI~1\DOCUME~1\PROGET~1\FUELCO~1\Firmware\repo\CCEC\TUINOD~1\ARDUIN~1\Debug\libArduinoCore.a(WString.o)
                0x00007e32                _ZN6String6concatEPKcj
 .text._ZN6String6concatERKS_
                0x00007e8a        0xc C:\Users\ADMINI~1\DOCUME~1\PROGET~1\FUELCO~1\Firmware\repo\CCEC\TUINOD~1\ARDUIN~1\Debug\libArduinoCore.a(WString.o)
                0x00007e8a                _ZN6String6concatERKS_
 .text._ZN6String6concatEPKc
                0x00007e96       0x1c C:\Users\ADMINI~1\DOCUME~1\PROGET~1\FUELCO~1\Firmware\repo\CCEC\TUINOD~1\ARDUIN~1\Debug\libArduinoCore.a(WString.o)
                0x00007e96                _ZN6String6concatEPKc
 .text._ZplRK15StringSumHelperRK6String
                0x00007eb2       0x22 C:\Users\ADMINI~1\DOCUME~1\PROGET~1\FUELCO~1\Firmware\repo\CCEC\TUINOD~1\ARDUIN~1\Debug\libArduinoCore.a(WString.o)
                0x00007eb2                _ZplRK15StringSumHelperRK6String
 .text._ZplRK15StringSumHelperPKc
                0x00007ed4       0x2e C:\Users\ADMINI~1\DOCUME~1\PROGET~1\FUELCO~1\Firmware\repo\CCEC\TUINOD~1\ARDUIN~1\Debug\libArduinoCore.a(WString.o)
                0x00007ed4                _ZplRK15StringSumHelperPKc
 .text._ZNK6String6equalsEPKc
                0x00007f02       0x3c C:\Users\ADMINI~1\DOCUME~1\PROGET~1\FUELCO~1\Firmware\repo\CCEC\TUINOD~1\ARDUIN~1\Debug\libArduinoCore.a(WString.o)
                0x00007f02                _ZNK6String6equalsEPKc
 .text._ZNK6String8getBytesEPhjj
                0x00007f3e       0x5c C:\Users\ADMINI~1\DOCUME~1\PROGET~1\FUELCO~1\Firmware\repo\CCEC\TUINOD~1\ARDUIN~1\Debug\libArduinoCore.a(WString.o)
                0x00007f3e                _ZNK6String8getBytesEPhjj
 .text._ZNK6String9substringEjj
                0x00007f9a       0x86 C:\Users\ADMINI~1\DOCUME~1\PROGET~1\FUELCO~1\Firmware\repo\CCEC\TUINOD~1\ARDUIN~1\Debug\libArduinoCore.a(WString.o)
                0x00007f9a                _ZNK6String9substringEjj
 .text._ZN6String4trimEv
                0x00008020       0xb2 C:\Users\ADMINI~1\DOCUME~1\PROGET~1\FUELCO~1\Firmware\repo\CCEC\TUINOD~1\ARDUIN~1\Debug\libArduinoCore.a(WString.o)
                0x00008020                _ZN6String4trimEv
 .text._ZN14HardwareSerial9availableEv
                0x000080d2       0x18 C:\Users\ADMINI~1\DOCUME~1\PROGET~1\FUELCO~1\Firmware\repo\CCEC\TUINOD~1\ARDUIN~1\Debug\libArduinoCore.a(HardwareSerial.o)
                0x000080d2                _ZN14HardwareSerial9availableEv
 .text._ZN14HardwareSerial4peekEv
                0x000080ea       0x1c C:\Users\ADMINI~1\DOCUME~1\PROGET~1\FUELCO~1\Firmware\repo\CCEC\TUINOD~1\ARDUIN~1\Debug\libArduinoCore.a(HardwareSerial.o)
                0x000080ea                _ZN14HardwareSerial4peekEv
 .text._ZN14HardwareSerial4readEv
                0x00008106       0x28 C:\Users\ADMINI~1\DOCUME~1\PROGET~1\FUELCO~1\Firmware\repo\CCEC\TUINOD~1\ARDUIN~1\Debug\libArduinoCore.a(HardwareSerial.o)
                0x00008106                _ZN14HardwareSerial4readEv
 .text._ZN14HardwareSerial17availableForWriteEv
                0x0000812e       0x1e C:\Users\ADMINI~1\DOCUME~1\PROGET~1\FUELCO~1\Firmware\repo\CCEC\TUINOD~1\ARDUIN~1\Debug\libArduinoCore.a(HardwareSerial.o)
                0x0000812e                _ZN14HardwareSerial17availableForWriteEv
 .text._Z14serialEventRunv
                0x0000814c       0x1a C:\Users\ADMINI~1\DOCUME~1\PROGET~1\FUELCO~1\Firmware\repo\CCEC\TUINOD~1\ARDUIN~1\Debug\libArduinoCore.a(HardwareSerial.o)
                0x0000814c                _Z14serialEventRunv
 .text._ZN14HardwareSerial17_tx_udr_empty_irqEv
                0x00008166       0x44 C:\Users\ADMINI~1\DOCUME~1\PROGET~1\FUELCO~1\Firmware\repo\CCEC\TUINOD~1\ARDUIN~1\Debug\libArduinoCore.a(HardwareSerial.o)
                0x00008166                _ZN14HardwareSerial17_tx_udr_empty_irqEv
 .text._ZN14HardwareSerial5writeEh
                0x000081aa       0x98 C:\Users\ADMINI~1\DOCUME~1\PROGET~1\FUELCO~1\Firmware\repo\CCEC\TUINOD~1\ARDUIN~1\Debug\libArduinoCore.a(HardwareSerial.o)
                0x000081aa                _ZN14HardwareSerial5writeEh
 .text._ZN14HardwareSerial5flushEv
                0x00008242       0x42 C:\Users\ADMINI~1\DOCUME~1\PROGET~1\FUELCO~1\Firmware\repo\CCEC\TUINOD~1\ARDUIN~1\Debug\libArduinoCore.a(HardwareSerial.o)
                0x00008242                _ZN14HardwareSerial5flushEv
 .text.__empty  0x00008284        0x2 C:\Users\ADMINI~1\DOCUME~1\PROGET~1\FUELCO~1\Firmware\repo\CCEC\TUINOD~1\ARDUIN~1\Debug\libArduinoCore.a(hooks.o)
                0x00008284                yield
 .text.libgcc.div
                0x00008286       0x18 c:/program files (x86)/atmel/studio/7.0/toolchain/avr8/avr8-gnu-toolchain/bin/../lib/gcc/avr/5.4.0/avr51\libgcc.a(_udivmodqi4.o)
                0x00008286                __udivmodqi4
 .text.libgcc.div
                0x0000829e       0x28 c:/program files (x86)/atmel/studio/7.0/toolchain/avr8/avr8-gnu-toolchain/bin/../lib/gcc/avr/5.4.0/avr51\libgcc.a(_udivmodhi4.o)
                0x0000829e                __udivmodhi4
 .text.libgcc.div
                0x000082c6       0x44 c:/program files (x86)/atmel/studio/7.0/toolchain/avr8/avr8-gnu-toolchain/bin/../lib/gcc/avr/5.4.0/avr51\libgcc.a(_udivmodsi4.o)
                0x000082c6                __udivmodsi4
 .text.libgcc   0x0000830a       0x12 c:/program files (x86)/atmel/studio/7.0/toolchain/avr8/avr8-gnu-toolchain/bin/../lib/gcc/avr/5.4.0/avr51\libgcc.a(_tablejump2.o)
                0x0000830a                __tablejump2__
 .text.libgcc.mul
                0x0000831c       0x1e c:/program files (x86)/atmel/studio/7.0/toolchain/avr8/avr8-gnu-toolchain/bin/../lib/gcc/avr/5.4.0/avr51\libgcc.a(_umulhisi3.o)
                0x0000831c                __umulhisi3
 .text.libgcc.mul
                0x0000833a       0x14 c:/program files (x86)/atmel/studio/7.0/toolchain/avr8/avr8-gnu-toolchain/bin/../lib/gcc/avr/5.4.0/avr51\libgcc.a(_muluhisi3.o)
                0x0000833a                __muluhisi3
 .text.libgcc.div
                0x0000834e       0x56 c:/program files (x86)/atmel/studio/7.0/toolchain/avr8/avr8-gnu-toolchain/bin/../lib/gcc/avr/5.4.0/avr51\libgcc.a(_divdi3.o)
                0x0000834e                __moddi3
                0x00008352                __divdi3
                0x00008354                __divdi3_moddi3
 .text.libgcc.div
                0x000083a4       0x1a c:/program files (x86)/atmel/studio/7.0/toolchain/avr8/avr8-gnu-toolchain/bin/../lib/gcc/avr/5.4.0/avr51\libgcc.a(_udivdi3.o)
                0x000083a4                __umoddi3
                0x000083a8                __udivdi3
                0x000083aa                __udivdi3_umoddi3
 .text.libgcc.div
                0x000083be       0xa2 c:/program files (x86)/atmel/studio/7.0/toolchain/avr8/avr8-gnu-toolchain/bin/../lib/gcc/avr/5.4.0/avr51\libgcc.a(_udivmod64.o)
                0x000083be                __udivmod64
 .text.libgcc   0x00008460       0x20 c:/program files (x86)/atmel/studio/7.0/toolchain/avr8/avr8-gnu-toolchain/bin/../lib/gcc/avr/5.4.0/avr51\libgcc.a(_negdi2.o)
                0x00008460                __negdi2
 .text.libgcc.prologue
                0x00008480       0x38 c:/program files (x86)/atmel/studio/7.0/toolchain/avr8/avr8-gnu-toolchain/bin/../lib/gcc/avr/5.4.0/avr51\libgcc.a(_prologue.o)
                0x00008480                __prologue_saves__
 .text.libgcc.prologue
                0x000084b8       0x36 c:/program files (x86)/atmel/studio/7.0/toolchain/avr8/avr8-gnu-toolchain/bin/../lib/gcc/avr/5.4.0/avr51\libgcc.a(_epilogue.o)
                0x000084b8                __epilogue_restores__
 .text.libgcc.builtins
                0x000084ee       0x32 c:/program files (x86)/atmel/studio/7.0/toolchain/avr8/avr8-gnu-toolchain/bin/../lib/gcc/avr/5.4.0/avr51\libgcc.a(_ashldi3.o)
                0x000084ee                __ashldi3
 .text.libgcc.builtins
                0x00008520       0x3c c:/program files (x86)/atmel/studio/7.0/toolchain/avr8/avr8-gnu-toolchain/bin/../lib/gcc/avr/5.4.0/avr51\libgcc.a(_ashrdi3.o)
                0x00008520                __ashrdi3
                0x00008524                __lshrdi3
 .text.libgcc   0x0000855c       0x12 c:/program files (x86)/atmel/studio/7.0/toolchain/avr8/avr8-gnu-toolchain/bin/../lib/gcc/avr/5.4.0/avr51\libgcc.a(_adddi3.o)
                0x0000855c                __adddi3
 .text.libgcc   0x0000856e       0x18 c:/program files (x86)/atmel/studio/7.0/toolchain/avr8/avr8-gnu-toolchain/bin/../lib/gcc/avr/5.4.0/avr51\libgcc.a(_cmpdi2_s8.o)
                0x0000856e                __cmpdi2_s8
 .text.avr-libc
                0x00008586       0x3e c:/program files (x86)/atmel/studio/7.0/toolchain/avr8/avr8-gnu-toolchain/bin/../lib/gcc/avr/5.4.0/../../../../avr/lib/avr51\libc.a(dtostrf.o)
                0x00008586                dtostrf
 .text.avr-libc
                0x000085c4      0x242 c:/program files (x86)/atmel/studio/7.0/toolchain/avr8/avr8-gnu-toolchain/bin/../lib/gcc/avr/5.4.0/../../../../avr/lib/avr51\libc.a(malloc.o)
                0x000085c4                malloc
                0x000086f4                free
 .text.avr-libc
                0x00008806      0x1c0 c:/program files (x86)/atmel/studio/7.0/toolchain/avr8/avr8-gnu-toolchain/bin/../lib/gcc/avr/5.4.0/../../../../avr/lib/avr51\libc.a(realloc.o)
                0x00008806                realloc
 .text.avr-libc
                0x000089c6        0x8 c:/program files (x86)/atmel/studio/7.0/toolchain/avr8/avr8-gnu-toolchain/bin/../lib/gcc/avr/5.4.0/../../../../avr/lib/avr51\libc.a(abort.o)
                0x000089c6                abort
 .text.avr-libc
                0x000089ce       0x10 c:/program files (x86)/atmel/studio/7.0/toolchain/avr8/avr8-gnu-toolchain/bin/../lib/gcc/avr/5.4.0/../../../../avr/lib/avr51\libc.a(isspace.o)
                0x000089ce                isspace
 .text.avr-libc
                0x000089de       0x12 c:/program files (x86)/atmel/studio/7.0/toolchain/avr8/avr8-gnu-toolchain/bin/../lib/gcc/avr/5.4.0/../../../../avr/lib/avr51\libc.a(memcpy_P.o)
                0x000089de                memcpy_P
 .text.avr-libc
                0x000089f0       0x12 c:/program files (x86)/atmel/studio/7.0/toolchain/avr8/avr8-gnu-toolchain/bin/../lib/gcc/avr/5.4.0/../../../../avr/lib/avr51\libc.a(memcpy.o)
                0x000089f0                memcpy
 .text.avr-libc
                0x00008a02       0x12 c:/program files (x86)/atmel/studio/7.0/toolchain/avr8/avr8-gnu-toolchain/bin/../lib/gcc/avr/5.4.0/../../../../avr/lib/avr51\libc.a(strcmp.o)
                0x00008a02                strcmp
 .text.avr-libc
                0x00008a14        0xe c:/program files (x86)/atmel/studio/7.0/toolchain/avr8/avr8-gnu-toolchain/bin/../lib/gcc/avr/5.4.0/../../../../avr/lib/avr51\libc.a(strcpy.o)
                0x00008a14                strcpy
 .text.avr-libc
                0x00008a22       0x1c c:/program files (x86)/atmel/studio/7.0/toolchain/avr8/avr8-gnu-toolchain/bin/../lib/gcc/avr/5.4.0/../../../../avr/lib/avr51\libc.a(strncmp.o)
                0x00008a22                strncmp
 .text.avr-libc
                0x00008a3e       0x1e c:/program files (x86)/atmel/studio/7.0/toolchain/avr8/avr8-gnu-toolchain/bin/../lib/gcc/avr/5.4.0/../../../../avr/lib/avr51\libc.a(strncpy.o)
                0x00008a3e                strncpy
 .text.avr-libc
                0x00008a5c       0x14 c:/program files (x86)/atmel/studio/7.0/toolchain/avr8/avr8-gnu-toolchain/bin/../lib/gcc/avr/5.4.0/../../../../avr/lib/avr51\libc.a(ultoa.o)
                0x00008a5c                ultoa
                0x00008a5c                __ultoa
 .text.avr-libc
                0x00008a70       0x42 c:/program files (x86)/atmel/studio/7.0/toolchain/avr8/avr8-gnu-toolchain/bin/../lib/gcc/avr/5.4.0/../../../../avr/lib/avr51\libc.a(ultoa_ncheck.o)
                0x00008a70                __ultoa_ncheck
                0x00008a72                __ultoa_common
 .text.avr-libc
                0x00008ab2       0x14 c:/program files (x86)/atmel/studio/7.0/toolchain/avr8/avr8-gnu-toolchain/bin/../lib/gcc/avr/5.4.0/../../../../avr/lib/avr51\libc.a(utoa.o)
                0x00008ab2                __utoa
                0x00008ab2                utoa
 .text.avr-libc
                0x00008ac6       0x32 c:/program files (x86)/atmel/studio/7.0/toolchain/avr8/avr8-gnu-toolchain/bin/../lib/gcc/avr/5.4.0/../../../../avr/lib/avr51\libc.a(utoa_ncheck.o)
                0x00008ac6                __utoa_ncheck
                0x00008ac8                __utoa_common
 .text.avr-libc
                0x00008af8      0x2ec c:/program files (x86)/atmel/studio/7.0/toolchain/avr8/avr8-gnu-toolchain/bin/../lib/gcc/avr/5.4.0/../../../../avr/lib/avr51\libc.a(dtoa_prf.o)
                0x00008af8                dtoa_prf
 .text.avr-libc
                0x00008de4      0x1b0 c:/program files (x86)/atmel/studio/7.0/toolchain/avr8/avr8-gnu-toolchain/bin/../lib/gcc/avr/5.4.0/../../../../avr/lib/avr51\libc.a(ftoa_engine.o)
                0x00008de4                __ftoa_engine
 .text.avr-libc
                0x00008f94        0x6 c:/program files (x86)/atmel/studio/7.0/toolchain/avr8/avr8-gnu-toolchain/bin/../lib/gcc/avr/5.4.0/../../../../avr/lib/avr51\libc.a(cty_isfalse.o)
                0x00008f94                __ctype_isfalse
                0x00008f98                __ctype_istrue
 .text.avr-libc
                0x00008f9a       0x20 c:/program files (x86)/atmel/studio/7.0/toolchain/avr8/avr8-gnu-toolchain/bin/../lib/gcc/avr/5.4.0/../../../../avr/lib/avr51\libc.a(strrev.o)
                0x00008f9a                strrev
                0x00008fba                . = ALIGN (0x2)
 *(.fini9)
 .fini9         0x00008fba        0x0 c:/program files (x86)/atmel/studio/7.0/toolchain/avr8/avr8-gnu-toolchain/bin/../lib/gcc/avr/5.4.0/avr51\libgcc.a(_exit.o)
                0x00008fba                _exit
                0x00008fba                exit
 *(.fini9)
 *(.fini8)
 *(.fini8)
 *(.fini7)
 *(.fini7)
 *(.fini6)
 .fini6         0x00008fba       0x14 c:/program files (x86)/atmel/studio/7.0/toolchain/avr8/avr8-gnu-toolchain/bin/../lib/gcc/avr/5.4.0/avr51\libgcc.a(_dtors.o)
                0x00008fba                __do_global_dtors
 *(.fini6)
 *(.fini5)
 *(.fini5)
 *(.fini4)
 *(.fini4)
 *(.fini3)
 *(.fini3)
 *(.fini2)
 *(.fini2)
 *(.fini1)
 *(.fini1)
 *(.fini0)
 .fini0         0x00008fce        0x4 c:/program files (x86)/atmel/studio/7.0/toolchain/avr8/avr8-gnu-toolchain/bin/../lib/gcc/avr/5.4.0/avr51\libgcc.a(_exit.o)
 *(.fini0)
                0x00008fd2                _etext = .

.data           0x00800100      0x882 load address 0x00008fd2
                0x00800100                PROVIDE (__data_start, .)
 *(.data)
 .data          0x00800100        0x6 c:/program files (x86)/atmel/studio/7.0/toolchain/avr8/avr8-gnu-toolchain/bin/../lib/gcc/avr/5.4.0/../../../../avr/lib/avr51\libc.a(malloc.o)
                0x00800100                __malloc_heap_end
                0x00800102                __malloc_heap_start
                0x00800104                __malloc_margin
 *(.data*)
 .data.addr_erog
                0x00800106        0x4 Sketch.o
                0x00800106                addr_erog
 .data.MappaKeys
                0x0080010a       0x10 Sketch.o
                0x0080010a                MappaKeys
 .data.TmaxSalvataggio
                0x0080011a        0x4 Sketch.o
                0x0080011a                TmaxSalvataggio
 .data.TmaxInviodati
                0x0080011e        0x4 Sketch.o
                0x0080011e                TmaxInviodati
 .data.TselDistributore
                0x00800122        0x4 Sketch.o
                0x00800122                TselDistributore
 .data.TinputTarga
                0x00800126        0x4 Sketch.o
                0x00800126                TinputTarga
 .data.mac      0x0080012a        0x6 Sketch.o
                0x0080012a                mac
 .data.ip       0x00800130        0x4 Sketch.o
                0x00800130                ip
 .data.ImpulsiLitro
                0x00800134        0x2 Sketch.o
                0x00800134                ImpulsiLitro
 .data.Clessidra
                0x00800136        0x8 Sketch.o
                0x00800136                Clessidra
 .data.pn532response_firmwarevers
                0x0080013e        0x6 src/libraries/Adafruit-PN532/Adafruit_PN532.o
                0x0080013e                pn532response_firmwarevers
 .data.pn532ack
                0x00800144        0x6 src/libraries/Adafruit-PN532/Adafruit_PN532.o
                0x00800144                pn532ack
 .data._ZN14EthernetClient8_srcportE
                0x0080014a        0x2 src/libraries/Ethernet2/src/EthernetClient.o
                0x0080014a                _ZN14EthernetClient8_srcportE
 *(.gnu.linkonce.d*)
 *(.rodata)
 .rodata        0x0080014c        0x6 Sketch.o
 .rodata        0x00800152        0x8 src/libraries/LiquidCrystal/src/LCD.o
 .rodata        0x0080015a       0x66 src/libraries/SPIMemory/src/SPIFlash.o
 *(.rodata*)
 .rodata.str1.1
                0x008001c0      0x6f2 Sketch.o
                                0x6fd (size before relaxing)
 .rodata.._11   0x008008b2       0x10 Sketch.o
 .rodata.str1.1
                0x008008c2        0x9 src/libraries/Adafruit-PN532/Adafruit_PN532.o
                                  0xc (size before relaxing)
 .rodata._ZTV14EthernetClient
                0x008008cb       0x22 src/libraries/Ethernet2/src/EthernetClient.o
                0x008008cb                _ZTV14EthernetClient
 .rodata._ZTV14EthernetServer
                0x008008ed        0xe src/libraries/Ethernet2/src/EthernetServer.o
                0x008008ed                _ZTV14EthernetServer
 .rodata._ZTV11EthernetUDP
                0x008008fb       0x28 src/libraries/Ethernet2/src/EthernetUdp2.o
                0x008008fb                _ZTV11EthernetUDP
 .rodata._ZTV3LCD
                0x00800923       0x14 src/libraries/LiquidCrystal/src/LCD.o
                0x00800923                _ZTV3LCD
 .rodata._ZTV17LiquidCrystal_I2C